C:/Users/olive/OneDrive/Documents/CubeMXPack/stm32wb-matter-device-over-thread-main/Middlewares/Third_Party/connectedhomeip/src/app/MessageDef/CommandStatusIB.cpp:97:12:CHIP_ERROR chip::app::CommandStatusIB::Parser::GetPath(chip::app::CommandPathIB::Parser*) const	80	static
C:/Users/olive/OneDrive/Documents/CubeMXPack/stm32wb-matter-device-over-thread-main/Middlewares/Third_Party/connectedhomeip/src/app/MessageDef/CommandStatusIB.cpp:104:12:CHIP_ERROR chip::app::CommandStatusIB::Parser::GetErrorStatus(chip::app::StatusIB::Parser*) const	80	static
C:/Users/olive/OneDrive/Documents/CubeMXPack/stm32wb-matter-device-over-thread-main/Middlewares/Third_Party/connectedhomeip/src/app/MessageDef/CommandStatusIB.cpp:111:26:chip::app::CommandPathIB::Builder& chip::app::CommandStatusIB::Builder::CreatePath()	16	static
C:/Users/olive/OneDrive/Documents/CubeMXPack/stm32wb-matter-device-over-thread-main/Middlewares/Third_Party/connectedhomeip/src/app/MessageDef/CommandStatusIB.cpp:120:21:chip::app::StatusIB::Builder& chip::app::CommandStatusIB::Builder::CreateErrorStatus()	16	static
C:/Users/olive/OneDrive/Documents/CubeMXPack/stm32wb-matter-device-over-thread-main/Middlewares/Third_Party/connectedhomeip/src/app/MessageDef/CommandStatusIB.cpp:129:28:chip::app::CommandStatusIB::Builder& chip::app::CommandStatusIB::Builder::EndOfCommandStatusIB()	8	static
