C:/Users/olive/OneDrive/Documents/CubeMXPack/stm32wb-matter-device-over-thread-main/Middlewares/Third_Party/connectedhomeip/src/app/MessageDef/InvokeResponseMessage.cpp:89:12:CHIP_ERROR chip::app::InvokeResponseMessage::Parser::GetSuppressResponse(bool*) const	80	static
C:/Users/olive/OneDrive/Documents/CubeMXPack/stm32wb-matter-device-over-thread-main/Middlewares/Third_Party/connectedhomeip/src/app/MessageDef/InvokeResponseMessage.cpp:94:12:CHIP_ERROR chip::app::InvokeResponseMessage::Parser::GetInvokeResponses(chip::app::InvokeResponseIBs::Parser*) const	80	static
C:/Users/olive/OneDrive/Documents/CubeMXPack/stm32wb-matter-device-over-thread-main/Middlewares/Third_Party/connectedhomeip/src/app/MessageDef/InvokeResponseMessage.cpp:101:34:chip::app::InvokeResponseMessage::Builder& chip::app::InvokeResponseMessage::Builder::SuppressResponse(bool)	16	static
C:/Users/olive/OneDrive/Documents/CubeMXPack/stm32wb-matter-device-over-thread-main/Middlewares/Third_Party/connectedhomeip/src/app/MessageDef/InvokeResponseMessage.cpp:110:30:chip::app::InvokeResponseIBs::Builder& chip::app::InvokeResponseMessage::Builder::CreateInvokeResponses()	16	static
C:/Users/olive/OneDrive/Documents/CubeMXPack/stm32wb-matter-device-over-thread-main/Middlewares/Third_Party/connectedhomeip/src/app/MessageDef/InvokeResponseMessage.cpp:119:34:chip::app::InvokeResponseMessage::Builder& chip::app::InvokeResponseMessage::Builder::EndOfInvokeResponseMessage()	8	static
