C:/Users/olive/OneDrive/Documents/CubeMXPack/stm32wb-matter-device-over-thread-main/Middlewares/Third_Party/connectedhomeip/src/app/MessageDef/DataVersionFilterIB.cpp:93:12:CHIP_ERROR chip::app::DataVersionFilterIB::Parser::GetPath(chip::app::ClusterPathIB::Parser*) const	80	static
C:/Users/olive/OneDrive/Documents/CubeMXPack/stm32wb-matter-device-over-thread-main/Middlewares/Third_Party/connectedhomeip/src/app/MessageDef/DataVersionFilterIB.cpp:100:12:CHIP_ERROR chip::app::DataVersionFilterIB::Parser::GetDataVersion(chip::DataVersion*) const	80	static
C:/Users/olive/OneDrive/Documents/CubeMXPack/stm32wb-matter-device-over-thread-main/Middlewares/Third_Party/connectedhomeip/src/app/MessageDef/DataVersionFilterIB.cpp:105:26:chip::app::ClusterPathIB::Builder& chip::app::DataVersionFilterIB::Builder::CreatePath()	16	static
C:/Users/olive/OneDrive/Documents/CubeMXPack/stm32wb-matter-device-over-thread-main/Middlewares/Third_Party/connectedhomeip/src/app/MessageDef/DataVersionFilterIB.cpp:114:32:chip::app::DataVersionFilterIB::Builder& chip::app::DataVersionFilterIB::Builder::DataVersion(chip::DataVersion)	16	static
C:/Users/olive/OneDrive/Documents/CubeMXPack/stm32wb-matter-device-over-thread-main/Middlewares/Third_Party/connectedhomeip/src/app/MessageDef/DataVersionFilterIB.cpp:124:32:chip::app::DataVersionFilterIB::Builder& chip::app::DataVersionFilterIB::Builder::EndOfDataVersionFilterIB()	8	static
