C:/Users/olive/OneDrive/Documents/CubeMXPack/stm32wb-matter-device-over-thread-main/Middlewares/Third_Party/connectedhomeip/src/app/MessageDef/InvokeResponseIB.cpp:86:12:CHIP_ERROR chip::app::InvokeResponseIB::Parser::GetCommand(chip::app::CommandDataIB::Parser*) const	80	static
C:/Users/olive/OneDrive/Documents/CubeMXPack/stm32wb-matter-device-over-thread-main/Middlewares/Third_Party/connectedhomeip/src/app/MessageDef/InvokeResponseIB.cpp:93:12:CHIP_ERROR chip::app::InvokeResponseIB::Parser::GetStatus(chip::app::CommandStatusIB::Parser*) const	80	static
C:/Users/olive/OneDrive/Documents/CubeMXPack/stm32wb-matter-device-over-thread-main/Middlewares/Third_Party/connectedhomeip/src/app/MessageDef/InvokeResponseIB.cpp:100:26:chip::app::CommandDataIB::Builder& chip::app::InvokeResponseIB::Builder::CreateCommand()	16	static
C:/Users/olive/OneDrive/Documents/CubeMXPack/stm32wb-matter-device-over-thread-main/Middlewares/Third_Party/connectedhomeip/src/app/MessageDef/InvokeResponseIB.cpp:109:28:chip::app::CommandStatusIB::Builder& chip::app::InvokeResponseIB::Builder::CreateStatus()	16	static
C:/Users/olive/OneDrive/Documents/CubeMXPack/stm32wb-matter-device-over-thread-main/Middlewares/Third_Party/connectedhomeip/src/app/MessageDef/InvokeResponseIB.cpp:118:29:chip::app::InvokeResponseIB::Builder& chip::app::InvokeResponseIB::Builder::EndOfInvokeResponseIB()	8	static
