C:/Users/olive/OneDrive/Documents/CubeMXPack/stm32wb-matter-device-over-thread-main/Middlewares/Third_Party/mbedtls/library/ssl_msg.c:187:12:ssl_get_remaining_space_in_datagram	8	static
C:/Users/olive/OneDrive/Documents/CubeMXPack/stm32wb-matter-device-over-thread-main/Middlewares/Third_Party/mbedtls/library/ssl_msg.c:2764:12:ssl_hs_is_proper_fragment	8	static
C:/Users/olive/OneDrive/Documents/CubeMXPack/stm32wb-matter-device-over-thread-main/Middlewares/Third_Party/mbedtls/library/ssl_msg.c:595:13:ssl_build_record_nonce.constprop	16	static
C:/Users/olive/OneDrive/Documents/CubeMXPack/stm32wb-matter-device-over-thread-main/Middlewares/Third_Party/mbedtls/library/ssl_msg.c:5668:13:ssl_buffering_free_slot.isra	24	static
C:/Users/olive/OneDrive/Documents/CubeMXPack/stm32wb-matter-device-over-thread-main/Middlewares/Third_Party/mbedtls/library/ssl_msg.c:4302:13:ssl_free_buffered_record.isra	8	static
C:/Users/olive/OneDrive/Documents/CubeMXPack/stm32wb-matter-device-over-thread-main/Middlewares/Third_Party/mbedtls/library/ssl_msg.c:61:6:mbedtls_ssl_set_timer	0	static
C:/Users/olive/OneDrive/Documents/CubeMXPack/stm32wb-matter-device-over-thread-main/Middlewares/Third_Party/mbedtls/library/ssl_msg.c:74:5:mbedtls_ssl_check_timer	8	static
C:/Users/olive/OneDrive/Documents/CubeMXPack/stm32wb-matter-device-over-thread-main/Middlewares/Third_Party/mbedtls/library/ssl_msg.c:615:5:mbedtls_ssl_encrypt_buf	136	static
C:/Users/olive/OneDrive/Documents/CubeMXPack/stm32wb-matter-device-over-thread-main/Middlewares/Third_Party/mbedtls/library/ssl_msg.c:1109:5:mbedtls_ssl_decrypt_buf	136	static
C:/Users/olive/OneDrive/Documents/CubeMXPack/stm32wb-matter-device-over-thread-main/Middlewares/Third_Party/mbedtls/library/ssl_msg.c:2139:6:mbedtls_ssl_flight_free	16	static
C:/Users/olive/OneDrive/Documents/CubeMXPack/stm32wb-matter-device-over-thread-main/Middlewares/Third_Party/mbedtls/library/ssl_msg.c:2405:6:mbedtls_ssl_send_flight_completed	8	static
C:/Users/olive/OneDrive/Documents/CubeMXPack/stm32wb-matter-device-over-thread-main/Middlewares/Third_Party/mbedtls/library/ssl_msg.c:2986:6:mbedtls_ssl_update_handshake_status	16	static
C:/Users/olive/OneDrive/Documents/CubeMXPack/stm32wb-matter-device-over-thread-main/Middlewares/Third_Party/mbedtls/library/ssl_msg.c:3035:6:mbedtls_ssl_dtls_replay_reset	0	static
C:/Users/olive/OneDrive/Documents/CubeMXPack/stm32wb-matter-device-over-thread-main/Middlewares/Third_Party/mbedtls/library/ssl_msg.c:3074:5:mbedtls_ssl_dtls_replay_check	12	static
C:/Users/olive/OneDrive/Documents/CubeMXPack/stm32wb-matter-device-over-thread-main/Middlewares/Third_Party/mbedtls/library/ssl_msg.c:3103:6:mbedtls_ssl_dtls_replay_update	20	static
C:/Users/olive/OneDrive/Documents/CubeMXPack/stm32wb-matter-device-over-thread-main/Middlewares/Third_Party/mbedtls/library/ssl_msg.c:4909:6:mbedtls_ssl_update_out_pointers	12	static
C:/Users/olive/OneDrive/Documents/CubeMXPack/stm32wb-matter-device-over-thread-main/Middlewares/Third_Party/mbedtls/library/ssl_msg.c:2028:5:mbedtls_ssl_flush_output	8	static
C:/Users/olive/OneDrive/Documents/CubeMXPack/stm32wb-matter-device-over-thread-main/Middlewares/Third_Party/mbedtls/library/ssl_msg.c:2158:12:ssl_swap_epochs	16	static
C:/Users/olive/OneDrive/Documents/CubeMXPack/stm32wb-matter-device-over-thread-main/Middlewares/Third_Party/mbedtls/library/ssl_msg.c:4951:6:mbedtls_ssl_update_in_pointers	8	static
C:/Users/olive/OneDrive/Documents/CubeMXPack/stm32wb-matter-device-over-thread-main/Middlewares/Third_Party/mbedtls/library/ssl_msg.c:4996:6:mbedtls_ssl_reset_in_out_pointers	8	static
C:/Users/olive/OneDrive/Documents/CubeMXPack/stm32wb-matter-device-over-thread-main/Middlewares/Third_Party/mbedtls/library/ssl_msg.c:5018:8:mbedtls_ssl_get_bytes_avail	0	static
C:/Users/olive/OneDrive/Documents/CubeMXPack/stm32wb-matter-device-over-thread-main/Middlewares/Third_Party/mbedtls/library/ssl_msg.c:5023:5:mbedtls_ssl_check_pending	0	static
C:/Users/olive/OneDrive/Documents/CubeMXPack/stm32wb-matter-device-over-thread-main/Middlewares/Third_Party/mbedtls/library/ssl_msg.c:5076:5:mbedtls_ssl_get_record_expansion	8	static
C:/Users/olive/OneDrive/Documents/CubeMXPack/stm32wb-matter-device-over-thread-main/Middlewares/Third_Party/mbedtls/library/ssl_msg.c:203:12:ssl_get_remaining_payload_in_datagram	24	static
C:/Users/olive/OneDrive/Documents/CubeMXPack/stm32wb-matter-device-over-thread-main/Middlewares/Third_Party/mbedtls/library/ssl_msg.c:5628:6:mbedtls_ssl_transform_free	8	static
C:/Users/olive/OneDrive/Documents/CubeMXPack/stm32wb-matter-device-over-thread-main/Middlewares/Third_Party/mbedtls/library/ssl_msg.c:5652:6:mbedtls_ssl_buffering_free	16	static
C:/Users/olive/OneDrive/Documents/CubeMXPack/stm32wb-matter-device-over-thread-main/Middlewares/Third_Party/mbedtls/library/ssl_msg.c:2375:6:mbedtls_ssl_recv_flight_completed	16	static
C:/Users/olive/OneDrive/Documents/CubeMXPack/stm32wb-matter-device-over-thread-main/Middlewares/Third_Party/mbedtls/library/ssl_msg.c:5697:6:mbedtls_ssl_write_version	0	static
C:/Users/olive/OneDrive/Documents/CubeMXPack/stm32wb-matter-device-over-thread-main/Middlewares/Third_Party/mbedtls/library/ssl_msg.c:2592:5:mbedtls_ssl_write_record	64	static
C:/Users/olive/OneDrive/Documents/CubeMXPack/stm32wb-matter-device-over-thread-main/Middlewares/Third_Party/mbedtls/library/ssl_msg.c:2219:5:mbedtls_ssl_flight_transmit	24	static
C:/Users/olive/OneDrive/Documents/CubeMXPack/stm32wb-matter-device-over-thread-main/Middlewares/Third_Party/mbedtls/library/ssl_msg.c:2199:5:mbedtls_ssl_resend	0	static
C:/Users/olive/OneDrive/Documents/CubeMXPack/stm32wb-matter-device-over-thread-main/Middlewares/Third_Party/mbedtls/library/ssl_msg.c:1825:5:mbedtls_ssl_fetch_input	24	static
C:/Users/olive/OneDrive/Documents/CubeMXPack/stm32wb-matter-device-over-thread-main/Middlewares/Third_Party/mbedtls/library/ssl_msg.c:2903:5:mbedtls_ssl_prepare_handshake_record	24	static
C:/Users/olive/OneDrive/Documents/CubeMXPack/stm32wb-matter-device-over-thread-main/Middlewares/Third_Party/mbedtls/library/ssl_msg.c:4647:5:mbedtls_ssl_handle_message_type	8	static
C:/Users/olive/OneDrive/Documents/CubeMXPack/stm32wb-matter-device-over-thread-main/Middlewares/Third_Party/mbedtls/library/ssl_msg.c:2445:5:mbedtls_ssl_write_handshake_msg	16	static
C:/Users/olive/OneDrive/Documents/CubeMXPack/stm32wb-matter-device-over-thread-main/Middlewares/Third_Party/mbedtls/library/ssl_msg.c:4803:5:mbedtls_ssl_write_change_cipher_spec	0	static
C:/Users/olive/OneDrive/Documents/CubeMXPack/stm32wb-matter-device-over-thread-main/Middlewares/Third_Party/mbedtls/library/ssl_msg.c:4772:5:mbedtls_ssl_send_alert_message	4	static
C:/Users/olive/OneDrive/Documents/CubeMXPack/stm32wb-matter-device-over-thread-main/Middlewares/Third_Party/mbedtls/library/ssl_msg.c:4765:5:mbedtls_ssl_send_fatal_handshake_failure	0	static
C:/Users/olive/OneDrive/Documents/CubeMXPack/stm32wb-matter-device-over-thread-main/Middlewares/Third_Party/mbedtls/library/ssl_msg.c:5604:5:mbedtls_ssl_close_notify	0	static
C:/Users/olive/OneDrive/Documents/CubeMXPack/stm32wb-matter-device-over-thread-main/Middlewares/Third_Party/mbedtls/library/ssl_msg.c:5566:5:mbedtls_ssl_write	16	static
C:/Users/olive/OneDrive/Documents/CubeMXPack/stm32wb-matter-device-over-thread-main/Middlewares/Third_Party/mbedtls/library/ssl_msg.c:5718:6:mbedtls_ssl_read_version	8	static
C:/Users/olive/OneDrive/Documents/CubeMXPack/stm32wb-matter-device-over-thread-main/Middlewares/Third_Party/mbedtls/library/ssl_msg.c:3787:5:mbedtls_ssl_read_record	96	static
C:/Users/olive/OneDrive/Documents/CubeMXPack/stm32wb-matter-device-over-thread-main/Middlewares/Third_Party/mbedtls/library/ssl_msg.c:4825:5:mbedtls_ssl_parse_change_cipher_spec	16	static
C:/Users/olive/OneDrive/Documents/CubeMXPack/stm32wb-matter-device-over-thread-main/Middlewares/Third_Party/mbedtls/library/ssl_msg.c:5173:5:mbedtls_ssl_read	24	static
