C:/Users/olive/OneDrive/Documents/CubeMXPack/stm32wb-matter-device-over-thread-main/Middlewares/Third_Party/connectedhomeip/src/crypto/CHIPCryptoPAL.h:393:26:virtual chip::Crypto::SupportedECPKeyTypes chip::Crypto::P256PublicKey::Type() const	0	static
C:/Users/olive/OneDrive/Documents/CubeMXPack/stm32wb-matter-device-over-thread-main/Middlewares/Third_Party/connectedhomeip/src/crypto/CHIPCryptoPAL.h:394:12:virtual size_t chip::Crypto::P256PublicKey::Length() const	0	static
C:/Users/olive/OneDrive/Documents/CubeMXPack/stm32wb-matter-device-over-thread-main/Middlewares/Third_Party/connectedhomeip/src/crypto/CHIPCryptoPAL.h:395:5:virtual chip::Crypto::P256PublicKey::operator uint8_t*()	0	static
C:/Users/olive/OneDrive/Documents/CubeMXPack/stm32wb-matter-device-over-thread-main/Middlewares/Third_Party/connectedhomeip/src/crypto/CHIPCryptoPAL.h:396:5:virtual chip::Crypto::P256PublicKey::operator const uint8_t*() const	0	static
C:/Users/olive/OneDrive/Documents/CubeMXPack/stm32wb-matter-device-over-thread-main/Middlewares/Third_Party/connectedhomeip/src/crypto/CHIPCryptoPAL.h:397:21:virtual const uint8_t* chip::Crypto::P256PublicKey::ConstBytes() const	0	static
C:/Users/olive/OneDrive/Documents/CubeMXPack/stm32wb-matter-device-over-thread-main/Middlewares/Third_Party/connectedhomeip/src/crypto/CHIPCryptoPAL.h:398:15:virtual uint8_t* chip::Crypto::P256PublicKey::Bytes()	0	static
C:/Users/olive/OneDrive/Documents/CubeMXPack/stm32wb-matter-device-over-thread-main/Middlewares/Third_Party/connectedhomeip/src/crypto/CHIPCryptoPAL.h:399:10:virtual bool chip::Crypto::P256PublicKey::IsUncompressed() const	8	static
C:/Users/olive/OneDrive/Documents/CubeMXPack/stm32wb-matter-device-over-thread-main/Middlewares/Third_Party/connectedhomeip/src/crypto/CHIPCryptoPAL.h:366:7:chip::Crypto::P256PublicKey::~P256PublicKey()	0	static
C:/Users/olive/OneDrive/Documents/CubeMXPack/stm32wb-matter-device-over-thread-main/Middlewares/Third_Party/connectedhomeip/src/crypto/CHIPCryptoPAL.h:541:27:virtual const chip::Crypto::P256PublicKey& chip::Crypto::P256Keypair::Pubkey() const	0	static
C:/Users/olive/OneDrive/Documents/CubeMXPack/stm32wb-matter-device-over-thread-main/Middlewares/Third_Party/connectedhomeip/src/crypto/CHIPCryptoPAL.h:867:13:chip::Crypto::HKDF_sha::~HKDF_sha()	0	static
C:/Users/olive/OneDrive/Documents/CubeMXPack/stm32wb-matter-device-over-thread-main/Middlewares/Third_Party/connectedhomeip/src/crypto/CHIPCryptoPAL.h:900:13:chip::Crypto::HMAC_sha::~HMAC_sha()	0	static
C:/Users/olive/OneDrive/Documents/CubeMXPack/stm32wb-matter-device-over-thread-main/Middlewares/Third_Party/connectedhomeip/src/crypto/CHIPCryptoPAL.h:959:13:chip::Crypto::PBKDF2_sha256::~PBKDF2_sha256()	0	static
C:/Users/olive/OneDrive/Documents/CubeMXPack/stm32wb-matter-device-over-thread-main/Middlewares/Third_Party/connectedhomeip/src/crypto/CHIPCryptoPALmbedTLS.cpp:1186:12:virtual CHIP_ERROR chip::Crypto::Spake2p_P256_SHA256_HKDF_HMAC::PointCofactorMul(void*)	0	static
C:/Users/olive/OneDrive/Documents/CubeMXPack/stm32wb-matter-device-over-thread-main/Middlewares/Third_Party/connectedhomeip/src/crypto/CHIPCryptoPALmbedTLS.cpp:1077:12:virtual CHIP_ERROR chip::Crypto::Spake2p_P256_SHA256_HKDF_HMAC::FEWrite(const void*, uint8_t*, size_t)	8	static
C:/Users/olive/OneDrive/Documents/CubeMXPack/stm32wb-matter-device-over-thread-main/Middlewares/Third_Party/connectedhomeip/src/crypto/CHIPCryptoPALmbedTLS.cpp:1117:12:virtual CHIP_ERROR chip::Crypto::Spake2p_P256_SHA256_HKDF_HMAC::PointLoad(const uint8_t*, size_t, void*)	8	static
C:/Users/olive/OneDrive/Documents/CubeMXPack/stm32wb-matter-device-over-thread-main/Middlewares/Third_Party/connectedhomeip/src/crypto/CHIPCryptoPALmbedTLS.cpp:1129:12:virtual CHIP_ERROR chip::Crypto::Spake2p_P256_SHA256_HKDF_HMAC::PointWrite(const void*, uint8_t*, size_t)	40	static
C:/Users/olive/OneDrive/Documents/CubeMXPack/stm32wb-matter-device-over-thread-main/Middlewares/Third_Party/connectedhomeip/src/crypto/CHIPCryptoPAL.h:900:13:virtual chip::Crypto::HMAC_sha::~HMAC_sha()	8	static
C:/Users/olive/OneDrive/Documents/CubeMXPack/stm32wb-matter-device-over-thread-main/Middlewares/Third_Party/connectedhomeip/src/crypto/CHIPCryptoPAL.h:959:13:virtual chip::Crypto::PBKDF2_sha256::~PBKDF2_sha256()	8	static
C:/Users/olive/OneDrive/Documents/CubeMXPack/stm32wb-matter-device-over-thread-main/Middlewares/Third_Party/connectedhomeip/src/crypto/CHIPCryptoPAL.h:867:13:virtual chip::Crypto::HKDF_sha::~HKDF_sha()	8	static
C:/Users/olive/OneDrive/Documents/CubeMXPack/stm32wb-matter-device-over-thread-main/Middlewares/Third_Party/connectedhomeip/src/crypto/CHIPCryptoPAL.h:366:7:virtual chip::Crypto::P256PublicKey::~P256PublicKey()	8	static
C:/Users/olive/OneDrive/Documents/CubeMXPack/stm32wb-matter-device-over-thread-main/Middlewares/Third_Party/connectedhomeip/src/crypto/CHIPCryptoPALmbedTLS.cpp:1146:12:virtual CHIP_ERROR chip::Crypto::Spake2p_P256_SHA256_HKDF_HMAC::PointMul(void*, const void*, const void*)	16	static
C:/Users/olive/OneDrive/Documents/CubeMXPack/stm32wb-matter-device-over-thread-main/Middlewares/Third_Party/connectedhomeip/src/crypto/CHIPCryptoPALmbedTLS.cpp:1159:12:virtual CHIP_ERROR chip::Crypto::Spake2p_P256_SHA256_HKDF_HMAC::PointAddMul(void*, const void*, const void*, const void*, const void*)	16	static
C:/Users/olive/OneDrive/Documents/CubeMXPack/stm32wb-matter-device-over-thread-main/Middlewares/Third_Party/connectedhomeip/src/crypto/CHIPCryptoPALmbedTLS.cpp:1173:12:virtual CHIP_ERROR chip::Crypto::Spake2p_P256_SHA256_HKDF_HMAC::PointInvert(void*)	8	static
C:/Users/olive/OneDrive/Documents/CubeMXPack/stm32wb-matter-device-over-thread-main/Middlewares/Third_Party/connectedhomeip/src/crypto/CHIPCryptoPALmbedTLS.cpp:1230:12:virtual CHIP_ERROR chip::Crypto::Spake2p_P256_SHA256_HKDF_HMAC::PointIsValid(void*)	8	static
C:/Users/olive/OneDrive/Documents/CubeMXPack/stm32wb-matter-device-over-thread-main/Middlewares/Third_Party/connectedhomeip/src/crypto/CHIPCryptoPALmbedTLS.cpp:1245:6:bool chip::Crypto::{anonymous}::IsTimeGreaterThanEqual(const mbedtls_x509_time*, const mbedtls_x509_time*)	0	static
C:/Users/olive/OneDrive/Documents/CubeMXPack/stm32wb-matter-device-over-thread-main/Middlewares/Third_Party/connectedhomeip/src/crypto/CHIPCryptoPALmbedTLS.cpp:1271:12:CHIP_ERROR chip::Crypto::{anonymous}::IsCertificateValidAtIssuance(const mbedtls_x509_crt*, const mbedtls_x509_crt*)	88	static
C:/Users/olive/OneDrive/Documents/CubeMXPack/stm32wb-matter-device-over-thread-main/Middlewares/Third_Party/connectedhomeip/src/crypto/CHIPCryptoPALmbedTLS.cpp:1286:5:int chip::Crypto::{anonymous}::CallbackForCustomValidityCheck(void*, mbedtls_x509_crt*, int, uint32_t*)	8	static
C:/Users/olive/OneDrive/Documents/CubeMXPack/stm32wb-matter-device-over-thread-main/Middlewares/Third_Party/connectedhomeip/src/crypto/CHIPCryptoPALmbedTLS.cpp:87:13:void chip::Crypto::_log_mbedTLS_error(int)	136	static
C:/Users/olive/OneDrive/Documents/CubeMXPack/stm32wb-matter-device-over-thread-main/Middlewares/Third_Party/connectedhomeip/src/crypto/CHIPCryptoPALmbedTLS.cpp:1101:12:virtual CHIP_ERROR chip::Crypto::Spake2p_P256_SHA256_HKDF_HMAC::FEMul(void*, const void*, const void*)	16	static
C:/Users/olive/OneDrive/Documents/CubeMXPack/stm32wb-matter-device-over-thread-main/Middlewares/Third_Party/connectedhomeip/src/crypto/CHIPCryptoPALmbedTLS.cpp:360:12:virtual CHIP_ERROR chip::Crypto::PBKDF2_sha256::pbkdf2_sha256(const uint8_t*, size_t, const uint8_t*, size_t, unsigned int, uint32_t, uint8_t*)	64	static
C:/Users/olive/OneDrive/Documents/CubeMXPack/stm32wb-matter-device-over-thread-main/Middlewares/Third_Party/connectedhomeip/src/crypto/CHIPCryptoPALmbedTLS.cpp:1061:12:virtual CHIP_ERROR chip::Crypto::Spake2p_P256_SHA256_HKDF_HMAC::FELoad(const uint8_t*, size_t, void*)	16	static
C:/Users/olive/OneDrive/Documents/CubeMXPack/stm32wb-matter-device-over-thread-main/Middlewares/Third_Party/connectedhomeip/src/crypto/CHIPCryptoPALmbedTLS.cpp:1191:12:virtual CHIP_ERROR chip::Crypto::Spake2p_P256_SHA256_HKDF_HMAC::ComputeL(uint8_t*, size_t*, const uint8_t*, size_t)	208	static
C:/Users/olive/OneDrive/Documents/CubeMXPack/stm32wb-matter-device-over-thread-main/Middlewares/Third_Party/connectedhomeip/src/crypto/CHIPCryptoPALmbedTLS.cpp:1675:12:CHIP_ERROR chip::Crypto::{anonymous}::ExtractKIDFromX509Cert(bool, const chip::ByteSpan&, chip::MutableByteSpan&)	400	static
C:/Users/olive/OneDrive/Documents/CubeMXPack/stm32wb-matter-device-over-thread-main/Middlewares/Third_Party/connectedhomeip/src/crypto/CHIPCryptoPALmbedTLS.cpp:622:12:virtual CHIP_ERROR chip::Crypto::P256Keypair::ECDH_derive_secret(const chip::Crypto::P256PublicKey&, chip::Crypto::P256ECDHDerivedSecret&) const	208	static
C:/Users/olive/OneDrive/Documents/CubeMXPack/stm32wb-matter-device-over-thread-main/Middlewares/Third_Party/connectedhomeip/src/crypto/CHIPCryptoPALmbedTLS.cpp:820:12:virtual CHIP_ERROR chip::Crypto::P256Keypair::NewCertificateSigningRequest(uint8_t*, size_t&) const	56	static
C:/Users/olive/OneDrive/Documents/CubeMXPack/stm32wb-matter-device-over-thread-main/Middlewares/Third_Party/connectedhomeip/src/crypto/CHIPCryptoPALmbedTLS.cpp:1086:12:virtual CHIP_ERROR chip::Crypto::Spake2p_P256_SHA256_HKDF_HMAC::FEGenerate(void*)	8	static
C:/Users/olive/OneDrive/Documents/CubeMXPack/stm32wb-matter-device-over-thread-main/Middlewares/Third_Party/connectedhomeip/src/crypto/CHIPCryptoPALmbedTLS.cpp:310:12:virtual CHIP_ERROR chip::Crypto::HKDF_sha::HKDF_SHA256(const uint8_t*, size_t, const uint8_t*, size_t, const uint8_t*, size_t, uint8_t*, size_t)	64	static
C:/Users/olive/OneDrive/Documents/CubeMXPack/stm32wb-matter-device-over-thread-main/Middlewares/Third_Party/connectedhomeip/src/crypto/CHIPCryptoPALmbedTLS.cpp:338:12:virtual CHIP_ERROR chip::Crypto::HMAC_sha::HMAC_SHA256(const uint8_t*, size_t, const uint8_t*, size_t, uint8_t*, size_t)	32	static
C:/Users/olive/OneDrive/Documents/CubeMXPack/stm32wb-matter-device-over-thread-main/Middlewares/Third_Party/connectedhomeip/src/crypto/CHIPCryptoPALmbedTLS.cpp:565:12:virtual CHIP_ERROR chip::Crypto::P256PublicKey::ECDSA_validate_hash_signature(const uint8_t*, size_t, const chip::Crypto::P256ECDSASignature&) const	408	static
C:/Users/olive/OneDrive/Documents/CubeMXPack/stm32wb-matter-device-over-thread-main/Middlewares/Third_Party/connectedhomeip/src/crypto/CHIPCryptoPALmbedTLS.cpp:565:12:virtual CHIP_ERROR chip::Crypto::P256PublicKey::ECDSA_validate_hash_signature(const uint8_t*, size_t, const chip::Crypto::P256ECDSASignature&) const	4	static
C:/Users/olive/OneDrive/Documents/CubeMXPack/stm32wb-matter-device-over-thread-main/Middlewares/Third_Party/connectedhomeip/src/crypto/CHIPCryptoPALmbedTLS.cpp:1009:6:virtual void chip::Crypto::Spake2p_P256_SHA256_HKDF_HMAC::Clear()	16	static
C:/Users/olive/OneDrive/Documents/CubeMXPack/stm32wb-matter-device-over-thread-main/Middlewares/Third_Party/connectedhomeip/src/crypto/CHIPCryptoPALmbedTLS.cpp:739:12:virtual CHIP_ERROR chip::Crypto::P256Keypair::Serialize(chip::Crypto::P256SerializedKeypair&) const	64	static
C:/Users/olive/OneDrive/Documents/CubeMXPack/stm32wb-matter-device-over-thread-main/Middlewares/Third_Party/connectedhomeip/src/crypto/CHIPCryptoPALmbedTLS.cpp:1829:12:constprop(const chip::ByteSpan&, chip::MutableByteSpan&)	360	static
C:/Users/olive/OneDrive/Documents/CubeMXPack/stm32wb-matter-device-over-thread-main/Middlewares/Third_Party/connectedhomeip/src/crypto/CHIPCryptoPALmbedTLS.cpp:1031:12:virtual CHIP_ERROR chip::Crypto::Spake2p_P256_SHA256_HKDF_HMAC::Mac(const uint8_t*, size_t, const uint8_t*, size_t, chip::MutableByteSpan&)	40	static
C:/Users/olive/OneDrive/Documents/CubeMXPack/stm32wb-matter-device-over-thread-main/Middlewares/Third_Party/connectedhomeip/src/crypto/CHIPCryptoPALmbedTLS.cpp:111:12:CHIP_ERROR chip::Crypto::AES_CCM_encrypt(const uint8_t*, size_t, const uint8_t*, size_t, const Aes128KeyHandle&, const uint8_t*, size_t, uint8_t*, uint8_t*, size_t)	136	static
C:/Users/olive/OneDrive/Documents/CubeMXPack/stm32wb-matter-device-over-thread-main/Middlewares/Third_Party/connectedhomeip/src/crypto/CHIPCryptoPALmbedTLS.cpp:148:12:CHIP_ERROR chip::Crypto::AES_CCM_decrypt(const uint8_t*, size_t, const uint8_t*, size_t, const uint8_t*, size_t, const Aes128KeyHandle&, const uint8_t*, size_t, uint8_t*)	136	static
C:/Users/olive/OneDrive/Documents/CubeMXPack/stm32wb-matter-device-over-thread-main/Middlewares/Third_Party/connectedhomeip/src/crypto/CHIPCryptoPALmbedTLS.cpp:185:12:CHIP_ERROR chip::Crypto::Hash_SHA256(const uint8_t*, size_t, uint8_t*)	8	static
C:/Users/olive/OneDrive/Documents/CubeMXPack/stm32wb-matter-device-over-thread-main/Middlewares/Third_Party/connectedhomeip/src/crypto/CHIPCryptoPALmbedTLS.cpp:549:12:virtual CHIP_ERROR chip::Crypto::P256PublicKey::ECDSA_validate_msg_signature(const uint8_t*, size_t, const chip::Crypto::P256ECDSASignature&) const	56	static
C:/Users/olive/OneDrive/Documents/CubeMXPack/stm32wb-matter-device-over-thread-main/Middlewares/Third_Party/connectedhomeip/src/crypto/CHIPCryptoPALmbedTLS.cpp:496:12:virtual CHIP_ERROR chip::Crypto::P256Keypair::ECDSA_sign_msg(const uint8_t*, size_t, chip::Crypto::P256ECDSASignature&) const	280	static
C:/Users/olive/OneDrive/Documents/CubeMXPack/stm32wb-matter-device-over-thread-main/Middlewares/Third_Party/connectedhomeip/src/crypto/CHIPCryptoPALmbedTLS.cpp:202:12:CHIP_ERROR chip::Crypto::Hash_SHA1(const uint8_t*, size_t, uint8_t*)	8	static
C:/Users/olive/OneDrive/Documents/CubeMXPack/stm32wb-matter-device-over-thread-main/Middlewares/Third_Party/connectedhomeip/src/crypto/CHIPCryptoPALmbedTLS.cpp:226:1:chip::Crypto::Hash_SHA256_stream::Hash_SHA256_stream()	8	static
C:/Users/olive/OneDrive/Documents/CubeMXPack/stm32wb-matter-device-over-thread-main/Middlewares/Third_Party/connectedhomeip/src/crypto/CHIPCryptoPALmbedTLS.cpp:239:12:CHIP_ERROR chip::Crypto::Hash_SHA256_stream::Begin()	8	static
C:/Users/olive/OneDrive/Documents/CubeMXPack/stm32wb-matter-device-over-thread-main/Middlewares/Third_Party/connectedhomeip/src/crypto/CHIPCryptoPALmbedTLS.cpp:254:12:CHIP_ERROR chip::Crypto::Hash_SHA256_stream::AddData(chip::ByteSpan)	16	static
C:/Users/olive/OneDrive/Documents/CubeMXPack/stm32wb-matter-device-over-thread-main/Middlewares/Third_Party/connectedhomeip/src/crypto/CHIPCryptoPALmbedTLS.cpp:288:12:CHIP_ERROR chip::Crypto::Hash_SHA256_stream::Finish(chip::MutableByteSpan&)	8	static
C:/Users/olive/OneDrive/Documents/CubeMXPack/stm32wb-matter-device-over-thread-main/Middlewares/Third_Party/connectedhomeip/src/crypto/CHIPCryptoPALmbedTLS.cpp:269:12:CHIP_ERROR chip::Crypto::Hash_SHA256_stream::GetDigest(chip::MutableByteSpan&)	128	static
C:/Users/olive/OneDrive/Documents/CubeMXPack/stm32wb-matter-device-over-thread-main/Middlewares/Third_Party/connectedhomeip/src/crypto/CHIPCryptoPALmbedTLS.cpp:305:6:void chip::Crypto::Hash_SHA256_stream::Clear()	0	static
C:/Users/olive/OneDrive/Documents/CubeMXPack/stm32wb-matter-device-over-thread-main/Middlewares/Third_Party/connectedhomeip/src/crypto/CHIPCryptoPALmbedTLS.cpp:232:1:chip::Crypto::Hash_SHA256_stream::~Hash_SHA256_stream()	8	static
C:/Users/olive/OneDrive/Documents/CubeMXPack/stm32wb-matter-device-over-thread-main/Middlewares/Third_Party/connectedhomeip/src/crypto/CHIPCryptoPAL.h:1379:5:chip::Crypto::Spake2p_P256_SHA256_HKDF_HMAC::~Spake2p_P256_SHA256_HKDF_HMAC()	16	static
C:/Users/olive/OneDrive/Documents/CubeMXPack/stm32wb-matter-device-over-thread-main/Middlewares/Third_Party/connectedhomeip/src/crypto/CHIPCryptoPAL.h:1379:5:virtual chip::Crypto::Spake2p_P256_SHA256_HKDF_HMAC::~Spake2p_P256_SHA256_HKDF_HMAC()	8	static
C:/Users/olive/OneDrive/Documents/CubeMXPack/stm32wb-matter-device-over-thread-main/Middlewares/Third_Party/connectedhomeip/src/crypto/CHIPCryptoPALmbedTLS.cpp:443:12:CHIP_ERROR chip::Crypto::add_entropy_source(entropy_source, void*, size_t)	32	static
C:/Users/olive/OneDrive/Documents/CubeMXPack/stm32wb-matter-device-over-thread-main/Middlewares/Third_Party/connectedhomeip/src/crypto/CHIPCryptoPALmbedTLS.cpp:456:12:CHIP_ERROR chip::Crypto::DRBG_get_bytes(uint8_t*, size_t)	24	static
C:/Users/olive/OneDrive/Documents/CubeMXPack/stm32wb-matter-device-over-thread-main/Middlewares/Third_Party/connectedhomeip/src/crypto/CHIPCryptoPALmbedTLS.cpp:470:12:int chip::Crypto::CryptoRNG(void*, uint8_t*, size_t)	8	static
C:/Users/olive/OneDrive/Documents/CubeMXPack/stm32wb-matter-device-over-thread-main/Middlewares/Third_Party/connectedhomeip/src/crypto/CHIPCryptoPALmbedTLS.cpp:475:22:mbedtls_ecp_group_id chip::Crypto::MapECPGroupId(SupportedECPKeyTypes)	0	static
C:/Users/olive/OneDrive/Documents/CubeMXPack/stm32wb-matter-device-over-thread-main/Middlewares/Third_Party/connectedhomeip/src/crypto/CHIPCryptoPALmbedTLS.cpp:671:6:void chip::Crypto::ClearSecretData(uint8_t*, size_t)	0	static
C:/Users/olive/OneDrive/Documents/CubeMXPack/stm32wb-matter-device-over-thread-main/Middlewares/Third_Party/connectedhomeip/src/crypto/CHIPCryptoPALmbedTLS.cpp:678:5:int chip::Crypto::mbedtls_ct_memcmp_copy(const void*, const void*, size_t)	24	static
C:/Users/olive/OneDrive/Documents/CubeMXPack/stm32wb-matter-device-over-thread-main/Middlewares/Third_Party/connectedhomeip/src/crypto/CHIPCryptoPALmbedTLS.cpp:697:6:bool chip::Crypto::IsBufferContentEqualConstantTime(const void*, const void*, size_t)	8	static
C:/Users/olive/OneDrive/Documents/CubeMXPack/stm32wb-matter-device-over-thread-main/Middlewares/Third_Party/connectedhomeip/src/crypto/CHIPCryptoPAL.h:221:18:bool chip::Crypto::ECPKey<Sig>::Matches(const chip::Crypto::ECPKey<Sig>&) const [with Sig = chip::Crypto::SensitiveDataBuffer<64>]	16	static
C:/Users/olive/OneDrive/Documents/CubeMXPack/stm32wb-matter-device-over-thread-main/Middlewares/Third_Party/connectedhomeip/src/crypto/CHIPCryptoPALmbedTLS.cpp:1041:12:virtual CHIP_ERROR chip::Crypto::Spake2p_P256_SHA256_HKDF_HMAC::MacVerify(const uint8_t*, size_t, const uint8_t*, size_t, const uint8_t*, size_t)	64	static
C:/Users/olive/OneDrive/Documents/CubeMXPack/stm32wb-matter-device-over-thread-main/Middlewares/Third_Party/connectedhomeip/src/crypto/CHIPCryptoPALmbedTLS.cpp:805:6:void chip::Crypto::P256Keypair::Clear()	8	static
C:/Users/olive/OneDrive/Documents/CubeMXPack/stm32wb-matter-device-over-thread-main/Middlewares/Third_Party/connectedhomeip/src/crypto/CHIPCryptoPALmbedTLS.cpp:815:1:chip::Crypto::P256Keypair::~P256Keypair()	8	static
C:/Users/olive/OneDrive/Documents/CubeMXPack/stm32wb-matter-device-over-thread-main/Middlewares/Third_Party/connectedhomeip/src/crypto/CHIPCryptoPALmbedTLS.cpp:815:1:virtual chip::Crypto::P256Keypair::~P256Keypair()	8	static
C:/Users/olive/OneDrive/Documents/CubeMXPack/stm32wb-matter-device-over-thread-main/Middlewares/Third_Party/connectedhomeip/src/crypto/CHIPCryptoPALmbedTLS.cpp:702:12:virtual CHIP_ERROR chip::Crypto::P256Keypair::Initialize(chip::Crypto::ECPKeyTarget)	32	static
C:/Users/olive/OneDrive/Documents/CubeMXPack/stm32wb-matter-device-over-thread-main/Middlewares/Third_Party/connectedhomeip/src/crypto/CHIPCryptoPALmbedTLS.cpp:768:12:virtual CHIP_ERROR chip::Crypto::P256Keypair::Deserialize(chip::Crypto::P256SerializedKeypair&)	48	static
C:/Users/olive/OneDrive/Documents/CubeMXPack/stm32wb-matter-device-over-thread-main/Middlewares/Third_Party/connectedhomeip/src/crypto/CHIPCryptoPALmbedTLS.cpp:876:12:CHIP_ERROR chip::Crypto::VerifyCertificateSigningRequest(const uint8_t*, size_t, P256PublicKey&)	232	static
C:/Users/olive/OneDrive/Documents/CubeMXPack/stm32wb-matter-device-over-thread-main/Middlewares/Third_Party/connectedhomeip/src/crypto/CHIPCryptoPALmbedTLS.cpp:959:12:CHIP_ERROR chip::Crypto::Spake2p_P256_SHA256_HKDF_HMAC::InitInternal()	48	static
C:/Users/olive/OneDrive/Documents/CubeMXPack/stm32wb-matter-device-over-thread-main/Middlewares/Third_Party/connectedhomeip/src/crypto/CHIPCryptoPALmbedTLS.cpp:1488:12:CHIP_ERROR chip::Crypto::ValidateCertificateChain(const uint8_t*, size_t, const uint8_t*, size_t, const uint8_t*, size_t, CertificateChainValidationResult&)	744	static
C:/Users/olive/OneDrive/Documents/CubeMXPack/stm32wb-matter-device-over-thread-main/Middlewares/Third_Party/connectedhomeip/src/crypto/CHIPCryptoPALmbedTLS.cpp:1562:12:CHIP_ERROR chip::Crypto::IsCertificateValidAtIssuance(const chip::ByteSpan&, const chip::ByteSpan&)	696	static
C:/Users/olive/OneDrive/Documents/CubeMXPack/stm32wb-matter-device-over-thread-main/Middlewares/Third_Party/connectedhomeip/src/crypto/CHIPCryptoPALmbedTLS.cpp:1600:12:CHIP_ERROR chip::Crypto::IsCertificateValidAtCurrentTime(const chip::ByteSpan&)	352	static
C:/Users/olive/OneDrive/Documents/CubeMXPack/stm32wb-matter-device-over-thread-main/Middlewares/Third_Party/connectedhomeip/src/crypto/CHIPCryptoPALmbedTLS.cpp:1634:12:CHIP_ERROR chip::Crypto::ExtractPubkeyFromX509Cert(const chip::ByteSpan&, P256PublicKey&)	384	static
C:/Users/olive/OneDrive/Documents/CubeMXPack/stm32wb-matter-device-over-thread-main/Middlewares/Third_Party/connectedhomeip/src/crypto/CHIPCryptoPALmbedTLS.cpp:1761:12:CHIP_ERROR chip::Crypto::ExtractSKIDFromX509Cert(const chip::ByteSpan&, chip::MutableByteSpan&)	0	static
C:/Users/olive/OneDrive/Documents/CubeMXPack/stm32wb-matter-device-over-thread-main/Middlewares/Third_Party/connectedhomeip/src/crypto/CHIPCryptoPALmbedTLS.cpp:1766:12:CHIP_ERROR chip::Crypto::ExtractAKIDFromX509Cert(const chip::ByteSpan&, chip::MutableByteSpan&)	0	static
C:/Users/olive/OneDrive/Documents/CubeMXPack/stm32wb-matter-device-over-thread-main/Middlewares/Third_Party/connectedhomeip/src/crypto/CHIPCryptoPALmbedTLS.cpp:1325:12:CHIP_ERROR chip::Crypto::VerifyAttestationCertificateFormat(const chip::ByteSpan&, AttestationCertType)	472	static
C:/Users/olive/OneDrive/Documents/CubeMXPack/stm32wb-matter-device-over-thread-main/Middlewares/Third_Party/connectedhomeip/src/crypto/CHIPCryptoPALmbedTLS.cpp:1771:12:CHIP_ERROR chip::Crypto::ExtractVIDPIDFromX509Cert(const chip::ByteSpan&, AttestationCertVidPid&)	392	static
../../../../../../../Middlewares/Third_Party/connectedhomeip/src/lib/support/Span.h:79:10:bool chip::Span<T>::data_equal(const chip::Span<U>&) const [with U = unsigned char; <template-parameter-2-2> = void; T = unsigned char]	8	static
C:/Users/olive/OneDrive/Documents/CubeMXPack/stm32wb-matter-device-over-thread-main/Middlewares/Third_Party/connectedhomeip/src/crypto/CHIPCryptoPALmbedTLS.cpp:1859:12:CHIP_ERROR chip::Crypto::ReplaceCertIfResignedCertFound(const chip::ByteSpan&, const chip::ByteSpan*, size_t, chip::ByteSpan&)	416	static
