../../../../../../../Middlewares/Third_Party/connectedhomeip/src/crypto/OperationalKeystore.h:162:18:virtual bool chip::Crypto::OperationalKeystore::SupportsSignWithOpKeypairInBackground() const	0	static
C:/Users/olive/OneDrive/Documents/CubeMXPack/stm32wb-matter-device-over-thread-main/Middlewares/Third_Party/connectedhomeip/src/crypto/PersistentStorageOperationalKeystore.h:78:10:virtual bool chip::PersistentStorageOperationalKeystore::HasPendingOpKeypair() const	0	static
C:/Users/olive/OneDrive/Documents/CubeMXPack/stm32wb-matter-device-over-thread-main/Middlewares/Third_Party/connectedhomeip/src/crypto/PersistentStorageOperationalKeystore.cpp:223:12:virtual CHIP_ERROR chip::PersistentStorageOperationalKeystore::ActivateOpKeypairForFabric(chip::FabricIndex, const chip::Crypto::P256PublicKey&)	16	static
../../../../../../../Middlewares/Third_Party/connectedhomeip/src/lib/support/DefaultStorageKeyAllocator.h:54:48:)	28	static
C:/Users/olive/OneDrive/Documents/CubeMXPack/stm32wb-matter-device-over-thread-main/Middlewares/Third_Party/connectedhomeip/src/crypto/PersistentStorageOperationalKeystore.cpp:254:12:virtual CHIP_ERROR chip::PersistentStorageOperationalKeystore::RemoveOpKeypairForFabric(chip::FabricIndex)	56	static
C:/Users/olive/OneDrive/Documents/CubeMXPack/stm32wb-matter-device-over-thread-main/Middlewares/Third_Party/connectedhomeip/src/crypto/PersistentStorageOperationalKeystore.cpp:55:12:CHIP_ERROR chip::{anonymous}::StoreOperationalKey(chip::FabricIndex, chip::PersistentStorageDelegate*, chip::Crypto::P256Keypair*)	312	static
C:/Users/olive/OneDrive/Documents/CubeMXPack/stm32wb-matter-device-over-thread-main/Middlewares/Third_Party/connectedhomeip/src/crypto/PersistentStorageOperationalKeystore.cpp:165:6:virtual bool chip::PersistentStorageOperationalKeystore::HasOpKeypairForFabric(chip::FabricIndex) const	176	static
../../../../../../../Middlewares/Third_Party/connectedhomeip/src/lib/support/CHIPMem.h:161:13:void chip::Platform::Delete(T*) [with T = chip::Crypto::P256Keypair]	8	static
C:/Users/olive/OneDrive/Documents/CubeMXPack/stm32wb-matter-device-over-thread-main/Middlewares/Third_Party/connectedhomeip/src/crypto/PersistentStorageOperationalKeystore.h:92:10:void chip::PersistentStorageOperationalKeystore::ResetPendingKey()	8	static
C:/Users/olive/OneDrive/Documents/CubeMXPack/stm32wb-matter-device-over-thread-main/Middlewares/Third_Party/connectedhomeip/src/crypto/PersistentStorageOperationalKeystore.cpp:274:6:virtual void chip::PersistentStorageOperationalKeystore::RevertPendingKeypair()	8	static
C:/Users/olive/OneDrive/Documents/CubeMXPack/stm32wb-matter-device-over-thread-main/Middlewares/Third_Party/connectedhomeip/src/crypto/PersistentStorageOperationalKeystore.h:43:13:chip::PersistentStorageOperationalKeystore::~PersistentStorageOperationalKeystore()	8	static
C:/Users/olive/OneDrive/Documents/CubeMXPack/stm32wb-matter-device-over-thread-main/Middlewares/Third_Party/connectedhomeip/src/crypto/PersistentStorageOperationalKeystore.h:43:13:virtual chip::PersistentStorageOperationalKeystore::~PersistentStorageOperationalKeystore()	8	static
C:/Users/olive/OneDrive/Documents/CubeMXPack/stm32wb-matter-device-over-thread-main/Middlewares/Third_Party/connectedhomeip/src/crypto/PersistentStorageOperationalKeystore.cpp:238:12:virtual CHIP_ERROR chip::PersistentStorageOperationalKeystore::CommitOpKeypairForFabric(chip::FabricIndex)	16	static
C:/Users/olive/OneDrive/Documents/CubeMXPack/stm32wb-matter-device-over-thread-main/Middlewares/Third_Party/connectedhomeip/src/crypto/PersistentStorageOperationalKeystore.cpp:306:6:virtual void chip::PersistentStorageOperationalKeystore::ReleaseEphemeralKeypair(chip::Crypto::P256Keypair*)	8	static
../../../../../../../Middlewares/Third_Party/connectedhomeip/src/lib/support/CHIPMem.h:143:12:) [with T = chip::Crypto::P256Keypair; Args = {}]	8	static
C:/Users/olive/OneDrive/Documents/CubeMXPack/stm32wb-matter-device-over-thread-main/Middlewares/Third_Party/connectedhomeip/src/crypto/PersistentStorageOperationalKeystore.cpp:190:12:virtual CHIP_ERROR chip::PersistentStorageOperationalKeystore::NewOpKeypairForFabric(chip::FabricIndex, chip::MutableByteSpan&)	32	static
C:/Users/olive/OneDrive/Documents/CubeMXPack/stm32wb-matter-device-over-thread-main/Middlewares/Third_Party/connectedhomeip/src/crypto/PersistentStorageOperationalKeystore.cpp:298:23:virtual chip::Crypto::P256Keypair* chip::PersistentStorageOperationalKeystore::AllocateEphemeralKeypairForCASE()	8	static
C:/Users/olive/OneDrive/Documents/CubeMXPack/stm32wb-matter-device-over-thread-main/Middlewares/Third_Party/connectedhomeip/src/crypto/PersistentStorageOperationalKeystore.cpp:94:12:CHIP_ERROR chip::{anonymous}::SignWithStoredOpKey(chip::FabricIndex, chip::PersistentStorageDelegate*, const chip::ByteSpan&, chip::Crypto::P256ECDSASignature&)	328	static
C:/Users/olive/OneDrive/Documents/CubeMXPack/stm32wb-matter-device-over-thread-main/Middlewares/Third_Party/connectedhomeip/src/crypto/PersistentStorageOperationalKeystore.cpp:282:12:virtual CHIP_ERROR chip::PersistentStorageOperationalKeystore::SignWithOpKeypair(chip::FabricIndex, const chip::ByteSpan&, chip::Crypto::P256ECDSASignature&) const	12	static
