../../../../../../../Middlewares/Third_Party/connectedhomeip/src/app/AttributeAccessInterface.h:446:24:virtual CHIP_ERROR chip::app::AttributeAccessInterface::Write(const chip::app::ConcreteDataAttributePath&, chip::app::AttributeValueDecoder&)	0	static
../../../../../../../Middlewares/Third_Party/connectedhomeip/src/app/AttributeAccessInterface.h:458:18:virtual void chip::app::AttributeAccessInterface::OnListWriteBegin(const chip::app::ConcreteAttributePath&)	0	static
../../../../../../../Middlewares/Third_Party/connectedhomeip/src/app/AttributeAccessInterface.h:473:18:virtual void chip::app::AttributeAccessInterface::OnListWriteEnd(const chip::app::ConcreteAttributePath&, bool)	0	static
../../../../../../../Middlewares/Third_Party/connectedhomeip/src/app/EventLogging.h:32:7:chip::app::EventLogger<chip::app::Clusters::AccessControl::Events::AccessControlExtensionChanged::Type>::~EventLogger()	0	static
../../../../../../../Middlewares/Third_Party/connectedhomeip/src/app/EventLogging.h:32:7:chip::app::EventLogger<chip::app::Clusters::AccessControl::Events::AccessControlEntryChanged::Type>::~EventLogger()	0	static
C:/Users/olive/OneDrive/Documents/CubeMXPack/stm32wb-matter-device-over-thread-main/Middlewares/Third_Party/connectedhomeip/src/app/clusters/access-control-server/access-control-server.cpp:52:7:{anonymous}::AccessControlAttribute::~AccessControlAttribute()	0	static
../../../../../../../Middlewares/Third_Party/connectedhomeip/src/app/EventLogging.h:32:7:virtual chip::app::EventLogger<chip::app::Clusters::AccessControl::Events::AccessControlEntryChanged::Type>::~EventLogger()	8	static
../../../../../../../Middlewares/Third_Party/connectedhomeip/src/app/EventLogging.h:32:7:virtual chip::app::EventLogger<chip::app::Clusters::AccessControl::Events::AccessControlExtensionChanged::Type>::~EventLogger()	8	static
C:/Users/olive/OneDrive/Documents/CubeMXPack/stm32wb-matter-device-over-thread-main/Middlewares/Third_Party/connectedhomeip/src/app/clusters/access-control-server/access-control-server.cpp:52:7:virtual {anonymous}::AccessControlAttribute::~AccessControlAttribute()	8	static
../../../../../../../Middlewares/Third_Party/connectedhomeip/src/app/EventLogging.h:36:16:CHIP_ERROR chip::app::EventLogger<T>::WriteEvent(chip::TLV::TLVWriter&) [with T = chip::app::Clusters::AccessControl::Events::AccessControlEntryChanged::Type]	0	static
C:/Users/olive/OneDrive/Documents/CubeMXPack/stm32wb-matter-device-over-thread-main/Middlewares/Third_Party/connectedhomeip/src/app/clusters/access-control-server/access-control-server.cpp:111:12:CHIP_ERROR {anonymous}::CheckExtensionEntryDataFormat(const chip::ByteSpan&)	72	static
../../../../../../../Middlewares/Third_Party/connectedhomeip/src/app/EventLogging.h:36:16:CHIP_ERROR chip::app::EventLogger<T>::WriteEvent(chip::TLV::TLVWriter&) [with T = chip::app::Clusters::AccessControl::Events::AccessControlExtensionChanged::Type]	0	static
../../../../../../../Middlewares/Third_Party/connectedhomeip/src/app/AttributeAccessInterface.h:362:16:CHIP_ERROR chip::app::AttributeValueDecoder::Decode(T&) [with T = chip::app::DataModel::DecodableList<chip::app::AclStorage::DecodableEntry>; typename std::enable_if<chip::app::DataModel::IsFabricScoped<X>::value, bool>::type <anonymous> = true]	24	static
C:/Users/olive/OneDrive/Documents/CubeMXPack/stm32wb-matter-device-over-thread-main/Middlewares/Third_Party/connectedhomeip/src/app/clusters/access-control-server/access-control-server.cpp:84:12:CHIP_ERROR {anonymous}::LogExtensionChangedEvent(const chip::app::Clusters::AccessControl::Structs::AccessControlExtensionStruct::Type&, const chip::Access::SubjectDescriptor&, chip::app::Clusters::AccessControl::ChangeTypeEnum)	120	static
../../../../../../../Middlewares/Third_Party/connectedhomeip/src/access/AccessControl.h:436:16:CHIP_ERROR chip::Access::AccessControl::GetMaxEntriesPerFabric(size_t&) const	0	static
C:/Users/olive/OneDrive/Documents/CubeMXPack/stm32wb-matter-device-over-thread-main/Middlewares/Third_Party/connectedhomeip/src/app/clusters/access-control-server/access-control-server.cpp:52:7:virtual void* {anonymous}::AccessControlAttribute::_ZThn16_N12_GLOBAL__N_122AccessControlAttributeD1Ev()	0	static
../../../../../../../Middlewares/Third_Party/connectedhomeip/src/access/AccessControl.h:131:9:chip::Access::AccessControl::Entry::~Entry()	8	static
../../../../../../../Middlewares/Third_Party/connectedhomeip/src/credentials/FabricTable.h:111:10:bool chip::FabricInfo::IsInitialized() const	0	static
../../../../../../../Middlewares/Third_Party/connectedhomeip/src/credentials/FabricTable.h:323:27:chip::ConstFabricIterator& chip::ConstFabricIterator::Advance()	16	static
../../../../../../../Middlewares/Third_Party/connectedhomeip/src/credentials/FabricTable.h:275:24:const chip::FabricInfo& chip::ConstFabricIterator::operator*() const	16	static
../../../../../../../Middlewares/Third_Party/connectedhomeip/src/credentials/FabricTable.h:288:10:bool chip::ConstFabricIterator::operator==(const chip::ConstFabricIterator&)	8	static
../../../../../../../Middlewares/Third_Party/connectedhomeip/src/credentials/FabricTable.h:543:25:chip::ConstFabricIterator chip::FabricTable::cbegin() const	16	static
../../../../../../../Middlewares/Third_Party/connectedhomeip/src/app/server/AclStorage.h:100:9:chip::app::AclStorage::EncodableEntry::EncodableEntry(const Entry&)	16	static
../../../../../../../Middlewares/Third_Party/connectedhomeip/src/lib/support/DefaultStorageKeyAllocator.h:54:48:)	28	static
C:/Users/olive/OneDrive/Documents/CubeMXPack/stm32wb-matter-device-over-thread-main/Middlewares/Third_Party/connectedhomeip/src/app/clusters/access-control-server/access-control-server.cpp:196:32:{anonymous}::AccessControlAttribute::ReadExtension(chip::app::AttributeValueEncoder&)::<lambda(const auto:10&)> [with auto:10 = chip::app::AttributeValueEncoder::ListEncodeHelper]	256	static
C:/Users/olive/OneDrive/Documents/CubeMXPack/stm32wb-matter-device-over-thread-main/Middlewares/Third_Party/connectedhomeip/src/app/clusters/access-control-server/access-control-server.cpp:293:12:CHIP_ERROR {anonymous}::AccessControlAttribute::WriteExtension(const chip::app::ConcreteDataAttributePath&, chip::app::AttributeValueDecoder&)	352	static
C:/Users/olive/OneDrive/Documents/CubeMXPack/stm32wb-matter-device-over-thread-main/Middlewares/Third_Party/connectedhomeip/src/app/clusters/access-control-server/access-control-server.cpp:479:6:void MatterAccessControlPluginServerInitCallback()	8	static
../../../../../../../Middlewares/Third_Party/connectedhomeip/src/app/AttributeAccessInterface.h:179:16:) [with Ts = {short unsigned int}]	32	static
C:/Users/olive/OneDrive/Documents/CubeMXPack/stm32wb-matter-device-over-thread-main/Middlewares/Third_Party/connectedhomeip/src/app/clusters/access-control-server/access-control-server.cpp:463:12:virtual CHIP_ERROR {anonymous}::AccessControlAttribute::Read(const chip::app::ConcreteReadAttributePath&, chip::app::AttributeValueEncoder&)	256	static
../../../../../../../Middlewares/Third_Party/connectedhomeip/src/app/data-model/DecodableList.h:119:14:bool chip::app::DataModel::DecodableList<T>::Iterator::Next() [with T0 = chip::app::AclStorage::DecodableEntry; typename std::enable_if<chip::app::DataModel::IsFabricScoped<T0>::value, bool>::type <anonymous> = true; T = chip::app::AclStorage::DecodableEntry]	192	static
C:/Users/olive/OneDrive/Documents/CubeMXPack/stm32wb-matter-device-over-thread-main/Middlewares/Third_Party/connectedhomeip/src/app/clusters/access-control-server/access-control-server.cpp:232:12:CHIP_ERROR {anonymous}::AccessControlAttribute::WriteAcl(const chip::app::ConcreteDataAttributePath&, chip::app::AttributeValueDecoder&)	352	static
C:/Users/olive/OneDrive/Documents/CubeMXPack/stm32wb-matter-device-over-thread-main/Middlewares/Third_Party/connectedhomeip/src/app/clusters/access-control-server/access-control-server.cpp:472:12:virtual CHIP_ERROR {anonymous}::AccessControlAttribute::Write(const chip::app::ConcreteDataAttributePath&, chip::app::AttributeValueDecoder&)	16	static
../../../../../../../Middlewares/Third_Party/connectedhomeip/src/app/EventLogging.h:66:12:CHIP_ERROR chip::app::LogEvent(const T&, chip::EndpointId, chip::EventNumber&) [with T = Clusters::AccessControl::Events::AccessControlEntryChanged::Type; typename std::enable_if<DataModel::IsFabricScoped<X>::value, bool>::type <anonymous> = true]	72	static
C:/Users/olive/OneDrive/Documents/CubeMXPack/stm32wb-matter-device-over-thread-main/Middlewares/Third_Party/connectedhomeip/src/app/clusters/access-control-server/access-control-server.cpp:378:6:virtual void {anonymous}::AccessControlAttribute::OnEntryChanged(const chip::Access::SubjectDescriptor*, chip::FabricIndex, size_t, const Entry*, chip::Access::AccessControl::EntryListener::ChangeType)	224	static
C:/Users/olive/OneDrive/Documents/CubeMXPack/stm32wb-matter-device-over-thread-main/Middlewares/Third_Party/connectedhomeip/src/app/clusters/access-control-server/access-control-server.cpp:485:1:cpp)	0	static
