../../../../../../../Middlewares/Third_Party/connectedhomeip/src/messaging/ExchangeDelegate.h:135:18:virtual void chip::Messaging::ExchangeDelegate::OnExchangeClosing(chip::Messaging::ExchangeContext*)	0	static
../../../../../../../Middlewares/Third_Party/connectedhomeip/src/messaging/ExchangeDelegate.h:175:18:virtual void chip::Messaging::UnsolicitedMessageHandler::OnExchangeCreationFailed(chip::Messaging::ExchangeDelegate*)	0	static
../../../../../../../Middlewares/Third_Party/connectedhomeip/src/protocols/secure_channel/SessionEstablishmentDelegate.h:48:18:virtual void chip::SessionEstablishmentDelegate::OnSessionEstablishmentStarted()	0	static
../../../../../../../Middlewares/Third_Party/connectedhomeip/src/protocols/secure_channel/SessionEstablishmentExchangeDispatch.h:36:53:void __tcf_1()	0	static
../../../../../../../Middlewares/Third_Party/connectedhomeip/src/protocols/secure_channel/CASEServer.h:69:10:virtual void chip::CASEServer::OnResponseTimeout(chip::Messaging::ExchangeContext*)	0	static
C:/Users/olive/OneDrive/Documents/CubeMXPack/stm32wb-matter-device-over-thread-main/Middlewares/Third_Party/connectedhomeip/src/protocols/secure_channel/CASEServer.cpp:66:12:virtual CHIP_ERROR chip::CASEServer::OnUnsolicitedMessageReceived(const chip::PayloadHeader&, chip::Messaging::ExchangeDelegate*&)	0	static
../../../../../../../Middlewares/Third_Party/connectedhomeip/src/protocols/secure_channel/CASEServer.h:70:42:virtual chip::Messaging::ExchangeMessageDispatch& chip::CASEServer::GetMessageDispatch()	8	static
../../../../../../../Middlewares/Third_Party/connectedhomeip/src/protocols/secure_channel/CASEServer.h:69:10:virtual void chip::CASEServer::_ZThn8_N4chip10CASEServer17OnResponseTimeoutEPNS_9Messaging15ExchangeContextE(chip::Messaging::ExchangeContext*)	0	static
C:/Users/olive/OneDrive/Documents/CubeMXPack/stm32wb-matter-device-over-thread-main/Middlewares/Third_Party/connectedhomeip/src/protocols/secure_channel/CASEServer.cpp:56:12:CHIP_ERROR chip::CASEServer::InitCASEHandshake(chip::Messaging::ExchangeContext*)	0	static
../../../../../../../Middlewares/Third_Party/connectedhomeip/src/lib/support/ReferenceCountedHandle.h:29:5:chip::ReferenceCountedHandle<Target>::~ReferenceCountedHandle() [with Target = chip::Transport::Session]	8	static
../../../../../../../Middlewares/Third_Party/connectedhomeip/src/lib/core/Optional.h:51:5:chip::Optional<T>::~Optional() [with T = chip::SessionHandle]	8	static
C:/Users/olive/OneDrive/Documents/CubeMXPack/stm32wb-matter-device-over-thread-main/Middlewares/Third_Party/connectedhomeip/src/protocols/secure_channel/CASEServer.cpp:101:6:void chip::CASEServer::PrepareForSessionEstablishment(const chip::ScopedNodeId&)	72	static
C:/Users/olive/OneDrive/Documents/CubeMXPack/stm32wb-matter-device-over-thread-main/Middlewares/Third_Party/connectedhomeip/src/protocols/secure_channel/CASEServer.cpp:32:12:CHIP_ERROR chip::CASEServer::ListenForSessionEstablishment(chip::Messaging::ExchangeManager*, chip::SessionManager*, chip::FabricTable*, chip::SessionResumptionStorage*, chip::Credentials::CertificateValidityPolicy*, chip::Credentials::GroupDataProvider*)	32	static
C:/Users/olive/OneDrive/Documents/CubeMXPack/stm32wb-matter-device-over-thread-main/Middlewares/Third_Party/connectedhomeip/src/protocols/secure_channel/CASEServer.cpp:160:6:virtual void chip::CASEServer::OnSessionEstablishmentError(CHIP_ERROR)	24	static
C:/Users/olive/OneDrive/Documents/CubeMXPack/stm32wb-matter-device-over-thread-main/Middlewares/Third_Party/connectedhomeip/src/protocols/secure_channel/CASEServer.cpp:167:6:virtual void chip::CASEServer::OnSessionEstablished(const chip::SessionHandle&)	80	static
../../../../../../../Middlewares/Third_Party/connectedhomeip/src/protocols/secure_channel/CASEServer.h:34:5:chip::CASEServer::~CASEServer()	16	static
../../../../../../../Middlewares/Third_Party/connectedhomeip/src/protocols/secure_channel/CASEServer.h:34:5:virtual chip::CASEServer::~CASEServer()	8	static
C:/Users/olive/OneDrive/Documents/CubeMXPack/stm32wb-matter-device-over-thread-main/Middlewares/Third_Party/connectedhomeip/src/protocols/secure_channel/CASEServer.cpp:73:12:virtual CHIP_ERROR chip::CASEServer::OnMessageReceived(chip::Messaging::ExchangeContext*, const chip::PayloadHeader&, chip::System::PacketBufferHandle&&)	56	static
