../../../../../../../Middlewares/Third_Party/connectedhomeip/src/transport/SessionDelegate.h:68:18:virtual void chip::SessionDelegate::OnSessionHang()	0	static
../../../../../../../Middlewares/Third_Party/connectedhomeip/src/transport/Session.h:147:10:virtual void chip::SessionHolderWithDelegate::DispatchSessionEvent(chip::SessionDelegate::Event)	16	static
../../../../../../../Middlewares/Third_Party/connectedhomeip/src/messaging/ExchangeDelegate.h:135:18:virtual void chip::Messaging::ExchangeDelegate::OnExchangeClosing(chip::Messaging::ExchangeContext*)	0	static
../../../../../../../Middlewares/Third_Party/connectedhomeip/src/messaging/ExchangeDelegate.h:175:18:virtual void chip::Messaging::UnsolicitedMessageHandler::OnExchangeCreationFailed(chip::Messaging::ExchangeDelegate*)	0	static
../../../../../../../Middlewares/Third_Party/connectedhomeip/src/protocols/secure_channel/PairingSession.h:53:30:virtual chip::SessionDelegate::NewSessionHandlingPolicy chip::PairingSession::GetNewSessionHandlingPolicy()	0	static
../../../../../../../Middlewares/Third_Party/connectedhomeip/src/protocols/secure_channel/SessionEstablishmentExchangeDispatch.h:36:53:void __tcf_1()	0	static
../../../../../../../Middlewares/Third_Party/connectedhomeip/src/protocols/secure_channel/PASESession.h:72:36:virtual chip::Transport::SecureSession::Type chip::PASESession::GetSecureSessionType() const	0	static
../../../../../../../Middlewares/Third_Party/connectedhomeip/src/protocols/secure_channel/PASESession.h:73:18:virtual chip::ScopedNodeId chip::PASESession::GetPeer() const	12	static
../../../../../../../Middlewares/Third_Party/connectedhomeip/src/protocols/secure_channel/PASESession.h:78:18:virtual chip::ScopedNodeId chip::PASESession::GetLocalScopedNodeId() const	12	static
../../../../../../../Middlewares/Third_Party/connectedhomeip/src/protocols/secure_channel/PASESession.h:84:15:virtual chip::CATValues chip::PASESession::GetPeerCATs() const	0	static
C:/Users/olive/OneDrive/Documents/CubeMXPack/stm32wb-matter-device-over-thread-main/Middlewares/Third_Party/connectedhomeip/src/protocols/secure_channel/PASESession.cpp:814:12:virtual CHIP_ERROR chip::PASESession::OnUnsolicitedMessageReceived(const chip::PayloadHeader&, chip::Messaging::ExchangeDelegate*&)	0	static
../../../../../../../Middlewares/Third_Party/connectedhomeip/src/transport/Session.h:125:7:chip::SessionHolderWithDelegate::~SessionHolderWithDelegate()	8	static
../../../../../../../Middlewares/Third_Party/connectedhomeip/src/transport/Session.h:125:7:virtual chip::SessionHolderWithDelegate::~SessionHolderWithDelegate()	8	static
../../../../../../../Middlewares/Third_Party/connectedhomeip/src/transport/Session.h:133:10:virtual void chip::SessionHolderWithDelegate::SessionReleased()	8	static
C:/Users/olive/OneDrive/Documents/CubeMXPack/stm32wb-matter-device-over-thread-main/Middlewares/Third_Party/connectedhomeip/src/protocols/secure_channel/PASESession.cpp:760:12:virtual CHIP_ERROR chip::PASESession::OnFailureStatusReport(chip::Protocols::SecureChannel::GeneralStatusCode, uint16_t)	16	static
../../../../../../../Middlewares/Third_Party/connectedhomeip/src/protocols/secure_channel/PASESession.h:177:42:virtual chip::Messaging::ExchangeMessageDispatch& chip::PASESession::GetMessageDispatch()	8	static
C:/Users/olive/OneDrive/Documents/CubeMXPack/stm32wb-matter-device-over-thread-main/Middlewares/Third_Party/connectedhomeip/src/protocols/secure_channel/PASESession.cpp:258:12:virtual CHIP_ERROR chip::PASESession::DeriveSecureSession(chip::CryptoContext&) const	32	static
../../../../../../../Middlewares/Third_Party/connectedhomeip/src/system/SystemPacketBuffer.h:433:26:chip::System::PacketBufferHandle& chip::System::PacketBufferHandle::operator=(chip::System::PacketBufferHandle&&)	16	static
../../../../../../../Middlewares/Third_Party/connectedhomeip/src/protocols/secure_channel/PASESession.h:72:36:virtual chip::Transport::SecureSession::Type chip::PASESession::_ZThn8_NK4chip11PASESession20GetSecureSessionTypeEv() const	0	static
../../../../../../../Middlewares/Third_Party/connectedhomeip/src/transport/Session.h:141:10:virtual void chip::SessionHolderWithDelegate::ShiftToSession(const chip::SessionHandle&)	16	static
../../../../../../../Middlewares/Third_Party/connectedhomeip/src/system/SystemPacketBuffer.h:428:5:chip::System::PacketBufferHandle::~PacketBufferHandle()	8	static
../../../../../../../Middlewares/Third_Party/connectedhomeip/src/protocols/secure_channel/PairingSession.h:135:10:void chip::PairingSession::SendStatusReport(chip::Messaging::ExchangeContext*, uint16_t)	72	static
../../../../../../../Middlewares/Third_Party/connectedhomeip/src/protocols/secure_channel/PairingSession.h:56:24:chip::Optional<short unsigned int> chip::PairingSession::GetLocalSessionId() const	16	static
../../../../../../../Middlewares/Third_Party/connectedhomeip/src/protocols/secure_channel/PairingSession.h:162:16:CHIP_ERROR chip::PairingSession::HandleStatusReport(chip::System::PacketBufferHandle&&, bool)	32	static
../../../../../../../Middlewares/Third_Party/connectedhomeip/src/system/TLVPacketBufferBackingStore.h:45:5:chip::System::TLVPacketBufferBackingStore::~TLVPacketBufferBackingStore()	8	static
../../../../../../../Middlewares/Third_Party/connectedhomeip/src/system/TLVPacketBufferBackingStore.h:45:5:virtual chip::System::TLVPacketBufferBackingStore::~TLVPacketBufferBackingStore()	8	static
../../../../../../../Middlewares/Third_Party/connectedhomeip/src/system/TLVPacketBufferBackingStore.h:100:10:void chip::System::PacketBufferTLVReader::Init(chip::System::PacketBufferHandle&&)	8	static
../../../../../../../Middlewares/Third_Party/connectedhomeip/src/system/TLVPacketBufferBackingStore.h:122:10:void chip::System::PacketBufferTLVWriter::Init(chip::System::PacketBufferHandle&&, bool)	24	static
../../../../../../../Middlewares/Third_Party/connectedhomeip/src/system/TLVPacketBufferBackingStore.h:141:16:CHIP_ERROR chip::System::PacketBufferTLVWriter::Finalize(chip::System::PacketBufferHandle*)	24	static
C:/Users/olive/OneDrive/Documents/CubeMXPack/stm32wb-matter-device-over-thread-main/Middlewares/Third_Party/connectedhomeip/src/protocols/secure_channel/PASESession.cpp:83:6:void chip::PASESession::Finish()	0	static
C:/Users/olive/OneDrive/Documents/CubeMXPack/stm32wb-matter-device-over-thread-main/Middlewares/Third_Party/connectedhomeip/src/protocols/secure_channel/PASESession.cpp:755:6:virtual void chip::PASESession::OnSuccessStatusReport()	0	static
C:/Users/olive/OneDrive/Documents/CubeMXPack/stm32wb-matter-device-over-thread-main/Middlewares/Third_Party/connectedhomeip/src/protocols/secure_channel/PASESession.cpp:89:6:void chip::PASESession::Clear()	16	static
C:/Users/olive/OneDrive/Documents/CubeMXPack/stm32wb-matter-device-over-thread-main/Middlewares/Third_Party/connectedhomeip/src/protocols/secure_channel/PASESession.cpp:76:6:virtual void chip::PASESession::OnSessionReleased()	8	static
C:/Users/olive/OneDrive/Documents/CubeMXPack/stm32wb-matter-device-over-thread-main/Middlewares/Third_Party/connectedhomeip/src/protocols/secure_channel/PASESession.cpp:242:6:virtual void chip::PASESession::OnResponseTimeout(chip::Messaging::ExchangeContext*)	16	static
C:/Users/olive/OneDrive/Documents/CubeMXPack/stm32wb-matter-device-over-thread-main/Middlewares/Third_Party/connectedhomeip/src/protocols/secure_channel/PASESession.cpp:70:1:chip::PASESession::~PASESession()	16	static
C:/Users/olive/OneDrive/Documents/CubeMXPack/stm32wb-matter-device-over-thread-main/Middlewares/Third_Party/connectedhomeip/src/protocols/secure_channel/PASESession.cpp:70:1:virtual chip::PASESession::~PASESession()	8	static
C:/Users/olive/OneDrive/Documents/CubeMXPack/stm32wb-matter-device-over-thread-main/Middlewares/Third_Party/connectedhomeip/src/protocols/secure_channel/PASESession.cpp:112:12:CHIP_ERROR chip::PASESession::Init(chip::SessionManager&, uint32_t, chip::SessionEstablishmentDelegate*)	48	static
C:/Users/olive/OneDrive/Documents/CubeMXPack/stm32wb-matter-device-over-thread-main/Middlewares/Third_Party/connectedhomeip/src/protocols/secure_channel/PASESession.cpp:134:12:static CHIP_ERROR chip::PASESession::GeneratePASEVerifier(chip::Crypto::Spake2pVerifier&, uint32_t, const chip::ByteSpan&, bool, uint32_t&)	24	static
C:/Users/olive/OneDrive/Documents/CubeMXPack/stm32wb-matter-device-over-thread-main/Middlewares/Third_Party/connectedhomeip/src/protocols/secure_channel/PASESession.cpp:150:12:CHIP_ERROR chip::PASESession::SetupSpake2p()	56	static
C:/Users/olive/OneDrive/Documents/CubeMXPack/stm32wb-matter-device-over-thread-main/Middlewares/Third_Party/connectedhomeip/src/protocols/secure_channel/PASESession.cpp:162:12:CHIP_ERROR chip::PASESession::WaitForPairing(chip::SessionManager&, const chip::Crypto::Spake2pVerifier&, uint32_t, const chip::ByteSpan&, chip::Optional<chip::ReliableMessageProtocolConfig>, chip::SessionEstablishmentDelegate*)	32	static
C:/Users/olive/OneDrive/Documents/CubeMXPack/stm32wb-matter-device-over-thread-main/Middlewares/Third_Party/connectedhomeip/src/protocols/secure_channel/PASESession.cpp:265:12:CHIP_ERROR chip::PASESession::SendPBKDFParamRequest()	104	static
../../../../../../../Middlewares/Third_Party/connectedhomeip/src/system/TLVPacketBufferBackingStore.h:90:18:chip::System::PacketBufferTLVReader::PacketBufferTLVReader()	8	static
C:/Users/olive/OneDrive/Documents/CubeMXPack/stm32wb-matter-device-over-thread-main/Middlewares/Third_Party/connectedhomeip/src/protocols/secure_channel/PASESession.cpp:377:12:CHIP_ERROR chip::PASESession::SendPBKDFParamResponse(chip::ByteSpan, bool)	120	static
C:/Users/olive/OneDrive/Documents/CubeMXPack/stm32wb-matter-device-over-thread-main/Middlewares/Third_Party/connectedhomeip/src/protocols/secure_channel/PASESession.cpp:534:12:CHIP_ERROR chip::PASESession::SendMsg1()	176	static
C:/Users/olive/OneDrive/Documents/CubeMXPack/stm32wb-matter-device-over-thread-main/Middlewares/Third_Party/connectedhomeip/src/protocols/secure_channel/PASESession.cpp:567:12:CHIP_ERROR chip::PASESession::HandleMsg1_and_SendMsg2(chip::System::PacketBufferHandle&&)	304	static
C:/Users/olive/OneDrive/Documents/CubeMXPack/stm32wb-matter-device-over-thread-main/Middlewares/Third_Party/connectedhomeip/src/protocols/secure_channel/PASESession.cpp:637:12:CHIP_ERROR chip::PASESession::HandleMsg2_and_SendMsg3(chip::System::PacketBufferHandle&&)	216	static
C:/Users/olive/OneDrive/Documents/CubeMXPack/stm32wb-matter-device-over-thread-main/Middlewares/Third_Party/connectedhomeip/src/protocols/secure_channel/PASESession.cpp:713:12:CHIP_ERROR chip::PASESession::HandleMsg3(chip::System::PacketBufferHandle&&)	88	static
../../../../../../../Middlewares/Third_Party/connectedhomeip/src/lib/support/ReferenceCountedHandle.h:29:5:chip::ReferenceCountedHandle<Target>::~ReferenceCountedHandle() [with Target = chip::Transport::Session]	8	static
../../../../../../../Middlewares/Third_Party/connectedhomeip/src/messaging/ExchangeContext.h:156:19:chip::SessionHandle chip::Messaging::ExchangeContext::GetSessionHandle() const	24	static
C:/Users/olive/OneDrive/Documents/CubeMXPack/stm32wb-matter-device-over-thread-main/Middlewares/Third_Party/connectedhomeip/src/protocols/secure_channel/PASESession.cpp:209:12:CHIP_ERROR chip::PASESession::Pair(chip::SessionManager&, uint32_t, chip::Optional<chip::ReliableMessageProtocolConfig>, chip::Messaging::ExchangeContext*, chip::SessionEstablishmentDelegate*)	40	static
C:/Users/olive/OneDrive/Documents/CubeMXPack/stm32wb-matter-device-over-thread-main/Middlewares/Third_Party/connectedhomeip/src/protocols/secure_channel/PASESession.cpp:314:12:CHIP_ERROR chip::PASESession::HandlePBKDFParamRequest(chip::System::PacketBufferHandle&&)	136	static
C:/Users/olive/OneDrive/Documents/CubeMXPack/stm32wb-matter-device-over-thread-main/Middlewares/Third_Party/connectedhomeip/src/protocols/secure_channel/PASESession.cpp:438:12:CHIP_ERROR chip::PASESession::HandlePBKDFParamResponse(chip::System::PacketBufferHandle&&)	232	static
../../../../../../../Middlewares/Third_Party/connectedhomeip/src/transport/raw/MessageHeader.h:519:10:bool chip::PayloadHeader::HasMessageType(MessageType) const [with MessageType = chip::Protocols::SecureChannel::MsgType; <template-parameter-1-2> = void]	0	static
C:/Users/olive/OneDrive/Documents/CubeMXPack/stm32wb-matter-device-over-thread-main/Middlewares/Third_Party/connectedhomeip/src/protocols/secure_channel/PASESession.cpp:778:12:CHIP_ERROR chip::PASESession::ValidateReceivedMessage(chip::Messaging::ExchangeContext*, const chip::PayloadHeader&, const chip::System::PacketBufferHandle&)	32	static
C:/Users/olive/OneDrive/Documents/CubeMXPack/stm32wb-matter-device-over-thread-main/Middlewares/Third_Party/connectedhomeip/src/protocols/secure_channel/PASESession.cpp:821:12:virtual CHIP_ERROR chip::PASESession::OnMessageReceived(chip::Messaging::ExchangeContext*, const chip::PayloadHeader&, chip::System::PacketBufferHandle&&)	16	static
