C:/Users/olive/OneDrive/Documents/CubeMXPack/stm32wb-matter-device-over-thread-main/Middlewares/Third_Party/connectedhomeip/src/protocols/secure_channel/StatusReport.cpp:35:1:chip::Protocols::SecureChannel::StatusReport::StatusReport()	0	static
C:/Users/olive/OneDrive/Documents/CubeMXPack/stm32wb-matter-device-over-thread-main/Middlewares/Third_Party/connectedhomeip/src/protocols/secure_channel/StatusReport.cpp:39:1:chip::Protocols::SecureChannel::StatusReport::StatusReport(chip::Protocols::SecureChannel::GeneralStatusCode, chip::Protocols::Id, uint16_t)	16	static
C:/Users/olive/OneDrive/Documents/CubeMXPack/stm32wb-matter-device-over-thread-main/Middlewares/Third_Party/connectedhomeip/src/protocols/secure_channel/StatusReport.cpp:43:1:chip::Protocols::SecureChannel::StatusReport::StatusReport(chip::Protocols::SecureChannel::GeneralStatusCode, chip::Protocols::Id, uint16_t, chip::System::PacketBufferHandle)	24	static
C:/Users/olive/OneDrive/Documents/CubeMXPack/stm32wb-matter-device-over-thread-main/Middlewares/Third_Party/connectedhomeip/src/protocols/secure_channel/StatusReport.cpp:49:12:CHIP_ERROR chip::Protocols::SecureChannel::StatusReport::Parse(chip::System::PacketBufferHandle)	56	static
C:/Users/olive/OneDrive/Documents/CubeMXPack/stm32wb-matter-device-over-thread-main/Middlewares/Third_Party/connectedhomeip/src/protocols/secure_channel/StatusReport.cpp:82:40:chip::Encoding::LittleEndian::BufferWriter& chip::Protocols::SecureChannel::StatusReport::WriteToBuffer(chip::Encoding::LittleEndian::BufferWriter&) const	24	static
C:/Users/olive/OneDrive/Documents/CubeMXPack/stm32wb-matter-device-over-thread-main/Middlewares/Third_Party/connectedhomeip/src/protocols/secure_channel/StatusReport.cpp:92:8:size_t chip::Protocols::SecureChannel::StatusReport::Size() const	24	static
