C:/Users/olive/OneDrive/Documents/CubeMXPack/stm32wb-matter-device-over-thread-main/Middlewares/Third_Party/connectedhomeip/src/ble/BleLayer.cpp:97:19:chip::Ble::BLEEndPoint* chip::Ble::BleEndPointPool::Find(void*) const	0	static
C:/Users/olive/OneDrive/Documents/CubeMXPack/stm32wb-matter-device-over-thread-main/Middlewares/Third_Party/connectedhomeip/src/ble/BleLayer.cpp:150:6:void chip::Ble::BleTransportCapabilitiesRequestMessage::SetSupportedProtocolVersion(uint8_t, uint8_t)	8	static
C:/Users/olive/OneDrive/Documents/CubeMXPack/stm32wb-matter-device-over-thread-main/Middlewares/Third_Party/connectedhomeip/src/ble/BleLayer.cpp:172:12:CHIP_ERROR chip::Ble::BleTransportCapabilitiesRequestMessage::Encode(const chip::System::PacketBufferHandle&) const	16	static
C:/Users/olive/OneDrive/Documents/CubeMXPack/stm32wb-matter-device-over-thread-main/Middlewares/Third_Party/connectedhomeip/src/ble/BleLayer.cpp:195:12:static CHIP_ERROR chip::Ble::BleTransportCapabilitiesRequestMessage::Decode(const chip::System::PacketBufferHandle&, chip::Ble::BleTransportCapabilitiesRequestMessage&)	12	static
C:/Users/olive/OneDrive/Documents/CubeMXPack/stm32wb-matter-device-over-thread-main/Middlewares/Third_Party/connectedhomeip/src/ble/BleLayer.cpp:221:12:CHIP_ERROR chip::Ble::BleTransportCapabilitiesResponseMessage::Encode(const chip::System::PacketBufferHandle&) const	16	static
C:/Users/olive/OneDrive/Documents/CubeMXPack/stm32wb-matter-device-over-thread-main/Middlewares/Third_Party/connectedhomeip/src/ble/BleLayer.cpp:240:12:static CHIP_ERROR chip::Ble::BleTransportCapabilitiesResponseMessage::Decode(const chip::System::PacketBufferHandle&, chip::Ble::BleTransportCapabilitiesResponseMessage&)	0	static
C:/Users/olive/OneDrive/Documents/CubeMXPack/stm32wb-matter-device-over-thread-main/Middlewares/Third_Party/connectedhomeip/src/ble/BleLayer.cpp:260:1:chip::Ble::BleLayer::BleLayer()	0	static
C:/Users/olive/OneDrive/Documents/CubeMXPack/stm32wb-matter-device-over-thread-main/Middlewares/Third_Party/connectedhomeip/src/ble/BleLayer.cpp:265:12:CHIP_ERROR chip::Ble::BleLayer::Init(chip::Ble::BlePlatformDelegate*, chip::Ble::BleConnectionDelegate*, chip::Ble::BleApplicationDelegate*, chip::System::Layer*)	24	static
C:/Users/olive/OneDrive/Documents/CubeMXPack/stm32wb-matter-device-over-thread-main/Middlewares/Third_Party/connectedhomeip/src/ble/BleLayer.cpp:297:12:CHIP_ERROR chip::Ble::BleLayer::Init(chip::Ble::BlePlatformDelegate*, chip::Ble::BleApplicationDelegate*, chip::System::Layer*)	16	static
C:/Users/olive/OneDrive/Documents/CubeMXPack/stm32wb-matter-device-over-thread-main/Middlewares/Third_Party/connectedhomeip/src/ble/BleLayer.cpp:309:6:void chip::Ble::BleLayer::CloseAllBleConnections()	8	static
C:/Users/olive/OneDrive/Documents/CubeMXPack/stm32wb-matter-device-over-thread-main/Middlewares/Third_Party/connectedhomeip/src/ble/BleLayer.cpp:303:6:void chip::Ble::BleLayer::Shutdown()	0	static
C:/Users/olive/OneDrive/Documents/CubeMXPack/stm32wb-matter-device-over-thread-main/Middlewares/Third_Party/connectedhomeip/src/ble/BleLayer.cpp:336:6:void chip::Ble::BleLayer::CloseBleConnection(void*)	16	static
C:/Users/olive/OneDrive/Documents/CubeMXPack/stm32wb-matter-device-over-thread-main/Middlewares/Third_Party/connectedhomeip/src/ble/BleLayer.cpp:363:12:CHIP_ERROR chip::Ble::BleLayer::CancelBleIncompleteConnection()	16	static
C:/Users/olive/OneDrive/Documents/CubeMXPack/stm32wb-matter-device-over-thread-main/Middlewares/Third_Party/connectedhomeip/src/ble/BleLayer.cpp:376:12:CHIP_ERROR chip::Ble::BleLayer::NewBleConnectionByDiscriminator(const chip::SetupDiscriminator&, void*, chip::Ble::BleConnectionDelegate::OnConnectionCompleteFunct, chip::Ble::BleConnectionDelegate::OnConnectionErrorFunct)	16	static
C:/Users/olive/OneDrive/Documents/CubeMXPack/stm32wb-matter-device-over-thread-main/Middlewares/Third_Party/connectedhomeip/src/ble/BleLayer.cpp:392:12:CHIP_ERROR chip::Ble::BleLayer::NewBleConnectionByObject(void*, void*, chip::Ble::BleConnectionDelegate::OnConnectionCompleteFunct, chip::Ble::BleConnectionDelegate::OnConnectionErrorFunct)	16	static
C:/Users/olive/OneDrive/Documents/CubeMXPack/stm32wb-matter-device-over-thread-main/Middlewares/Third_Party/connectedhomeip/src/ble/BleLayer.cpp:418:12:CHIP_ERROR chip::Ble::BleLayer::NewBleEndPoint(chip::Ble::BLEEndPoint**, void*, chip::Ble::BleRole, bool)	24	static
C:/Users/olive/OneDrive/Documents/CubeMXPack/stm32wb-matter-device-over-thread-main/Middlewares/Third_Party/connectedhomeip/src/ble/BleLayer.cpp:450:12:CHIP_ERROR chip::Ble::BleLayer::HandleBleTransportConnectionInitiated(void*, chip::System::PacketBufferHandle&&)	40	static
C:/Users/olive/OneDrive/Documents/CubeMXPack/stm32wb-matter-device-over-thread-main/Middlewares/Third_Party/connectedhomeip/src/ble/BleLayer.cpp:481:6:bool chip::Ble::BleLayer::HandleWriteReceived(void*, const chip::Ble::ChipBleUUID*, const chip::Ble::ChipBleUUID*, chip::System::PacketBufferHandle&&)	24	static
C:/Users/olive/OneDrive/Documents/CubeMXPack/stm32wb-matter-device-over-thread-main/Middlewares/Third_Party/connectedhomeip/src/ble/BleLayer.cpp:526:6:bool chip::Ble::BleLayer::HandleIndicationReceived(void*, const chip::Ble::ChipBleUUID*, const chip::Ble::ChipBleUUID*, chip::System::PacketBufferHandle&&)	24	static
C:/Users/olive/OneDrive/Documents/CubeMXPack/stm32wb-matter-device-over-thread-main/Middlewares/Third_Party/connectedhomeip/src/ble/BleLayer.cpp:604:6:void chip::Ble::BleLayer::HandleAckReceived(void*)	8	static
C:/Users/olive/OneDrive/Documents/CubeMXPack/stm32wb-matter-device-over-thread-main/Middlewares/Third_Party/connectedhomeip/src/ble/BleLayer.cpp:566:6:bool chip::Ble::BleLayer::HandleWriteConfirmation(void*, const chip::Ble::ChipBleUUID*, const chip::Ble::ChipBleUUID*)	24	static
C:/Users/olive/OneDrive/Documents/CubeMXPack/stm32wb-matter-device-over-thread-main/Middlewares/Third_Party/connectedhomeip/src/ble/BleLayer.cpp:585:6:bool chip::Ble::BleLayer::HandleIndicationConfirmation(void*, const chip::Ble::ChipBleUUID*, const chip::Ble::ChipBleUUID*)	24	static
C:/Users/olive/OneDrive/Documents/CubeMXPack/stm32wb-matter-device-over-thread-main/Middlewares/Third_Party/connectedhomeip/src/ble/BleLayer.cpp:624:6:bool chip::Ble::BleLayer::HandleSubscribeReceived(void*, const chip::Ble::ChipBleUUID*, const chip::Ble::ChipBleUUID*)	16	static
C:/Users/olive/OneDrive/Documents/CubeMXPack/stm32wb-matter-device-over-thread-main/Middlewares/Third_Party/connectedhomeip/src/ble/BleLayer.cpp:649:6:bool chip::Ble::BleLayer::HandleSubscribeComplete(void*, const chip::Ble::ChipBleUUID*, const chip::Ble::ChipBleUUID*)	16	static
C:/Users/olive/OneDrive/Documents/CubeMXPack/stm32wb-matter-device-over-thread-main/Middlewares/Third_Party/connectedhomeip/src/ble/BleLayer.cpp:673:6:bool chip::Ble::BleLayer::HandleUnsubscribeReceived(void*, const chip::Ble::ChipBleUUID*, const chip::Ble::ChipBleUUID*)	16	static
C:/Users/olive/OneDrive/Documents/CubeMXPack/stm32wb-matter-device-over-thread-main/Middlewares/Third_Party/connectedhomeip/src/ble/BleLayer.cpp:698:6:bool chip::Ble::BleLayer::HandleUnsubscribeComplete(void*, const chip::Ble::ChipBleUUID*, const chip::Ble::ChipBleUUID*)	16	static
C:/Users/olive/OneDrive/Documents/CubeMXPack/stm32wb-matter-device-over-thread-main/Middlewares/Third_Party/connectedhomeip/src/ble/BleLayer.cpp:723:6:void chip::Ble::BleLayer::HandleConnectionError(void*, CHIP_ERROR)	16	static
C:/Users/olive/OneDrive/Documents/CubeMXPack/stm32wb-matter-device-over-thread-main/Middlewares/Third_Party/connectedhomeip/src/ble/BleLayer.cpp:743:29:static chip::Ble::BleTransportProtocolVersion chip::Ble::BleLayer::GetHighestSupportedProtocolVersion(const chip::Ble::BleTransportCapabilitiesRequestMessage&)	8	static
C:/Users/olive/OneDrive/Documents/CubeMXPack/stm32wb-matter-device-over-thread-main/Middlewares/Third_Party/connectedhomeip/src/ble/BleLayer.cpp:786:6:static void chip::Ble::BleLayer::OnConnectionError(void*, CHIP_ERROR)	0	static
C:/Users/olive/OneDrive/Documents/CubeMXPack/stm32wb-matter-device-over-thread-main/Middlewares/Third_Party/connectedhomeip/src/ble/BleLayer.cpp:770:6:static void chip::Ble::BleLayer::OnConnectionComplete(void*, void*)	24	static
C:/Users/olive/OneDrive/Documents/CubeMXPack/stm32wb-matter-device-over-thread-main/Middlewares/Third_Party/connectedhomeip/src/ble/BleLayer.cpp:408:12:CHIP_ERROR chip::Ble::BleLayer::NewBleConnectionByObject(void*)	8	static
