C:/Users/olive/OneDrive/Documents/CubeMXPack/stm32wb-matter-device-over-thread-main/Middlewares/Third_Party/connectedhomeip/src/lib/support/CHIPPlatformMemory.cpp:27:12:int CHIPPlatformMemoryInit(void*, size_t)	8	static
C:/Users/olive/OneDrive/Documents/CubeMXPack/stm32wb-matter-device-over-thread-main/Middlewares/Third_Party/connectedhomeip/src/lib/support/CHIPPlatformMemory.cpp:32:13:void CHIPPlatformMemoryShutdown()	0	static
C:/Users/olive/OneDrive/Documents/CubeMXPack/stm32wb-matter-device-over-thread-main/Middlewares/Third_Party/connectedhomeip/src/lib/support/CHIPPlatformMemory.cpp:37:15:void* CHIPPlatformMemoryAlloc(size_t)	0	static
C:/Users/olive/OneDrive/Documents/CubeMXPack/stm32wb-matter-device-over-thread-main/Middlewares/Third_Party/connectedhomeip/src/lib/support/CHIPPlatformMemory.cpp:42:15:void* CHIPPlatformMemoryCalloc(size_t, size_t)	0	static
C:/Users/olive/OneDrive/Documents/CubeMXPack/stm32wb-matter-device-over-thread-main/Middlewares/Third_Party/connectedhomeip/src/lib/support/CHIPPlatformMemory.cpp:47:15:void* CHIPPlatformMemoryRealloc(void*, size_t)	0	static
C:/Users/olive/OneDrive/Documents/CubeMXPack/stm32wb-matter-device-over-thread-main/Middlewares/Third_Party/connectedhomeip/src/lib/support/CHIPPlatformMemory.cpp:52:13:void CHIPPlatformMemoryFree(void*)	0	static
