C:/Users/olive/OneDrive/Documents/CubeMXPack/stm32wb-matter-device-over-thread-main/Middlewares/Third_Party/connectedhomeip/src/lib/support/TimeUtils.cpp:93:6:bool chip::IsLeapYear(uint16_t)	0	static
C:/Users/olive/OneDrive/Documents/CubeMXPack/stm32wb-matter-device-over-thread-main/Middlewares/Third_Party/connectedhomeip/src/lib/support/TimeUtils.cpp:113:9:uint8_t chip::DaysInMonth(uint16_t, uint8_t)	8	static
C:/Users/olive/OneDrive/Documents/CubeMXPack/stm32wb-matter-device-over-thread-main/Middlewares/Third_Party/connectedhomeip/src/lib/support/TimeUtils.cpp:136:9:uint8_t chip::FirstWeekdayOfYear(uint16_t)	0	static
C:/Users/olive/OneDrive/Documents/CubeMXPack/stm32wb-matter-device-over-thread-main/Middlewares/Third_Party/connectedhomeip/src/lib/support/TimeUtils.cpp:163:6:void chip::OrdinalDateToCalendarDate(uint16_t, uint16_t, uint8_t&, uint8_t&)	16	static
C:/Users/olive/OneDrive/Documents/CubeMXPack/stm32wb-matter-device-over-thread-main/Middlewares/Third_Party/connectedhomeip/src/lib/support/TimeUtils.cpp:211:6:void chip::CalendarDateToOrdinalDate(uint16_t, uint8_t, uint8_t, uint16_t&)	16	static
C:/Users/olive/OneDrive/Documents/CubeMXPack/stm32wb-matter-device-over-thread-main/Middlewares/Third_Party/connectedhomeip/src/lib/support/TimeUtils.cpp:255:6:bool chip::CalendarDateToDaysSinceUnixEpoch(uint16_t, uint8_t, uint8_t, uint32_t&)	16	static
C:/Users/olive/OneDrive/Documents/CubeMXPack/stm32wb-matter-device-over-thread-main/Middlewares/Third_Party/connectedhomeip/src/lib/support/TimeUtils.cpp:319:6:bool chip::DaysSinceUnixEpochToCalendarDate(uint32_t, uint16_t&, uint8_t&, uint8_t&)	20	static
C:/Users/olive/OneDrive/Documents/CubeMXPack/stm32wb-matter-device-over-thread-main/Middlewares/Third_Party/connectedhomeip/src/lib/support/TimeUtils.cpp:389:6:bool chip::AdjustCalendarDate(uint16_t&, uint8_t&, uint8_t&, int32_t)	32	static
C:/Users/olive/OneDrive/Documents/CubeMXPack/stm32wb-matter-device-over-thread-main/Middlewares/Third_Party/connectedhomeip/src/lib/support/TimeUtils.cpp:448:6:bool chip::CalendarTimeToSecondsSinceUnixEpoch(uint16_t, uint8_t, uint8_t, uint8_t, uint8_t, uint8_t, uint32_t&)	16	static
C:/Users/olive/OneDrive/Documents/CubeMXPack/stm32wb-matter-device-over-thread-main/Middlewares/Third_Party/connectedhomeip/src/lib/support/TimeUtils.cpp:539:6:void chip::SecondsSinceUnixEpochToCalendarTime(uint32_t, uint16_t&, uint8_t&, uint8_t&, uint8_t&, uint8_t&, uint8_t&)	24	static
C:/Users/olive/OneDrive/Documents/CubeMXPack/stm32wb-matter-device-over-thread-main/Middlewares/Third_Party/connectedhomeip/src/lib/support/TimeUtils.cpp:545:6:bool chip::CalendarToChipEpochTime(uint16_t, uint8_t, uint8_t, uint8_t, uint8_t, uint8_t, uint32_t&)	16	static
C:/Users/olive/OneDrive/Documents/CubeMXPack/stm32wb-matter-device-over-thread-main/Middlewares/Third_Party/connectedhomeip/src/lib/support/TimeUtils.cpp:559:6:void chip::ChipEpochToCalendarTime(uint32_t, uint16_t&, uint8_t&, uint8_t&, uint8_t&, uint8_t&, uint8_t&)	24	static
C:/Users/olive/OneDrive/Documents/CubeMXPack/stm32wb-matter-device-over-thread-main/Middlewares/Third_Party/connectedhomeip/src/lib/support/TimeUtils.cpp:566:6:bool chip::UnixEpochToChipEpochTime(uint32_t, uint32_t&)	0	static
