C:/Users/olive/OneDrive/Documents/CubeMXPack/stm32wb-matter-device-over-thread-main/Middlewares/Third_Party/connectedhomeip/src/lib/support/verhoeff/Verhoeff16.cpp:100:5:static int Verhoeff16::CharToVal(char)	0	static
C:/Users/olive/OneDrive/Documents/CubeMXPack/stm32wb-matter-device-over-thread-main/Middlewares/Third_Party/connectedhomeip/src/lib/support/verhoeff/Verhoeff16.cpp:114:6:static char Verhoeff16::ValToChar(int)	0	static
C:/Users/olive/OneDrive/Documents/CubeMXPack/stm32wb-matter-device-over-thread-main/Middlewares/Third_Party/connectedhomeip/src/lib/support/verhoeff/Verhoeff16.cpp:52:6:static char Verhoeff16::ComputeCheckChar(const char*, size_t)	40	static
C:/Users/olive/OneDrive/Documents/CubeMXPack/stm32wb-matter-device-over-thread-main/Middlewares/Third_Party/connectedhomeip/src/lib/support/verhoeff/Verhoeff16.cpp:47:6:static char Verhoeff16::ComputeCheckChar(const char*)	8	static
C:/Users/olive/OneDrive/Documents/CubeMXPack/stm32wb-matter-device-over-thread-main/Middlewares/Third_Party/connectedhomeip/src/lib/support/verhoeff/Verhoeff16.cpp:83:6:static bool Verhoeff16::ValidateCheckChar(char, const char*, size_t)	8	static
C:/Users/olive/OneDrive/Documents/CubeMXPack/stm32wb-matter-device-over-thread-main/Middlewares/Third_Party/connectedhomeip/src/lib/support/verhoeff/Verhoeff16.cpp:78:6:static bool Verhoeff16::ValidateCheckChar(char, const char*)	16	static
C:/Users/olive/OneDrive/Documents/CubeMXPack/stm32wb-matter-device-over-thread-main/Middlewares/Third_Party/connectedhomeip/src/lib/support/verhoeff/Verhoeff16.cpp:93:6:static bool Verhoeff16::ValidateCheckChar(const char*, size_t)	8	static
C:/Users/olive/OneDrive/Documents/CubeMXPack/stm32wb-matter-device-over-thread-main/Middlewares/Third_Party/connectedhomeip/src/lib/support/verhoeff/Verhoeff16.cpp:88:6:static bool Verhoeff16::ValidateCheckChar(const char*)	8	static
