C:/Users/olive/OneDrive/Documents/CubeMXPack/stm32wb-matter-device-over-thread-main/Middlewares/Third_Party/connectedhomeip/src/lib/support/verhoeff/Verhoeff32.cpp:139:5:static int Verhoeff32::CharToVal(char)	0	static
C:/Users/olive/OneDrive/Documents/CubeMXPack/stm32wb-matter-device-over-thread-main/Middlewares/Third_Party/connectedhomeip/src/lib/support/verhoeff/Verhoeff32.cpp:146:6:static char Verhoeff32::ValToChar(int)	0	static
C:/Users/olive/OneDrive/Documents/CubeMXPack/stm32wb-matter-device-over-thread-main/Middlewares/Third_Party/connectedhomeip/src/lib/support/verhoeff/Verhoeff32.cpp:91:6:static char Verhoeff32::ComputeCheckChar(const char*, size_t)	40	static
C:/Users/olive/OneDrive/Documents/CubeMXPack/stm32wb-matter-device-over-thread-main/Middlewares/Third_Party/connectedhomeip/src/lib/support/verhoeff/Verhoeff32.cpp:86:6:static char Verhoeff32::ComputeCheckChar(const char*)	8	static
C:/Users/olive/OneDrive/Documents/CubeMXPack/stm32wb-matter-device-over-thread-main/Middlewares/Third_Party/connectedhomeip/src/lib/support/verhoeff/Verhoeff32.cpp:122:6:static bool Verhoeff32::ValidateCheckChar(char, const char*, size_t)	8	static
C:/Users/olive/OneDrive/Documents/CubeMXPack/stm32wb-matter-device-over-thread-main/Middlewares/Third_Party/connectedhomeip/src/lib/support/verhoeff/Verhoeff32.cpp:117:6:static bool Verhoeff32::ValidateCheckChar(char, const char*)	16	static
C:/Users/olive/OneDrive/Documents/CubeMXPack/stm32wb-matter-device-over-thread-main/Middlewares/Third_Party/connectedhomeip/src/lib/support/verhoeff/Verhoeff32.cpp:132:6:static bool Verhoeff32::ValidateCheckChar(const char*, size_t)	8	static
C:/Users/olive/OneDrive/Documents/CubeMXPack/stm32wb-matter-device-over-thread-main/Middlewares/Third_Party/connectedhomeip/src/lib/support/verhoeff/Verhoeff32.cpp:127:6:static bool Verhoeff32::ValidateCheckChar(const char*)	8	static
