C:/Users/olive/OneDrive/Documents/CubeMXPack/stm32wb-matter-device-over-thread-main/Middlewares/Third_Party/connectedhomeip/src/credentials/CertificationDeclaration.cpp:66:12:CHIP_ERROR chip::Credentials::EncodeCertificationElements(const CertificationElements&, chip::MutableByteSpan&)	88	static
C:/Users/olive/OneDrive/Documents/CubeMXPack/stm32wb-matter-device-over-thread-main/Middlewares/Third_Party/connectedhomeip/src/credentials/CertificationDeclaration.cpp:120:12:CHIP_ERROR chip::Credentials::DecodeCertificationElements(const chip::ByteSpan&, CertificationElements&)	80	static
C:/Users/olive/OneDrive/Documents/CubeMXPack/stm32wb-matter-device-over-thread-main/Middlewares/Third_Party/connectedhomeip/src/credentials/CertificationDeclaration.cpp:215:12:CHIP_ERROR chip::Credentials::DecodeCertificationElements(const chip::ByteSpan&, CertificationElementsWithoutPIDs&)	80	static
C:/Users/olive/OneDrive/Documents/CubeMXPack/stm32wb-matter-device-over-thread-main/Middlewares/Third_Party/connectedhomeip/src/credentials/CertificationDeclaration.cpp:327:12:CHIP_ERROR chip::Credentials::CertificationElementsDecoder::FindAndEnterArray(const chip::ByteSpan&, chip::TLV::Tag)	24	static
C:/Users/olive/OneDrive/Documents/CubeMXPack/stm32wb-matter-device-over-thread-main/Middlewares/Third_Party/connectedhomeip/src/credentials/CertificationDeclaration.cpp:352:12:CHIP_ERROR chip::Credentials::CertificationElementsDecoder::GetNextProductId(uint16_t&)	16	static
C:/Users/olive/OneDrive/Documents/CubeMXPack/stm32wb-matter-device-over-thread-main/Middlewares/Third_Party/connectedhomeip/src/credentials/CertificationDeclaration.cpp:312:6:bool chip::Credentials::CertificationElementsDecoder::IsProductIdIn(const chip::ByteSpan&, uint16_t)	24	static
C:/Users/olive/OneDrive/Documents/CubeMXPack/stm32wb-matter-device-over-thread-main/Middlewares/Third_Party/connectedhomeip/src/credentials/CertificationDeclaration.cpp:374:12:CHIP_ERROR chip::Credentials::CertificationElementsDecoder::GetNextAuthorizedPAA(chip::ByteSpan&)	16	static
../../../../../../../Middlewares/Third_Party/connectedhomeip/src/lib/support/Span.h:79:10:bool chip::Span<T>::data_equal(const chip::Span<U>&) const [with U = const unsigned char; <template-parameter-2-2> = void; T = const unsigned char]	8	static
C:/Users/olive/OneDrive/Documents/CubeMXPack/stm32wb-matter-device-over-thread-main/Middlewares/Third_Party/connectedhomeip/src/credentials/CertificationDeclaration.cpp:359:6:bool chip::Credentials::CertificationElementsDecoder::HasAuthorizedPAA(const chip::ByteSpan&, const chip::ByteSpan&)	24	static
C:/Users/olive/OneDrive/Documents/CubeMXPack/stm32wb-matter-device-over-thread-main/Middlewares/Third_Party/connectedhomeip/src/credentials/CertificationDeclaration.cpp:411:12:CHIP_ERROR chip::Credentials::{anonymous}::DecodeEncapsulatedContent(chip::ASN1::ASN1Reader&, chip::ByteSpan&)	32	static
C:/Users/olive/OneDrive/Documents/CubeMXPack/stm32wb-matter-device-over-thread-main/Middlewares/Third_Party/connectedhomeip/src/credentials/CertificationDeclaration.cpp:735:12:CHIP_ERROR chip::Credentials::CMS_ExtractCDContent(const chip::ByteSpan&, chip::ByteSpan&)	248	static
C:/Users/olive/OneDrive/Documents/CubeMXPack/stm32wb-matter-device-over-thread-main/Middlewares/Third_Party/connectedhomeip/src/credentials/CertificationDeclaration.cpp:491:12:constprop(chip::ASN1::ASN1Reader&, chip::ByteSpan&, chip::Crypto::P256ECDSASignature&)	32	static
../../../../../../../Middlewares/Third_Party/connectedhomeip/src/crypto/CHIPCryptoPAL.h:190:6:void chip::Crypto::ClearSecretData(uint8_t (&)[N]) [with unsigned int N = 64]	0	static
C:/Users/olive/OneDrive/Documents/CubeMXPack/stm32wb-matter-device-over-thread-main/Middlewares/Third_Party/connectedhomeip/src/credentials/CertificationDeclaration.cpp:557:12:CHIP_ERROR chip::Credentials::CMS_Sign(const chip::ByteSpan&, const chip::ByteSpan&, chip::Crypto::P256Keypair&, chip::MutableByteSpan&)	256	static
C:/Users/olive/OneDrive/Documents/CubeMXPack/stm32wb-matter-device-over-thread-main/Middlewares/Third_Party/connectedhomeip/src/credentials/CertificationDeclaration.cpp:626:12:CHIP_ERROR chip::Credentials::CMS_Verify(const chip::ByteSpan&, const chip::Crypto::P256PublicKey&, chip::ByteSpan&)	344	static
C:/Users/olive/OneDrive/Documents/CubeMXPack/stm32wb-matter-device-over-thread-main/Middlewares/Third_Party/connectedhomeip/src/credentials/CertificationDeclaration.cpp:617:12:CHIP_ERROR chip::Credentials::CMS_Verify(const chip::ByteSpan&, const chip::ByteSpan&, chip::ByteSpan&)	88	static
C:/Users/olive/OneDrive/Documents/CubeMXPack/stm32wb-matter-device-over-thread-main/Middlewares/Third_Party/connectedhomeip/src/credentials/CertificationDeclaration.cpp:692:12:CHIP_ERROR chip::Credentials::CMS_ExtractKeyId(const chip::ByteSpan&, chip::ByteSpan&)	320	static
