C:/Users/olive/OneDrive/Documents/CubeMXPack/stm32wb-matter-device-over-thread-main/Middlewares/Third_Party/connectedhomeip/src/access/AccessControl.h:78:26:virtual void chip::Access::AccessControl::Entry::Delegate::Release()	0	static
C:/Users/olive/OneDrive/Documents/CubeMXPack/stm32wb-matter-device-over-thread-main/Middlewares/Third_Party/connectedhomeip/src/access/AccessControl.h:81:32:virtual CHIP_ERROR chip::Access::AccessControl::Entry::Delegate::GetAuthMode(chip::Access::AuthMode&) const	0	static
C:/Users/olive/OneDrive/Documents/CubeMXPack/stm32wb-matter-device-over-thread-main/Middlewares/Third_Party/connectedhomeip/src/access/AccessControl.h:82:32:virtual CHIP_ERROR chip::Access::AccessControl::Entry::Delegate::GetFabricIndex(chip::FabricIndex&) const	0	static
C:/Users/olive/OneDrive/Documents/CubeMXPack/stm32wb-matter-device-over-thread-main/Middlewares/Third_Party/connectedhomeip/src/access/AccessControl.h:83:32:virtual CHIP_ERROR chip::Access::AccessControl::Entry::Delegate::GetPrivilege(chip::Access::Privilege&) const	0	static
C:/Users/olive/OneDrive/Documents/CubeMXPack/stm32wb-matter-device-over-thread-main/Middlewares/Third_Party/connectedhomeip/src/access/AccessControl.h:86:32:virtual CHIP_ERROR chip::Access::AccessControl::Entry::Delegate::SetAuthMode(chip::Access::AuthMode)	0	static
C:/Users/olive/OneDrive/Documents/CubeMXPack/stm32wb-matter-device-over-thread-main/Middlewares/Third_Party/connectedhomeip/src/access/AccessControl.h:87:32:virtual CHIP_ERROR chip::Access::AccessControl::Entry::Delegate::SetFabricIndex(chip::FabricIndex)	0	static
C:/Users/olive/OneDrive/Documents/CubeMXPack/stm32wb-matter-device-over-thread-main/Middlewares/Third_Party/connectedhomeip/src/access/AccessControl.h:88:32:virtual CHIP_ERROR chip::Access::AccessControl::Entry::Delegate::SetPrivilege(chip::Access::Privilege)	0	static
C:/Users/olive/OneDrive/Documents/CubeMXPack/stm32wb-matter-device-over-thread-main/Middlewares/Third_Party/connectedhomeip/src/access/AccessControl.h:91:32:virtual CHIP_ERROR chip::Access::AccessControl::Entry::Delegate::GetSubjectCount(size_t&) const	0	static
C:/Users/olive/OneDrive/Documents/CubeMXPack/stm32wb-matter-device-over-thread-main/Middlewares/Third_Party/connectedhomeip/src/access/AccessControl.h:96:32:virtual CHIP_ERROR chip::Access::AccessControl::Entry::Delegate::GetSubject(size_t, chip::NodeId&) const	0	static
C:/Users/olive/OneDrive/Documents/CubeMXPack/stm32wb-matter-device-over-thread-main/Middlewares/Third_Party/connectedhomeip/src/access/AccessControl.h:97:32:virtual CHIP_ERROR chip::Access::AccessControl::Entry::Delegate::SetSubject(size_t, chip::NodeId)	0	static
C:/Users/olive/OneDrive/Documents/CubeMXPack/stm32wb-matter-device-over-thread-main/Middlewares/Third_Party/connectedhomeip/src/access/AccessControl.h:98:32:virtual CHIP_ERROR chip::Access::AccessControl::Entry::Delegate::AddSubject(size_t*, chip::NodeId)	0	static
C:/Users/olive/OneDrive/Documents/CubeMXPack/stm32wb-matter-device-over-thread-main/Middlewares/Third_Party/connectedhomeip/src/access/AccessControl.h:99:32:virtual CHIP_ERROR chip::Access::AccessControl::Entry::Delegate::RemoveSubject(size_t)	0	static
C:/Users/olive/OneDrive/Documents/CubeMXPack/stm32wb-matter-device-over-thread-main/Middlewares/Third_Party/connectedhomeip/src/access/AccessControl.h:102:32:virtual CHIP_ERROR chip::Access::AccessControl::Entry::Delegate::GetTargetCount(size_t&) const	0	static
C:/Users/olive/OneDrive/Documents/CubeMXPack/stm32wb-matter-device-over-thread-main/Middlewares/Third_Party/connectedhomeip/src/access/AccessControl.h:107:32:virtual CHIP_ERROR chip::Access::AccessControl::Entry::Delegate::GetTarget(size_t, chip::Access::AccessControl::Entry::Target&) const	0	static
C:/Users/olive/OneDrive/Documents/CubeMXPack/stm32wb-matter-device-over-thread-main/Middlewares/Third_Party/connectedhomeip/src/access/AccessControl.h:108:32:virtual CHIP_ERROR chip::Access::AccessControl::Entry::Delegate::SetTarget(size_t, const chip::Access::AccessControl::Entry::Target&)	0	static
C:/Users/olive/OneDrive/Documents/CubeMXPack/stm32wb-matter-device-over-thread-main/Middlewares/Third_Party/connectedhomeip/src/access/AccessControl.h:109:32:virtual CHIP_ERROR chip::Access::AccessControl::Entry::Delegate::AddTarget(size_t*, const chip::Access::AccessControl::Entry::Target&)	0	static
C:/Users/olive/OneDrive/Documents/CubeMXPack/stm32wb-matter-device-over-thread-main/Middlewares/Third_Party/connectedhomeip/src/access/AccessControl.h:110:32:virtual CHIP_ERROR chip::Access::AccessControl::Entry::Delegate::RemoveTarget(size_t)	0	static
C:/Users/olive/OneDrive/Documents/CubeMXPack/stm32wb-matter-device-over-thread-main/Middlewares/Third_Party/connectedhomeip/src/access/AccessControl.h:260:26:virtual void chip::Access::AccessControl::EntryIterator::Delegate::Release()	0	static
C:/Users/olive/OneDrive/Documents/CubeMXPack/stm32wb-matter-device-over-thread-main/Middlewares/Third_Party/connectedhomeip/src/access/AccessControl.h:262:32:virtual CHIP_ERROR chip::Access::AccessControl::EntryIterator::Delegate::Next(chip::Access::AccessControl::Entry&)	0	static
C:/Users/olive/OneDrive/Documents/CubeMXPack/stm32wb-matter-device-over-thread-main/Middlewares/Third_Party/connectedhomeip/src/access/AccessControl.h:258:21:chip::Access::AccessControl::EntryIterator::Delegate::~Delegate()	0	static
C:/Users/olive/OneDrive/Documents/CubeMXPack/stm32wb-matter-device-over-thread-main/Middlewares/Third_Party/connectedhomeip/src/access/AccessControl.h:76:21:chip::Access::AccessControl::Entry::Delegate::~Delegate()	0	static
C:/Users/olive/OneDrive/Documents/CubeMXPack/stm32wb-matter-device-over-thread-main/Middlewares/Third_Party/connectedhomeip/src/access/AccessControl.h:76:21:virtual chip::Access::AccessControl::Entry::Delegate::~Delegate()	8	static
C:/Users/olive/OneDrive/Documents/CubeMXPack/stm32wb-matter-device-over-thread-main/Middlewares/Third_Party/connectedhomeip/src/access/AccessControl.h:258:21:virtual chip::Access::AccessControl::EntryIterator::Delegate::~Delegate()	8	static
C:/Users/olive/OneDrive/Documents/CubeMXPack/stm32wb-matter-device-over-thread-main/Middlewares/Third_Party/connectedhomeip/src/access/AccessControl.h:131:9:chip::Access::AccessControl::Entry::~Entry()	8	static
C:/Users/olive/OneDrive/Documents/CubeMXPack/stm32wb-matter-device-over-thread-main/Middlewares/Third_Party/connectedhomeip/src/access/AccessControl.cpp:180:12:CHIP_ERROR chip::Access::AccessControl::Init(Delegate*, DeviceTypeResolver&)	16	static
C:/Users/olive/OneDrive/Documents/CubeMXPack/stm32wb-matter-device-over-thread-main/Middlewares/Third_Party/connectedhomeip/src/access/AccessControl.cpp:197:6:void chip::Access::AccessControl::Finish()	8	static
C:/Users/olive/OneDrive/Documents/CubeMXPack/stm32wb-matter-device-over-thread-main/Middlewares/Third_Party/connectedhomeip/src/access/AccessControl.cpp:263:6:void chip::Access::AccessControl::AddEntryListener(EntryListener&)	0	static
C:/Users/olive/OneDrive/Documents/CubeMXPack/stm32wb-matter-device-over-thread-main/Middlewares/Third_Party/connectedhomeip/src/access/AccessControl.cpp:288:6:void chip::Access::AccessControl::RemoveEntryListener(EntryListener&)	0	static
C:/Users/olive/OneDrive/Documents/CubeMXPack/stm32wb-matter-device-over-thread-main/Middlewares/Third_Party/connectedhomeip/src/access/AccessControl.cpp:308:12:CHIP_ERROR chip::Access::AccessControl::Check(const chip::Access::SubjectDescriptor&, const chip::Access::RequestPath&, chip::Access::Privilege)	80	static
C:/Users/olive/OneDrive/Documents/CubeMXPack/stm32wb-matter-device-over-thread-main/Middlewares/Third_Party/connectedhomeip/src/access/AccessControl.cpp:547:6:bool chip::Access::AccessControl::IsValid(const Entry&)	56	static
C:/Users/olive/OneDrive/Documents/CubeMXPack/stm32wb-matter-device-over-thread-main/Middlewares/Third_Party/connectedhomeip/src/access/AccessControl.cpp:615:6:void chip::Access::AccessControl::NotifyEntryChanged(const chip::Access::SubjectDescriptor*, chip::FabricIndex, size_t, const Entry*, EntryListener::ChangeType)	40	static
C:/Users/olive/OneDrive/Documents/CubeMXPack/stm32wb-matter-device-over-thread-main/Middlewares/Third_Party/connectedhomeip/src/access/AccessControl.cpp:205:12:CHIP_ERROR chip::Access::AccessControl::CreateEntry(const chip::Access::SubjectDescriptor*, chip::FabricIndex, size_t*, const Entry&)	56	static
C:/Users/olive/OneDrive/Documents/CubeMXPack/stm32wb-matter-device-over-thread-main/Middlewares/Third_Party/connectedhomeip/src/access/AccessControl.cpp:231:12:CHIP_ERROR chip::Access::AccessControl::UpdateEntry(const chip::Access::SubjectDescriptor*, chip::FabricIndex, size_t, const Entry&)	40	static
C:/Users/olive/OneDrive/Documents/CubeMXPack/stm32wb-matter-device-over-thread-main/Middlewares/Third_Party/connectedhomeip/src/access/AccessControl.cpp:241:12:CHIP_ERROR chip::Access::AccessControl::DeleteEntry(const chip::Access::SubjectDescriptor*, chip::FabricIndex, size_t)	56	static
C:/Users/olive/OneDrive/Documents/CubeMXPack/stm32wb-matter-device-over-thread-main/Middlewares/Third_Party/connectedhomeip/src/access/AccessControl.cpp:624:17:chip::Access::AccessControl& chip::Access::GetAccessControl()	0	static
C:/Users/olive/OneDrive/Documents/CubeMXPack/stm32wb-matter-device-over-thread-main/Middlewares/Third_Party/connectedhomeip/src/access/AccessControl.cpp:629:6:void chip::Access::SetAccessControl(AccessControl&)	8	static
C:/Users/olive/OneDrive/Documents/CubeMXPack/stm32wb-matter-device-over-thread-main/Middlewares/Third_Party/connectedhomeip/src/access/AccessControl.cpp:635:6:void chip::Access::ResetAccessControlToDefault()	0	static
C:/Users/olive/OneDrive/Documents/CubeMXPack/stm32wb-matter-device-over-thread-main/Middlewares/Third_Party/connectedhomeip/src/access/AccessControl.cpp:641:1:cpp)	0	static
