C:/Users/olive/OneDrive/Documents/CubeMXPack/stm32wb-matter-device-over-thread-main/Middlewares/Third_Party/connectedhomeip/src/app/clusters/on-off-server/on-off-server.cpp:63:6:static void OnOffServer::timerCallback(chip::System::Layer*, void*)	0	static
C:/Users/olive/OneDrive/Documents/CubeMXPack/stm32wb-matter-device-over-thread-main/Middlewares/Third_Party/connectedhomeip/src/app/clusters/on-off-server/on-off-server.cpp:132:13:bool LevelControlWithOnOffFeaturePresent(chip::EndpointId)	8	static
C:/Users/olive/OneDrive/Documents/CubeMXPack/stm32wb-matter-device-over-thread-main/Middlewares/Third_Party/connectedhomeip/src/app/clusters/on-off-server/on-off-server.cpp:69:6:void OnOffServer::scheduleTimerCallbackMs(EmberEventControl*, uint32_t)	16	static
C:/Users/olive/OneDrive/Documents/CubeMXPack/stm32wb-matter-device-over-thread-main/Middlewares/Third_Party/connectedhomeip/src/app/clusters/on-off-server/on-off-server.cpp:79:6:void OnOffServer::cancelEndpointTimerCallback(EmberEventControl*)	8	static
C:/Users/olive/OneDrive/Documents/CubeMXPack/stm32wb-matter-device-over-thread-main/Middlewares/Third_Party/connectedhomeip/src/app/clusters/on-off-server/on-off-server.cpp:103:15:static OnOffServer& OnOffServer::Instance()	0	static
C:/Users/olive/OneDrive/Documents/CubeMXPack/stm32wb-matter-device-over-thread-main/Middlewares/Third_Party/connectedhomeip/src/app/clusters/on-off-server/on-off-server.cpp:108:6:bool OnOffServer::HasFeature(chip::EndpointId, chip::app::Clusters::OnOff::OnOffFeature)	16	static
C:/Users/olive/OneDrive/Documents/CubeMXPack/stm32wb-matter-device-over-thread-main/Middlewares/Third_Party/connectedhomeip/src/app/clusters/on-off-server/on-off-server.cpp:117:15:EmberAfStatus OnOffServer::getOnOffValue(chip::EndpointId, bool*)	16	static
C:/Users/olive/OneDrive/Documents/CubeMXPack/stm32wb-matter-device-over-thread-main/Middlewares/Third_Party/connectedhomeip/src/app/clusters/on-off-server/on-off-server.cpp:335:15:EmberAfStatus OnOffServer::getOnOffValueForStartUp(chip::EndpointId, bool&)	24	static
C:/Users/olive/OneDrive/Documents/CubeMXPack/stm32wb-matter-device-over-thread-main/Middlewares/Third_Party/connectedhomeip/src/app/clusters/on-off-server/on-off-server.cpp:493:10:uint32_t OnOffServer::calculateNextWaitTimeMS()	24	static
C:/Users/olive/OneDrive/Documents/CubeMXPack/stm32wb-matter-device-over-thread-main/Middlewares/Third_Party/connectedhomeip/src/app/clusters/on-off-server/on-off-server.cpp:640:6:bool OnOffServer::areStartUpOnOffServerAttributesNonVolatile(chip::EndpointId)	8	static
C:/Users/olive/OneDrive/Documents/CubeMXPack/stm32wb-matter-device-over-thread-main/Middlewares/Third_Party/connectedhomeip/src/app/clusters/on-off-server/on-off-server.cpp:653:21:EmberEventControl* OnOffServer::getEventControl(chip::EndpointId)	8	static
C:/Users/olive/OneDrive/Documents/CubeMXPack/stm32wb-matter-device-over-thread-main/Middlewares/Third_Party/connectedhomeip/src/app/clusters/on-off-server/on-off-server.cpp:84:6:void OnOffServer::cancelEndpointTimerCallback(chip::EndpointId)	8	static
C:/Users/olive/OneDrive/Documents/CubeMXPack/stm32wb-matter-device-over-thread-main/Middlewares/Third_Party/connectedhomeip/src/app/clusters/on-off-server/on-off-server.cpp:93:6:void MatterOnOffClusterServerShutdownCallback(chip::EndpointId)	8	static
C:/Users/olive/OneDrive/Documents/CubeMXPack/stm32wb-matter-device-over-thread-main/Middlewares/Third_Party/connectedhomeip/src/app/clusters/on-off-server/on-off-server.cpp:152:15:EmberAfStatus OnOffServer::setOnOffValue(chip::EndpointId, chip::CommandId, bool)	40	static
C:/Users/olive/OneDrive/Documents/CubeMXPack/stm32wb-matter-device-over-thread-main/Middlewares/Third_Party/connectedhomeip/src/app/clusters/on-off-server/on-off-server.cpp:370:6:bool OnOffServer::offCommand(chip::app::CommandHandler*, const chip::app::ConcreteCommandPath&)	16	static
C:/Users/olive/OneDrive/Documents/CubeMXPack/stm32wb-matter-device-over-thread-main/Middlewares/Third_Party/connectedhomeip/src/app/clusters/on-off-server/on-off-server.cpp:378:6:bool OnOffServer::onCommand(chip::app::CommandHandler*, const chip::app::ConcreteCommandPath&)	16	static
C:/Users/olive/OneDrive/Documents/CubeMXPack/stm32wb-matter-device-over-thread-main/Middlewares/Third_Party/connectedhomeip/src/app/clusters/on-off-server/on-off-server.cpp:386:6:bool OnOffServer::toggleCommand(chip::app::CommandHandler*, const chip::app::ConcreteCommandPath&)	16	static
C:/Users/olive/OneDrive/Documents/CubeMXPack/stm32wb-matter-device-over-thread-main/Middlewares/Third_Party/connectedhomeip/src/app/clusters/on-off-server/on-off-server.cpp:394:6:bool OnOffServer::offWithEffectCommand(chip::app::CommandHandler*, const chip::app::ConcreteCommandPath&, const chip::app::Clusters::OnOff::Commands::OffWithEffect::DecodableType&)	40	static
C:/Users/olive/OneDrive/Documents/CubeMXPack/stm32wb-matter-device-over-thread-main/Middlewares/Third_Party/connectedhomeip/src/app/clusters/on-off-server/on-off-server.cpp:453:6:bool OnOffServer::OnWithRecallGlobalSceneCommand(chip::app::CommandHandler*, const chip::app::ConcreteCommandPath&)	40	static
C:/Users/olive/OneDrive/Documents/CubeMXPack/stm32wb-matter-device-over-thread-main/Middlewares/Third_Party/connectedhomeip/src/app/clusters/on-off-server/on-off-server.cpp:279:6:void OnOffServer::initOnOffServer(chip::EndpointId)	24	static
C:/Users/olive/OneDrive/Documents/CubeMXPack/stm32wb-matter-device-over-thread-main/Middlewares/Third_Party/connectedhomeip/src/app/clusters/on-off-server/on-off-server.cpp:669:21:EmberEventControl* OnOffServer::configureEventControl(chip::EndpointId)	8	static
C:/Users/olive/OneDrive/Documents/CubeMXPack/stm32wb-matter-device-over-thread-main/Middlewares/Third_Party/connectedhomeip/src/app/clusters/on-off-server/on-off-server.cpp:513:6:bool OnOffServer::OnWithTimedOffCommand(chip::app::CommandHandler*, const chip::app::ConcreteCommandPath&, const chip::app::Clusters::OnOff::Commands::OnWithTimedOff::DecodableType&)	48	static
C:/Users/olive/OneDrive/Documents/CubeMXPack/stm32wb-matter-device-over-thread-main/Middlewares/Third_Party/connectedhomeip/src/app/clusters/on-off-server/on-off-server.cpp:578:6:void OnOffServer::updateOnOffTimeCommand(chip::EndpointId)	24	static
C:/Users/olive/OneDrive/Documents/CubeMXPack/stm32wb-matter-device-over-thread-main/Middlewares/Third_Party/connectedhomeip/src/app/clusters/on-off-server/on-off-server.cpp:784:6:void onOffWaitTimeOffEventHandler(chip::EndpointId)	0	static
C:/Users/olive/OneDrive/Documents/CubeMXPack/stm32wb-matter-device-over-thread-main/Middlewares/Third_Party/connectedhomeip/src/app/clusters/on-off-server/on-off-server.cpp:725:1:OnOffEffect::OnOffEffect(chip::EndpointId, OffWithEffectTriggerCommand, chip::app::Clusters::OnOff::OnOffEffectIdentifier, EffectVariantType)	8	static
C:/Users/olive/OneDrive/Documents/CubeMXPack/stm32wb-matter-device-over-thread-main/Middlewares/Third_Party/connectedhomeip/src/app/clusters/on-off-server/on-off-server.cpp:733:1:OnOffEffect::~OnOffEffect()	0	static
C:/Users/olive/OneDrive/Documents/CubeMXPack/stm32wb-matter-device-over-thread-main/Middlewares/Third_Party/connectedhomeip/src/app/clusters/on-off-server/on-off-server.cpp:742:6:bool emberAfOnOffClusterOffCallback(chip::app::CommandHandler*, const chip::app::ConcreteCommandPath&, const chip::app::Clusters::OnOff::Commands::Off::DecodableType&)	0	static
C:/Users/olive/OneDrive/Documents/CubeMXPack/stm32wb-matter-device-over-thread-main/Middlewares/Third_Party/connectedhomeip/src/app/clusters/on-off-server/on-off-server.cpp:748:6:bool emberAfOnOffClusterOnCallback(chip::app::CommandHandler*, const chip::app::ConcreteCommandPath&, const chip::app::Clusters::OnOff::Commands::On::DecodableType&)	0	static
C:/Users/olive/OneDrive/Documents/CubeMXPack/stm32wb-matter-device-over-thread-main/Middlewares/Third_Party/connectedhomeip/src/app/clusters/on-off-server/on-off-server.cpp:754:6:bool emberAfOnOffClusterToggleCallback(chip::app::CommandHandler*, const chip::app::ConcreteCommandPath&, const chip::app::Clusters::OnOff::Commands::Toggle::DecodableType&)	0	static
C:/Users/olive/OneDrive/Documents/CubeMXPack/stm32wb-matter-device-over-thread-main/Middlewares/Third_Party/connectedhomeip/src/app/clusters/on-off-server/on-off-server.cpp:760:6:bool emberAfOnOffClusterOffWithEffectCallback(chip::app::CommandHandler*, const chip::app::ConcreteCommandPath&, const chip::app::Clusters::OnOff::Commands::OffWithEffect::DecodableType&)	0	static
C:/Users/olive/OneDrive/Documents/CubeMXPack/stm32wb-matter-device-over-thread-main/Middlewares/Third_Party/connectedhomeip/src/app/clusters/on-off-server/on-off-server.cpp:766:6:bool emberAfOnOffClusterOnWithRecallGlobalSceneCallback(chip::app::CommandHandler*, const chip::app::ConcreteCommandPath&, const chip::app::Clusters::OnOff::Commands::OnWithRecallGlobalScene::DecodableType&)	0	static
C:/Users/olive/OneDrive/Documents/CubeMXPack/stm32wb-matter-device-over-thread-main/Middlewares/Third_Party/connectedhomeip/src/app/clusters/on-off-server/on-off-server.cpp:773:6:bool emberAfOnOffClusterOnWithTimedOffCallback(chip::app::CommandHandler*, const chip::app::ConcreteCommandPath&, const chip::app::Clusters::OnOff::Commands::OnWithTimedOff::DecodableType&)	0	static
C:/Users/olive/OneDrive/Documents/CubeMXPack/stm32wb-matter-device-over-thread-main/Middlewares/Third_Party/connectedhomeip/src/app/clusters/on-off-server/on-off-server.cpp:779:6:void emberAfOnOffClusterServerInitCallback(chip::EndpointId)	0	static
C:/Users/olive/OneDrive/Documents/CubeMXPack/stm32wb-matter-device-over-thread-main/Middlewares/Third_Party/connectedhomeip/src/app/clusters/on-off-server/on-off-server.cpp:789:6:void emberAfPluginOnOffClusterServerPostInitCallback(chip::EndpointId)	0	static
C:/Users/olive/OneDrive/Documents/CubeMXPack/stm32wb-matter-device-over-thread-main/Middlewares/Third_Party/connectedhomeip/src/app/clusters/on-off-server/on-off-server.cpp:791:6:void MatterOnOffPluginServerInitCallback()	0	static
