C:/Users/olive/OneDrive/Documents/CubeMXPack/stm32wb-matter-device-over-thread-main/Projects/P-NUCLEO-WB55.Nucleo/Applications/Matter/Lighting-App/STM32_WPAN/App/app_thread.c:404:13:APP_THREAD_TraceError	16	static
C:/Users/olive/OneDrive/Documents/CubeMXPack/stm32wb-matter-device-over-thread-main/Projects/P-NUCLEO-WB55.Nucleo/Applications/Matter/Lighting-App/STM32_WPAN/App/app_thread.c:585:13:RxCpltCallback	8	static
C:/Users/olive/OneDrive/Documents/CubeMXPack/stm32wb-matter-device-over-thread-main/Projects/P-NUCLEO-WB55.Nucleo/Applications/Matter/Lighting-App/STM32_WPAN/App/app_thread.c:491:13:APP_THREAD_FreeRTOSSendCLIToM0Task	8	static
C:/Users/olive/OneDrive/Documents/CubeMXPack/stm32wb-matter-device-over-thread-main/Projects/P-NUCLEO-WB55.Nucleo/Applications/Matter/Lighting-App/STM32_WPAN/App/app_thread.c:518:13:Ot_Cmd_Transfer_Common	8	static
C:/Users/olive/OneDrive/Documents/CubeMXPack/stm32wb-matter-device-over-thread-main/Projects/P-NUCLEO-WB55.Nucleo/Applications/Matter/Lighting-App/STM32_WPAN/App/app_thread.c:642:13:HostTxCb	0	static
C:/Users/olive/OneDrive/Documents/CubeMXPack/stm32wb-matter-device-over-thread-main/Projects/P-NUCLEO-WB55.Nucleo/Applications/Matter/Lighting-App/STM32_WPAN/App/app_thread.c:193:6:APP_THREAD_Error	8	static
C:/Users/olive/OneDrive/Documents/CubeMXPack/stm32wb-matter-device-over-thread-main/Projects/P-NUCLEO-WB55.Nucleo/Applications/Matter/Lighting-App/STM32_WPAN/App/app_thread.c:470:13:APP_THREAD_FreeRTOSProcessMsgM0ToM4Task	16	static
C:/Users/olive/OneDrive/Documents/CubeMXPack/stm32wb-matter-device-over-thread-main/Projects/P-NUCLEO-WB55.Nucleo/Applications/Matter/Lighting-App/STM32_WPAN/App/app_thread.c:262:6:APP_THREAD_Init_UART_CLI	8	static
C:/Users/olive/OneDrive/Documents/CubeMXPack/stm32wb-matter-device-over-thread-main/Projects/P-NUCLEO-WB55.Nucleo/Applications/Matter/Lighting-App/STM32_WPAN/App/app_thread.c:279:6:APP_THREAD_TL_THREAD_INIT	0	static
C:/Users/olive/OneDrive/Documents/CubeMXPack/stm32wb-matter-device-over-thread-main/Projects/P-NUCLEO-WB55.Nucleo/Applications/Matter/Lighting-App/STM32_WPAN/App/app_thread.c:136:6:APP_THREAD_Init	32	static
C:/Users/olive/OneDrive/Documents/CubeMXPack/stm32wb-matter-device-over-thread-main/Projects/P-NUCLEO-WB55.Nucleo/Applications/Matter/Lighting-App/STM32_WPAN/App/app_thread.c:296:6:Ot_Cmd_Transfer	0	static
C:/Users/olive/OneDrive/Documents/CubeMXPack/stm32wb-matter-device-over-thread-main/Projects/P-NUCLEO-WB55.Nucleo/Applications/Matter/Lighting-App/STM32_WPAN/App/app_thread.c:307:6:Ot_Cmd_TransferWithNotif	0	static
C:/Users/olive/OneDrive/Documents/CubeMXPack/stm32wb-matter-device-over-thread-main/Projects/P-NUCLEO-WB55.Nucleo/Applications/Matter/Lighting-App/STM32_WPAN/App/app_thread.c:320:6:TL_OT_CmdEvtReceived	0	static
C:/Users/olive/OneDrive/Documents/CubeMXPack/stm32wb-matter-device-over-thread-main/Projects/P-NUCLEO-WB55.Nucleo/Applications/Matter/Lighting-App/STM32_WPAN/App/app_thread.c:336:6:TL_THREAD_NotReceived	16	static,ignoring_inline_asm
C:/Users/olive/OneDrive/Documents/CubeMXPack/stm32wb-matter-device-over-thread-main/Projects/P-NUCLEO-WB55.Nucleo/Applications/Matter/Lighting-App/STM32_WPAN/App/app_thread.c:348:6:TL_THREAD_CliNotReceived	16	static
C:/Users/olive/OneDrive/Documents/CubeMXPack/stm32wb-matter-device-over-thread-main/Projects/P-NUCLEO-WB55.Nucleo/Applications/Matter/Lighting-App/STM32_WPAN/App/app_thread.c:370:6:Pre_OtCmdProcessing	0	static
C:/Users/olive/OneDrive/Documents/CubeMXPack/stm32wb-matter-device-over-thread-main/Projects/P-NUCLEO-WB55.Nucleo/Applications/Matter/Lighting-App/STM32_WPAN/App/app_thread.c:374:6:APP_THREAD_RegisterCmdBuffer	0	static
C:/Users/olive/OneDrive/Documents/CubeMXPack/stm32wb-matter-device-over-thread-main/Projects/P-NUCLEO-WB55.Nucleo/Applications/Matter/Lighting-App/STM32_WPAN/App/app_thread.c:378:26:THREAD_Get_OTCmdPayloadBuffer	0	static
C:/Users/olive/OneDrive/Documents/CubeMXPack/stm32wb-matter-device-over-thread-main/Projects/P-NUCLEO-WB55.Nucleo/Applications/Matter/Lighting-App/STM32_WPAN/App/app_thread.c:382:26:THREAD_Get_OTCmdRspPayloadBuffer	0	static
C:/Users/olive/OneDrive/Documents/CubeMXPack/stm32wb-matter-device-over-thread-main/Projects/P-NUCLEO-WB55.Nucleo/Applications/Matter/Lighting-App/STM32_WPAN/App/app_thread.c:386:26:THREAD_Get_NotificationPayloadBuffer	0	static
