C:/Users/olive/OneDrive/Documents/CubeMXPack/stm32wb-matter-device-over-thread-main/Middlewares/Third_Party/connectedhomeip/src/lib/core/TLVDebug.cpp:183:14:const char* chip::TLV::Debug::DecodeTagControl(chip::TLV::TLVTagControl)	0	static
C:/Users/olive/OneDrive/Documents/CubeMXPack/stm32wb-matter-device-over-thread-main/Middlewares/Third_Party/connectedhomeip/src/lib/core/TLVDebug.cpp:240:14:const char* chip::TLV::Debug::DecodeType(chip::TLV::TLVType)	0	static
C:/Users/olive/OneDrive/Documents/CubeMXPack/stm32wb-matter-device-over-thread-main/Middlewares/Third_Party/connectedhomeip/src/lib/core/TLVDebug.cpp:58:13:void chip::TLV::Debug::DumpHandler(DumpWriter, const char*, const chip::TLV::TLVReader&, size_t)	128	static
C:/Users/olive/OneDrive/Documents/CubeMXPack/stm32wb-matter-device-over-thread-main/Middlewares/Third_Party/connectedhomeip/src/lib/core/TLVDebug.cpp:335:12:CHIP_ERROR chip::TLV::Debug::DumpHandler(const chip::TLV::TLVReader&, size_t, void*)	8	static
C:/Users/olive/OneDrive/Documents/CubeMXPack/stm32wb-matter-device-over-thread-main/Middlewares/Third_Party/connectedhomeip/src/lib/core/TLVDebug.cpp:310:12:CHIP_ERROR chip::TLV::Debug::DumpIterator(DumpWriter, const chip::TLV::TLVReader&)	8	static
C:/Users/olive/OneDrive/Documents/CubeMXPack/stm32wb-matter-device-over-thread-main/Middlewares/Third_Party/connectedhomeip/src/lib/core/TLVDebug.cpp:363:12:CHIP_ERROR chip::TLV::Debug::Dump(const chip::TLV::TLVReader&, DumpWriter)	16	static
