C:/Users/olive/OneDrive/Documents/CubeMXPack/stm32wb-matter-device-over-thread-main/Projects/P-NUCLEO-WB55.Nucleo/Applications/Matter/Lighting-App/Core/Src/app_entry.cpp:287:13:void APPE_SysStatusNot(SHCI_TL_CmdStatus_t)	0	static
C:/Users/olive/OneDrive/Documents/CubeMXPack/stm32wb-matter-device-over-thread-main/Projects/P-NUCLEO-WB55.Nucleo/Applications/Matter/Lighting-App/Core/Src/app_entry.cpp:445:13:void PushButtonEvtProcess(void*)	16	static
C:/Users/olive/OneDrive/Documents/CubeMXPack/stm32wb-matter-device-over-thread-main/Projects/P-NUCLEO-WB55.Nucleo/Applications/Matter/Lighting-App/Core/Src/app_entry.cpp:462:13:void ShciUserEvtProcess(void*)	8	static
C:/Users/olive/OneDrive/Documents/CubeMXPack/stm32wb-matter-device-over-thread-main/Projects/P-NUCLEO-WB55.Nucleo/Applications/Matter/Lighting-App/Core/Src/app_entry.cpp:301:13:void APPE_SysUserEvtRx(void*)	32	static
C:/Users/olive/OneDrive/Documents/CubeMXPack/stm32wb-matter-device-over-thread-main/Projects/P-NUCLEO-WB55.Nucleo/Applications/Matter/Lighting-App/Core/Src/app_entry.cpp:117:6:void APP_ENTRY_PBSetReceiveCallback(PushButtonCallback)	0	static
C:/Users/olive/OneDrive/Documents/CubeMXPack/stm32wb-matter-device-over-thread-main/Projects/P-NUCLEO-WB55.Nucleo/Applications/Matter/Lighting-App/Core/Src/app_entry.cpp:122:6:void APPE_Init()	48	static
C:/Users/olive/OneDrive/Documents/CubeMXPack/stm32wb-matter-device-over-thread-main/Projects/P-NUCLEO-WB55.Nucleo/Applications/Matter/Lighting-App/Core/Src/app_entry.cpp:169:6:void APP_ENTRY_LedBlink(Led_TypeDef, uint8_t)	0	static
C:/Users/olive/OneDrive/Documents/CubeMXPack/stm32wb-matter-device-over-thread-main/Projects/P-NUCLEO-WB55.Nucleo/Applications/Matter/Lighting-App/Core/Src/app_entry.cpp:477:6:void shci_notify_asynch_evt(void*)	0	static
C:/Users/olive/OneDrive/Documents/CubeMXPack/stm32wb-matter-device-over-thread-main/Projects/P-NUCLEO-WB55.Nucleo/Applications/Matter/Lighting-App/Core/Src/app_entry.cpp:483:6:void shci_cmd_resp_release(uint32_t)	0	static
C:/Users/olive/OneDrive/Documents/CubeMXPack/stm32wb-matter-device-over-thread-main/Projects/P-NUCLEO-WB55.Nucleo/Applications/Matter/Lighting-App/Core/Src/app_entry.cpp:489:6:void shci_cmd_resp_wait(uint32_t)	0	static
C:/Users/olive/OneDrive/Documents/CubeMXPack/stm32wb-matter-device-over-thread-main/Projects/P-NUCLEO-WB55.Nucleo/Applications/Matter/Lighting-App/Core/Src/app_entry.cpp:496:6:void TL_TRACES_EvtReceived(TL_EvtPacket_t*)	8	static
C:/Users/olive/OneDrive/Documents/CubeMXPack/stm32wb-matter-device-over-thread-main/Projects/P-NUCLEO-WB55.Nucleo/Applications/Matter/Lighting-App/Core/Src/app_entry.cpp:512:6:void DbgOutputInit()	0	static
C:/Users/olive/OneDrive/Documents/CubeMXPack/stm32wb-matter-device-over-thread-main/Projects/P-NUCLEO-WB55.Nucleo/Applications/Matter/Lighting-App/Core/Src/app_entry.cpp:526:6:void DbgOutputTraces(uint8_t*, uint16_t, void (*)())	0	static
C:/Users/olive/OneDrive/Documents/CubeMXPack/stm32wb-matter-device-over-thread-main/Projects/P-NUCLEO-WB55.Nucleo/Applications/Matter/Lighting-App/Core/Src/app_entry.cpp:538:6:void HAL_GPIO_EXTI_Callback(uint16_t)	8	static
