C:/Users/olive/OneDrive/Documents/CubeMXPack/stm32wb-matter-device-over-thread-main/Projects/P-NUCLEO-WB55.Nucleo/Applications/Matter/Lighting-App/Core/Src/flash_wb.c:316:26:delete_key.isra	16	static
C:/Users/olive/OneDrive/Documents/CubeMXPack/stm32wb-matter-device-over-thread-main/Projects/P-NUCLEO-WB55.Nucleo/Applications/Matter/Lighting-App/Core/Src/flash_wb.c:280:26:flash_update.isra	24	static
C:/Users/olive/OneDrive/Documents/CubeMXPack/stm32wb-matter-device-over-thread-main/Projects/P-NUCLEO-WB55.Nucleo/Applications/Matter/Lighting-App/Core/Src/flash_wb.c:85:6:NM_Init	8	static
C:/Users/olive/OneDrive/Documents/CubeMXPack/stm32wb-matter-device-over-thread-main/Projects/P-NUCLEO-WB55.Nucleo/Applications/Matter/Lighting-App/Core/Src/flash_wb.c:95:19:NM_Check_Validity	0	static
C:/Users/olive/OneDrive/Documents/CubeMXPack/stm32wb-matter-device-over-thread-main/Projects/P-NUCLEO-WB55.Nucleo/Applications/Matter/Lighting-App/Core/Src/flash_wb.c:103:19:NM_Dump	8	static
C:/Users/olive/OneDrive/Documents/CubeMXPack/stm32wb-matter-device-over-thread-main/Projects/P-NUCLEO-WB55.Nucleo/Applications/Matter/Lighting-App/Core/Src/flash_wb.c:153:19:NM_GetOtNVMAddr	0	static
C:/Users/olive/OneDrive/Documents/CubeMXPack/stm32wb-matter-device-over-thread-main/Projects/P-NUCLEO-WB55.Nucleo/Applications/Matter/Lighting-App/Core/Src/flash_wb.c:226:6:NM_ResetFactory	8	static,ignoring_inline_asm
C:/Users/olive/OneDrive/Documents/CubeMXPack/stm32wb-matter-device-over-thread-main/Projects/P-NUCLEO-WB55.Nucleo/Applications/Matter/Lighting-App/Core/Src/flash_wb.c:240:17:SearchKey	24	static
C:/Users/olive/OneDrive/Documents/CubeMXPack/stm32wb-matter-device-over-thread-main/Projects/P-NUCLEO-WB55.Nucleo/Applications/Matter/Lighting-App/Core/Src/flash_wb.c:123:19:NM_GetKeyValue	16	static
C:/Users/olive/OneDrive/Documents/CubeMXPack/stm32wb-matter-device-over-thread-main/Projects/P-NUCLEO-WB55.Nucleo/Applications/Matter/Lighting-App/Core/Src/flash_wb.c:161:19:NM_SetKeyValue	32	static
C:/Users/olive/OneDrive/Documents/CubeMXPack/stm32wb-matter-device-over-thread-main/Projects/P-NUCLEO-WB55.Nucleo/Applications/Matter/Lighting-App/Core/Src/flash_wb.c:200:9:NM_DeleteKey	16	static
