../../../../../../../Drivers/STM32WBxx_HAL_Driver/Inc/stm32wbxx_ll_bus.h:744:22:LL_AHB3_GRP1_EnableClock	8	static
C:/Users/olive/OneDrive/Documents/CubeMXPack/stm32wb-matter-device-over-thread-main/Projects/P-NUCLEO-WB55.Nucleo/Applications/Matter/Lighting-App/Core/Src/stm32wbxx_hal_msp.c:32:6:Error_Handler	8	static
C:/Users/olive/OneDrive/Documents/CubeMXPack/stm32wb-matter-device-over-thread-main/Projects/P-NUCLEO-WB55.Nucleo/Applications/Matter/Lighting-App/Core/Src/stm32wbxx_hal_msp.c:73:6:HAL_MspInit	8	static
C:/Users/olive/OneDrive/Documents/CubeMXPack/stm32wb-matter-device-over-thread-main/Projects/P-NUCLEO-WB55.Nucleo/Applications/Matter/Lighting-App/Core/Src/stm32wbxx_hal_msp.c:117:6:HAL_IPCC_MspInit	8	static
C:/Users/olive/OneDrive/Documents/CubeMXPack/stm32wb-matter-device-over-thread-main/Projects/P-NUCLEO-WB55.Nucleo/Applications/Matter/Lighting-App/Core/Src/stm32wbxx_hal_msp.c:142:6:HAL_IPCC_MspDeInit	8	static
C:/Users/olive/OneDrive/Documents/CubeMXPack/stm32wb-matter-device-over-thread-main/Projects/P-NUCLEO-WB55.Nucleo/Applications/Matter/Lighting-App/Core/Src/stm32wbxx_hal_msp.c:166:6:HAL_RTC_MspInit	104	static
C:/Users/olive/OneDrive/Documents/CubeMXPack/stm32wb-matter-device-over-thread-main/Projects/P-NUCLEO-WB55.Nucleo/Applications/Matter/Lighting-App/Core/Src/stm32wbxx_hal_msp.c:211:6:HAL_RTC_MspDeInit	0	static
C:/Users/olive/OneDrive/Documents/CubeMXPack/stm32wb-matter-device-over-thread-main/Projects/P-NUCLEO-WB55.Nucleo/Applications/Matter/Lighting-App/Core/Src/stm32wbxx_hal_msp.c:236:6:HAL_RNG_MspInit	88	static
C:/Users/olive/OneDrive/Documents/CubeMXPack/stm32wb-matter-device-over-thread-main/Projects/P-NUCLEO-WB55.Nucleo/Applications/Matter/Lighting-App/Core/Src/stm32wbxx_hal_msp.c:265:6:HAL_RNG_MspDeInit	0	static
C:/Users/olive/OneDrive/Documents/CubeMXPack/stm32wb-matter-device-over-thread-main/Projects/P-NUCLEO-WB55.Nucleo/Applications/Matter/Lighting-App/Core/Src/stm32wbxx_hal_msp.c:285:6:HAL_I2C_MspInit	128	static
C:/Users/olive/OneDrive/Documents/CubeMXPack/stm32wb-matter-device-over-thread-main/Projects/P-NUCLEO-WB55.Nucleo/Applications/Matter/Lighting-App/Core/Src/stm32wbxx_hal_msp.c:322:6:HAL_I2C_MspDeInit	0	static
