C:/Users/olive/OneDrive/Documents/CubeMXPack/stm32wb-matter-device-over-thread-main/Middlewares/Third_Party/connectedhomeip/src/transport/CryptoContext.cpp:54:1:chip::CryptoContext::CryptoContext()	16	static
C:/Users/olive/OneDrive/Documents/CubeMXPack/stm32wb-matter-device-over-thread-main/Middlewares/Third_Party/connectedhomeip/src/transport/CryptoContext.cpp:56:1:chip::CryptoContext::~CryptoContext()	16	static
C:/Users/olive/OneDrive/Documents/CubeMXPack/stm32wb-matter-device-over-thread-main/Middlewares/Third_Party/connectedhomeip/src/transport/CryptoContext.cpp:68:12:CHIP_ERROR chip::CryptoContext::InitFromSecret(chip::Crypto::SessionKeystore&, const chip::ByteSpan&, const chip::ByteSpan&, SessionInfoType, SessionRole)	48	static
C:/Users/olive/OneDrive/Documents/CubeMXPack/stm32wb-matter-device-over-thread-main/Middlewares/Third_Party/connectedhomeip/src/transport/CryptoContext.cpp:117:12:CHIP_ERROR chip::CryptoContext::InitFromKeyPair(chip::Crypto::SessionKeystore&, const chip::Crypto::P256Keypair&, const chip::Crypto::P256PublicKey&, const chip::ByteSpan&, SessionInfoType, SessionRole)	80	static
C:/Users/olive/OneDrive/Documents/CubeMXPack/stm32wb-matter-device-over-thread-main/Middlewares/Third_Party/connectedhomeip/src/transport/CryptoContext.cpp:130:12:static CHIP_ERROR chip::CryptoContext::BuildNonce(NonceView, uint8_t, uint32_t, chip::NodeId)	40	static
C:/Users/olive/OneDrive/Documents/CubeMXPack/stm32wb-matter-device-over-thread-main/Middlewares/Third_Party/connectedhomeip/src/transport/CryptoContext.cpp:145:12:static CHIP_ERROR chip::CryptoContext::BuildPrivacyNonce(NonceView, uint16_t, const chip::MessageAuthenticationCode&)	32	static
C:/Users/olive/OneDrive/Documents/CubeMXPack/stm32wb-matter-device-over-thread-main/Middlewares/Third_Party/connectedhomeip/src/transport/CryptoContext.cpp:155:12:static CHIP_ERROR chip::CryptoContext::GetAdditionalAuthData(const chip::PacketHeader&, uint8_t*, uint16_t&)	32	static
C:/Users/olive/OneDrive/Documents/CubeMXPack/stm32wb-matter-device-over-thread-main/Middlewares/Third_Party/connectedhomeip/src/transport/CryptoContext.cpp:171:12:CHIP_ERROR chip::CryptoContext::Encrypt(const uint8_t*, size_t, uint8_t*, ConstNonceView, chip::PacketHeader&, chip::MessageAuthenticationCode&) const	248	static
C:/Users/olive/OneDrive/Documents/CubeMXPack/stm32wb-matter-device-over-thread-main/Middlewares/Third_Party/connectedhomeip/src/transport/CryptoContext.cpp:209:12:CHIP_ERROR chip::CryptoContext::Decrypt(const uint8_t*, size_t, uint8_t*, ConstNonceView, const chip::PacketHeader&, const chip::MessageAuthenticationCode&) const	240	static
C:/Users/olive/OneDrive/Documents/CubeMXPack/stm32wb-matter-device-over-thread-main/Middlewares/Third_Party/connectedhomeip/src/transport/CryptoContext.cpp:241:12:CHIP_ERROR chip::CryptoContext::PrivacyEncrypt(const uint8_t*, size_t, uint8_t*, chip::PacketHeader&, chip::MessageAuthenticationCode&) const	56	static
C:/Users/olive/OneDrive/Documents/CubeMXPack/stm32wb-matter-device-over-thread-main/Middlewares/Third_Party/connectedhomeip/src/transport/CryptoContext.cpp:259:12:CHIP_ERROR chip::CryptoContext::PrivacyDecrypt(const uint8_t*, size_t, uint8_t*, const chip::PacketHeader&, const chip::MessageAuthenticationCode&) const	56	static
