C:/Users/olive/OneDrive/Documents/CubeMXPack/stm32wb-matter-device-over-thread-main/Middlewares/Third_Party/connectedhomeip/src/messaging/ErrorCategory.cpp:34:6:bool chip::Messaging::IsIgnoredMulticastSendError(CHIP_ERROR)	8	static
C:/Users/olive/OneDrive/Documents/CubeMXPack/stm32wb-matter-device-over-thread-main/Middlewares/Third_Party/connectedhomeip/src/messaging/ErrorCategory.cpp:45:12:CHIP_ERROR chip::Messaging::FilterUDPSendError(CHIP_ERROR, bool)	0	static
C:/Users/olive/OneDrive/Documents/CubeMXPack/stm32wb-matter-device-over-thread-main/Middlewares/Third_Party/connectedhomeip/src/messaging/ErrorCategory.cpp:78:6:bool chip::Messaging::IsSendErrorNonCritical(CHIP_ERROR)	0	static
