../../../../../../../Middlewares/Third_Party/connectedhomeip/src/lib/support/Pool.h:124:17:static chip::Loop chip::internal::LambdaProxy<T, Function>::Call(void*, void*) [with T = chip::Messaging::ExchangeContext; Function = chip::Messaging::ExchangeManager::OnMessageReceived(const chip::PacketHeader&, const chip::PayloadHeader&, const chip::SessionHandle&, chip::SessionMessageDelegate::DuplicateMessage, chip::System::PacketBufferHandle&&)::<lambda(auto:6*)>]	24	static
../../../../../../../Middlewares/Third_Party/connectedhomeip/src/messaging/ExchangeMgr.h:51:18:chip::Messaging::ExchangeManager::~ExchangeManager()	8	static
../../../../../../../Middlewares/Third_Party/connectedhomeip/src/messaging/ExchangeMgr.h:51:18:virtual chip::Messaging::ExchangeManager::~ExchangeManager()	8	static
../../../../../../../Middlewares/Third_Party/connectedhomeip/src/lib/support/Pool.h:124:17:static chip::Loop chip::internal::LambdaProxy<T, Function>::Call(void*, void*) [with T = chip::Messaging::ExchangeContext; Function = chip::Messaging::ExchangeManager::CloseAllContextsForDelegate(const chip::Messaging::ExchangeDelegate*)::<lambda(auto:7*)>]	8	static
../../../../../../../Middlewares/Third_Party/connectedhomeip/src/messaging/ExchangeMgr.h:210:24:constexpr bool chip::Messaging::ExchangeManager::UnsolicitedMessageHandlerSlot::Matches(chip::Protocols::Id, int16_t) const	8	static
C:/Users/olive/OneDrive/Documents/CubeMXPack/stm32wb-matter-device-over-thread-main/Middlewares/Third_Party/connectedhomeip/src/messaging/ExchangeMgr.cpp:62:1:chip::Messaging::ExchangeManager::ExchangeManager()	24	static
C:/Users/olive/OneDrive/Documents/CubeMXPack/stm32wb-matter-device-over-thread-main/Middlewares/Third_Party/connectedhomeip/src/messaging/ExchangeMgr.cpp:67:12:CHIP_ERROR chip::Messaging::ExchangeManager::Init(chip::SessionManager*)	16	static
C:/Users/olive/OneDrive/Documents/CubeMXPack/stm32wb-matter-device-over-thread-main/Middlewares/Third_Party/connectedhomeip/src/messaging/ExchangeMgr.cpp:95:6:void chip::Messaging::ExchangeManager::Shutdown()	8	static
C:/Users/olive/OneDrive/Documents/CubeMXPack/stm32wb-matter-device-over-thread-main/Middlewares/Third_Party/connectedhomeip/src/messaging/ExchangeMgr.cpp:110:19:chip::Messaging::ExchangeContext* chip::Messaging::ExchangeManager::NewContext(const chip::SessionHandle&, chip::Messaging::ExchangeDelegate*, bool)	48	static
C:/Users/olive/OneDrive/Documents/CubeMXPack/stm32wb-matter-device-over-thread-main/Middlewares/Third_Party/connectedhomeip/src/messaging/ExchangeMgr.cpp:143:12:CHIP_ERROR chip::Messaging::ExchangeManager::RegisterUMH(chip::Protocols::Id, int16_t, chip::Messaging::UnsolicitedMessageHandler*)	32	static
C:/Users/olive/OneDrive/Documents/CubeMXPack/stm32wb-matter-device-over-thread-main/Middlewares/Third_Party/connectedhomeip/src/messaging/ExchangeMgr.cpp:121:12:CHIP_ERROR chip::Messaging::ExchangeManager::RegisterUnsolicitedMessageHandlerForProtocol(chip::Protocols::Id, chip::Messaging::UnsolicitedMessageHandler*)	8	static
C:/Users/olive/OneDrive/Documents/CubeMXPack/stm32wb-matter-device-over-thread-main/Middlewares/Third_Party/connectedhomeip/src/messaging/ExchangeMgr.cpp:127:12:CHIP_ERROR chip::Messaging::ExchangeManager::RegisterUnsolicitedMessageHandlerForType(chip::Protocols::Id, uint8_t, chip::Messaging::UnsolicitedMessageHandler*)	8	static
C:/Users/olive/OneDrive/Documents/CubeMXPack/stm32wb-matter-device-over-thread-main/Middlewares/Third_Party/connectedhomeip/src/messaging/ExchangeMgr.cpp:173:12:CHIP_ERROR chip::Messaging::ExchangeManager::UnregisterUMH(chip::Protocols::Id, int16_t)	24	static
C:/Users/olive/OneDrive/Documents/CubeMXPack/stm32wb-matter-device-over-thread-main/Middlewares/Third_Party/connectedhomeip/src/messaging/ExchangeMgr.cpp:133:12:CHIP_ERROR chip::Messaging::ExchangeManager::UnregisterUnsolicitedMessageHandlerForProtocol(chip::Protocols::Id)	8	static
C:/Users/olive/OneDrive/Documents/CubeMXPack/stm32wb-matter-device-over-thread-main/Middlewares/Third_Party/connectedhomeip/src/messaging/ExchangeMgr.cpp:138:12:CHIP_ERROR chip::Messaging::ExchangeManager::UnregisterUnsolicitedMessageHandlerForType(chip::Protocols::Id, uint8_t)	8	static
C:/Users/olive/OneDrive/Documents/CubeMXPack/stm32wb-matter-device-over-thread-main/Middlewares/Third_Party/connectedhomeip/src/messaging/ExchangeMgr.cpp:363:6:void chip::Messaging::ExchangeManager::SendStandaloneAckIfNeeded(const chip::PacketHeader&, const chip::PayloadHeader&, const chip::SessionHandle&, chip::Messaging::MessageFlags, chip::System::PacketBufferHandle&&)	64	static
C:/Users/olive/OneDrive/Documents/CubeMXPack/stm32wb-matter-device-over-thread-main/Middlewares/Third_Party/connectedhomeip/src/messaging/ExchangeMgr.cpp:188:6:virtual void chip::Messaging::ExchangeManager::OnMessageReceived(const chip::PacketHeader&, const chip::PayloadHeader&, const chip::SessionHandle&, chip::SessionMessageDelegate::DuplicateMessage, chip::System::PacketBufferHandle&&)	208	static
C:/Users/olive/OneDrive/Documents/CubeMXPack/stm32wb-matter-device-over-thread-main/Middlewares/Third_Party/connectedhomeip/src/messaging/ExchangeMgr.cpp:398:6:void chip::Messaging::ExchangeManager::CloseAllContextsForDelegate(const chip::Messaging::ExchangeDelegate*)	24	static
