../../../../../../../Middlewares/Third_Party/connectedhomeip/src/crypto/RawKeySessionKeystore.h:25:7:chip::Crypto::RawKeySessionKeystore::~RawKeySessionKeystore()	0	static
C:/Users/olive/OneDrive/Documents/CubeMXPack/stm32wb-matter-device-over-thread-main/Middlewares/Third_Party/connectedhomeip/src/crypto/RawKeySessionKeystore.cpp:31:12:virtual CHIP_ERROR chip::Crypto::RawKeySessionKeystore::CreateKey(const uint8_t (&)[16], chip::Crypto::Aes128KeyHandle&)	0	static
C:/Users/olive/OneDrive/Documents/CubeMXPack/stm32wb-matter-device-over-thread-main/Middlewares/Third_Party/connectedhomeip/src/crypto/RawKeySessionKeystore.cpp:37:12:virtual CHIP_ERROR chip::Crypto::RawKeySessionKeystore::DeriveKey(const chip::Crypto::P256ECDHDerivedSecret&, const chip::ByteSpan&, const chip::ByteSpan&, chip::Crypto::Aes128KeyHandle&)	40	static
../../../../../../../Middlewares/Third_Party/connectedhomeip/src/crypto/RawKeySessionKeystore.h:25:7:virtual chip::Crypto::RawKeySessionKeystore::~RawKeySessionKeystore()	8	static
C:/Users/olive/OneDrive/Documents/CubeMXPack/stm32wb-matter-device-over-thread-main/Middlewares/Third_Party/connectedhomeip/src/crypto/RawKeySessionKeystore.cpp:46:12:virtual CHIP_ERROR chip::Crypto::RawKeySessionKeystore::DeriveSessionKeys(const chip::ByteSpan&, const chip::ByteSpan&, const chip::ByteSpan&, chip::Crypto::Aes128KeyHandle&, chip::Crypto::Aes128KeyHandle&, chip::Crypto::AttestationChallenge&)	112	static
C:/Users/olive/OneDrive/Documents/CubeMXPack/stm32wb-matter-device-over-thread-main/Middlewares/Third_Party/connectedhomeip/src/crypto/RawKeySessionKeystore.cpp:64:6:virtual void chip::Crypto::RawKeySessionKeystore::DestroyKey(chip::Crypto::Aes128KeyHandle&)	0	static
