C:/Users/olive/OneDrive/Documents/CubeMXPack/stm32wb-matter-device-over-thread-main/Middlewares/Third_Party/connectedhomeip/src/app/MessageDef/AttributeDataIBs.cpp:86:28:chip::app::AttributeDataIB::Builder& chip::app::AttributeDataIBs::Builder::CreateAttributeDataIBBuilder()	16	static
C:/Users/olive/OneDrive/Documents/CubeMXPack/stm32wb-matter-device-over-thread-main/Middlewares/Third_Party/connectedhomeip/src/app/MessageDef/AttributeDataIBs.cpp:99:28:chip::app::AttributeDataIB::Builder& chip::app::AttributeDataIBs::Builder::GetAttributeDataIBBuilder()	0	static
C:/Users/olive/OneDrive/Documents/CubeMXPack/stm32wb-matter-device-over-thread-main/Middlewares/Third_Party/connectedhomeip/src/app/MessageDef/AttributeDataIBs.cpp:104:29:chip::app::AttributeDataIBs::Builder& chip::app::AttributeDataIBs::Builder::EndOfAttributeDataIBs()	8	static
