C:/Users/olive/OneDrive/Documents/CubeMXPack/stm32wb-matter-device-over-thread-main/Middlewares/Third_Party/connectedhomeip/src/app/MessageDef/AttributePathIB.cpp:139:12:CHIP_ERROR chip::app::AttributePathIB::Parser::GetEnableTagCompression(bool*) const	80	static
C:/Users/olive/OneDrive/Documents/CubeMXPack/stm32wb-matter-device-over-thread-main/Middlewares/Third_Party/connectedhomeip/src/app/MessageDef/AttributePathIB.cpp:144:12:CHIP_ERROR chip::app::AttributePathIB::Parser::GetNode(chip::NodeId*) const	80	static
C:/Users/olive/OneDrive/Documents/CubeMXPack/stm32wb-matter-device-over-thread-main/Middlewares/Third_Party/connectedhomeip/src/app/MessageDef/AttributePathIB.cpp:169:12:CHIP_ERROR chip::app::AttributePathIB::Parser::GetListIndex(chip::app::DataModel::Nullable<short unsigned int>*) const	88	static
C:/Users/olive/OneDrive/Documents/CubeMXPack/stm32wb-matter-device-over-thread-main/Middlewares/Third_Party/connectedhomeip/src/app/MessageDef/AttributePathIB.cpp:269:28:chip::app::AttributePathIB::Builder& chip::app::AttributePathIB::Builder::EnableTagCompression(bool)	16	static
C:/Users/olive/OneDrive/Documents/CubeMXPack/stm32wb-matter-device-over-thread-main/Middlewares/Third_Party/connectedhomeip/src/app/MessageDef/AttributePathIB.cpp:279:28:chip::app::AttributePathIB::Builder& chip::app::AttributePathIB::Builder::Node(chip::NodeId)	16	static
C:/Users/olive/OneDrive/Documents/CubeMXPack/stm32wb-matter-device-over-thread-main/Middlewares/Third_Party/connectedhomeip/src/app/MessageDef/AttributePathIB.cpp:289:28:chip::app::AttributePathIB::Builder& chip::app::AttributePathIB::Builder::Endpoint(chip::EndpointId)	16	static
C:/Users/olive/OneDrive/Documents/CubeMXPack/stm32wb-matter-device-over-thread-main/Middlewares/Third_Party/connectedhomeip/src/app/MessageDef/AttributePathIB.cpp:299:28:chip::app::AttributePathIB::Builder& chip::app::AttributePathIB::Builder::Cluster(chip::ClusterId)	16	static
C:/Users/olive/OneDrive/Documents/CubeMXPack/stm32wb-matter-device-over-thread-main/Middlewares/Third_Party/connectedhomeip/src/app/MessageDef/AttributePathIB.cpp:309:28:chip::app::AttributePathIB::Builder& chip::app::AttributePathIB::Builder::Attribute(chip::AttributeId)	16	static
C:/Users/olive/OneDrive/Documents/CubeMXPack/stm32wb-matter-device-over-thread-main/Middlewares/Third_Party/connectedhomeip/src/app/MessageDef/AttributePathIB.cpp:319:28:chip::app::AttributePathIB::Builder& chip::app::AttributePathIB::Builder::ListIndex(const chip::app::DataModel::Nullable<short unsigned int>&)	16	static
C:/Users/olive/OneDrive/Documents/CubeMXPack/stm32wb-matter-device-over-thread-main/Middlewares/Third_Party/connectedhomeip/src/app/MessageDef/AttributePathIB.cpp:329:28:chip::app::AttributePathIB::Builder& chip::app::AttributePathIB::Builder::ListIndex(chip::ListIndex)	16	static
C:/Users/olive/OneDrive/Documents/CubeMXPack/stm32wb-matter-device-over-thread-main/Middlewares/Third_Party/connectedhomeip/src/app/MessageDef/AttributePathIB.cpp:339:28:chip::app::AttributePathIB::Builder& chip::app::AttributePathIB::Builder::EndOfAttributePathIB()	8	static
C:/Users/olive/OneDrive/Documents/CubeMXPack/stm32wb-matter-device-over-thread-main/Middlewares/Third_Party/connectedhomeip/src/app/MessageDef/AttributePathIB.cpp:345:12:CHIP_ERROR chip::app::AttributePathIB::Builder::Encode(const chip::app::AttributePathParams&)	16	static
C:/Users/olive/OneDrive/Documents/CubeMXPack/stm32wb-matter-device-over-thread-main/Middlewares/Third_Party/connectedhomeip/src/app/MessageDef/AttributePathIB.cpp:371:12:CHIP_ERROR chip::app::AttributePathIB::Builder::Encode(const chip::app::ConcreteDataAttributePath&)	24	static
C:/Users/olive/OneDrive/Documents/CubeMXPack/stm32wb-matter-device-over-thread-main/Middlewares/Third_Party/connectedhomeip/src/app/MessageDef/Parser.h:113:16:CHIP_ERROR chip::app::Parser::GetSimpleValue(uint8_t, chip::TLV::TLVType, T*) const [with T = short unsigned int]	80	static
C:/Users/olive/OneDrive/Documents/CubeMXPack/stm32wb-matter-device-over-thread-main/Middlewares/Third_Party/connectedhomeip/src/app/MessageDef/AttributePathIB.cpp:164:12:CHIP_ERROR chip::app::AttributePathIB::Parser::GetListIndex(chip::ListIndex*) const	8	static
C:/Users/olive/OneDrive/Documents/CubeMXPack/stm32wb-matter-device-over-thread-main/Middlewares/Third_Party/connectedhomeip/src/app/MessageDef/AttributePathIB.cpp:149:12:CHIP_ERROR chip::app::AttributePathIB::Parser::GetEndpoint(chip::EndpointId*) const	8	static
C:/Users/olive/OneDrive/Documents/CubeMXPack/stm32wb-matter-device-over-thread-main/Middlewares/Third_Party/connectedhomeip/src/app/MessageDef/Parser.h:113:16:CHIP_ERROR chip::app::Parser::GetSimpleValue(uint8_t, chip::TLV::TLVType, T*) const [with T = long unsigned int]	80	static
C:/Users/olive/OneDrive/Documents/CubeMXPack/stm32wb-matter-device-over-thread-main/Middlewares/Third_Party/connectedhomeip/src/app/MessageDef/AttributePathIB.cpp:159:12:CHIP_ERROR chip::app::AttributePathIB::Parser::GetAttribute(chip::AttributeId*) const	8	static
C:/Users/olive/OneDrive/Documents/CubeMXPack/stm32wb-matter-device-over-thread-main/Middlewares/Third_Party/connectedhomeip/src/app/MessageDef/AttributePathIB.cpp:154:12:CHIP_ERROR chip::app::AttributePathIB::Parser::GetCluster(chip::ClusterId*) const	8	static
C:/Users/olive/OneDrive/Documents/CubeMXPack/stm32wb-matter-device-over-thread-main/Middlewares/Third_Party/connectedhomeip/src/app/MessageDef/AttributePathIB.cpp:212:12:CHIP_ERROR chip::app::AttributePathIB::Parser::ParsePath(chip::app::AttributePathParams&) const	16	static
C:/Users/olive/OneDrive/Documents/CubeMXPack/stm32wb-matter-device-over-thread-main/Middlewares/Third_Party/connectedhomeip/src/app/MessageDef/AttributePathIB.cpp:174:12:CHIP_ERROR chip::app::AttributePathIB::Parser::GetGroupAttributePath(chip::app::ConcreteDataAttributePath&) const	24	static
C:/Users/olive/OneDrive/Documents/CubeMXPack/stm32wb-matter-device-over-thread-main/Middlewares/Third_Party/connectedhomeip/src/app/MessageDef/AttributePathIB.cpp:204:12:CHIP_ERROR chip::app::AttributePathIB::Parser::GetConcreteAttributePath(chip::app::ConcreteDataAttributePath&) const	16	static
