C:/Users/olive/OneDrive/Documents/CubeMXPack/stm32wb-matter-device-over-thread-main/Middlewares/Third_Party/connectedhomeip/src/app/MessageDef/CommandDataIB.cpp:86:12:CHIP_ERROR chip::app::CommandDataIB::Parser::GetPath(chip::app::CommandPathIB::Parser*) const	80	static
C:/Users/olive/OneDrive/Documents/CubeMXPack/stm32wb-matter-device-over-thread-main/Middlewares/Third_Party/connectedhomeip/src/app/MessageDef/CommandDataIB.cpp:93:12:CHIP_ERROR chip::app::CommandDataIB::Parser::GetFields(chip::TLV::TLVReader*) const	16	static
C:/Users/olive/OneDrive/Documents/CubeMXPack/stm32wb-matter-device-over-thread-main/Middlewares/Third_Party/connectedhomeip/src/app/MessageDef/CommandDataIB.cpp:99:26:chip::app::CommandPathIB::Builder& chip::app::CommandDataIB::Builder::CreatePath()	16	static
C:/Users/olive/OneDrive/Documents/CubeMXPack/stm32wb-matter-device-over-thread-main/Middlewares/Third_Party/connectedhomeip/src/app/MessageDef/CommandDataIB.cpp:105:26:chip::app::CommandDataIB::Builder& chip::app::CommandDataIB::Builder::EndOfCommandDataIB()	8	static
