C:/Users/olive/OneDrive/Documents/CubeMXPack/stm32wb-matter-device-over-thread-main/Middlewares/Third_Party/connectedhomeip/src/app/MessageDef/InvokeRequestMessage.cpp:109:12:CHIP_ERROR chip::app::InvokeRequestMessage::Parser::GetInvokeRequests(chip::app::InvokeRequests::Parser*) const	80	static
C:/Users/olive/OneDrive/Documents/CubeMXPack/stm32wb-matter-device-over-thread-main/Middlewares/Third_Party/connectedhomeip/src/app/MessageDef/InvokeRequestMessage.cpp:116:33:chip::app::InvokeRequestMessage::Builder& chip::app::InvokeRequestMessage::Builder::SuppressResponse(bool)	16	static
C:/Users/olive/OneDrive/Documents/CubeMXPack/stm32wb-matter-device-over-thread-main/Middlewares/Third_Party/connectedhomeip/src/app/MessageDef/InvokeRequestMessage.cpp:125:33:chip::app::InvokeRequestMessage::Builder& chip::app::InvokeRequestMessage::Builder::TimedRequest(bool)	16	static
C:/Users/olive/OneDrive/Documents/CubeMXPack/stm32wb-matter-device-over-thread-main/Middlewares/Third_Party/connectedhomeip/src/app/MessageDef/InvokeRequestMessage.cpp:134:27:chip::app::InvokeRequests::Builder& chip::app::InvokeRequestMessage::Builder::CreateInvokeRequests()	16	static
C:/Users/olive/OneDrive/Documents/CubeMXPack/stm32wb-matter-device-over-thread-main/Middlewares/Third_Party/connectedhomeip/src/app/MessageDef/InvokeRequestMessage.cpp:143:33:chip::app::InvokeRequestMessage::Builder& chip::app::InvokeRequestMessage::Builder::EndOfInvokeRequestMessage()	8	static
C:/Users/olive/OneDrive/Documents/CubeMXPack/stm32wb-matter-device-over-thread-main/Middlewares/Third_Party/connectedhomeip/src/app/MessageDef/Parser.h:113:16:CHIP_ERROR chip::app::Parser::GetSimpleValue(uint8_t, chip::TLV::TLVType, T*) const [with T = bool]	80	static
C:/Users/olive/OneDrive/Documents/CubeMXPack/stm32wb-matter-device-over-thread-main/Middlewares/Third_Party/connectedhomeip/src/app/MessageDef/InvokeRequestMessage.cpp:99:12:CHIP_ERROR chip::app::InvokeRequestMessage::Parser::GetSuppressResponse(bool*) const	8	static
C:/Users/olive/OneDrive/Documents/CubeMXPack/stm32wb-matter-device-over-thread-main/Middlewares/Third_Party/connectedhomeip/src/app/MessageDef/InvokeRequestMessage.cpp:104:12:CHIP_ERROR chip::app::InvokeRequestMessage::Parser::GetTimedRequest(bool*) const	8	static
