../../../../../../../Middlewares/Third_Party/connectedhomeip/src/app/AttributeAccessInterface.h:446:24:virtual CHIP_ERROR chip::app::AttributeAccessInterface::Write(const chip::app::ConcreteDataAttributePath&, chip::app::AttributeValueDecoder&)	0	static
../../../../../../../Middlewares/Third_Party/connectedhomeip/src/app/AttributeAccessInterface.h:458:18:virtual void chip::app::AttributeAccessInterface::OnListWriteBegin(const chip::app::ConcreteAttributePath&)	0	static
../../../../../../../Middlewares/Third_Party/connectedhomeip/src/app/AttributeAccessInterface.h:473:18:virtual void chip::app::AttributeAccessInterface::OnListWriteEnd(const chip::app::ConcreteAttributePath&, bool)	0	static
../../../../../../../Middlewares/Third_Party/connectedhomeip/src/app/EventLogging.h:32:7:chip::app::EventLogger<chip::app::Clusters::OtaSoftwareUpdateRequestor::Events::StateTransition::Type>::~EventLogger()	0	static
../../../../../../../Middlewares/Third_Party/connectedhomeip/src/app/EventLogging.h:32:7:chip::app::EventLogger<chip::app::Clusters::OtaSoftwareUpdateRequestor::Events::VersionApplied::Type>::~EventLogger()	0	static
../../../../../../../Middlewares/Third_Party/connectedhomeip/src/app/EventLogging.h:32:7:chip::app::EventLogger<chip::app::Clusters::OtaSoftwareUpdateRequestor::Events::DownloadError::Type>::~EventLogger()	0	static
C:/Users/olive/OneDrive/Documents/CubeMXPack/stm32wb-matter-device-over-thread-main/Middlewares/Third_Party/connectedhomeip/src/app/clusters/ota-requestor/ota-requestor-server.cpp:42:7:{anonymous}::OtaSoftwareUpdateRequestorAttrAccess::~OtaSoftwareUpdateRequestorAttrAccess()	0	static
../../../../../../../Middlewares/Third_Party/connectedhomeip/src/app/EventLogging.h:36:16:CHIP_ERROR chip::app::EventLogger<T>::WriteEvent(chip::TLV::TLVWriter&) [with T = chip::app::Clusters::OtaSoftwareUpdateRequestor::Events::StateTransition::Type]	0	static
../../../../../../../Middlewares/Third_Party/connectedhomeip/src/app/EventLogging.h:32:7:virtual chip::app::EventLogger<chip::app::Clusters::OtaSoftwareUpdateRequestor::Events::StateTransition::Type>::~EventLogger()	8	static
../../../../../../../Middlewares/Third_Party/connectedhomeip/src/app/EventLogging.h:32:7:virtual chip::app::EventLogger<chip::app::Clusters::OtaSoftwareUpdateRequestor::Events::VersionApplied::Type>::~EventLogger()	8	static
../../../../../../../Middlewares/Third_Party/connectedhomeip/src/app/EventLogging.h:32:7:virtual chip::app::EventLogger<chip::app::Clusters::OtaSoftwareUpdateRequestor::Events::DownloadError::Type>::~EventLogger()	8	static
C:/Users/olive/OneDrive/Documents/CubeMXPack/stm32wb-matter-device-over-thread-main/Middlewares/Third_Party/connectedhomeip/src/app/clusters/ota-requestor/ota-requestor-server.cpp:42:7:virtual {anonymous}::OtaSoftwareUpdateRequestorAttrAccess::~OtaSoftwareUpdateRequestorAttrAccess()	8	static
../../../../../../../Middlewares/Third_Party/connectedhomeip/src/app/EventLogging.h:36:16:CHIP_ERROR chip::app::EventLogger<T>::WriteEvent(chip::TLV::TLVWriter&) [with T = chip::app::Clusters::OtaSoftwareUpdateRequestor::Events::VersionApplied::Type]	0	static
../../../../../../../Middlewares/Third_Party/connectedhomeip/src/app/EventLogging.h:36:16:CHIP_ERROR chip::app::EventLogger<T>::WriteEvent(chip::TLV::TLVWriter&) [with T = chip::app::Clusters::OtaSoftwareUpdateRequestor::Events::DownloadError::Type]	0	static
C:/Users/olive/OneDrive/Documents/CubeMXPack/stm32wb-matter-device-over-thread-main/Middlewares/Third_Party/connectedhomeip/src/app/clusters/ota-requestor/ota-requestor-server.cpp:74:12:virtual CHIP_ERROR {anonymous}::OtaSoftwareUpdateRequestorAttrAccess::Write(const chip::app::ConcreteDataAttributePath&, chip::app::AttributeValueDecoder&)	96	static
C:/Users/olive/OneDrive/Documents/CubeMXPack/stm32wb-matter-device-over-thread-main/Middlewares/Third_Party/connectedhomeip/src/app/clusters/ota-requestor/ota-requestor-server.cpp:150:15:EmberAfStatus OtaRequestorServerSetUpdateState(chip::app::Clusters::OtaSoftwareUpdateRequestor::OTAUpdateStateEnum)	40	static
C:/Users/olive/OneDrive/Documents/CubeMXPack/stm32wb-matter-device-over-thread-main/Middlewares/Third_Party/connectedhomeip/src/app/clusters/ota-requestor/ota-requestor-server.cpp:171:15:EmberAfStatus OtaRequestorServerGetUpdateState(chip::EndpointId, chip::app::Clusters::OtaSoftwareUpdateRequestor::OTAUpdateStateEnum&)	0	static
C:/Users/olive/OneDrive/Documents/CubeMXPack/stm32wb-matter-device-over-thread-main/Middlewares/Third_Party/connectedhomeip/src/app/clusters/ota-requestor/ota-requestor-server.cpp:176:15:EmberAfStatus OtaRequestorServerSetUpdateStateProgress(chip::app::DataModel::Nullable<unsigned char>)	48	static
C:/Users/olive/OneDrive/Documents/CubeMXPack/stm32wb-matter-device-over-thread-main/Middlewares/Third_Party/connectedhomeip/src/app/clusters/ota-requestor/ota-requestor-server.cpp:197:15:EmberAfStatus OtaRequestorServerGetUpdateStateProgress(chip::EndpointId, chip::app::DataModel::Nullable<unsigned char>&)	0	static
C:/Users/olive/OneDrive/Documents/CubeMXPack/stm32wb-matter-device-over-thread-main/Middlewares/Third_Party/connectedhomeip/src/app/clusters/ota-requestor/ota-requestor-server.cpp:202:6:void OtaRequestorServerOnStateTransition(chip::app::Clusters::OtaSoftwareUpdateRequestor::OTAUpdateStateEnum, chip::app::Clusters::OtaSoftwareUpdateRequestor::OTAUpdateStateEnum, chip::app::Clusters::OtaSoftwareUpdateRequestor::OTAChangeReasonEnum, const chip::app::DataModel::Nullable<long unsigned int>&)	136	static
C:/Users/olive/OneDrive/Documents/CubeMXPack/stm32wb-matter-device-over-thread-main/Middlewares/Third_Party/connectedhomeip/src/app/clusters/ota-requestor/ota-requestor-server.cpp:225:6:void OtaRequestorServerOnVersionApplied(uint32_t, uint16_t)	120	static
C:/Users/olive/OneDrive/Documents/CubeMXPack/stm32wb-matter-device-over-thread-main/Middlewares/Third_Party/connectedhomeip/src/app/clusters/ota-requestor/ota-requestor-server.cpp:241:6:void OtaRequestorServerOnDownloadError(uint32_t, uint64_t, chip::app::DataModel::Nullable<unsigned char>, chip::app::DataModel::Nullable<long long int>)	160	static
C:/Users/olive/OneDrive/Documents/CubeMXPack/stm32wb-matter-device-over-thread-main/Middlewares/Third_Party/connectedhomeip/src/app/clusters/ota-requestor/ota-requestor-server.cpp:261:6:bool emberAfOtaSoftwareUpdateRequestorClusterAnnounceOTAProviderCallback(chip::app::CommandHandler*, const chip::app::ConcreteCommandPath&, const chip::app::Clusters::OtaSoftwareUpdateRequestor::Commands::AnnounceOTAProvider::DecodableType&)	32	static
C:/Users/olive/OneDrive/Documents/CubeMXPack/stm32wb-matter-device-over-thread-main/Middlewares/Third_Party/connectedhomeip/src/app/clusters/ota-requestor/ota-requestor-server.cpp:290:6:void MatterOtaSoftwareUpdateRequestorPluginServerInitCallback()	0	static
../../../../../../../Middlewares/Third_Party/connectedhomeip/src/app/AttributeAccessInterface.h:307:16:) [with Ts = {chip::app::DataModel::List<unsigned char>}]	40	static
C:/Users/olive/OneDrive/Documents/CubeMXPack/stm32wb-matter-device-over-thread-main/Middlewares/Third_Party/connectedhomeip/src/app/clusters/ota-requestor/ota-requestor-server.cpp:61:12:virtual CHIP_ERROR {anonymous}::OtaSoftwareUpdateRequestorAttrAccess::Read(const chip::app::ConcreteReadAttributePath&, chip::app::AttributeValueEncoder&)	128	static
C:/Users/olive/OneDrive/Documents/CubeMXPack/stm32wb-matter-device-over-thread-main/Middlewares/Third_Party/connectedhomeip/src/app/clusters/ota-requestor/ota-requestor-server.cpp:293:1:cpp)	0	static
