../../../../../../../Middlewares/Third_Party/connectedhomeip/src/app/AttributeAccessInterface.h:446:24:virtual CHIP_ERROR chip::app::AttributeAccessInterface::Write(const chip::app::ConcreteDataAttributePath&, chip::app::AttributeValueDecoder&)	0	static
../../../../../../../Middlewares/Third_Party/connectedhomeip/src/app/AttributeAccessInterface.h:458:18:virtual void chip::app::AttributeAccessInterface::OnListWriteBegin(const chip::app::ConcreteAttributePath&)	0	static
../../../../../../../Middlewares/Third_Party/connectedhomeip/src/app/AttributeAccessInterface.h:473:18:virtual void chip::app::AttributeAccessInterface::OnListWriteEnd(const chip::app::ConcreteAttributePath&, bool)	0	static
../../../../../../../Middlewares/Third_Party/connectedhomeip/src/app/EventLogging.h:32:7:chip::app::EventLogger<chip::app::Clusters::BasicInformation::Events::StartUp::Type>::~EventLogger()	0	static
../../../../../../../Middlewares/Third_Party/connectedhomeip/src/app/EventLogging.h:32:7:chip::app::EventLogger<chip::app::Clusters::BasicInformation::Events::ShutDown::Type>::~EventLogger()	0	static
C:/Users/olive/OneDrive/Documents/CubeMXPack/stm32wb-matter-device-over-thread-main/Middlewares/Third_Party/connectedhomeip/src/app/clusters/basic-information/basic-information.cpp:379:7:{anonymous}::PlatformMgrDelegate::~PlatformMgrDelegate()	0	static
C:/Users/olive/OneDrive/Documents/CubeMXPack/stm32wb-matter-device-over-thread-main/Middlewares/Third_Party/connectedhomeip/src/app/clusters/basic-information/basic-information.cpp:48:7:{anonymous}::BasicAttrAccess::~BasicAttrAccess()	0	static
../../../../../../../Middlewares/Third_Party/connectedhomeip/src/app/EventLogging.h:36:16:CHIP_ERROR chip::app::EventLogger<T>::WriteEvent(chip::TLV::TLVWriter&) [with T = chip::app::Clusters::BasicInformation::Events::ShutDown::Type]	0	static
C:/Users/olive/OneDrive/Documents/CubeMXPack/stm32wb-matter-device-over-thread-main/Middlewares/Third_Party/connectedhomeip/src/app/clusters/basic-information/basic-information.cpp:379:7:virtual {anonymous}::PlatformMgrDelegate::~PlatformMgrDelegate()	8	static
../../../../../../../Middlewares/Third_Party/connectedhomeip/src/app/EventLogging.h:32:7:virtual chip::app::EventLogger<chip::app::Clusters::BasicInformation::Events::ShutDown::Type>::~EventLogger()	8	static
../../../../../../../Middlewares/Third_Party/connectedhomeip/src/app/EventLogging.h:32:7:virtual chip::app::EventLogger<chip::app::Clusters::BasicInformation::Events::StartUp::Type>::~EventLogger()	8	static
C:/Users/olive/OneDrive/Documents/CubeMXPack/stm32wb-matter-device-over-thread-main/Middlewares/Third_Party/connectedhomeip/src/app/clusters/basic-information/basic-information.cpp:48:7:virtual {anonymous}::BasicAttrAccess::~BasicAttrAccess()	8	static
../../../../../../../Middlewares/Third_Party/connectedhomeip/src/app/EventLogging.h:36:16:CHIP_ERROR chip::app::EventLogger<T>::WriteEvent(chip::TLV::TLVWriter&) [with T = chip::app::Clusters::BasicInformation::Events::StartUp::Type]	0	static
C:/Users/olive/OneDrive/Documents/CubeMXPack/stm32wb-matter-device-over-thread-main/Middlewares/Third_Party/connectedhomeip/src/app/clusters/basic-information/basic-information.cpp:322:12:virtual CHIP_ERROR {anonymous}::BasicAttrAccess::Write(const chip::app::ConcreteDataAttributePath&, chip::app::AttributeValueDecoder&)	24	static
C:/Users/olive/OneDrive/Documents/CubeMXPack/stm32wb-matter-device-over-thread-main/Middlewares/Third_Party/connectedhomeip/src/app/clusters/basic-information/basic-information.cpp:400:10:virtual void {anonymous}::PlatformMgrDelegate::OnShutDown()	112	static
C:/Users/olive/OneDrive/Documents/CubeMXPack/stm32wb-matter-device-over-thread-main/Middlewares/Third_Party/connectedhomeip/src/app/clusters/basic-information/basic-information.cpp:381:10:virtual void {anonymous}::PlatformMgrDelegate::OnStartUp(uint32_t)	112	static
C:/Users/olive/OneDrive/Documents/CubeMXPack/stm32wb-matter-device-over-thread-main/Middlewares/Third_Party/connectedhomeip/src/app/clusters/basic-information/basic-information.cpp:431:6:bool chip::app::Clusters::BasicInformation::IsLocalConfigDisabled()	16	static
C:/Users/olive/OneDrive/Documents/CubeMXPack/stm32wb-matter-device-over-thread-main/Middlewares/Third_Party/connectedhomeip/src/app/clusters/basic-information/basic-information.cpp:442:6:void emberAfBasicInformationClusterServerInitCallback(chip::EndpointId)	0	static
C:/Users/olive/OneDrive/Documents/CubeMXPack/stm32wb-matter-device-over-thread-main/Middlewares/Third_Party/connectedhomeip/src/app/clusters/basic-information/basic-information.cpp:444:6:void MatterBasicInformationPluginServerInitCallback()	8	static
../../../../../../../Middlewares/Third_Party/connectedhomeip/src/app/AttributeAccessInterface.h:179:16:) [with Ts = {chip::Span<const char>}]	40	static
C:/Users/olive/OneDrive/Documents/CubeMXPack/stm32wb-matter-device-over-thread-main/Middlewares/Third_Party/connectedhomeip/src/app/clusters/basic-information/basic-information.cpp:66:12:CHIP_ERROR {anonymous}::EncodeStringOnSuccess(CHIP_ERROR, chip::app::AttributeValueEncoder&, const char*, size_t)	24	static
../../../../../../../Middlewares/Third_Party/connectedhomeip/src/app/AttributeAccessInterface.h:179:16:) [with Ts = {short unsigned int&}]	32	static
../../../../../../../Middlewares/Third_Party/connectedhomeip/src/app/AttributeAccessInterface.h:179:16:) [with Ts = {long unsigned int&}]	32	static
C:/Users/olive/OneDrive/Documents/CubeMXPack/stm32wb-matter-device-over-thread-main/Middlewares/Third_Party/connectedhomeip/src/app/clusters/basic-information/basic-information.cpp:72:12:virtual CHIP_ERROR {anonymous}::BasicAttrAccess::Read(const chip::app::ConcreteReadAttributePath&, chip::app::AttributeValueEncoder&)	304	static
C:/Users/olive/OneDrive/Documents/CubeMXPack/stm32wb-matter-device-over-thread-main/Middlewares/Third_Party/connectedhomeip/src/app/clusters/basic-information/basic-information.cpp:72:12:virtual CHIP_ERROR {anonymous}::BasicAttrAccess::Read(const chip::app::ConcreteReadAttributePath&, chip::app::AttributeValueEncoder&)	0	static
C:/Users/olive/OneDrive/Documents/CubeMXPack/stm32wb-matter-device-over-thread-main/Middlewares/Third_Party/connectedhomeip/src/app/clusters/basic-information/basic-information.cpp:448:1:cpp)	0	static
