../../../../../../../Middlewares/Third_Party/connectedhomeip/src/lib/support/Pool.h:124:17:static chip::Loop chip::internal::LambdaProxy<T, Function>::Call(void*, void*) [with T = chip::app::ReadHandler; Function = chip::app::reporting::Engine::Run()::<lambda(chip::app::ReadHandler*)>]	12	static
../../../../../../../Middlewares/Third_Party/connectedhomeip/src/lib/support/Pool.h:276:17:static chip::Loop chip::BitMapObjectPool<T, N>::ReleaseObject(void*, void*) [with T = chip::app::reporting::Engine::AttributePathParamsWithGeneration; unsigned int N = 8]	8	static
../../../../../../../Middlewares/Third_Party/connectedhomeip/src/lib/support/Pool.h:124:17:static chip::Loop chip::internal::LambdaProxy<T, Function>::Call(void*, void*) [with T = chip::app::ReadHandler; Function = chip::app::reporting::Engine::SetDirty(chip::app::AttributePathParams&)::<lambda(chip::app::ReadHandler*)>]	16	static
../../../../../../../Middlewares/Third_Party/connectedhomeip/src/lib/support/Pool.h:124:17:static chip::Loop chip::internal::LambdaProxy<T, Function>::Call(void*, void*) [with T = chip::app::ReadHandler; Function = chip::app::reporting::Engine::ScheduleUrgentEventDeliverySync(chip::Optional<unsigned char>)::<lambda(chip::app::ReadHandler*)>]	16	static
../../../../../../../Middlewares/Third_Party/connectedhomeip/src/lib/support/Pool.h:124:17:static chip::Loop chip::internal::LambdaProxy<T, Function>::Call(void*, void*) [with T = chip::app::ReadHandler; Function = chip::app::reporting::Engine::ScheduleEventDelivery(chip::app::ConcreteEventPath&, uint32_t)::<lambda(chip::app::ReadHandler*)>]	16	static
../../../../../../../Middlewares/Third_Party/connectedhomeip/src/lib/support/Pool.h:124:17:static chip::Loop chip::internal::LambdaProxy<T, Function>::Call(void*, void*) [with T = chip::app::reporting::Engine::AttributePathParamsWithGeneration; Function = chip::app::reporting::Engine::BuildSingleReportDataAttributeReportIBs(chip::app::ReportDataMessage::Builder&, chip::app::ReadHandler*, bool*, bool*)::<lambda(auto:9*)>]	8	static
../../../../../../../Middlewares/Third_Party/connectedhomeip/src/lib/support/Pool.h:124:17:static chip::Loop chip::internal::LambdaProxy<T, Function>::Call(void*, void*) [with T = chip::app::reporting::Engine::AttributePathParamsWithGeneration; Function = chip::app::reporting::Engine::MergeDirtyPathsUnderSameEndpoint()::<lambda(auto:14*)>]	16	static
../../../../../../../Middlewares/Third_Party/connectedhomeip/src/lib/support/Pool.h:124:17:static chip::Loop chip::internal::LambdaProxy<T, Function>::Call(void*, void*) [with T = chip::app::reporting::Engine::AttributePathParamsWithGeneration; Function = chip::app::reporting::Engine::MergeDirtyPathsUnderSameEndpoint()::<lambda(auto:14*)>::<lambda(auto:15*)>]	12	static
../../../../../../../Middlewares/Third_Party/connectedhomeip/src/lib/support/Pool.h:124:17:static chip::Loop chip::internal::LambdaProxy<T, Function>::Call(void*, void*) [with T = chip::app::reporting::Engine::AttributePathParamsWithGeneration; Function = chip::app::reporting::Engine::MergeDirtyPathsUnderSameCluster()::<lambda(auto:12*)>]	16	static
../../../../../../../Middlewares/Third_Party/connectedhomeip/src/lib/support/Pool.h:124:17:static chip::Loop chip::internal::LambdaProxy<T, Function>::Call(void*, void*) [with T = chip::app::reporting::Engine::AttributePathParamsWithGeneration; Function = chip::app::reporting::Engine::MergeDirtyPathsUnderSameCluster()::<lambda(auto:12*)>::<lambda(auto:13*)>]	12	static
../../../../../../../Middlewares/Third_Party/connectedhomeip/src/lib/support/Pool.h:124:17:static chip::Loop chip::internal::LambdaProxy<T, Function>::Call(void*, void*) [with T = chip::app::ReadHandler; Function = chip::app::reporting::Engine::GetMinEventLogPosition(uint32_t&)::<lambda(chip::app::ReadHandler*)>]	0	static
../../../../../../../Middlewares/Third_Party/connectedhomeip/src/app/MessageDef/Builder.h:86:10:void chip::app::Builder::Rollback(const chip::TLV::TLVWriter&)	0	static
../../../../../../../Middlewares/Third_Party/connectedhomeip/src/app/MessageDef/Builder.h:79:10:void chip::app::Builder::Checkpoint(chip::TLV::TLVWriter&)	0	static
../../../../../../../Middlewares/Third_Party/connectedhomeip/src/lib/support/Pool.h:124:17:static chip::Loop chip::internal::LambdaProxy<T, Function>::Call(void*, void*) [with T = chip::app::reporting::Engine::AttributePathParamsWithGeneration; Function = chip::app::reporting::Engine::ClearTombPaths()::<lambda(auto:11*)>]	8	static
../../../../../../../Middlewares/Third_Party/connectedhomeip/src/system/SystemPacketBuffer.h:428:5:chip::System::PacketBufferHandle::~PacketBufferHandle()	8	static
../../../../../../../Middlewares/Third_Party/connectedhomeip/src/lib/core/TLVWriter.h:132:16:CHIP_ERROR chip::TLV::TLVWriter::ReserveBuffer(uint32_t)	0	static
../../../../../../../Middlewares/Third_Party/connectedhomeip/src/lib/core/TLVWriter.h:146:16:CHIP_ERROR chip::TLV::TLVWriter::UnreserveBuffer(uint32_t)	0	static
../../../../../../../Middlewares/Third_Party/connectedhomeip/src/app/AttributePathParams.h:80:10:bool chip::app::AttributePathParams::IsAttributePathSupersetOf(const chip::app::AttributePathParams&) const	0	static
../../../../../../../Middlewares/Third_Party/connectedhomeip/src/lib/support/Pool.h:124:17:static chip::Loop chip::internal::LambdaProxy<T, Function>::Call(void*, void*) [with T = chip::app::reporting::Engine::AttributePathParamsWithGeneration; Function = chip::app::reporting::Engine::MergeOverlappedAttributePath(const chip::app::AttributePathParams&)::<lambda(auto:10*)>]	16	static
../../../../../../../Middlewares/Third_Party/connectedhomeip/src/app/ReadHandler.h:348:23:chip::app::ReadHandler::SubjectDescriptor chip::app::ReadHandler::GetSubjectDescriptor() const	8	static
C:/Users/olive/OneDrive/Documents/CubeMXPack/stm32wb-matter-device-over-thread-main/Middlewares/Third_Party/connectedhomeip/src/app/reporting/Engine.cpp:37:12:CHIP_ERROR chip::app::reporting::Engine::Init()	0	static
C:/Users/olive/OneDrive/Documents/CubeMXPack/stm32wb-matter-device-over-thread-main/Middlewares/Third_Party/connectedhomeip/src/app/reporting/Engine.cpp:54:6:bool chip::app::reporting::Engine::IsClusterDataVersionMatch(const chip::app::ObjectList<chip::app::DataVersionFilter>*, const chip::app::ConcreteReadAttributePath&)	32	static
C:/Users/olive/OneDrive/Documents/CubeMXPack/stm32wb-matter-device-over-thread-main/Middlewares/Third_Party/connectedhomeip/src/app/reporting/Engine.cpp:294:12:CHIP_ERROR chip::app::reporting::Engine::CheckAccessDeniedEventPaths(chip::TLV::TLVWriter&, bool&, chip::app::ReadHandler*)	104	static
C:/Users/olive/OneDrive/Documents/CubeMXPack/stm32wb-matter-device-over-thread-main/Middlewares/Third_Party/connectedhomeip/src/app/reporting/Engine.cpp:335:12:CHIP_ERROR chip::app::reporting::Engine::BuildSingleReportDataEventReports(chip::app::ReportDataMessage::Builder&, chip::app::ReadHandler*, bool, bool*, bool*)	136	static
../../../../../../../Middlewares/Third_Party/connectedhomeip/src/app/MessageDef/ReportDataMessage.h:111:7:chip::app::ReportDataMessage::Builder::Builder()	8	static
C:/Users/olive/OneDrive/Documents/CubeMXPack/stm32wb-matter-device-over-thread-main/Middlewares/Third_Party/connectedhomeip/src/app/reporting/Engine.cpp:585:12:CHIP_ERROR chip::app::reporting::Engine::ScheduleRun()	8	static
C:/Users/olive/OneDrive/Documents/CubeMXPack/stm32wb-matter-device-over-thread-main/Middlewares/Third_Party/connectedhomeip/src/app/reporting/Engine.cpp:674:6:bool chip::app::reporting::Engine::MergeOverlappedAttributePath(const chip::app::AttributePathParams&)	16	static
C:/Users/olive/OneDrive/Documents/CubeMXPack/stm32wb-matter-device-over-thread-main/Middlewares/Third_Party/connectedhomeip/src/app/reporting/Engine.cpp:699:6:bool chip::app::reporting::Engine::ClearTombPaths()	24	static
C:/Users/olive/OneDrive/Documents/CubeMXPack/stm32wb-matter-device-over-thread-main/Middlewares/Third_Party/connectedhomeip/src/app/reporting/Engine.cpp:713:6:bool chip::app::reporting::Engine::MergeDirtyPathsUnderSameCluster()	16	static
C:/Users/olive/OneDrive/Documents/CubeMXPack/stm32wb-matter-device-over-thread-main/Middlewares/Third_Party/connectedhomeip/src/app/reporting/Engine.cpp:748:6:bool chip::app::reporting::Engine::MergeDirtyPathsUnderSameEndpoint()	16	static
C:/Users/olive/OneDrive/Documents/CubeMXPack/stm32wb-matter-device-over-thread-main/Middlewares/Third_Party/connectedhomeip/src/app/reporting/Engine.cpp:844:12:CHIP_ERROR chip::app::reporting::Engine::SendReport(chip::app::ReadHandler*, chip::System::PacketBufferHandle&&, bool)	16	static
C:/Users/olive/OneDrive/Documents/CubeMXPack/stm32wb-matter-device-over-thread-main/Middlewares/Third_Party/connectedhomeip/src/app/reporting/Engine.cpp:858:6:void chip::app::reporting::Engine::OnReportConfirm()	8	static
C:/Users/olive/OneDrive/Documents/CubeMXPack/stm32wb-matter-device-over-thread-main/Middlewares/Third_Party/connectedhomeip/src/app/reporting/Engine.cpp:872:6:void chip::app::reporting::Engine::GetMinEventLogPosition(uint32_t&)	16	static
C:/Users/olive/OneDrive/Documents/CubeMXPack/stm32wb-matter-device-over-thread-main/Middlewares/Third_Party/connectedhomeip/src/app/reporting/Engine.cpp:890:12:CHIP_ERROR chip::app::reporting::Engine::ScheduleBufferPressureEventDelivery(uint32_t)	24	static
C:/Users/olive/OneDrive/Documents/CubeMXPack/stm32wb-matter-device-over-thread-main/Middlewares/Third_Party/connectedhomeip/src/app/reporting/Engine.cpp:903:12:CHIP_ERROR chip::app::reporting::Engine::ScheduleEventDelivery(chip::app::ConcreteEventPath&, uint32_t)	32	static
C:/Users/olive/OneDrive/Documents/CubeMXPack/stm32wb-matter-device-over-thread-main/Middlewares/Third_Party/connectedhomeip/src/app/reporting/Engine.cpp:969:28:void MatterPreAttributeReadCallback(const chip::app::ConcreteAttributePath&)	0	static
C:/Users/olive/OneDrive/Documents/CubeMXPack/stm32wb-matter-device-over-thread-main/Middlewares/Third_Party/connectedhomeip/src/app/reporting/Engine.cpp:970:28:void MatterPostAttributeReadCallback(const chip::app::ConcreteAttributePath&)	0	static
C:/Users/olive/OneDrive/Documents/CubeMXPack/stm32wb-matter-device-over-thread-main/Middlewares/Third_Party/connectedhomeip/src/app/reporting/Engine.cpp:75:1:CHIP_ERROR chip::app::reporting::Engine::RetrieveClusterData(const chip::Access::SubjectDescriptor&, bool, chip::app::AttributeReportIBs::Builder&, const chip::app::ConcreteReadAttributePath&, chip::app::AttributeValueEncoder::AttributeEncodeState*)	32	static
C:/Users/olive/OneDrive/Documents/CubeMXPack/stm32wb-matter-device-over-thread-main/Middlewares/Third_Party/connectedhomeip/src/app/reporting/Engine.cpp:87:12:CHIP_ERROR chip::app::reporting::Engine::BuildSingleReportDataAttributeReportIBs(chip::app::ReportDataMessage::Builder&, chip::app::ReadHandler*, bool*, bool*)	200	static
C:/Users/olive/OneDrive/Documents/CubeMXPack/stm32wb-matter-device-over-thread-main/Middlewares/Third_Party/connectedhomeip/src/app/reporting/Engine.cpp:446:12:CHIP_ERROR chip::app::reporting::Engine::BuildAndSendSingleReportData(chip::app::ReadHandler*)	304	static
C:/Users/olive/OneDrive/Documents/CubeMXPack/stm32wb-matter-device-over-thread-main/Middlewares/Third_Party/connectedhomeip/src/app/reporting/Engine.cpp:612:6:void chip::app::reporting::Engine::Run()	48	static
C:/Users/olive/OneDrive/Documents/CubeMXPack/stm32wb-matter-device-over-thread-main/Middlewares/Third_Party/connectedhomeip/src/app/reporting/Engine.cpp:578:6:static void chip::app::reporting::Engine::Run(chip::System::Layer*, void*)	0	static
C:/Users/olive/OneDrive/Documents/CubeMXPack/stm32wb-matter-device-over-thread-main/Middlewares/Third_Party/connectedhomeip/src/app/reporting/Engine.cpp:944:6:void chip::app::reporting::Engine::ScheduleUrgentEventDeliverySync(chip::Optional<unsigned char>)	24	static
C:/Users/olive/OneDrive/Documents/CubeMXPack/stm32wb-matter-device-over-thread-main/Middlewares/Third_Party/connectedhomeip/src/app/reporting/Engine.cpp:44:6:void chip::app::reporting::Engine::Shutdown()	24	static
C:/Users/olive/OneDrive/Documents/CubeMXPack/stm32wb-matter-device-over-thread-main/Middlewares/Third_Party/connectedhomeip/src/app/reporting/Engine.cpp:976:1:void MatterReportingAttributeChangeCallback(chip::EndpointId, chip::ClusterId, chip::AttributeId)	0	static
../../../../../../../Middlewares/Third_Party/connectedhomeip/src/lib/support/Pool.h:221:9:) [with Args = {}; T = chip::app::reporting::Engine::AttributePathParamsWithGeneration; unsigned int N = 8]	8	static
C:/Users/olive/OneDrive/Documents/CubeMXPack/stm32wb-matter-device-over-thread-main/Middlewares/Third_Party/connectedhomeip/src/app/reporting/Engine.cpp:781:12:CHIP_ERROR chip::app::reporting::Engine::InsertPathIntoDirtySet(const chip::app::AttributePathParams&)	64	static
C:/Users/olive/OneDrive/Documents/CubeMXPack/stm32wb-matter-device-over-thread-main/Middlewares/Third_Party/connectedhomeip/src/app/reporting/Engine.cpp:809:12:CHIP_ERROR chip::app::reporting::Engine::SetDirty(chip::app::AttributePathParams&)	32	static
