C:/Users/olive/OneDrive/Documents/CubeMXPack/stm32wb-matter-device-over-thread-main/Middlewares/Third_Party/connectedhomeip/src/app/clusters/ota-requestor/OTATestEventTriggerDelegate.h:25:7:chip::OTATestEventTriggerDelegate::~OTATestEventTriggerDelegate()	0	static
C:/Users/olive/OneDrive/Documents/CubeMXPack/stm32wb-matter-device-over-thread-main/Middlewares/Third_Party/connectedhomeip/src/app/clusters/ota-requestor/OTATestEventTriggerDelegate.cpp:27:6:virtual bool chip::OTATestEventTriggerDelegate::DoesEnableKeyMatch(const chip::ByteSpan&) const	8	static
C:/Users/olive/OneDrive/Documents/CubeMXPack/stm32wb-matter-device-over-thread-main/Middlewares/Third_Party/connectedhomeip/src/app/clusters/ota-requestor/OTATestEventTriggerDelegate.h:25:7:virtual chip::OTATestEventTriggerDelegate::~OTATestEventTriggerDelegate()	8	static
C:/Users/olive/OneDrive/Documents/CubeMXPack/stm32wb-matter-device-over-thread-main/Middlewares/Third_Party/connectedhomeip/src/app/clusters/ota-requestor/OTATestEventTriggerDelegate.cpp:32:12:virtual CHIP_ERROR chip::OTATestEventTriggerDelegate::HandleEventTrigger(uint64_t)	8	static
