C:/Users/olive/OneDrive/Documents/CubeMXPack/stm32wb-matter-device-over-thread-main/Middlewares/ST/STM32_WPAN/thread/openthread/core/openthread_api/message.c:34:6:otMessageFree	8	static
C:/Users/olive/OneDrive/Documents/CubeMXPack/stm32wb-matter-device-over-thread-main/Middlewares/ST/STM32_WPAN/thread/openthread/core/openthread_api/message.c:50:10:otMessageGetLength	8	static
C:/Users/olive/OneDrive/Documents/CubeMXPack/stm32wb-matter-device-over-thread-main/Middlewares/ST/STM32_WPAN/thread/openthread/core/openthread_api/message.c:67:9:otMessageSetLength	16	static
C:/Users/olive/OneDrive/Documents/CubeMXPack/stm32wb-matter-device-over-thread-main/Middlewares/ST/STM32_WPAN/thread/openthread/core/openthread_api/message.c:85:10:otMessageGetOffset	8	static
C:/Users/olive/OneDrive/Documents/CubeMXPack/stm32wb-matter-device-over-thread-main/Middlewares/ST/STM32_WPAN/thread/openthread/core/openthread_api/message.c:102:6:otMessageSetOffset	16	static
C:/Users/olive/OneDrive/Documents/CubeMXPack/stm32wb-matter-device-over-thread-main/Middlewares/ST/STM32_WPAN/thread/openthread/core/openthread_api/message.c:119:6:otMessageIsLinkSecurityEnabled	8	static
C:/Users/olive/OneDrive/Documents/CubeMXPack/stm32wb-matter-device-over-thread-main/Middlewares/ST/STM32_WPAN/thread/openthread/core/openthread_api/message.c:136:6:otMessageSetDirectTransmission	16	static
C:/Users/olive/OneDrive/Documents/CubeMXPack/stm32wb-matter-device-over-thread-main/Middlewares/ST/STM32_WPAN/thread/openthread/core/openthread_api/message.c:153:8:otMessageGetRss	8	static
C:/Users/olive/OneDrive/Documents/CubeMXPack/stm32wb-matter-device-over-thread-main/Middlewares/ST/STM32_WPAN/thread/openthread/core/openthread_api/message.c:170:9:otMessageAppend	16	static
C:/Users/olive/OneDrive/Documents/CubeMXPack/stm32wb-matter-device-over-thread-main/Middlewares/ST/STM32_WPAN/thread/openthread/core/openthread_api/message.c:189:10:otMessageRead	24	static
C:/Users/olive/OneDrive/Documents/CubeMXPack/stm32wb-matter-device-over-thread-main/Middlewares/ST/STM32_WPAN/thread/openthread/core/openthread_api/message.c:209:5:otMessageWrite	24	static
C:/Users/olive/OneDrive/Documents/CubeMXPack/stm32wb-matter-device-over-thread-main/Middlewares/ST/STM32_WPAN/thread/openthread/core/openthread_api/message.c:229:6:otMessageQueueInit	8	static
C:/Users/olive/OneDrive/Documents/CubeMXPack/stm32wb-matter-device-over-thread-main/Middlewares/ST/STM32_WPAN/thread/openthread/core/openthread_api/message.c:245:6:otMessageQueueEnqueue	16	static
C:/Users/olive/OneDrive/Documents/CubeMXPack/stm32wb-matter-device-over-thread-main/Middlewares/ST/STM32_WPAN/thread/openthread/core/openthread_api/message.c:262:6:otMessageQueueEnqueueAtHead	16	static
C:/Users/olive/OneDrive/Documents/CubeMXPack/stm32wb-matter-device-over-thread-main/Middlewares/ST/STM32_WPAN/thread/openthread/core/openthread_api/message.c:279:6:otMessageQueueDequeue	16	static
C:/Users/olive/OneDrive/Documents/CubeMXPack/stm32wb-matter-device-over-thread-main/Middlewares/ST/STM32_WPAN/thread/openthread/core/openthread_api/message.c:296:12:otMessageQueueGetHead	8	static
C:/Users/olive/OneDrive/Documents/CubeMXPack/stm32wb-matter-device-over-thread-main/Middlewares/ST/STM32_WPAN/thread/openthread/core/openthread_api/message.c:313:12:otMessageQueueGetNext	16	static
C:/Users/olive/OneDrive/Documents/CubeMXPack/stm32wb-matter-device-over-thread-main/Middlewares/ST/STM32_WPAN/thread/openthread/core/openthread_api/message.c:331:6:otMessageGetBufferInfo	8	static
