../../../../../../../Middlewares/Third_Party/connectedhomeip/src/app/AttributeAccessInterface.h:446:24:virtual CHIP_ERROR chip::app::AttributeAccessInterface::Write(const chip::app::ConcreteDataAttributePath&, chip::app::AttributeValueDecoder&)	0	static
../../../../../../../Middlewares/Third_Party/connectedhomeip/src/app/AttributeAccessInterface.h:458:18:virtual void chip::app::AttributeAccessInterface::OnListWriteBegin(const chip::app::ConcreteAttributePath&)	0	static
../../../../../../../Middlewares/Third_Party/connectedhomeip/src/app/AttributeAccessInterface.h:473:18:virtual void chip::app::AttributeAccessInterface::OnListWriteEnd(const chip::app::ConcreteAttributePath&, bool)	0	static
C:/Users/olive/OneDrive/Documents/CubeMXPack/stm32wb-matter-device-over-thread-main/Middlewares/Third_Party/connectedhomeip/src/app/clusters/ethernet-network-diagnostics-server/ethernet-network-diagnostics-server.cpp:39:7:{anonymous}::EthernetDiagosticsAttrAccess::~EthernetDiagosticsAttrAccess()	0	static
C:/Users/olive/OneDrive/Documents/CubeMXPack/stm32wb-matter-device-over-thread-main/Middlewares/Third_Party/connectedhomeip/src/app/clusters/ethernet-network-diagnostics-server/ethernet-network-diagnostics-server.cpp:39:7:virtual {anonymous}::EthernetDiagosticsAttrAccess::~EthernetDiagosticsAttrAccess()	8	static
C:/Users/olive/OneDrive/Documents/CubeMXPack/stm32wb-matter-device-over-thread-main/Middlewares/Third_Party/connectedhomeip/src/app/clusters/ethernet-network-diagnostics-server/ethernet-network-diagnostics-server.cpp:57:12:CHIP_ERROR {anonymous}::EthernetDiagosticsAttrAccess::ReadIfSupported(CHIP_ERROR (chip::DeviceLayer::DiagnosticDataProvider::*)(T&), chip::app::AttributeValueEncoder&) [with T = long long unsigned int]	48	static
C:/Users/olive/OneDrive/Documents/CubeMXPack/stm32wb-matter-device-over-thread-main/Middlewares/Third_Party/connectedhomeip/src/app/clusters/ethernet-network-diagnostics-server/ethernet-network-diagnostics-server.cpp:176:6:bool emberAfEthernetNetworkDiagnosticsClusterResetCountsCallback(chip::app::CommandHandler*, const chip::app::ConcreteCommandPath&, const chip::app::Clusters::EthernetNetworkDiagnostics::Commands::ResetCounts::DecodableType&)	16	static
C:/Users/olive/OneDrive/Documents/CubeMXPack/stm32wb-matter-device-over-thread-main/Middlewares/Third_Party/connectedhomeip/src/app/clusters/ethernet-network-diagnostics-server/ethernet-network-diagnostics-server.cpp:186:6:void MatterEthernetNetworkDiagnosticsPluginServerInitCallback()	0	static
../../../../../../../Middlewares/Third_Party/connectedhomeip/src/app/AttributeAccessInterface.h:307:16:) [with Ts = {chip::app::DataModel::Nullable<bool>&}]	32	static
C:/Users/olive/OneDrive/Documents/CubeMXPack/stm32wb-matter-device-over-thread-main/Middlewares/Third_Party/connectedhomeip/src/app/clusters/ethernet-network-diagnostics-server/ethernet-network-diagnostics-server.cpp:131:12:virtual CHIP_ERROR {anonymous}::EthernetDiagosticsAttrAccess::Read(const chip::app::ConcreteReadAttributePath&, chip::app::AttributeValueEncoder&)	72	static
C:/Users/olive/OneDrive/Documents/CubeMXPack/stm32wb-matter-device-over-thread-main/Middlewares/Third_Party/connectedhomeip/src/app/clusters/ethernet-network-diagnostics-server/ethernet-network-diagnostics-server.cpp:189:1:cpp)	0	static
