../../../../../../../Middlewares/Third_Party/connectedhomeip/src/app/AttributeAccessInterface.h:446:24:virtual CHIP_ERROR chip::app::AttributeAccessInterface::Write(const chip::app::ConcreteDataAttributePath&, chip::app::AttributeValueDecoder&)	0	static
../../../../../../../Middlewares/Third_Party/connectedhomeip/src/app/AttributeAccessInterface.h:458:18:virtual void chip::app::AttributeAccessInterface::OnListWriteBegin(const chip::app::ConcreteAttributePath&)	0	static
../../../../../../../Middlewares/Third_Party/connectedhomeip/src/app/AttributeAccessInterface.h:473:18:virtual void chip::app::AttributeAccessInterface::OnListWriteEnd(const chip::app::ConcreteAttributePath&, bool)	0	static
../../../../../../../Middlewares/Third_Party/connectedhomeip/src/app/EventLogging.h:32:7:chip::app::EventLogger<chip::app::Clusters::GeneralDiagnostics::Events::BootReason::Type>::~EventLogger()	0	static
../../../../../../../Middlewares/Third_Party/connectedhomeip/src/app/EventLogging.h:32:7:chip::app::EventLogger<chip::app::Clusters::GeneralDiagnostics::Events::HardwareFaultChange::Type>::~EventLogger()	0	static
../../../../../../../Middlewares/Third_Party/connectedhomeip/src/app/EventLogging.h:32:7:chip::app::EventLogger<chip::app::Clusters::GeneralDiagnostics::Events::RadioFaultChange::Type>::~EventLogger()	0	static
../../../../../../../Middlewares/Third_Party/connectedhomeip/src/app/EventLogging.h:32:7:chip::app::EventLogger<chip::app::Clusters::GeneralDiagnostics::Events::NetworkFaultChange::Type>::~EventLogger()	0	static
C:/Users/olive/OneDrive/Documents/CubeMXPack/stm32wb-matter-device-over-thread-main/Middlewares/Third_Party/connectedhomeip/src/app/clusters/general-diagnostics-server/general-diagnostics-server.cpp:214:7:{anonymous}::GeneralDiagnosticsDelegate::~GeneralDiagnosticsDelegate()	0	static
C:/Users/olive/OneDrive/Documents/CubeMXPack/stm32wb-matter-device-over-thread-main/Middlewares/Third_Party/connectedhomeip/src/app/clusters/general-diagnostics-server/general-diagnostics-server.cpp:79:7:{anonymous}::GeneralDiagosticsAttrAccess::~GeneralDiagosticsAttrAccess()	0	static
../../../../../../../Middlewares/Third_Party/connectedhomeip/src/app/EventLogging.h:36:16:CHIP_ERROR chip::app::EventLogger<T>::WriteEvent(chip::TLV::TLVWriter&) [with T = chip::app::Clusters::GeneralDiagnostics::Events::BootReason::Type]	0	static
C:/Users/olive/OneDrive/Documents/CubeMXPack/stm32wb-matter-device-over-thread-main/Middlewares/Third_Party/connectedhomeip/src/app/clusters/general-diagnostics-server/general-diagnostics-server.cpp:214:7:virtual {anonymous}::GeneralDiagnosticsDelegate::~GeneralDiagnosticsDelegate()	8	static
../../../../../../../Middlewares/Third_Party/connectedhomeip/src/app/EventLogging.h:32:7:virtual chip::app::EventLogger<chip::app::Clusters::GeneralDiagnostics::Events::BootReason::Type>::~EventLogger()	8	static
../../../../../../../Middlewares/Third_Party/connectedhomeip/src/app/EventLogging.h:32:7:virtual chip::app::EventLogger<chip::app::Clusters::GeneralDiagnostics::Events::HardwareFaultChange::Type>::~EventLogger()	8	static
../../../../../../../Middlewares/Third_Party/connectedhomeip/src/app/EventLogging.h:32:7:virtual chip::app::EventLogger<chip::app::Clusters::GeneralDiagnostics::Events::RadioFaultChange::Type>::~EventLogger()	8	static
../../../../../../../Middlewares/Third_Party/connectedhomeip/src/app/EventLogging.h:32:7:virtual chip::app::EventLogger<chip::app::Clusters::GeneralDiagnostics::Events::NetworkFaultChange::Type>::~EventLogger()	8	static
C:/Users/olive/OneDrive/Documents/CubeMXPack/stm32wb-matter-device-over-thread-main/Middlewares/Third_Party/connectedhomeip/src/app/clusters/general-diagnostics-server/general-diagnostics-server.cpp:79:7:virtual {anonymous}::GeneralDiagosticsAttrAccess::~GeneralDiagosticsAttrAccess()	8	static
../../../../../../../Middlewares/Third_Party/connectedhomeip/src/app/EventLogging.h:36:16:CHIP_ERROR chip::app::EventLogger<T>::WriteEvent(chip::TLV::TLVWriter&) [with T = chip::app::Clusters::GeneralDiagnostics::Events::HardwareFaultChange::Type]	0	static
../../../../../../../Middlewares/Third_Party/connectedhomeip/src/app/EventLogging.h:36:16:CHIP_ERROR chip::app::EventLogger<T>::WriteEvent(chip::TLV::TLVWriter&) [with T = chip::app::Clusters::GeneralDiagnostics::Events::RadioFaultChange::Type]	0	static
../../../../../../../Middlewares/Third_Party/connectedhomeip/src/app/EventLogging.h:36:16:CHIP_ERROR chip::app::EventLogger<T>::WriteEvent(chip::TLV::TLVWriter&) [with T = chip::app::Clusters::GeneralDiagnostics::Events::NetworkFaultChange::Type]	0	static
C:/Users/olive/OneDrive/Documents/CubeMXPack/stm32wb-matter-device-over-thread-main/Middlewares/Third_Party/connectedhomeip/src/app/clusters/general-diagnostics-server/general-diagnostics-server.cpp:71:6:void {anonymous}::ReportAttributeOnAllEndpoints(chip::AttributeId)	32	static
C:/Users/olive/OneDrive/Documents/CubeMXPack/stm32wb-matter-device-over-thread-main/Middlewares/Third_Party/connectedhomeip/src/app/clusters/general-diagnostics-server/general-diagnostics-server.cpp:217:10:virtual void {anonymous}::GeneralDiagnosticsDelegate::OnNetworkInfoChanged()	0	static
../../../../../../../Middlewares/Third_Party/connectedhomeip/src/app/AttributeAccessInterface.h:125:20:CHIP_ERROR chip::app::AttributeValueEncoder::ListEncodeHelper::Encode(T&&) const [with T = unsigned char&; typename std::enable_if<(! chip::app::DataModel::IsFabricScoped<X>::value), bool>::type <anonymous> = true]	80	static
../../../../../../../Middlewares/Third_Party/connectedhomeip/src/app/AttributeAccessInterface.h:197:16:CHIP_ERROR chip::app::AttributeValueEncoder::EncodeEmptyList()	32	static
C:/Users/olive/OneDrive/Documents/CubeMXPack/stm32wb-matter-device-over-thread-main/Middlewares/Third_Party/connectedhomeip/src/app/clusters/general-diagnostics-server/general-diagnostics-server.cpp:169:12:virtual CHIP_ERROR {anonymous}::GeneralDiagosticsAttrAccess::Read(const chip::app::ConcreteReadAttributePath&, chip::app::AttributeValueEncoder&)	104	static
C:/Users/olive/OneDrive/Documents/CubeMXPack/stm32wb-matter-device-over-thread-main/Middlewares/Third_Party/connectedhomeip/src/app/clusters/general-diagnostics-server/general-diagnostics-server.cpp:239:28:static chip::app::Clusters::GeneralDiagnosticsServer& chip::app::Clusters::GeneralDiagnosticsServer::Instance()	0	static
C:/Users/olive/OneDrive/Documents/CubeMXPack/stm32wb-matter-device-over-thread-main/Middlewares/Third_Party/connectedhomeip/src/app/clusters/general-diagnostics-server/general-diagnostics-server.cpp:245:6:void chip::app::Clusters::GeneralDiagnosticsServer::OnDeviceReboot(chip::app::Clusters::GeneralDiagnostics::BootReasonEnum)	72	static
C:/Users/olive/OneDrive/Documents/CubeMXPack/stm32wb-matter-device-over-thread-main/Middlewares/Third_Party/connectedhomeip/src/app/clusters/general-diagnostics-server/general-diagnostics-server.cpp:266:6:void chip::app::Clusters::GeneralDiagnosticsServer::OnHardwareFaultsDetect(const chip::DeviceLayer::GeneralFaults<11>&, const chip::DeviceLayer::GeneralFaults<11>&)	128	static
C:/Users/olive/OneDrive/Documents/CubeMXPack/stm32wb-matter-device-over-thread-main/Middlewares/Third_Party/connectedhomeip/src/app/clusters/general-diagnostics-server/general-diagnostics-server.cpp:293:6:void chip::app::Clusters::GeneralDiagnosticsServer::OnRadioFaultsDetect(const chip::DeviceLayer::GeneralFaults<7>&, const chip::DeviceLayer::GeneralFaults<7>&)	128	static
C:/Users/olive/OneDrive/Documents/CubeMXPack/stm32wb-matter-device-over-thread-main/Middlewares/Third_Party/connectedhomeip/src/app/clusters/general-diagnostics-server/general-diagnostics-server.cpp:319:6:void chip::app::Clusters::GeneralDiagnosticsServer::OnNetworkFaultsDetect(const chip::DeviceLayer::GeneralFaults<4>&, const chip::DeviceLayer::GeneralFaults<4>&)	128	static
C:/Users/olive/OneDrive/Documents/CubeMXPack/stm32wb-matter-device-over-thread-main/Middlewares/Third_Party/connectedhomeip/src/app/clusters/general-diagnostics-server/general-diagnostics-server.cpp:349:6:bool emberAfGeneralDiagnosticsClusterTestEventTriggerCallback(chip::app::CommandHandler*, const chip::app::ConcreteCommandPath&, const chip::app::Clusters::GeneralDiagnostics::Commands::TestEventTrigger::DecodableType&)	24	static
C:/Users/olive/OneDrive/Documents/CubeMXPack/stm32wb-matter-device-over-thread-main/Middlewares/Third_Party/connectedhomeip/src/app/clusters/general-diagnostics-server/general-diagnostics-server.cpp:384:6:void MatterGeneralDiagnosticsPluginServerInitCallback()	16	static
C:/Users/olive/OneDrive/Documents/CubeMXPack/stm32wb-matter-device-over-thread-main/Middlewares/Third_Party/connectedhomeip/src/app/clusters/general-diagnostics-server/general-diagnostics-server.cpp:395:1:cpp)	0	static
