C:/Users/olive/OneDrive/Documents/CubeMXPack/stm32wb-matter-device-over-thread-main/Middlewares/Third_Party/connectedhomeip/src/app/clusters/color-control-server/color-control-server.cpp:37:6:static void ColorControlServer::timerCallback(chip::System::Layer*, void*)	0	static
C:/Users/olive/OneDrive/Documents/CubeMXPack/stm32wb-matter-device-over-thread-main/Middlewares/Third_Party/connectedhomeip/src/app/clusters/color-control-server/color-control-server.cpp:43:6:void ColorControlServer::scheduleTimerCallbackMs(EmberEventControl*, uint32_t)	16	static
C:/Users/olive/OneDrive/Documents/CubeMXPack/stm32wb-matter-device-over-thread-main/Middlewares/Third_Party/connectedhomeip/src/app/clusters/color-control-server/color-control-server.cpp:53:6:void ColorControlServer::cancelEndpointTimerCallback(EmberEventControl*)	8	static
C:/Users/olive/OneDrive/Documents/CubeMXPack/stm32wb-matter-device-over-thread-main/Middlewares/Third_Party/connectedhomeip/src/app/clusters/color-control-server/color-control-server.cpp:77:22:static ColorControlServer& ColorControlServer::Instance()	0	static
C:/Users/olive/OneDrive/Documents/CubeMXPack/stm32wb-matter-device-over-thread-main/Middlewares/Third_Party/connectedhomeip/src/app/clusters/color-control-server/color-control-server.cpp:82:6:bool ColorControlServer::HasFeature(chip::EndpointId, chip::app::Clusters::ColorControl::ColorControlFeature)	16	static
C:/Users/olive/OneDrive/Documents/CubeMXPack/stm32wb-matter-device-over-thread-main/Middlewares/Third_Party/connectedhomeip/src/app/clusters/color-control-server/color-control-server.cpp:128:6:bool ColorControlServer::shouldExecuteIfOff(chip::EndpointId, uint8_t, uint8_t)	24	static
C:/Users/olive/OneDrive/Documents/CubeMXPack/stm32wb-matter-device-over-thread-main/Middlewares/Third_Party/connectedhomeip/src/app/clusters/color-control-server/color-control-server.cpp:200:6:void ColorControlServer::handleModeSwitch(chip::EndpointId, uint8_t)	24	static
C:/Users/olive/OneDrive/Documents/CubeMXPack/stm32wb-matter-device-over-thread-main/Middlewares/Third_Party/connectedhomeip/src/app/clusters/color-control-server/color-control-server.cpp:260:10:uint16_t ColorControlServer::computeTransitionTimeFromStateAndRate(Color16uTransitionState*, uint16_t)	0	static
C:/Users/olive/OneDrive/Documents/CubeMXPack/stm32wb-matter-device-over-thread-main/Middlewares/Third_Party/connectedhomeip/src/app/clusters/color-control-server/color-control-server.cpp:302:21:EmberEventControl* ColorControlServer::getEventControl(chip::EndpointId)	8	static
C:/Users/olive/OneDrive/Documents/CubeMXPack/stm32wb-matter-device-over-thread-main/Middlewares/Third_Party/connectedhomeip/src/app/clusters/color-control-server/color-control-server.cpp:58:6:void ColorControlServer::cancelEndpointTimerCallback(chip::EndpointId)	8	static
C:/Users/olive/OneDrive/Documents/CubeMXPack/stm32wb-matter-device-over-thread-main/Middlewares/Third_Party/connectedhomeip/src/app/clusters/color-control-server/color-control-server.cpp:91:8:chip::Protocols::InteractionModel::Status ColorControlServer::stopAllColorTransitions(chip::EndpointId)	8	static
C:/Users/olive/OneDrive/Documents/CubeMXPack/stm32wb-matter-device-over-thread-main/Middlewares/Third_Party/connectedhomeip/src/app/clusters/color-control-server/color-control-server.cpp:321:6:void ColorControlServer::computePwmFromTemp(chip::EndpointId)	0	static
C:/Users/olive/OneDrive/Documents/CubeMXPack/stm32wb-matter-device-over-thread-main/Middlewares/Third_Party/connectedhomeip/src/app/clusters/color-control-server/color-control-server.cpp:330:6:void ColorControlServer::computePwmFromHsv(chip::EndpointId)	0	static
C:/Users/olive/OneDrive/Documents/CubeMXPack/stm32wb-matter-device-over-thread-main/Middlewares/Third_Party/connectedhomeip/src/app/clusters/color-control-server/color-control-server.cpp:339:6:void ColorControlServer::computePwmFromXy(chip::EndpointId)	0	static
C:/Users/olive/OneDrive/Documents/CubeMXPack/stm32wb-matter-device-over-thread-main/Middlewares/Third_Party/connectedhomeip/src/app/clusters/color-control-server/color-control-server.cpp:348:6:bool ColorControlServer::computeNewColor16uValue(Color16uTransitionState*)	12	static
C:/Users/olive/OneDrive/Documents/CubeMXPack/stm32wb-matter-device-over-thread-main/Middlewares/Third_Party/connectedhomeip/src/app/clusters/color-control-server/color-control-server.cpp:425:47:ColorControlServer::ColorHueTransitionState* ColorControlServer::getColorHueTransitionState(chip::EndpointId)	8	static
C:/Users/olive/OneDrive/Documents/CubeMXPack/stm32wb-matter-device-over-thread-main/Middlewares/Third_Party/connectedhomeip/src/app/clusters/color-control-server/color-control-server.cpp:443:47:ColorControlServer::Color16uTransitionState* ColorControlServer::getSaturationTransitionState(chip::EndpointId)	8	static
C:/Users/olive/OneDrive/Documents/CubeMXPack/stm32wb-matter-device-over-thread-main/Middlewares/Third_Party/connectedhomeip/src/app/clusters/color-control-server/color-control-server.cpp:461:9:uint8_t ColorControlServer::getSaturation(chip::EndpointId)	16	static
C:/Users/olive/OneDrive/Documents/CubeMXPack/stm32wb-matter-device-over-thread-main/Middlewares/Third_Party/connectedhomeip/src/app/clusters/color-control-server/color-control-server.cpp:477:9:uint8_t ColorControlServer::addHue(uint8_t, uint8_t)	0	static
C:/Users/olive/OneDrive/Documents/CubeMXPack/stm32wb-matter-device-over-thread-main/Middlewares/Third_Party/connectedhomeip/src/app/clusters/color-control-server/color-control-server.cpp:499:9:uint8_t ColorControlServer::subtractHue(uint8_t, uint8_t)	0	static
C:/Users/olive/OneDrive/Documents/CubeMXPack/stm32wb-matter-device-over-thread-main/Middlewares/Third_Party/connectedhomeip/src/app/clusters/color-control-server/color-control-server.cpp:521:9:uint8_t ColorControlServer::addSaturation(uint8_t, uint8_t)	0	static
C:/Users/olive/OneDrive/Documents/CubeMXPack/stm32wb-matter-device-over-thread-main/Middlewares/Third_Party/connectedhomeip/src/app/clusters/color-control-server/color-control-server.cpp:543:9:uint8_t ColorControlServer::subtractSaturation(uint8_t, uint8_t)	0	static
C:/Users/olive/OneDrive/Documents/CubeMXPack/stm32wb-matter-device-over-thread-main/Middlewares/Third_Party/connectedhomeip/src/app/clusters/color-control-server/color-control-server.cpp:560:10:uint16_t ColorControlServer::addEnhancedHue(uint16_t, uint16_t)	0	static
C:/Users/olive/OneDrive/Documents/CubeMXPack/stm32wb-matter-device-over-thread-main/Middlewares/Third_Party/connectedhomeip/src/app/clusters/color-control-server/color-control-server.cpp:572:10:uint16_t ColorControlServer::subtractEnhancedHue(uint16_t, uint16_t)	0	static
C:/Users/olive/OneDrive/Documents/CubeMXPack/stm32wb-matter-device-over-thread-main/Middlewares/Third_Party/connectedhomeip/src/app/clusters/color-control-server/color-control-server.cpp:636:6:void ColorControlServer::initHueTransitionState(chip::EndpointId, ColorHueTransitionState*, bool)	8	static
C:/Users/olive/OneDrive/Documents/CubeMXPack/stm32wb-matter-device-over-thread-main/Middlewares/Third_Party/connectedhomeip/src/app/clusters/color-control-server/color-control-server.cpp:659:6:void ColorControlServer::initSaturationTransitionState(chip::EndpointId, Color16uTransitionState*)	8	static
C:/Users/olive/OneDrive/Documents/CubeMXPack/stm32wb-matter-device-over-thread-main/Middlewares/Third_Party/connectedhomeip/src/app/clusters/color-control-server/color-control-server.cpp:100:6:bool ColorControlServer::stopMoveStepCommand(chip::app::CommandHandler*, const chip::app::ConcreteCommandPath&, uint8_t, uint8_t)	32	static
C:/Users/olive/OneDrive/Documents/CubeMXPack/stm32wb-matter-device-over-thread-main/Middlewares/Third_Party/connectedhomeip/src/app/clusters/color-control-server/color-control-server.cpp:667:6:void ColorControlServer::SetHSVRemainingTime(chip::EndpointId)	16	static
C:/Users/olive/OneDrive/Documents/CubeMXPack/stm32wb-matter-device-over-thread-main/Middlewares/Third_Party/connectedhomeip/src/app/clusters/color-control-server/color-control-server.cpp:687:6:bool ColorControlServer::computeNewHueValue(ColorHueTransitionState*)	24	static
C:/Users/olive/OneDrive/Documents/CubeMXPack/stm32wb-matter-device-over-thread-main/Middlewares/Third_Party/connectedhomeip/src/app/clusters/color-control-server/color-control-server.cpp:825:21:EmberEventControl* ColorControlServer::configureHSVEventControl(chip::EndpointId)	8	static
C:/Users/olive/OneDrive/Documents/CubeMXPack/stm32wb-matter-device-over-thread-main/Middlewares/Third_Party/connectedhomeip/src/app/clusters/color-control-server/color-control-server.cpp:583:6:void ColorControlServer::startColorLoop(chip::EndpointId, uint8_t)	32	static
C:/Users/olive/OneDrive/Documents/CubeMXPack/stm32wb-matter-device-over-thread-main/Middlewares/Third_Party/connectedhomeip/src/app/clusters/color-control-server/color-control-server.cpp:849:6:bool ColorControlServer::moveHueCommand(chip::app::CommandHandler*, const chip::app::ConcreteCommandPath&, HueMoveMode, uint16_t, uint8_t, uint8_t, bool)	40	static
C:/Users/olive/OneDrive/Documents/CubeMXPack/stm32wb-matter-device-over-thread-main/Middlewares/Third_Party/connectedhomeip/src/app/clusters/color-control-server/color-control-server.cpp:953:6:bool ColorControlServer::moveToHueCommand(chip::app::CommandHandler*, const chip::app::ConcreteCommandPath&, uint16_t, HueDirection, uint16_t, uint8_t, uint8_t, bool)	48	static
C:/Users/olive/OneDrive/Documents/CubeMXPack/stm32wb-matter-device-over-thread-main/Middlewares/Third_Party/connectedhomeip/src/app/clusters/color-control-server/color-control-server.cpp:1089:6:bool ColorControlServer::moveToHueAndSaturationCommand(chip::app::CommandHandler*, const chip::app::ConcreteCommandPath&, uint16_t, uint8_t, uint16_t, uint8_t, uint8_t, bool)	56	static
C:/Users/olive/OneDrive/Documents/CubeMXPack/stm32wb-matter-device-over-thread-main/Middlewares/Third_Party/connectedhomeip/src/app/clusters/color-control-server/color-control-server.cpp:1201:6:bool ColorControlServer::stepHueCommand(chip::app::CommandHandler*, const chip::app::ConcreteCommandPath&, HueStepMode, uint16_t, uint16_t, uint8_t, uint8_t, bool)	48	static
C:/Users/olive/OneDrive/Documents/CubeMXPack/stm32wb-matter-device-over-thread-main/Middlewares/Third_Party/connectedhomeip/src/app/clusters/color-control-server/color-control-server.cpp:1289:6:bool ColorControlServer::moveSaturationCommand(chip::app::CommandHandler*, const chip::app::ConcreteCommandPath&, const chip::app::Clusters::ColorControl::Commands::MoveSaturation::DecodableType&)	32	static
C:/Users/olive/OneDrive/Documents/CubeMXPack/stm32wb-matter-device-over-thread-main/Middlewares/Third_Party/connectedhomeip/src/app/clusters/color-control-server/color-control-server.cpp:1372:6:bool ColorControlServer::moveToSaturationCommand(chip::app::CommandHandler*, const chip::app::ConcreteCommandPath&, const chip::app::Clusters::ColorControl::Commands::MoveToSaturation::DecodableType&)	48	static
C:/Users/olive/OneDrive/Documents/CubeMXPack/stm32wb-matter-device-over-thread-main/Middlewares/Third_Party/connectedhomeip/src/app/clusters/color-control-server/color-control-server.cpp:1429:6:bool ColorControlServer::stepSaturationCommand(chip::app::CommandHandler*, const chip::app::ConcreteCommandPath&, const chip::app::Clusters::ColorControl::Commands::StepSaturation::DecodableType&)	48	static
C:/Users/olive/OneDrive/Documents/CubeMXPack/stm32wb-matter-device-over-thread-main/Middlewares/Third_Party/connectedhomeip/src/app/clusters/color-control-server/color-control-server.cpp:1496:6:bool ColorControlServer::colorLoopCommand(chip::app::CommandHandler*, const chip::app::ConcreteCommandPath&, const chip::app::Clusters::ColorControl::Commands::ColorLoopSet::DecodableType&)	64	static
C:/Users/olive/OneDrive/Documents/CubeMXPack/stm32wb-matter-device-over-thread-main/Middlewares/Third_Party/connectedhomeip/src/app/clusters/color-control-server/color-control-server.cpp:1619:6:void ColorControlServer::updateHueSatCommand(chip::EndpointId)	48	static
C:/Users/olive/OneDrive/Documents/CubeMXPack/stm32wb-matter-device-over-thread-main/Middlewares/Third_Party/connectedhomeip/src/app/clusters/color-control-server/color-control-server.cpp:2736:6:void emberAfPluginColorControlServerHueSatTransitionEventHandler(chip::EndpointId)	0	static
C:/Users/olive/OneDrive/Documents/CubeMXPack/stm32wb-matter-device-over-thread-main/Middlewares/Third_Party/connectedhomeip/src/app/clusters/color-control-server/color-control-server.cpp:1681:47:ColorControlServer::Color16uTransitionState* ColorControlServer::getXTransitionState(chip::EndpointId)	8	static
C:/Users/olive/OneDrive/Documents/CubeMXPack/stm32wb-matter-device-over-thread-main/Middlewares/Third_Party/connectedhomeip/src/app/clusters/color-control-server/color-control-server.cpp:1700:47:ColorControlServer::Color16uTransitionState* ColorControlServer::getYTransitionState(chip::EndpointId)	8	static
C:/Users/olive/OneDrive/Documents/CubeMXPack/stm32wb-matter-device-over-thread-main/Middlewares/Third_Party/connectedhomeip/src/app/clusters/color-control-server/color-control-server.cpp:1713:10:uint16_t ColorControlServer::findNewColorValueFromStep(uint16_t, int16_t)	0	static
C:/Users/olive/OneDrive/Documents/CubeMXPack/stm32wb-matter-device-over-thread-main/Middlewares/Third_Party/connectedhomeip/src/app/clusters/color-control-server/color-control-server.cpp:1741:21:EmberEventControl* ColorControlServer::configureXYEventControl(chip::EndpointId)	8	static
C:/Users/olive/OneDrive/Documents/CubeMXPack/stm32wb-matter-device-over-thread-main/Middlewares/Third_Party/connectedhomeip/src/app/clusters/color-control-server/color-control-server.cpp:1752:6:bool ColorControlServer::moveToColorCommand(chip::app::CommandHandler*, const chip::app::ConcreteCommandPath&, const chip::app::Clusters::ColorControl::Commands::MoveToColor::DecodableType&)	56	static
C:/Users/olive/OneDrive/Documents/CubeMXPack/stm32wb-matter-device-over-thread-main/Middlewares/Third_Party/connectedhomeip/src/app/clusters/color-control-server/color-control-server.cpp:1815:6:bool ColorControlServer::moveColorCommand(chip::app::CommandHandler*, const chip::app::ConcreteCommandPath&, const chip::app::Clusters::ColorControl::Commands::MoveColor::DecodableType&)	48	static
C:/Users/olive/OneDrive/Documents/CubeMXPack/stm32wb-matter-device-over-thread-main/Middlewares/Third_Party/connectedhomeip/src/app/clusters/color-control-server/color-control-server.cpp:1908:6:bool ColorControlServer::stepColorCommand(chip::app::CommandHandler*, const chip::app::ConcreteCommandPath&, const chip::app::Clusters::ColorControl::Commands::StepColor::DecodableType&)	64	static
C:/Users/olive/OneDrive/Documents/CubeMXPack/stm32wb-matter-device-over-thread-main/Middlewares/Third_Party/connectedhomeip/src/app/clusters/color-control-server/color-control-server.cpp:1987:6:void ColorControlServer::updateXYCommand(chip::EndpointId)	32	static
C:/Users/olive/OneDrive/Documents/CubeMXPack/stm32wb-matter-device-over-thread-main/Middlewares/Third_Party/connectedhomeip/src/app/clusters/color-control-server/color-control-server.cpp:2724:6:void emberAfPluginColorControlServerXyTransitionEventHandler(chip::EndpointId)	0	static
C:/Users/olive/OneDrive/Documents/CubeMXPack/stm32wb-matter-device-over-thread-main/Middlewares/Third_Party/connectedhomeip/src/app/clusters/color-control-server/color-control-server.cpp:2027:47:ColorControlServer::Color16uTransitionState* ColorControlServer::getTempTransitionState(chip::EndpointId)	8	static
C:/Users/olive/OneDrive/Documents/CubeMXPack/stm32wb-matter-device-over-thread-main/Middlewares/Third_Party/connectedhomeip/src/app/clusters/color-control-server/color-control-server.cpp:2103:10:uint16_t ColorControlServer::getTemperatureCoupleToLevelMin(chip::EndpointId)	16	static
C:/Users/olive/OneDrive/Documents/CubeMXPack/stm32wb-matter-device-over-thread-main/Middlewares/Third_Party/connectedhomeip/src/app/clusters/color-control-server/color-control-server.cpp:2124:21:EmberEventControl* ColorControlServer::configureTempEventControl(chip::EndpointId)	8	static
C:/Users/olive/OneDrive/Documents/CubeMXPack/stm32wb-matter-device-over-thread-main/Middlewares/Third_Party/connectedhomeip/src/app/clusters/color-control-server/color-control-server.cpp:2047:8:chip::Protocols::InteractionModel::Status ColorControlServer::moveToColorTemp(chip::EndpointId, uint16_t, uint16_t)	40	static
C:/Users/olive/OneDrive/Documents/CubeMXPack/stm32wb-matter-device-over-thread-main/Middlewares/Third_Party/connectedhomeip/src/app/clusters/color-control-server/color-control-server.cpp:2135:6:void ColorControlServer::startUpColorTempCommand(chip::EndpointId)	32	static
C:/Users/olive/OneDrive/Documents/CubeMXPack/stm32wb-matter-device-over-thread-main/Middlewares/Third_Party/connectedhomeip/src/app/clusters/color-control-server/color-control-server.cpp:2192:6:void ColorControlServer::updateTempCommand(chip::EndpointId)	24	static
C:/Users/olive/OneDrive/Documents/CubeMXPack/stm32wb-matter-device-over-thread-main/Middlewares/Third_Party/connectedhomeip/src/app/clusters/color-control-server/color-control-server.cpp:2712:6:void emberAfPluginColorControlServerTempTransitionEventHandler(chip::EndpointId)	0	static
C:/Users/olive/OneDrive/Documents/CubeMXPack/stm32wb-matter-device-over-thread-main/Middlewares/Third_Party/connectedhomeip/src/app/clusters/color-control-server/color-control-server.cpp:2229:6:bool ColorControlServer::moveColorTempCommand(chip::app::CommandHandler*, const chip::app::ConcreteCommandPath&, const chip::app::Clusters::ColorControl::Commands::MoveColorTemperature::DecodableType&)	64	static
C:/Users/olive/OneDrive/Documents/CubeMXPack/stm32wb-matter-device-over-thread-main/Middlewares/Third_Party/connectedhomeip/src/app/clusters/color-control-server/color-control-server.cpp:2328:6:bool ColorControlServer::moveToColorTempCommand(chip::app::CommandHandler*, const chip::app::ConcreteCommandPath&, const chip::app::Clusters::ColorControl::Commands::MoveToColorTemperature::DecodableType&)	32	static
C:/Users/olive/OneDrive/Documents/CubeMXPack/stm32wb-matter-device-over-thread-main/Middlewares/Third_Party/connectedhomeip/src/app/clusters/color-control-server/color-control-server.cpp:2349:6:bool ColorControlServer::stepColorTempCommand(chip::app::CommandHandler*, const chip::app::ConcreteCommandPath&, const chip::app::Clusters::ColorControl::Commands::StepColorTemperature::DecodableType&)	72	static
C:/Users/olive/OneDrive/Documents/CubeMXPack/stm32wb-matter-device-over-thread-main/Middlewares/Third_Party/connectedhomeip/src/app/clusters/color-control-server/color-control-server.cpp:2448:6:void ColorControlServer::levelControlColorTempChangeCommand(chip::EndpointId)	24	static
C:/Users/olive/OneDrive/Documents/CubeMXPack/stm32wb-matter-device-over-thread-main/Middlewares/Third_Party/connectedhomeip/src/app/clusters/color-control-server/color-control-server.cpp:2537:6:bool emberAfColorControlClusterMoveHueCallback(chip::app::CommandHandler*, const chip::app::ConcreteCommandPath&, const chip::app::Clusters::ColorControl::Commands::MoveHue::DecodableType&)	24	static
C:/Users/olive/OneDrive/Documents/CubeMXPack/stm32wb-matter-device-over-thread-main/Middlewares/Third_Party/connectedhomeip/src/app/clusters/color-control-server/color-control-server.cpp:2544:6:bool emberAfColorControlClusterMoveSaturationCallback(chip::app::CommandHandler*, const chip::app::ConcreteCommandPath&, const chip::app::Clusters::ColorControl::Commands::MoveSaturation::DecodableType&)	0	static
C:/Users/olive/OneDrive/Documents/CubeMXPack/stm32wb-matter-device-over-thread-main/Middlewares/Third_Party/connectedhomeip/src/app/clusters/color-control-server/color-control-server.cpp:2552:6:bool emberAfColorControlClusterMoveToHueCallback(chip::app::CommandHandler*, const chip::app::ConcreteCommandPath&, const chip::app::Clusters::ColorControl::Commands::MoveToHue::DecodableType&)	32	static
C:/Users/olive/OneDrive/Documents/CubeMXPack/stm32wb-matter-device-over-thread-main/Middlewares/Third_Party/connectedhomeip/src/app/clusters/color-control-server/color-control-server.cpp:2560:6:bool emberAfColorControlClusterMoveToSaturationCallback(chip::app::CommandHandler*, const chip::app::ConcreteCommandPath&, const chip::app::Clusters::ColorControl::Commands::MoveToSaturation::DecodableType&)	0	static
C:/Users/olive/OneDrive/Documents/CubeMXPack/stm32wb-matter-device-over-thread-main/Middlewares/Third_Party/connectedhomeip/src/app/clusters/color-control-server/color-control-server.cpp:2567:6:bool emberAfColorControlClusterMoveToHueAndSaturationCallback(chip::app::CommandHandler*, const chip::app::ConcreteCommandPath&, const chip::app::Clusters::ColorControl::Commands::MoveToHueAndSaturation::DecodableType&)	32	static
C:/Users/olive/OneDrive/Documents/CubeMXPack/stm32wb-matter-device-over-thread-main/Middlewares/Third_Party/connectedhomeip/src/app/clusters/color-control-server/color-control-server.cpp:2576:6:bool emberAfColorControlClusterStepHueCallback(chip::app::CommandHandler*, const chip::app::ConcreteCommandPath&, const chip::app::Clusters::ColorControl::Commands::StepHue::DecodableType&)	32	static
C:/Users/olive/OneDrive/Documents/CubeMXPack/stm32wb-matter-device-over-thread-main/Middlewares/Third_Party/connectedhomeip/src/app/clusters/color-control-server/color-control-server.cpp:2584:6:bool emberAfColorControlClusterStepSaturationCallback(chip::app::CommandHandler*, const chip::app::ConcreteCommandPath&, const chip::app::Clusters::ColorControl::Commands::StepSaturation::DecodableType&)	0	static
C:/Users/olive/OneDrive/Documents/CubeMXPack/stm32wb-matter-device-over-thread-main/Middlewares/Third_Party/connectedhomeip/src/app/clusters/color-control-server/color-control-server.cpp:2591:6:bool emberAfColorControlClusterEnhancedMoveHueCallback(chip::app::CommandHandler*, const chip::app::ConcreteCommandPath&, const chip::app::Clusters::ColorControl::Commands::EnhancedMoveHue::DecodableType&)	24	static
C:/Users/olive/OneDrive/Documents/CubeMXPack/stm32wb-matter-device-over-thread-main/Middlewares/Third_Party/connectedhomeip/src/app/clusters/color-control-server/color-control-server.cpp:2599:6:bool emberAfColorControlClusterEnhancedMoveToHueCallback(chip::app::CommandHandler*, const chip::app::ConcreteCommandPath&, const chip::app::Clusters::ColorControl::Commands::EnhancedMoveToHue::DecodableType&)	32	static
C:/Users/olive/OneDrive/Documents/CubeMXPack/stm32wb-matter-device-over-thread-main/Middlewares/Third_Party/connectedhomeip/src/app/clusters/color-control-server/color-control-server.cpp:2608:6:bool emberAfColorControlClusterEnhancedMoveToHueAndSaturationCallback(chip::app::CommandHandler*, const chip::app::ConcreteCommandPath&, const chip::app::Clusters::ColorControl::Commands::EnhancedMoveToHueAndSaturation::DecodableType&)	32	static
C:/Users/olive/OneDrive/Documents/CubeMXPack/stm32wb-matter-device-over-thread-main/Middlewares/Third_Party/connectedhomeip/src/app/clusters/color-control-server/color-control-server.cpp:2617:6:bool emberAfColorControlClusterEnhancedStepHueCallback(chip::app::CommandHandler*, const chip::app::ConcreteCommandPath&, const chip::app::Clusters::ColorControl::Commands::EnhancedStepHue::DecodableType&)	32	static
C:/Users/olive/OneDrive/Documents/CubeMXPack/stm32wb-matter-device-over-thread-main/Middlewares/Third_Party/connectedhomeip/src/app/clusters/color-control-server/color-control-server.cpp:2626:6:bool emberAfColorControlClusterColorLoopSetCallback(chip::app::CommandHandler*, const chip::app::ConcreteCommandPath&, const chip::app::Clusters::ColorControl::Commands::ColorLoopSet::DecodableType&)	0	static
C:/Users/olive/OneDrive/Documents/CubeMXPack/stm32wb-matter-device-over-thread-main/Middlewares/Third_Party/connectedhomeip/src/app/clusters/color-control-server/color-control-server.cpp:2636:6:bool emberAfColorControlClusterMoveToColorCallback(chip::app::CommandHandler*, const chip::app::ConcreteCommandPath&, const chip::app::Clusters::ColorControl::Commands::MoveToColor::DecodableType&)	0	static
C:/Users/olive/OneDrive/Documents/CubeMXPack/stm32wb-matter-device-over-thread-main/Middlewares/Third_Party/connectedhomeip/src/app/clusters/color-control-server/color-control-server.cpp:2642:6:bool emberAfColorControlClusterMoveColorCallback(chip::app::CommandHandler*, const chip::app::ConcreteCommandPath&, const chip::app::Clusters::ColorControl::Commands::MoveColor::DecodableType&)	0	static
C:/Users/olive/OneDrive/Documents/CubeMXPack/stm32wb-matter-device-over-thread-main/Middlewares/Third_Party/connectedhomeip/src/app/clusters/color-control-server/color-control-server.cpp:2648:6:bool emberAfColorControlClusterStepColorCallback(chip::app::CommandHandler*, const chip::app::ConcreteCommandPath&, const chip::app::Clusters::ColorControl::Commands::StepColor::DecodableType&)	0	static
C:/Users/olive/OneDrive/Documents/CubeMXPack/stm32wb-matter-device-over-thread-main/Middlewares/Third_Party/connectedhomeip/src/app/clusters/color-control-server/color-control-server.cpp:2658:6:bool emberAfColorControlClusterMoveToColorTemperatureCallback(chip::app::CommandHandler*, const chip::app::ConcreteCommandPath&, const chip::app::Clusters::ColorControl::Commands::MoveToColorTemperature::DecodableType&)	0	static
C:/Users/olive/OneDrive/Documents/CubeMXPack/stm32wb-matter-device-over-thread-main/Middlewares/Third_Party/connectedhomeip/src/app/clusters/color-control-server/color-control-server.cpp:2665:6:bool emberAfColorControlClusterMoveColorTemperatureCallback(chip::app::CommandHandler*, const chip::app::ConcreteCommandPath&, const chip::app::Clusters::ColorControl::Commands::MoveColorTemperature::DecodableType&)	0	static
C:/Users/olive/OneDrive/Documents/CubeMXPack/stm32wb-matter-device-over-thread-main/Middlewares/Third_Party/connectedhomeip/src/app/clusters/color-control-server/color-control-server.cpp:2672:6:bool emberAfColorControlClusterStepColorTemperatureCallback(chip::app::CommandHandler*, const chip::app::ConcreteCommandPath&, const chip::app::Clusters::ColorControl::Commands::StepColorTemperature::DecodableType&)	0	static
C:/Users/olive/OneDrive/Documents/CubeMXPack/stm32wb-matter-device-over-thread-main/Middlewares/Third_Party/connectedhomeip/src/app/clusters/color-control-server/color-control-server.cpp:2679:6:void emberAfPluginLevelControlCoupledColorTempChangeCallback(chip::EndpointId)	0	static
C:/Users/olive/OneDrive/Documents/CubeMXPack/stm32wb-matter-device-over-thread-main/Middlewares/Third_Party/connectedhomeip/src/app/clusters/color-control-server/color-control-server.cpp:2686:6:bool emberAfColorControlClusterStopMoveStepCallback(chip::app::CommandHandler*, const chip::app::ConcreteCommandPath&, const chip::app::Clusters::ColorControl::Commands::StopMoveStep::DecodableType&)	16	static
C:/Users/olive/OneDrive/Documents/CubeMXPack/stm32wb-matter-device-over-thread-main/Middlewares/Third_Party/connectedhomeip/src/app/clusters/color-control-server/color-control-server.cpp:2693:6:void emberAfColorControlClusterServerInitCallback(chip::EndpointId)	0	static
C:/Users/olive/OneDrive/Documents/CubeMXPack/stm32wb-matter-device-over-thread-main/Middlewares/Third_Party/connectedhomeip/src/app/clusters/color-control-server/color-control-server.cpp:2700:6:void MatterColorControlClusterServerShutdownCallback(chip::EndpointId)	8	static
C:/Users/olive/OneDrive/Documents/CubeMXPack/stm32wb-matter-device-over-thread-main/Middlewares/Third_Party/connectedhomeip/src/app/clusters/color-control-server/color-control-server.cpp:2742:6:void MatterColorControlPluginServerInitCallback()	0	static
