C:/Users/olive/OneDrive/Documents/CubeMXPack/stm32wb-matter-device-over-thread-main/Middlewares/Third_Party/connectedhomeip/src/inet/InetInterface.cpp:73:12:CHIP_ERROR chip::Inet::InterfaceId::GetInterfaceName(char*, size_t) const	0	static
C:/Users/olive/OneDrive/Documents/CubeMXPack/stm32wb-matter-device-over-thread-main/Middlewares/Third_Party/connectedhomeip/src/inet/InetInterface.cpp:88:12:static CHIP_ERROR chip::Inet::InterfaceId::InterfaceNameToId(const char*, chip::Inet::InterfaceId&)	24	static
C:/Users/olive/OneDrive/Documents/CubeMXPack/stm32wb-matter-device-over-thread-main/Middlewares/Third_Party/connectedhomeip/src/inet/InetInterface.cpp:109:6:bool chip::Inet::InterfaceIterator::Next()	0	static
C:/Users/olive/OneDrive/Documents/CubeMXPack/stm32wb-matter-device-over-thread-main/Middlewares/Third_Party/connectedhomeip/src/inet/InetInterface.cpp:115:1:chip::Inet::InterfaceAddressIterator::InterfaceAddressIterator()	0	static
C:/Users/olive/OneDrive/Documents/CubeMXPack/stm32wb-matter-device-over-thread-main/Middlewares/Third_Party/connectedhomeip/src/inet/InetInterface.cpp:126:6:bool chip::Inet::InterfaceAddressIterator::Next()	8	static
C:/Users/olive/OneDrive/Documents/CubeMXPack/stm32wb-matter-device-over-thread-main/Middlewares/Third_Party/connectedhomeip/src/inet/InetInterface.cpp:121:6:bool chip::Inet::InterfaceAddressIterator::HasCurrent()	0	static
C:/Users/olive/OneDrive/Documents/CubeMXPack/stm32wb-matter-device-over-thread-main/Middlewares/Third_Party/connectedhomeip/src/inet/InetInterface.cpp:140:12:CHIP_ERROR chip::Inet::InterfaceAddressIterator::GetAddress(chip::Inet::IPAddress&)	32	static
C:/Users/olive/OneDrive/Documents/CubeMXPack/stm32wb-matter-device-over-thread-main/Middlewares/Third_Party/connectedhomeip/src/inet/InetInterface.cpp:151:9:uint8_t chip::Inet::InterfaceAddressIterator::GetPrefixLength()	0	static
C:/Users/olive/OneDrive/Documents/CubeMXPack/stm32wb-matter-device-over-thread-main/Middlewares/Third_Party/connectedhomeip/src/inet/InetInterface.cpp:981:13:static chip::Inet::InterfaceId chip::Inet::InterfaceId::FromIPAddress(const chip::Inet::IPAddress&)	40	static
C:/Users/olive/OneDrive/Documents/CubeMXPack/stm32wb-matter-device-over-thread-main/Middlewares/Third_Party/connectedhomeip/src/inet/InetInterface.cpp:998:6:static bool chip::Inet::InterfaceId::MatchLocalIPv6Subnet(const chip::Inet::IPAddress&)	48	static
C:/Users/olive/OneDrive/Documents/CubeMXPack/stm32wb-matter-device-over-thread-main/Middlewares/Third_Party/connectedhomeip/src/inet/InetInterface.cpp:1023:9:uint8_t chip::Inet::NetmaskToPrefixLength(const uint8_t*, uint16_t)	8	static
