C:/Users/olive/OneDrive/Documents/CubeMXPack/stm32wb-matter-device-over-thread-main/Projects/P-NUCLEO-WB55.Nucleo/Applications/Matter/Lighting-AppOG/STM32_WPAN/App/app_ble.c:814:13:HciUserEvtProcess	8	static
C:/Users/olive/OneDrive/Documents/CubeMXPack/stm32wb-matter-device-over-thread-main/Projects/P-NUCLEO-WB55.Nucleo/Applications/Matter/Lighting-AppOG/STM32_WPAN/App/app_ble.c:838:13:BLE_UserEvtRx	8	static
C:/Users/olive/OneDrive/Documents/CubeMXPack/stm32wb-matter-device-over-thread-main/Projects/P-NUCLEO-WB55.Nucleo/Applications/Matter/Lighting-AppOG/STM32_WPAN/App/app_ble.c:852:13:BLE_StatusNot	0	static
C:/Users/olive/OneDrive/Documents/CubeMXPack/stm32wb-matter-device-over-thread-main/Projects/P-NUCLEO-WB55.Nucleo/Applications/Matter/Lighting-AppOG/STM32_WPAN/App/app_ble.c:770:13:Switch_OFF_GPIO	0	static
C:/Users/olive/OneDrive/Documents/CubeMXPack/stm32wb-matter-device-over-thread-main/Projects/P-NUCLEO-WB55.Nucleo/Applications/Matter/Lighting-AppOG/STM32_WPAN/App/app_ble.c:255:6:APP_BLE_Init_Dyn_1	120	static
C:/Users/olive/OneDrive/Documents/CubeMXPack/stm32wb-matter-device-over-thread-main/Projects/P-NUCLEO-WB55.Nucleo/Applications/Matter/Lighting-AppOG/STM32_WPAN/App/app_ble.c:341:6:APP_BLE_Init_Dyn_2	0	static
C:/Users/olive/OneDrive/Documents/CubeMXPack/stm32wb-matter-device-over-thread-main/Projects/P-NUCLEO-WB55.Nucleo/Applications/Matter/Lighting-AppOG/STM32_WPAN/App/app_ble.c:372:28:SVCCTL_App_Notification	16	static
C:/Users/olive/OneDrive/Documents/CubeMXPack/stm32wb-matter-device-over-thread-main/Projects/P-NUCLEO-WB55.Nucleo/Applications/Matter/Lighting-AppOG/STM32_WPAN/App/app_ble.c:463:22:APP_BLE_Get_Server_Connection_Status	0	static
C:/Users/olive/OneDrive/Documents/CubeMXPack/stm32wb-matter-device-over-thread-main/Projects/P-NUCLEO-WB55.Nucleo/Applications/Matter/Lighting-AppOG/STM32_WPAN/App/app_ble.c:468:6:APP_BLE_Key_Button2_Action	16	static
C:/Users/olive/OneDrive/Documents/CubeMXPack/stm32wb-matter-device-over-thread-main/Projects/P-NUCLEO-WB55.Nucleo/Applications/Matter/Lighting-AppOG/STM32_WPAN/App/app_ble.c:478:6:APP_BLE_Key_Button3_Action	0	static
C:/Users/olive/OneDrive/Documents/CubeMXPack/stm32wb-matter-device-over-thread-main/Projects/P-NUCLEO-WB55.Nucleo/Applications/Matter/Lighting-AppOG/STM32_WPAN/App/app_ble.c:481:6:APP_BLE_Stop	0	static
C:/Users/olive/OneDrive/Documents/CubeMXPack/stm32wb-matter-device-over-thread-main/Projects/P-NUCLEO-WB55.Nucleo/Applications/Matter/Lighting-AppOG/STM32_WPAN/App/app_ble.c:631:6:APP_BLE_Adv_Request	56	static
C:/Users/olive/OneDrive/Documents/CubeMXPack/stm32wb-matter-device-over-thread-main/Projects/P-NUCLEO-WB55.Nucleo/Applications/Matter/Lighting-AppOG/STM32_WPAN/App/app_ble.c:356:6:APP_BLE_Init_Dyn_3	16	static
C:/Users/olive/OneDrive/Documents/CubeMXPack/stm32wb-matter-device-over-thread-main/Projects/P-NUCLEO-WB55.Nucleo/Applications/Matter/Lighting-AppOG/STM32_WPAN/App/app_ble.c:741:6:APP_BLE_Adv_Cancel	8	static
C:/Users/olive/OneDrive/Documents/CubeMXPack/stm32wb-matter-device-over-thread-main/Projects/P-NUCLEO-WB55.Nucleo/Applications/Matter/Lighting-AppOG/STM32_WPAN/App/app_ble.c:737:6:BleAdvWorkaroundTimeoutHandler	0	static
C:/Users/olive/OneDrive/Documents/CubeMXPack/stm32wb-matter-device-over-thread-main/Projects/P-NUCLEO-WB55.Nucleo/Applications/Matter/Lighting-AppOG/STM32_WPAN/App/app_ble.c:823:6:hci_notify_asynch_evt	0	static
C:/Users/olive/OneDrive/Documents/CubeMXPack/stm32wb-matter-device-over-thread-main/Projects/P-NUCLEO-WB55.Nucleo/Applications/Matter/Lighting-AppOG/STM32_WPAN/App/app_ble.c:828:6:hci_cmd_resp_release	0	static
C:/Users/olive/OneDrive/Documents/CubeMXPack/stm32wb-matter-device-over-thread-main/Projects/P-NUCLEO-WB55.Nucleo/Applications/Matter/Lighting-AppOG/STM32_WPAN/App/app_ble.c:833:6:hci_cmd_resp_wait	0	static
C:/Users/olive/OneDrive/Documents/CubeMXPack/stm32wb-matter-device-over-thread-main/Projects/P-NUCLEO-WB55.Nucleo/Applications/Matter/Lighting-AppOG/STM32_WPAN/App/app_ble.c:878:6:SVCCTL_ResumeUserEventFlow	0	static
