C:/Users/olive/OneDrive/Documents/CubeMXPack/stm32wb-matter-device-over-thread-main/Middlewares/Third_Party/connectedhomeip/src/lib/dnssd/IncrementalResolve.cpp:44:7:chip::Dnssd::{anonymous}::TxtParser<chip::Dnssd::CommonResolutionData>::~TxtParser()	0	static
C:/Users/olive/OneDrive/Documents/CubeMXPack/stm32wb-matter-device-over-thread-main/Middlewares/Third_Party/connectedhomeip/src/lib/dnssd/IncrementalResolve.cpp:44:7:chip::Dnssd::{anonymous}::TxtParser<chip::Dnssd::CommissionNodeData>::~TxtParser()	0	static
C:/Users/olive/OneDrive/Documents/CubeMXPack/stm32wb-matter-device-over-thread-main/Middlewares/Third_Party/connectedhomeip/src/lib/dnssd/IncrementalResolve.cpp:48:10:void chip::Dnssd::{anonymous}::TxtParser<DataType>::OnRecord(const mdns::Minimal::BytesRange&, const mdns::Minimal::BytesRange&) [with DataType = chip::Dnssd::CommonResolutionData]	24	static
C:/Users/olive/OneDrive/Documents/CubeMXPack/stm32wb-matter-device-over-thread-main/Middlewares/Third_Party/connectedhomeip/src/lib/dnssd/IncrementalResolve.cpp:44:7:virtual chip::Dnssd::{anonymous}::TxtParser<chip::Dnssd::CommonResolutionData>::~TxtParser()	8	static
C:/Users/olive/OneDrive/Documents/CubeMXPack/stm32wb-matter-device-over-thread-main/Middlewares/Third_Party/connectedhomeip/src/lib/dnssd/IncrementalResolve.cpp:44:7:virtual chip::Dnssd::{anonymous}::TxtParser<chip::Dnssd::CommissionNodeData>::~TxtParser()	8	static
C:/Users/olive/OneDrive/Documents/CubeMXPack/stm32wb-matter-device-over-thread-main/Middlewares/Third_Party/connectedhomeip/src/lib/dnssd/IncrementalResolve.cpp:48:10:void chip::Dnssd::{anonymous}::TxtParser<DataType>::OnRecord(const mdns::Minimal::BytesRange&, const mdns::Minimal::BytesRange&) [with DataType = chip::Dnssd::CommissionNodeData]	24	static
../../../../../../../Middlewares/Third_Party/connectedhomeip/src/lib/dnssd/Resolver.h:39:8:constexpr chip::Dnssd::CommonResolutionData& chip::Dnssd::CommonResolutionData::operator=(const chip::Dnssd::CommonResolutionData&)	16	static
../../../../../../../Middlewares/Third_Party/connectedhomeip/src/lib/dnssd/IncrementalResolve.h:150:10:void chip::Dnssd::IncrementalResolver::ResetToInactive()	24	static
C:/Users/olive/OneDrive/Documents/CubeMXPack/stm32wb-matter-device-over-thread-main/Middlewares/Third_Party/connectedhomeip/src/lib/dnssd/IncrementalResolve.cpp:127:12:CHIP_ERROR chip::Dnssd::StoredServerName::Set(mdns::Minimal::SerializedQNameIterator)	56	static
C:/Users/olive/OneDrive/Documents/CubeMXPack/stm32wb-matter-device-over-thread-main/Middlewares/Third_Party/connectedhomeip/src/lib/dnssd/IncrementalResolve.cpp:143:25:mdns::Minimal::SerializedQNameIterator chip::Dnssd::StoredServerName::Get() const	8	static
C:/Users/olive/OneDrive/Documents/CubeMXPack/stm32wb-matter-device-over-thread-main/Middlewares/Third_Party/connectedhomeip/src/lib/dnssd/IncrementalResolve.cpp:221:47:chip::Dnssd::IncrementalResolver::RequiredInformationFlags chip::Dnssd::IncrementalResolver::GetMissingRequiredInformation() const	0	static
C:/Users/olive/OneDrive/Documents/CubeMXPack/stm32wb-matter-device-over-thread-main/Middlewares/Third_Party/connectedhomeip/src/lib/dnssd/IncrementalResolve.cpp:305:12:CHIP_ERROR chip::Dnssd::IncrementalResolver::OnTxtRecord(const mdns::Minimal::ResourceData&, mdns::Minimal::BytesRange)	32	static
C:/Users/olive/OneDrive/Documents/CubeMXPack/stm32wb-matter-device-over-thread-main/Middlewares/Third_Party/connectedhomeip/src/lib/dnssd/IncrementalResolve.cpp:327:12:CHIP_ERROR chip::Dnssd::IncrementalResolver::OnIpAddress(chip::Inet::InterfaceId, const chip::Inet::IPAddress&)	8	static
C:/Users/olive/OneDrive/Documents/CubeMXPack/stm32wb-matter-device-over-thread-main/Middlewares/Third_Party/connectedhomeip/src/lib/dnssd/IncrementalResolve.cpp:240:12:CHIP_ERROR chip::Dnssd::IncrementalResolver::OnRecord(chip::Inet::InterfaceId, const mdns::Minimal::ResourceData&, mdns::Minimal::BytesRange)	184	static
C:/Users/olive/OneDrive/Documents/CubeMXPack/stm32wb-matter-device-over-thread-main/Middlewares/Third_Party/connectedhomeip/src/lib/dnssd/IncrementalResolve.cpp:352:12:CHIP_ERROR chip::Dnssd::IncrementalResolver::Take(chip::Dnssd::DiscoveredNodeData&)	24	static
C:/Users/olive/OneDrive/Documents/CubeMXPack/stm32wb-matter-device-over-thread-main/Middlewares/Third_Party/connectedhomeip/src/lib/dnssd/IncrementalResolve.cpp:366:12:CHIP_ERROR chip::Dnssd::IncrementalResolver::Take(chip::Dnssd::ResolvedNodeData&)	16	static
../../../../../../../Middlewares/Third_Party/connectedhomeip/src/lib/support/CHIPMemString.h:66:13:void chip::Platform::CopyString(char (&)[N], const char*) [with unsigned int N = 17]	8	static
C:/Users/olive/OneDrive/Documents/CubeMXPack/stm32wb-matter-device-over-thread-main/Middlewares/Third_Party/connectedhomeip/src/lib/dnssd/IncrementalResolve.cpp:148:12:CHIP_ERROR chip::Dnssd::IncrementalResolver::InitializeParsing(mdns::Minimal::SerializedQNameIterator, const mdns::Minimal::SrvRecord&)	360	static
