../../../../../../../Middlewares/Third_Party/connectedhomeip/src/lib/core/TLVTypes.h:195:21:chip::TLV::TLVFieldSize chip::TLV::GetTLVFieldSize(TLVElementType)	0	static
C:/Users/olive/OneDrive/Documents/CubeMXPack/stm32wb-matter-device-over-thread-main/Middlewares/Third_Party/connectedhomeip/src/lib/core/TLVReader.cpp:80:6:void chip::TLV::TLVReader::Init(const chip::TLV::TLVReader&)	0	static
C:/Users/olive/OneDrive/Documents/CubeMXPack/stm32wb-matter-device-over-thread-main/Middlewares/Third_Party/connectedhomeip/src/lib/core/TLVReader.cpp:643:6:void chip::TLV::TLVReader::ClearElementState()	0	static
C:/Users/olive/OneDrive/Documents/CubeMXPack/stm32wb-matter-device-over-thread-main/Middlewares/Third_Party/connectedhomeip/src/lib/core/TLVReader.cpp:43:6:void chip::TLV::TLVReader::Init(const uint8_t*, size_t)	16	static
C:/Users/olive/OneDrive/Documents/CubeMXPack/stm32wb-matter-device-over-thread-main/Middlewares/Third_Party/connectedhomeip/src/lib/core/TLVReader.cpp:59:12:CHIP_ERROR chip::TLV::TLVReader::Init(chip::TLV::TLVBackingStore&, uint32_t)	24	static
C:/Users/olive/OneDrive/Documents/CubeMXPack/stm32wb-matter-device-over-thread-main/Middlewares/Third_Party/connectedhomeip/src/lib/core/TLVReader.cpp:854:5:chip::TLV::Tag chip::TLV::TLVReader::ReadTag(chip::TLV::TLVTagControl, const uint8_t*&) const	12	static
C:/Users/olive/OneDrive/Documents/CubeMXPack/stm32wb-matter-device-over-thread-main/Middlewares/Third_Party/connectedhomeip/src/lib/core/TLVReader.cpp:918:12:CHIP_ERROR chip::TLV::TLVReader::EnsureData(CHIP_ERROR)	24	static
C:/Users/olive/OneDrive/Documents/CubeMXPack/stm32wb-matter-device-over-thread-main/Middlewares/Third_Party/connectedhomeip/src/lib/core/TLVReader.cpp:889:12:CHIP_ERROR chip::TLV::TLVReader::ReadData(uint8_t*, uint32_t)	24	static
C:/Users/olive/OneDrive/Documents/CubeMXPack/stm32wb-matter-device-over-thread-main/Middlewares/Third_Party/connectedhomeip/src/lib/core/TLVReader.cpp:988:16:chip::TLV::TLVElementType chip::TLV::TLVReader::ElementType() const	0	static
C:/Users/olive/OneDrive/Documents/CubeMXPack/stm32wb-matter-device-over-thread-main/Middlewares/Third_Party/connectedhomeip/src/lib/core/TLVReader.cpp:101:9:chip::TLV::TLVType chip::TLV::TLVReader::GetType() const	8	static
C:/Users/olive/OneDrive/Documents/CubeMXPack/stm32wb-matter-device-over-thread-main/Middlewares/Third_Party/connectedhomeip/src/lib/core/TLVReader.cpp:113:10:uint32_t chip::TLV::TLVReader::GetLength() const	8	static
C:/Users/olive/OneDrive/Documents/CubeMXPack/stm32wb-matter-device-over-thread-main/Middlewares/Third_Party/connectedhomeip/src/lib/core/TLVReader.cpp:120:12:CHIP_ERROR chip::TLV::TLVReader::Get(bool&)	8	static
C:/Users/olive/OneDrive/Documents/CubeMXPack/stm32wb-matter-device-over-thread-main/Middlewares/Third_Party/connectedhomeip/src/lib/core/TLVReader.cpp:228:12:CHIP_ERROR chip::TLV::TLVReader::Get(uint64_t&)	8	static
C:/Users/olive/OneDrive/Documents/CubeMXPack/stm32wb-matter-device-over-thread-main/Middlewares/Third_Party/connectedhomeip/src/lib/core/TLVReader.cpp:192:12:CHIP_ERROR chip::TLV::TLVReader::Get(uint8_t&)	16	static
C:/Users/olive/OneDrive/Documents/CubeMXPack/stm32wb-matter-device-over-thread-main/Middlewares/Third_Party/connectedhomeip/src/lib/core/TLVReader.cpp:204:12:CHIP_ERROR chip::TLV::TLVReader::Get(uint16_t&)	16	static
C:/Users/olive/OneDrive/Documents/CubeMXPack/stm32wb-matter-device-over-thread-main/Middlewares/Third_Party/connectedhomeip/src/lib/core/TLVReader.cpp:216:12:CHIP_ERROR chip::TLV::TLVReader::Get(uint32_t&)	16	static
C:/Users/olive/OneDrive/Documents/CubeMXPack/stm32wb-matter-device-over-thread-main/Middlewares/Third_Party/connectedhomeip/src/lib/core/TLVReader.cpp:259:12:CHIP_ERROR chip::TLV::TLVReader::Get(float&)	8	static
C:/Users/olive/OneDrive/Documents/CubeMXPack/stm32wb-matter-device-over-thread-main/Middlewares/Third_Party/connectedhomeip/src/lib/core/TLVReader.cpp:273:12:CHIP_ERROR chip::TLV::TLVReader::Get(double&)	8	static
C:/Users/olive/OneDrive/Documents/CubeMXPack/stm32wb-matter-device-over-thread-main/Middlewares/Third_Party/connectedhomeip/src/lib/core/TLVReader.cpp:374:12:CHIP_ERROR chip::TLV::TLVReader::GetBytes(uint8_t*, size_t)	16	static
C:/Users/olive/OneDrive/Documents/CubeMXPack/stm32wb-matter-device-over-thread-main/Middlewares/Third_Party/connectedhomeip/src/lib/core/TLVReader.cpp:391:12:CHIP_ERROR chip::TLV::TLVReader::GetString(char*, size_t)	24	static
C:/Users/olive/OneDrive/Documents/CubeMXPack/stm32wb-matter-device-over-thread-main/Middlewares/Third_Party/connectedhomeip/src/lib/core/TLVReader.cpp:404:12:CHIP_ERROR chip::TLV::TLVReader::DupBytes(uint8_t*&, uint32_t&)	24	static
C:/Users/olive/OneDrive/Documents/CubeMXPack/stm32wb-matter-device-over-thread-main/Middlewares/Third_Party/connectedhomeip/src/lib/core/TLVReader.cpp:427:12:CHIP_ERROR chip::TLV::TLVReader::DupString(char*&)	24	static
C:/Users/olive/OneDrive/Documents/CubeMXPack/stm32wb-matter-device-over-thread-main/Middlewares/Third_Party/connectedhomeip/src/lib/core/TLVReader.cpp:453:12:CHIP_ERROR chip::TLV::TLVReader::GetDataPtr(const uint8_t*&)	16	static
C:/Users/olive/OneDrive/Documents/CubeMXPack/stm32wb-matter-device-over-thread-main/Middlewares/Third_Party/connectedhomeip/src/lib/core/TLVReader.cpp:293:12:CHIP_ERROR chip::TLV::TLVReader::Get(chip::ByteSpan&)	24	static
C:/Users/olive/OneDrive/Documents/CubeMXPack/stm32wb-matter-device-over-thread-main/Middlewares/Third_Party/connectedhomeip/src/lib/core/TLVReader.cpp:482:12:CHIP_ERROR chip::TLV::TLVReader::OpenContainer(chip::TLV::TLVReader&)	16	static
C:/Users/olive/OneDrive/Documents/CubeMXPack/stm32wb-matter-device-over-thread-main/Middlewares/Third_Party/connectedhomeip/src/lib/core/TLVReader.cpp:528:12:CHIP_ERROR chip::TLV::TLVReader::EnterContainer(chip::TLV::TLVType&)	8	static
C:/Users/olive/OneDrive/Documents/CubeMXPack/stm32wb-matter-device-over-thread-main/Middlewares/Third_Party/connectedhomeip/src/lib/core/TLVReader.cpp:659:12:CHIP_ERROR chip::TLV::TLVReader::SkipData()	8	static
C:/Users/olive/OneDrive/Documents/CubeMXPack/stm32wb-matter-device-over-thread-main/Middlewares/Third_Party/connectedhomeip/src/lib/core/TLVReader.cpp:801:12:CHIP_ERROR chip::TLV::TLVReader::VerifyElement()	8	static
C:/Users/olive/OneDrive/Documents/CubeMXPack/stm32wb-matter-device-over-thread-main/Middlewares/Third_Party/connectedhomeip/src/lib/core/TLVReader.cpp:715:12:CHIP_ERROR chip::TLV::TLVReader::ReadElement()	64	static
C:/Users/olive/OneDrive/Documents/CubeMXPack/stm32wb-matter-device-over-thread-main/Middlewares/Third_Party/connectedhomeip/src/lib/core/TLVReader.cpp:674:12:CHIP_ERROR chip::TLV::TLVReader::SkipToEndOfContainer()	16	static
C:/Users/olive/OneDrive/Documents/CubeMXPack/stm32wb-matter-device-over-thread-main/Middlewares/Third_Party/connectedhomeip/src/lib/core/TLVReader.cpp:543:12:CHIP_ERROR chip::TLV::TLVReader::ExitContainer(chip::TLV::TLVType)	16	static
C:/Users/olive/OneDrive/Documents/CubeMXPack/stm32wb-matter-device-over-thread-main/Middlewares/Third_Party/connectedhomeip/src/lib/core/TLVReader.cpp:504:12:CHIP_ERROR chip::TLV::TLVReader::CloseContainer(chip::TLV::TLVReader&)	16	static
C:/Users/olive/OneDrive/Documents/CubeMXPack/stm32wb-matter-device-over-thread-main/Middlewares/Third_Party/connectedhomeip/src/lib/core/TLVReader.cpp:607:12:CHIP_ERROR chip::TLV::TLVReader::Skip()	16	static
C:/Users/olive/OneDrive/Documents/CubeMXPack/stm32wb-matter-device-over-thread-main/Middlewares/Third_Party/connectedhomeip/src/lib/core/TLVReader.cpp:567:12:CHIP_ERROR chip::TLV::TLVReader::Next()	8	static
C:/Users/olive/OneDrive/Documents/CubeMXPack/stm32wb-matter-device-over-thread-main/Middlewares/Third_Party/connectedhomeip/src/lib/core/TLVReader.cpp:557:12:CHIP_ERROR chip::TLV::TLVReader::VerifyEndOfContainer()	8	static
C:/Users/olive/OneDrive/Documents/CubeMXPack/stm32wb-matter-device-over-thread-main/Middlewares/Third_Party/connectedhomeip/src/lib/core/TLVReader.cpp:587:12:CHIP_ERROR chip::TLV::TLVReader::Next(chip::TLV::Tag)	16	static
C:/Users/olive/OneDrive/Documents/CubeMXPack/stm32wb-matter-device-over-thread-main/Middlewares/Third_Party/connectedhomeip/src/lib/core/TLVReader.cpp:597:12:CHIP_ERROR chip::TLV::TLVReader::Next(chip::TLV::TLVType, chip::TLV::Tag)	16	static
C:/Users/olive/OneDrive/Documents/CubeMXPack/stm32wb-matter-device-over-thread-main/Middlewares/Third_Party/connectedhomeip/src/lib/core/TLVReader.cpp:168:12:CHIP_ERROR chip::TLV::TLVReader::Get(int64_t&)	8	static
C:/Users/olive/OneDrive/Documents/CubeMXPack/stm32wb-matter-device-over-thread-main/Middlewares/Third_Party/connectedhomeip/src/lib/core/TLVReader.cpp:132:12:CHIP_ERROR chip::TLV::TLVReader::Get(int8_t&)	16	static
C:/Users/olive/OneDrive/Documents/CubeMXPack/stm32wb-matter-device-over-thread-main/Middlewares/Third_Party/connectedhomeip/src/lib/core/TLVReader.cpp:144:12:CHIP_ERROR chip::TLV::TLVReader::Get(int16_t&)	16	static
C:/Users/olive/OneDrive/Documents/CubeMXPack/stm32wb-matter-device-over-thread-main/Middlewares/Third_Party/connectedhomeip/src/lib/core/TLVReader.cpp:156:12:CHIP_ERROR chip::TLV::TLVReader::Get(int32_t&)	16	static
C:/Users/olive/OneDrive/Documents/CubeMXPack/stm32wb-matter-device-over-thread-main/Middlewares/Third_Party/connectedhomeip/src/lib/core/TLVReader.cpp:307:12:CHIP_ERROR chip::TLV::TLVReader::Get(chip::CharSpan&)	32	static
C:/Users/olive/OneDrive/Documents/CubeMXPack/stm32wb-matter-device-over-thread-main/Middlewares/Third_Party/connectedhomeip/src/lib/core/TLVReader.cpp:331:12:CHIP_ERROR chip::TLV::TLVReader::Get(chip::Optional<short unsigned int>&)	40	static
C:/Users/olive/OneDrive/Documents/CubeMXPack/stm32wb-matter-device-over-thread-main/Middlewares/Third_Party/connectedhomeip/src/lib/core/TLVReader.cpp:952:12:CHIP_ERROR chip::TLV::TLVReader::GetElementHeadLength(uint8_t&) const	16	static
C:/Users/olive/OneDrive/Documents/CubeMXPack/stm32wb-matter-device-over-thread-main/Middlewares/Third_Party/connectedhomeip/src/lib/core/TLVReader.cpp:995:12:CHIP_ERROR chip::TLV::TLVReader::FindElementWithTag(chip::TLV::Tag, chip::TLV::TLVReader&) const	72	static
C:/Users/olive/OneDrive/Documents/CubeMXPack/stm32wb-matter-device-over-thread-main/Middlewares/Third_Party/connectedhomeip/src/lib/core/TLVReader.cpp:1019:12:CHIP_ERROR chip::TLV::TLVReader::CountRemainingInContainer(size_t*) const	72	static
C:/Users/olive/OneDrive/Documents/CubeMXPack/stm32wb-matter-device-over-thread-main/Middlewares/Third_Party/connectedhomeip/src/lib/core/TLVReader.cpp:1041:12:CHIP_ERROR chip::TLV::ContiguousBufferTLVReader::OpenContainer(chip::TLV::ContiguousBufferTLVReader&)	0	static
C:/Users/olive/OneDrive/Documents/CubeMXPack/stm32wb-matter-device-over-thread-main/Middlewares/Third_Party/connectedhomeip/src/lib/core/TLVReader.cpp:1052:12:CHIP_ERROR chip::TLV::ContiguousBufferTLVReader::GetStringView(chip::Span<const char>&)	0	static
C:/Users/olive/OneDrive/Documents/CubeMXPack/stm32wb-matter-device-over-thread-main/Middlewares/Third_Party/connectedhomeip/src/lib/core/TLVReader.cpp:1057:12:CHIP_ERROR chip::TLV::ContiguousBufferTLVReader::GetByteView(chip::ByteSpan&)	8	static
