C:/Users/olive/OneDrive/Documents/CubeMXPack/stm32wb-matter-device-over-thread-main/Middlewares/Third_Party/connectedhomeip/src/lib/core/TLVUtilities.cpp:185:19:CHIP_ERROR chip::TLV::Utilities::CountHandler(const chip::TLV::TLVReader&, size_t, void*)	0	static
C:/Users/olive/OneDrive/Documents/CubeMXPack/stm32wb-matter-device-over-thread-main/Middlewares/Third_Party/connectedhomeip/src/lib/core/TLVUtilities.cpp:338:19:CHIP_ERROR chip::TLV::Utilities::FindPredicateHandler(const chip::TLV::TLVReader&, size_t, void*)	16	static
C:/Users/olive/OneDrive/Documents/CubeMXPack/stm32wb-matter-device-over-thread-main/Middlewares/Third_Party/connectedhomeip/src/lib/core/TLVUtilities.cpp:70:19:CHIP_ERROR chip::TLV::Utilities::Iterate(chip::TLV::TLVReader&, size_t, IterateHandler, void*, bool)	56	static
C:/Users/olive/OneDrive/Documents/CubeMXPack/stm32wb-matter-device-over-thread-main/Middlewares/Third_Party/connectedhomeip/src/lib/core/TLVUtilities.cpp:258:19:CHIP_ERROR chip::TLV::Utilities::FindHandler(const chip::TLV::TLVReader&, size_t, void*)	16	static
C:/Users/olive/OneDrive/Documents/CubeMXPack/stm32wb-matter-device-over-thread-main/Middlewares/Third_Party/connectedhomeip/src/lib/core/TLVUtilities.cpp:160:12:0(const chip::TLV::TLVReader&, IterateHandler, void*, bool)	80	static
C:/Users/olive/OneDrive/Documents/CubeMXPack/stm32wb-matter-device-over-thread-main/Middlewares/Third_Party/connectedhomeip/src/lib/core/TLVUtilities.cpp:160:12:CHIP_ERROR chip::TLV::Utilities::Iterate(const chip::TLV::TLVReader&, IterateHandler, void*, bool)	0	static
C:/Users/olive/OneDrive/Documents/CubeMXPack/stm32wb-matter-device-over-thread-main/Middlewares/Third_Party/connectedhomeip/src/lib/core/TLVUtilities.cpp:128:12:CHIP_ERROR chip::TLV::Utilities::Iterate(const chip::TLV::TLVReader&, IterateHandler, void*)	0	static
C:/Users/olive/OneDrive/Documents/CubeMXPack/stm32wb-matter-device-over-thread-main/Middlewares/Third_Party/connectedhomeip/src/lib/core/TLVUtilities.cpp:231:12:CHIP_ERROR chip::TLV::Utilities::Count(const chip::TLV::TLVReader&, size_t&, bool)	8	static
C:/Users/olive/OneDrive/Documents/CubeMXPack/stm32wb-matter-device-over-thread-main/Middlewares/Third_Party/connectedhomeip/src/lib/core/TLVUtilities.cpp:208:12:CHIP_ERROR chip::TLV::Utilities::Count(const chip::TLV::TLVReader&, size_t&)	0	static
C:/Users/olive/OneDrive/Documents/CubeMXPack/stm32wb-matter-device-over-thread-main/Middlewares/Third_Party/connectedhomeip/src/lib/core/TLVUtilities.cpp:313:12:CHIP_ERROR chip::TLV::Utilities::Find(const chip::TLV::TLVReader&, const chip::TLV::Tag&, chip::TLV::TLVReader&, bool)	16	static
C:/Users/olive/OneDrive/Documents/CubeMXPack/stm32wb-matter-device-over-thread-main/Middlewares/Third_Party/connectedhomeip/src/lib/core/TLVUtilities.cpp:288:12:CHIP_ERROR chip::TLV::Utilities::Find(const chip::TLV::TLVReader&, const chip::TLV::Tag&, chip::TLV::TLVReader&)	0	static
C:/Users/olive/OneDrive/Documents/CubeMXPack/stm32wb-matter-device-over-thread-main/Middlewares/Third_Party/connectedhomeip/src/lib/core/TLVUtilities.cpp:334:1:chip::TLV::Utilities::FindPredicateContext::FindPredicateContext(chip::TLV::TLVReader&, chip::TLV::Utilities::IterateHandler, void*)	8	static
C:/Users/olive/OneDrive/Documents/CubeMXPack/stm32wb-matter-device-over-thread-main/Middlewares/Third_Party/connectedhomeip/src/lib/core/TLVUtilities.cpp:414:12:CHIP_ERROR chip::TLV::Utilities::Find(const chip::TLV::TLVReader&, IterateHandler, void*, chip::TLV::TLVReader&, bool)	24	static
C:/Users/olive/OneDrive/Documents/CubeMXPack/stm32wb-matter-device-over-thread-main/Middlewares/Third_Party/connectedhomeip/src/lib/core/TLVUtilities.cpp:378:12:CHIP_ERROR chip::TLV::Utilities::Find(const chip::TLV::TLVReader&, IterateHandler, void*, chip::TLV::TLVReader&)	16	static
