C:/Users/olive/OneDrive/Documents/CubeMXPack/stm32wb-matter-device-over-thread-main/Middlewares/Third_Party/connectedhomeip/src/messaging/ReliableMessageContext.cpp:42:1:chip::Messaging::ReliableMessageContext::ReliableMessageContext()	12	static
C:/Users/olive/OneDrive/Documents/CubeMXPack/stm32wb-matter-device-over-thread-main/Middlewares/Third_Party/connectedhomeip/src/messaging/ReliableMessageContext.cpp:44:19:chip::Messaging::ExchangeContext* chip::Messaging::ReliableMessageContext::GetExchangeContext()	0	static
C:/Users/olive/OneDrive/Documents/CubeMXPack/stm32wb-matter-device-over-thread-main/Middlewares/Third_Party/connectedhomeip/src/messaging/ReliableMessageContext.cpp:49:22:chip::Messaging::ReliableMessageMgr* chip::Messaging::ReliableMessageContext::GetReliableMessageMgr()	0	static
C:/Users/olive/OneDrive/Documents/CubeMXPack/stm32wb-matter-device-over-thread-main/Middlewares/Third_Party/connectedhomeip/src/messaging/ReliableMessageContext.cpp:83:6:void chip::Messaging::ReliableMessageContext::HandleRcvdAck(uint32_t)	24	static
C:/Users/olive/OneDrive/Documents/CubeMXPack/stm32wb-matter-device-over-thread-main/Middlewares/Third_Party/connectedhomeip/src/messaging/ReliableMessageContext.cpp:166:12:CHIP_ERROR chip::Messaging::ReliableMessageContext::SendStandaloneAckMessage()	48	static
C:/Users/olive/OneDrive/Documents/CubeMXPack/stm32wb-matter-device-over-thread-main/Middlewares/Third_Party/connectedhomeip/src/messaging/ReliableMessageContext.cpp:54:12:CHIP_ERROR chip::Messaging::ReliableMessageContext::FlushAcks()	24	static
C:/Users/olive/OneDrive/Documents/CubeMXPack/stm32wb-matter-device-over-thread-main/Middlewares/Third_Party/connectedhomeip/src/messaging/ReliableMessageContext.cpp:196:6:void chip::Messaging::ReliableMessageContext::SetPendingPeerAckMessageCounter(uint32_t)	0	static
C:/Users/olive/OneDrive/Documents/CubeMXPack/stm32wb-matter-device-over-thread-main/Middlewares/Third_Party/connectedhomeip/src/messaging/ReliableMessageContext.cpp:107:12:CHIP_ERROR chip::Messaging::ReliableMessageContext::HandleNeedsAckInner(uint32_t, chip::BitFlags<chip::Messaging::MessageFlagValues>)	40	static
C:/Users/olive/OneDrive/Documents/CubeMXPack/stm32wb-matter-device-over-thread-main/Middlewares/Third_Party/connectedhomeip/src/messaging/ReliableMessageContext.cpp:96:12:CHIP_ERROR chip::Messaging::ReliableMessageContext::HandleNeedsAck(uint32_t, chip::BitFlags<chip::Messaging::MessageFlagValues>)	16	static
