../../../../../../../Middlewares/Third_Party/connectedhomeip/src/lib/support/Pool.h:124:17:static chip::Loop chip::internal::LambdaProxy<T, Function>::Call(void*, void*) [with T = chip::Messaging::ReliableMessageMgr::RetransTableEntry; Function = chip::Messaging::ReliableMessageMgr::StartTimer()::<lambda(auto:10*)>]	12	static
../../../../../../../Middlewares/Third_Party/connectedhomeip/src/lib/support/Pool.h:124:17:static chip::Loop chip::internal::LambdaProxy<T, Function>::Call(void*, void*) [with T = chip::Messaging::ExchangeContext; Function = chip::Messaging::ReliableMessageMgr::ExecuteForAllContext<chip::Messaging::ReliableMessageMgr::StartTimer()::<lambda(chip::Messaging::ReliableMessageContext*)> >(chip::Messaging::ReliableMessageMgr::StartTimer()::<lambda(chip::Messaging::ReliableMessageContext*)>)::<lambda(auto:5*)>]	12	static
../../../../../../../Middlewares/Third_Party/connectedhomeip/src/lib/support/Pool.h:124:17:static chip::Loop chip::internal::LambdaProxy<T, Function>::Call(void*, void*) [with T = chip::Messaging::ExchangeContext; Function = chip::Messaging::ReliableMessageMgr::ExecuteForAllContext<chip::Messaging::ReliableMessageMgr::ExecuteActions()::<lambda(chip::Messaging::ReliableMessageContext*)> >(chip::Messaging::ReliableMessageMgr::ExecuteActions()::<lambda(chip::Messaging::ReliableMessageContext*)>)::<lambda(auto:5*)>]	8	static
../../../../../../../Middlewares/Third_Party/connectedhomeip/src/system/SystemClock.h:144:15:chip::System::Clock::Timestamp chip::System::Clock::ClockBase::GetMonotonicTimestamp()	8	static
C:/Users/olive/OneDrive/Documents/CubeMXPack/stm32wb-matter-device-over-thread-main/Middlewares/Third_Party/connectedhomeip/src/messaging/ReliableMessageMgr.cpp:45:1:chip::Messaging::ReliableMessageMgr::RetransTableEntry::RetransTableEntry(chip::Messaging::ReliableMessageContext*)	16	static
C:/Users/olive/OneDrive/Documents/CubeMXPack/stm32wb-matter-device-over-thread-main/Middlewares/Third_Party/connectedhomeip/src/messaging/ReliableMessageMgr.cpp:51:1:chip::Messaging::ReliableMessageMgr::RetransTableEntry::~RetransTableEntry()	8	static
C:/Users/olive/OneDrive/Documents/CubeMXPack/stm32wb-matter-device-over-thread-main/Middlewares/Third_Party/connectedhomeip/src/messaging/ReliableMessageMgr.cpp:56:1:chip::Messaging::ReliableMessageMgr::ReliableMessageMgr(chip::ObjectPool<chip::Messaging::ExchangeContext, 8>&)	24	static
C:/Users/olive/OneDrive/Documents/CubeMXPack/stm32wb-matter-device-over-thread-main/Middlewares/Third_Party/connectedhomeip/src/messaging/ReliableMessageMgr.cpp:60:1:chip::Messaging::ReliableMessageMgr::~ReliableMessageMgr()	8	static
C:/Users/olive/OneDrive/Documents/CubeMXPack/stm32wb-matter-device-over-thread-main/Middlewares/Third_Party/connectedhomeip/src/messaging/ReliableMessageMgr.cpp:62:6:void chip::Messaging::ReliableMessageMgr::Init(chip::System::Layer*)	0	static
C:/Users/olive/OneDrive/Documents/CubeMXPack/stm32wb-matter-device-over-thread-main/Middlewares/Third_Party/connectedhomeip/src/messaging/ReliableMessageMgr.cpp:94:6:void chip::Messaging::ReliableMessageMgr::TicklessDebugDumpRetransTable(const char*)	0	static
C:/Users/olive/OneDrive/Documents/CubeMXPack/stm32wb-matter-device-over-thread-main/Middlewares/Third_Party/connectedhomeip/src/messaging/ReliableMessageMgr.cpp:97:6:void chip::Messaging::ReliableMessageMgr::ExecuteActions()	40	static
C:/Users/olive/OneDrive/Documents/CubeMXPack/stm32wb-matter-device-over-thread-main/Middlewares/Third_Party/connectedhomeip/src/messaging/ReliableMessageMgr.cpp:193:12:CHIP_ERROR chip::Messaging::ReliableMessageMgr::AddToRetransTable(chip::Messaging::ReliableMessageContext*, RetransTableEntry**)	24	static
C:/Users/olive/OneDrive/Documents/CubeMXPack/stm32wb-matter-device-over-thread-main/Middlewares/Third_Party/connectedhomeip/src/messaging/ReliableMessageMgr.cpp:207:26:static chip::System::Clock::Timestamp chip::Messaging::ReliableMessageMgr::GetBackoff(chip::System::Clock::Timestamp, uint8_t, bool)	24	static
C:/Users/olive/OneDrive/Documents/CubeMXPack/stm32wb-matter-device-over-thread-main/Middlewares/Third_Party/connectedhomeip/src/messaging/ReliableMessageMgr.cpp:282:6:bool chip::Messaging::ReliableMessageMgr::CheckAndRemRetransTable(chip::Messaging::ReliableMessageContext*, uint32_t)	40	static
C:/Users/olive/OneDrive/Documents/CubeMXPack/stm32wb-matter-device-over-thread-main/Middlewares/Third_Party/connectedhomeip/src/messaging/ReliableMessageMgr.cpp:355:6:void chip::Messaging::ReliableMessageMgr::ClearRetransTable(chip::Messaging::ReliableMessageContext*)	24	static
C:/Users/olive/OneDrive/Documents/CubeMXPack/stm32wb-matter-device-over-thread-main/Middlewares/Third_Party/connectedhomeip/src/messaging/ReliableMessageMgr.cpp:418:6:void chip::Messaging::ReliableMessageMgr::StopTimer()	0	static
C:/Users/olive/OneDrive/Documents/CubeMXPack/stm32wb-matter-device-over-thread-main/Middlewares/Third_Party/connectedhomeip/src/messaging/ReliableMessageMgr.cpp:67:6:void chip::Messaging::ReliableMessageMgr::Shutdown()	16	static
C:/Users/olive/OneDrive/Documents/CubeMXPack/stm32wb-matter-device-over-thread-main/Middlewares/Third_Party/connectedhomeip/src/messaging/ReliableMessageMgr.cpp:374:6:void chip::Messaging::ReliableMessageMgr::StartTimer()	40	static
C:/Users/olive/OneDrive/Documents/CubeMXPack/stm32wb-matter-device-over-thread-main/Middlewares/Third_Party/connectedhomeip/src/messaging/ReliableMessageMgr.cpp:176:6:static void chip::Messaging::ReliableMessageMgr::Timeout(chip::System::Layer*, void*)	8	static
C:/Users/olive/OneDrive/Documents/CubeMXPack/stm32wb-matter-device-over-thread-main/Middlewares/Third_Party/connectedhomeip/src/messaging/ReliableMessageMgr.cpp:423:6:void chip::Messaging::ReliableMessageMgr::RegisterSessionUpdateDelegate(chip::SessionUpdateDelegate*)	0	static
C:/Users/olive/OneDrive/Documents/CubeMXPack/stm32wb-matter-device-over-thread-main/Middlewares/Third_Party/connectedhomeip/src/messaging/ReliableMessageMgr.cpp:428:12:static CHIP_ERROR chip::Messaging::ReliableMessageMgr::MapSendError(CHIP_ERROR, uint16_t, bool)	24	static
../../../../../../../Middlewares/Third_Party/connectedhomeip/src/lib/support/ReferenceCountedHandle.h:29:5:chip::ReferenceCountedHandle<Target>::~ReferenceCountedHandle() [with Target = chip::Transport::Session]	8	static
../../../../../../../Middlewares/Third_Party/connectedhomeip/src/messaging/ExchangeContext.h:156:19:chip::SessionHandle chip::Messaging::ExchangeContext::GetSessionHandle() const	24	static
C:/Users/olive/OneDrive/Documents/CubeMXPack/stm32wb-matter-device-over-thread-main/Middlewares/Third_Party/connectedhomeip/src/messaging/ReliableMessageMgr.cpp:273:6:void chip::Messaging::ReliableMessageMgr::StartRetransmision(RetransTableEntry*)	56	static
../../../../../../../Middlewares/Third_Party/connectedhomeip/src/lib/support/Pool.h:229:10:void chip::BitMapObjectPool<T, N>::ReleaseObject(T*) [with T = chip::Messaging::ReliableMessageMgr::RetransTableEntry; unsigned int N = 8]	16	static
../../../../../../../Middlewares/Third_Party/connectedhomeip/src/lib/support/Pool.h:124:17:static chip::Loop chip::internal::LambdaProxy<T, Function>::Call(void*, void*) [with T = chip::Messaging::ReliableMessageMgr::RetransTableEntry; Function = chip::Messaging::ReliableMessageMgr::Shutdown()::<lambda(auto:6*)>]	8	static
C:/Users/olive/OneDrive/Documents/CubeMXPack/stm32wb-matter-device-over-thread-main/Middlewares/Third_Party/connectedhomeip/src/messaging/ReliableMessageMgr.cpp:367:6:void chip::Messaging::ReliableMessageMgr::ClearRetransTable(RetransTableEntry&)	8	static
../../../../../../../Middlewares/Third_Party/connectedhomeip/src/lib/support/Pool.h:124:17:static chip::Loop chip::internal::LambdaProxy<T, Function>::Call(void*, void*) [with T = chip::Messaging::ReliableMessageMgr::RetransTableEntry; Function = chip::Messaging::ReliableMessageMgr::CheckAndRemRetransTable(chip::Messaging::ReliableMessageContext*, uint32_t)::<lambda(auto:8*)>]	24	static
C:/Users/olive/OneDrive/Documents/CubeMXPack/stm32wb-matter-device-over-thread-main/Middlewares/Third_Party/connectedhomeip/src/messaging/ReliableMessageMgr.cpp:304:12:CHIP_ERROR chip::Messaging::ReliableMessageMgr::SendFromRetransTable(RetransTableEntry*)	48	static
../../../../../../../Middlewares/Third_Party/connectedhomeip/src/lib/support/Pool.h:124:17:static chip::Loop chip::internal::LambdaProxy<T, Function>::Call(void*, void*) [with T = chip::Messaging::ReliableMessageMgr::RetransTableEntry; Function = chip::Messaging::ReliableMessageMgr::ClearRetransTable(chip::Messaging::ReliableMessageContext*)::<lambda(auto:9*)>]	8	static
../../../../../../../Middlewares/Third_Party/connectedhomeip/src/lib/support/Pool.h:124:17:static chip::Loop chip::internal::LambdaProxy<T, Function>::Call(void*, void*) [with T = chip::Messaging::ReliableMessageMgr::RetransTableEntry; Function = chip::Messaging::ReliableMessageMgr::ExecuteActions()::<lambda(auto:7*)>]	72	static
