C:/Users/olive/OneDrive/Documents/CubeMXPack/stm32wb-matter-device-over-thread-main/Middlewares/Third_Party/connectedhomeip/src/app/CASESessionManager.cpp:127:6:virtual void chip::CASESessionManager::ReleaseSession(chip::OperationalSessionSetup*)	0	static
../../../../../../../Middlewares/Third_Party/connectedhomeip/src/app/CASEClient.h:39:16:CHIP_ERROR chip::CASEClientInitParams::Validate() const	0	static
../../../../../../../Middlewares/Third_Party/connectedhomeip/src/app/CASESessionManager.h:56:13:chip::CASESessionManager::~CASESessionManager()	8	static
../../../../../../../Middlewares/Third_Party/connectedhomeip/src/app/CASESessionManager.h:56:13:virtual chip::CASESessionManager::~CASESessionManager()	8	static
C:/Users/olive/OneDrive/Documents/CubeMXPack/stm32wb-matter-device-over-thread-main/Middlewares/Third_Party/connectedhomeip/src/app/CASESessionManager.cpp:24:12:CHIP_ERROR chip::CASESessionManager::Init(chip::System::Layer*, const chip::CASESessionManagerConfig&)	16	static
C:/Users/olive/OneDrive/Documents/CubeMXPack/stm32wb-matter-device-over-thread-main/Middlewares/Third_Party/connectedhomeip/src/app/CASESessionManager.cpp:72:6:void chip::CASESessionManager::ReleaseSessionsForFabric(chip::FabricIndex)	0	static
C:/Users/olive/OneDrive/Documents/CubeMXPack/stm32wb-matter-device-over-thread-main/Middlewares/Third_Party/connectedhomeip/src/app/CASESessionManager.cpp:77:6:void chip::CASESessionManager::ReleaseAllSessions()	0	static
C:/Users/olive/OneDrive/Documents/CubeMXPack/stm32wb-matter-device-over-thread-main/Middlewares/Third_Party/connectedhomeip/src/app/CASESessionManager.cpp:116:27:chip::OperationalSessionSetup* chip::CASESessionManager::FindExistingSessionSetup(const chip::ScopedNodeId&, bool) const	32	static
C:/Users/olive/OneDrive/Documents/CubeMXPack/stm32wb-matter-device-over-thread-main/Middlewares/Third_Party/connectedhomeip/src/app/CASESessionManager.cpp:32:6:void chip::CASESessionManager::FindOrEstablishSession(const chip::ScopedNodeId&, chip::Callback::Callback<void (*)(void*, chip::Messaging::ExchangeManager&, const chip::SessionHandle&)>*, chip::Callback::Callback<void (*)(void*, const chip::ScopedNodeId&, chip::ChipError)>*, uint8_t, chip::Callback::Callback<void (*)(void*, const chip::ScopedNodeId&, chip::ChipError, std::chrono::duration<short unsigned int>)>*)	56	static
C:/Users/olive/OneDrive/Documents/CubeMXPack/stm32wb-matter-device-over-thread-main/Middlewares/Third_Party/connectedhomeip/src/app/CASESessionManager.cpp:91:6:virtual void chip::CASESessionManager::UpdatePeerAddress(chip::ScopedNodeId)	40	static
C:/Users/olive/OneDrive/Documents/CubeMXPack/stm32wb-matter-device-over-thread-main/Middlewares/Third_Party/connectedhomeip/src/app/CASESessionManager.cpp:121:25:chip::Optional<chip::SessionHandle> chip::CASESessionManager::FindExistingSession(const chip::ScopedNodeId&) const	40	static
C:/Users/olive/OneDrive/Documents/CubeMXPack/stm32wb-matter-device-over-thread-main/Middlewares/Third_Party/connectedhomeip/src/app/CASESessionManager.cpp:82:12:CHIP_ERROR chip::CASESessionManager::GetPeerAddress(const chip::ScopedNodeId&, chip::Transport::PeerAddress&)	32	static
