C:/Users/olive/OneDrive/Documents/CubeMXPack/stm32wb-matter-device-over-thread-main/Middlewares/ST/STM32_WPAN/thread/openthread/core/openthread_api/dns.c:33:6:otDnsInitTxtEntryIterator	16	static
C:/Users/olive/OneDrive/Documents/CubeMXPack/stm32wb-matter-device-over-thread-main/Middlewares/ST/STM32_WPAN/thread/openthread/core/openthread_api/dns.c:52:9:otDnsGetNextTxtEntry	16	static
C:/Users/olive/OneDrive/Documents/CubeMXPack/stm32wb-matter-device-over-thread-main/Middlewares/ST/STM32_WPAN/thread/openthread/core/openthread_api/dns.c:72:6:otDnsSetNameCompressionEnabled	8	static
C:/Users/olive/OneDrive/Documents/CubeMXPack/stm32wb-matter-device-over-thread-main/Middlewares/ST/STM32_WPAN/thread/openthread/core/openthread_api/dns.c:89:6:otDnsIsNameCompressionEnabled	8	static
C:/Users/olive/OneDrive/Documents/CubeMXPack/stm32wb-matter-device-over-thread-main/Middlewares/ST/STM32_WPAN/thread/openthread/core/openthread_api/dns.c:112:25:otDnsClientGetDefaultConfig	8	static
C:/Users/olive/OneDrive/Documents/CubeMXPack/stm32wb-matter-device-over-thread-main/Middlewares/ST/STM32_WPAN/thread/openthread/core/openthread_api/dns.c:129:6:otDnsClientSetDefaultConfig	8	static
C:/Users/olive/OneDrive/Documents/CubeMXPack/stm32wb-matter-device-over-thread-main/Middlewares/ST/STM32_WPAN/thread/openthread/core/openthread_api/dns.c:146:9:otDnsClientResolveAddress	16	static
C:/Users/olive/OneDrive/Documents/CubeMXPack/stm32wb-matter-device-over-thread-main/Middlewares/ST/STM32_WPAN/thread/openthread/core/openthread_api/dns.c:200:9:otDnsAddressResponseGetHostName	16	static
C:/Users/olive/OneDrive/Documents/CubeMXPack/stm32wb-matter-device-over-thread-main/Middlewares/ST/STM32_WPAN/thread/openthread/core/openthread_api/dns.c:222:9:otDnsAddressResponseGetAddress	24	static
C:/Users/olive/OneDrive/Documents/CubeMXPack/stm32wb-matter-device-over-thread-main/Middlewares/ST/STM32_WPAN/thread/openthread/core/openthread_api/dns.c:248:9:otDnsClientBrowse	16	static
C:/Users/olive/OneDrive/Documents/CubeMXPack/stm32wb-matter-device-over-thread-main/Middlewares/ST/STM32_WPAN/thread/openthread/core/openthread_api/dns.c:274:9:otDnsBrowseResponseGetServiceName	16	static
C:/Users/olive/OneDrive/Documents/CubeMXPack/stm32wb-matter-device-over-thread-main/Middlewares/ST/STM32_WPAN/thread/openthread/core/openthread_api/dns.c:296:9:otDnsBrowseResponseGetServiceInstance	24	static
C:/Users/olive/OneDrive/Documents/CubeMXPack/stm32wb-matter-device-over-thread-main/Middlewares/ST/STM32_WPAN/thread/openthread/core/openthread_api/dns.c:320:9:otDnsBrowseResponseGetServiceInfo	16	static
C:/Users/olive/OneDrive/Documents/CubeMXPack/stm32wb-matter-device-over-thread-main/Middlewares/ST/STM32_WPAN/thread/openthread/core/openthread_api/dns.c:342:9:otDnsBrowseResponseGetHostAddress	24	static
C:/Users/olive/OneDrive/Documents/CubeMXPack/stm32wb-matter-device-over-thread-main/Middlewares/ST/STM32_WPAN/thread/openthread/core/openthread_api/dns.c:370:9:otDnsClientResolveService	16	static
C:/Users/olive/OneDrive/Documents/CubeMXPack/stm32wb-matter-device-over-thread-main/Middlewares/ST/STM32_WPAN/thread/openthread/core/openthread_api/dns.c:398:9:otDnsServiceResponseGetServiceName	24	static
C:/Users/olive/OneDrive/Documents/CubeMXPack/stm32wb-matter-device-over-thread-main/Middlewares/ST/STM32_WPAN/thread/openthread/core/openthread_api/dns.c:424:9:otDnsServiceResponseGetServiceInfo	16	static
C:/Users/olive/OneDrive/Documents/CubeMXPack/stm32wb-matter-device-over-thread-main/Middlewares/ST/STM32_WPAN/thread/openthread/core/openthread_api/dns.c:443:9:otDnsServiceResponseGetHostAddress	24	static
