C:/Users/olive/OneDrive/Documents/CubeMXPack/stm32wb-matter-device-over-thread-main/Middlewares/ST/STM32_WPAN/thread/openthread/core/openthread_api/instance.c:54:13:otInstanceInitSingle	8	static
C:/Users/olive/OneDrive/Documents/CubeMXPack/stm32wb-matter-device-over-thread-main/Middlewares/ST/STM32_WPAN/thread/openthread/core/openthread_api/instance.c:71:6:otInstanceIsInitialized	8	static
C:/Users/olive/OneDrive/Documents/CubeMXPack/stm32wb-matter-device-over-thread-main/Middlewares/ST/STM32_WPAN/thread/openthread/core/openthread_api/instance.c:87:6:otInstanceFinalize	8	static
C:/Users/olive/OneDrive/Documents/CubeMXPack/stm32wb-matter-device-over-thread-main/Middlewares/ST/STM32_WPAN/thread/openthread/core/openthread_api/instance.c:102:6:otInstanceReset	8	static
C:/Users/olive/OneDrive/Documents/CubeMXPack/stm32wb-matter-device-over-thread-main/Middlewares/ST/STM32_WPAN/thread/openthread/core/openthread_api/instance.c:156:9:otSetStateChangedCallback	16	static
C:/Users/olive/OneDrive/Documents/CubeMXPack/stm32wb-matter-device-over-thread-main/Middlewares/ST/STM32_WPAN/thread/openthread/core/openthread_api/instance.c:176:6:otRemoveStateChangeCallback	16	static
C:/Users/olive/OneDrive/Documents/CubeMXPack/stm32wb-matter-device-over-thread-main/Middlewares/ST/STM32_WPAN/thread/openthread/core/openthread_api/instance.c:195:6:otInstanceFactoryReset	8	static
C:/Users/olive/OneDrive/Documents/CubeMXPack/stm32wb-matter-device-over-thread-main/Middlewares/ST/STM32_WPAN/thread/openthread/core/openthread_api/instance.c:210:9:otInstanceErasePersistentInfo	8	static
C:/Users/olive/OneDrive/Documents/CubeMXPack/stm32wb-matter-device-over-thread-main/Middlewares/ST/STM32_WPAN/thread/openthread/core/openthread_api/instance.c:244:13:otGetVersionString	8	static
C:/Users/olive/OneDrive/Documents/CubeMXPack/stm32wb-matter-device-over-thread-main/Middlewares/ST/STM32_WPAN/thread/openthread/core/openthread_api/instance.c:260:13:otGetRadioVersionString	8	static
