C:/Users/olive/OneDrive/Documents/CubeMXPack/stm32wb-matter-device-over-thread-main/Middlewares/ST/STM32_WPAN/thread/openthread/core/openthread_api/srp_client.c:37:9:otSrpClientStart	8	static
C:/Users/olive/OneDrive/Documents/CubeMXPack/stm32wb-matter-device-over-thread-main/Middlewares/ST/STM32_WPAN/thread/openthread/core/openthread_api/srp_client.c:54:6:otSrpClientStop	8	static
C:/Users/olive/OneDrive/Documents/CubeMXPack/stm32wb-matter-device-over-thread-main/Middlewares/ST/STM32_WPAN/thread/openthread/core/openthread_api/srp_client.c:69:6:otSrpClientIsRunning	8	static
C:/Users/olive/OneDrive/Documents/CubeMXPack/stm32wb-matter-device-over-thread-main/Middlewares/ST/STM32_WPAN/thread/openthread/core/openthread_api/srp_client.c:85:19:otSrpClientGetServerAddress	8	static
C:/Users/olive/OneDrive/Documents/CubeMXPack/stm32wb-matter-device-over-thread-main/Middlewares/ST/STM32_WPAN/thread/openthread/core/openthread_api/srp_client.c:101:6:otSrpClientSetCallback	16	static
C:/Users/olive/OneDrive/Documents/CubeMXPack/stm32wb-matter-device-over-thread-main/Middlewares/ST/STM32_WPAN/thread/openthread/core/openthread_api/srp_client.c:120:6:otSrpClientEnableAutoStartMode	16	static
C:/Users/olive/OneDrive/Documents/CubeMXPack/stm32wb-matter-device-over-thread-main/Middlewares/ST/STM32_WPAN/thread/openthread/core/openthread_api/srp_client.c:139:6:otSrpClientDisableAutoStartMode	8	static
C:/Users/olive/OneDrive/Documents/CubeMXPack/stm32wb-matter-device-over-thread-main/Middlewares/ST/STM32_WPAN/thread/openthread/core/openthread_api/srp_client.c:154:6:otSrpClientIsAutoStartModeEnabled	8	static
C:/Users/olive/OneDrive/Documents/CubeMXPack/stm32wb-matter-device-over-thread-main/Middlewares/ST/STM32_WPAN/thread/openthread/core/openthread_api/srp_client.c:171:10:otSrpClientGetTtl	8	static
C:/Users/olive/OneDrive/Documents/CubeMXPack/stm32wb-matter-device-over-thread-main/Middlewares/ST/STM32_WPAN/thread/openthread/core/openthread_api/srp_client.c:187:6:otSrpClientSetTtl	8	static
C:/Users/olive/OneDrive/Documents/CubeMXPack/stm32wb-matter-device-over-thread-main/Middlewares/ST/STM32_WPAN/thread/openthread/core/openthread_api/srp_client.c:201:10:otSrpClientGetLeaseInterval	8	static
C:/Users/olive/OneDrive/Documents/CubeMXPack/stm32wb-matter-device-over-thread-main/Middlewares/ST/STM32_WPAN/thread/openthread/core/openthread_api/srp_client.c:217:6:otSrpClientSetLeaseInterval	8	static
C:/Users/olive/OneDrive/Documents/CubeMXPack/stm32wb-matter-device-over-thread-main/Middlewares/ST/STM32_WPAN/thread/openthread/core/openthread_api/srp_client.c:233:10:otSrpClientGetKeyLeaseInterval	8	static
C:/Users/olive/OneDrive/Documents/CubeMXPack/stm32wb-matter-device-over-thread-main/Middlewares/ST/STM32_WPAN/thread/openthread/core/openthread_api/srp_client.c:249:6:otSrpClientSetKeyLeaseInterval	8	static
C:/Users/olive/OneDrive/Documents/CubeMXPack/stm32wb-matter-device-over-thread-main/Middlewares/ST/STM32_WPAN/thread/openthread/core/openthread_api/srp_client.c:265:28:otSrpClientGetHostInfo	8	static
C:/Users/olive/OneDrive/Documents/CubeMXPack/stm32wb-matter-device-over-thread-main/Middlewares/ST/STM32_WPAN/thread/openthread/core/openthread_api/srp_client.c:281:9:otSrpClientSetHostName	8	static
C:/Users/olive/OneDrive/Documents/CubeMXPack/stm32wb-matter-device-over-thread-main/Middlewares/ST/STM32_WPAN/thread/openthread/core/openthread_api/srp_client.c:298:9:otSrpClientEnableAutoHostAddress	8	static
C:/Users/olive/OneDrive/Documents/CubeMXPack/stm32wb-matter-device-over-thread-main/Middlewares/ST/STM32_WPAN/thread/openthread/core/openthread_api/srp_client.c:314:9:otSrpClientSetHostAddresses	16	static
C:/Users/olive/OneDrive/Documents/CubeMXPack/stm32wb-matter-device-over-thread-main/Middlewares/ST/STM32_WPAN/thread/openthread/core/openthread_api/srp_client.c:332:9:otSrpClientAddService	8	static
C:/Users/olive/OneDrive/Documents/CubeMXPack/stm32wb-matter-device-over-thread-main/Middlewares/ST/STM32_WPAN/thread/openthread/core/openthread_api/srp_client.c:349:9:otSrpClientRemoveService	8	static
C:/Users/olive/OneDrive/Documents/CubeMXPack/stm32wb-matter-device-over-thread-main/Middlewares/ST/STM32_WPAN/thread/openthread/core/openthread_api/srp_client.c:366:9:otSrpClientClearService	8	static
C:/Users/olive/OneDrive/Documents/CubeMXPack/stm32wb-matter-device-over-thread-main/Middlewares/ST/STM32_WPAN/thread/openthread/core/openthread_api/srp_client.c:383:27:otSrpClientGetServices	8	static
C:/Users/olive/OneDrive/Documents/CubeMXPack/stm32wb-matter-device-over-thread-main/Middlewares/ST/STM32_WPAN/thread/openthread/core/openthread_api/srp_client.c:399:9:otSrpClientRemoveHostAndServices	16	static
C:/Users/olive/OneDrive/Documents/CubeMXPack/stm32wb-matter-device-over-thread-main/Middlewares/ST/STM32_WPAN/thread/openthread/core/openthread_api/srp_client.c:417:6:otSrpClientClearHostAndServices	8	static
C:/Users/olive/OneDrive/Documents/CubeMXPack/stm32wb-matter-device-over-thread-main/Middlewares/ST/STM32_WPAN/thread/openthread/core/openthread_api/srp_client.c:433:13:otSrpClientGetDomainName	8	static
C:/Users/olive/OneDrive/Documents/CubeMXPack/stm32wb-matter-device-over-thread-main/Middlewares/ST/STM32_WPAN/thread/openthread/core/openthread_api/srp_client.c:449:9:otSrpClientSetDomainName	8	static
C:/Users/olive/OneDrive/Documents/CubeMXPack/stm32wb-matter-device-over-thread-main/Middlewares/ST/STM32_WPAN/thread/openthread/core/openthread_api/srp_client.c:467:13:otSrpClientItemStateToString	8	static
C:/Users/olive/OneDrive/Documents/CubeMXPack/stm32wb-matter-device-over-thread-main/Middlewares/ST/STM32_WPAN/thread/openthread/core/openthread_api/srp_client.c:485:6:otSrpClientSetServiceKeyRecordEnabled	8	static
C:/Users/olive/OneDrive/Documents/CubeMXPack/stm32wb-matter-device-over-thread-main/Middlewares/ST/STM32_WPAN/thread/openthread/core/openthread_api/srp_client.c:501:6:otSrpClientIsServiceKeyRecordEnabled	8	static
