C:/Users/olive/OneDrive/Documents/CubeMXPack/stm32wb-matter-device-over-thread-main/Middlewares/Third_Party/connectedhomeip/src/lib/dnssd/IPAddressSorter.cpp:44:9:chip::Dnssd::IPAddressSorter::IpScore chip::Dnssd::IPAddressSorter::ScoreIpAddress(const chip::Inet::IPAddress&, chip::Inet::InterfaceId)	8	static
C:\ST\STM32CubeIDE_2.0.0\STM32CubeIDE\plugins\com.st.stm32cube.ide.mcu.externaltools.gnu-tools-for-stm32.13.3.rel1.win32_1.0.100.202509120712\tools\bin/../lib/gcc/arm-none-eabi/13.3.1/../../../../arm-none-eabi/include/c++/13.3.1/bits/move.h:189:5:std::_Require<std::__not_<std::__is_tuple_like<_Tp> >, std::is_move_constructible<_Tp>, std::is_move_assignable<_Tp> > std::swap(_Tp&, _Tp&) [with _Tp = chip::Inet::IPAddress]	32	static
C:/Users/olive/OneDrive/Documents/CubeMXPack/stm32wb-matter-device-over-thread-main/Middlewares/Third_Party/connectedhomeip/src/lib/dnssd/IPAddressSorter.cpp:34:6:void chip::Dnssd::IPAddressSorter::Sort(const chip::Span<chip::Inet::IPAddress>&, chip::Inet::InterfaceId)	40	static
C:/Users/olive/OneDrive/Documents/CubeMXPack/stm32wb-matter-device-over-thread-main/Middlewares/Third_Party/connectedhomeip/src/lib/dnssd/IPAddressSorter.cpp:25:6:void chip::Dnssd::IPAddressSorter::Sort(chip::Inet::IPAddress*, size_t, chip::Inet::InterfaceId)	40	static
