C:/Users/olive/OneDrive/Documents/CubeMXPack/stm32wb-matter-device-over-thread-main/Middlewares/Third_Party/connectedhomeip/src/app/util/attribute-table.cpp:236:15:EmberAfStatus emAfWriteAttribute(chip::EndpointId, chip::ClusterId, chip::AttributeId, uint8_t*, EmberAfAttributeType, bool, bool)	104	static
C:/Users/olive/OneDrive/Documents/CubeMXPack/stm32wb-matter-device-over-thread-main/Middlewares/Third_Party/connectedhomeip/src/app/util/attribute-table.cpp:45:15:EmberAfStatus emberAfWriteAttributeExternal(chip::EndpointId, chip::ClusterId, chip::AttributeId, uint8_t*, EmberAfAttributeType)	40	static
C:/Users/olive/OneDrive/Documents/CubeMXPack/stm32wb-matter-device-over-thread-main/Middlewares/Third_Party/connectedhomeip/src/app/util/attribute-table.cpp:63:15:EmberAfStatus emberAfWriteAttribute(chip::EndpointId, chip::ClusterId, chip::AttributeId, uint8_t*, EmberAfAttributeType)	24	static
C:/Users/olive/OneDrive/Documents/CubeMXPack/stm32wb-matter-device-over-thread-main/Middlewares/Third_Party/connectedhomeip/src/app/util/attribute-table.cpp:388:15:EmberAfStatus emAfReadAttribute(chip::EndpointId, chip::ClusterId, chip::AttributeId, uint8_t*, uint16_t, EmberAfAttributeType*)	40	static
C:/Users/olive/OneDrive/Documents/CubeMXPack/stm32wb-matter-device-over-thread-main/Middlewares/Third_Party/connectedhomeip/src/app/util/attribute-table.cpp:71:15:EmberAfStatus emberAfReadAttribute(chip::EndpointId, chip::ClusterId, chip::AttributeId, uint8_t*, uint16_t)	16	static
C:/Users/olive/OneDrive/Documents/CubeMXPack/stm32wb-matter-device-over-thread-main/Middlewares/Third_Party/connectedhomeip/src/app/util/attribute-table.cpp:89:6:void emberAfPrintAttributeTable()	312	static
