C:/Users/olive/OneDrive/Documents/CubeMXPack/stm32wb-matter-device-over-thread-main/Middlewares/Third_Party/connectedhomeip/src/app/util/privilege-storage.cpp:75:5:int MatterGetAccessPrivilegeForReadAttribute(chip::ClusterId, chip::AttributeId)	12	static
C:/Users/olive/OneDrive/Documents/CubeMXPack/stm32wb-matter-device-over-thread-main/Middlewares/Third_Party/connectedhomeip/src/app/util/privilege-storage.cpp:90:5:int MatterGetAccessPrivilegeForWriteAttribute(chip::ClusterId, chip::AttributeId)	12	static
C:/Users/olive/OneDrive/Documents/CubeMXPack/stm32wb-matter-device-over-thread-main/Middlewares/Third_Party/connectedhomeip/src/app/util/privilege-storage.cpp:105:5:int MatterGetAccessPrivilegeForInvokeCommand(chip::ClusterId, chip::CommandId)	12	static
C:/Users/olive/OneDrive/Documents/CubeMXPack/stm32wb-matter-device-over-thread-main/Middlewares/Third_Party/connectedhomeip/src/app/util/privilege-storage.cpp:120:5:int MatterGetAccessPrivilegeForReadEvent(chip::ClusterId, chip::EventId)	0	static
