C:/Users/olive/OneDrive/Documents/CubeMXPack/stm32wb-matter-device-over-thread-main/Middlewares/Third_Party/connectedhomeip/src/cluster/lighting-app/zap-generated/IMClusterCommandHandler.cpp:42:6:void chip::app::Clusters::AdministratorCommissioning::DispatchServerCommand(chip::app::CommandHandler*, const chip::app::ConcreteCommandPath&, chip::TLV::TLVReader&)	64	static
C:/Users/olive/OneDrive/Documents/CubeMXPack/stm32wb-matter-device-over-thread-main/Middlewares/Third_Party/connectedhomeip/src/cluster/lighting-app/zap-generated/IMClusterCommandHandler.cpp:100:6:void chip::app::Clusters::ColorControl::DispatchServerCommand(chip::app::CommandHandler*, const chip::app::ConcreteCommandPath&, chip::TLV::TLVReader&)	48	static
C:/Users/olive/OneDrive/Documents/CubeMXPack/stm32wb-matter-device-over-thread-main/Middlewares/Third_Party/connectedhomeip/src/cluster/lighting-app/zap-generated/IMClusterCommandHandler.cpp:300:6:void chip::app::Clusters::DiagnosticLogs::DispatchServerCommand(chip::app::CommandHandler*, const chip::app::ConcreteCommandPath&, chip::TLV::TLVReader&)	48	static
C:/Users/olive/OneDrive/Documents/CubeMXPack/stm32wb-matter-device-over-thread-main/Middlewares/Third_Party/connectedhomeip/src/cluster/lighting-app/zap-generated/IMClusterCommandHandler.cpp:337:6:void chip::app::Clusters::EthernetNetworkDiagnostics::DispatchServerCommand(chip::app::CommandHandler*, const chip::app::ConcreteCommandPath&, chip::TLV::TLVReader&)	40	static
C:/Users/olive/OneDrive/Documents/CubeMXPack/stm32wb-matter-device-over-thread-main/Middlewares/Third_Party/connectedhomeip/src/cluster/lighting-app/zap-generated/IMClusterCommandHandler.cpp:374:6:void chip::app::Clusters::GeneralCommissioning::DispatchServerCommand(chip::app::CommandHandler*, const chip::app::ConcreteCommandPath&, chip::TLV::TLVReader&)	56	static
C:/Users/olive/OneDrive/Documents/CubeMXPack/stm32wb-matter-device-over-thread-main/Middlewares/Third_Party/connectedhomeip/src/cluster/lighting-app/zap-generated/IMClusterCommandHandler.cpp:430:6:void chip::app::Clusters::GeneralDiagnostics::DispatchServerCommand(chip::app::CommandHandler*, const chip::app::ConcreteCommandPath&, chip::TLV::TLVReader&)	48	static
C:/Users/olive/OneDrive/Documents/CubeMXPack/stm32wb-matter-device-over-thread-main/Middlewares/Third_Party/connectedhomeip/src/cluster/lighting-app/zap-generated/IMClusterCommandHandler.cpp:467:6:void chip::app::Clusters::GroupKeyManagement::DispatchServerCommand(chip::app::CommandHandler*, const chip::app::ConcreteCommandPath&, chip::TLV::TLVReader&)	128	static
C:/Users/olive/OneDrive/Documents/CubeMXPack/stm32wb-matter-device-over-thread-main/Middlewares/Third_Party/connectedhomeip/src/cluster/lighting-app/zap-generated/IMClusterCommandHandler.cpp:531:6:void chip::app::Clusters::Groups::DispatchServerCommand(chip::app::CommandHandler*, const chip::app::ConcreteCommandPath&, chip::TLV::TLVReader&)	96	static
C:/Users/olive/OneDrive/Documents/CubeMXPack/stm32wb-matter-device-over-thread-main/Middlewares/Third_Party/connectedhomeip/src/cluster/lighting-app/zap-generated/IMClusterCommandHandler.cpp:613:6:void chip::app::Clusters::Identify::DispatchServerCommand(chip::app::CommandHandler*, const chip::app::ConcreteCommandPath&, chip::TLV::TLVReader&)	40	static
C:/Users/olive/OneDrive/Documents/CubeMXPack/stm32wb-matter-device-over-thread-main/Middlewares/Third_Party/connectedhomeip/src/cluster/lighting-app/zap-generated/IMClusterCommandHandler.cpp:659:6:void chip::app::Clusters::LevelControl::DispatchServerCommand(chip::app::CommandHandler*, const chip::app::ConcreteCommandPath&, chip::TLV::TLVReader&)	40	static
C:/Users/olive/OneDrive/Documents/CubeMXPack/stm32wb-matter-device-over-thread-main/Middlewares/Third_Party/connectedhomeip/src/cluster/lighting-app/zap-generated/IMClusterCommandHandler.cpp:759:6:void chip::app::Clusters::OtaSoftwareUpdateRequestor::DispatchServerCommand(chip::app::CommandHandler*, const chip::app::ConcreteCommandPath&, chip::TLV::TLVReader&)	64	static
C:/Users/olive/OneDrive/Documents/CubeMXPack/stm32wb-matter-device-over-thread-main/Middlewares/Third_Party/connectedhomeip/src/cluster/lighting-app/zap-generated/IMClusterCommandHandler.cpp:797:6:void chip::app::Clusters::OnOff::DispatchServerCommand(chip::app::CommandHandler*, const chip::app::ConcreteCommandPath&, chip::TLV::TLVReader&)	40	static
C:/Users/olive/OneDrive/Documents/CubeMXPack/stm32wb-matter-device-over-thread-main/Middlewares/Third_Party/connectedhomeip/src/cluster/lighting-app/zap-generated/IMClusterCommandHandler.cpp:879:6:void chip::app::Clusters::OperationalCredentials::DispatchServerCommand(chip::app::CommandHandler*, const chip::app::ConcreteCommandPath&, chip::TLV::TLVReader&)	88	static
C:/Users/olive/OneDrive/Documents/CubeMXPack/stm32wb-matter-device-over-thread-main/Middlewares/Third_Party/connectedhomeip/src/cluster/lighting-app/zap-generated/IMClusterCommandHandler.cpp:982:6:void chip::app::Clusters::SoftwareDiagnostics::DispatchServerCommand(chip::app::CommandHandler*, const chip::app::ConcreteCommandPath&, chip::TLV::TLVReader&)	40	static
C:/Users/olive/OneDrive/Documents/CubeMXPack/stm32wb-matter-device-over-thread-main/Middlewares/Third_Party/connectedhomeip/src/cluster/lighting-app/zap-generated/IMClusterCommandHandler.cpp:1019:6:void chip::app::Clusters::ThreadNetworkDiagnostics::DispatchServerCommand(chip::app::CommandHandler*, const chip::app::ConcreteCommandPath&, chip::TLV::TLVReader&)	40	static
C:/Users/olive/OneDrive/Documents/CubeMXPack/stm32wb-matter-device-over-thread-main/Middlewares/Third_Party/connectedhomeip/src/cluster/lighting-app/zap-generated/IMClusterCommandHandler.cpp:1056:6:void chip::app::Clusters::WiFiNetworkDiagnostics::DispatchServerCommand(chip::app::CommandHandler*, const chip::app::ConcreteCommandPath&, chip::TLV::TLVReader&)	40	static
C:/Users/olive/OneDrive/Documents/CubeMXPack/stm32wb-matter-device-over-thread-main/Middlewares/Third_Party/connectedhomeip/src/cluster/lighting-app/zap-generated/IMClusterCommandHandler.cpp:1093:6:void chip::app::DispatchSingleClusterCommand(const ConcreteCommandPath&, chip::TLV::TLVReader&, CommandHandler*)	24	static
