../../../../../../../Middlewares/Third_Party/connectedhomeip/src/app/AttributeAccessInterface.h:446:24:virtual CHIP_ERROR chip::app::AttributeAccessInterface::Write(const chip::app::ConcreteDataAttributePath&, chip::app::AttributeValueDecoder&)	0	static
../../../../../../../Middlewares/Third_Party/connectedhomeip/src/app/AttributeAccessInterface.h:458:18:virtual void chip::app::AttributeAccessInterface::OnListWriteBegin(const chip::app::ConcreteAttributePath&)	0	static
../../../../../../../Middlewares/Third_Party/connectedhomeip/src/app/AttributeAccessInterface.h:473:18:virtual void chip::app::AttributeAccessInterface::OnListWriteEnd(const chip::app::ConcreteAttributePath&, bool)	0	static
C:/Users/olive/OneDrive/Documents/CubeMXPack/stm32wb-matter-device-over-thread-main/Middlewares/Third_Party/connectedhomeip/src/app/clusters/group-key-mgmt-server/group-key-mgmt-server.cpp:106:7:{anonymous}::GroupKeyManagementAttributeAccess::~GroupKeyManagementAttributeAccess()	0	static
C:/Users/olive/OneDrive/Documents/CubeMXPack/stm32wb-matter-device-over-thread-main/Middlewares/Third_Party/connectedhomeip/src/app/clusters/group-key-mgmt-server/group-key-mgmt-server.cpp:106:7:virtual {anonymous}::GroupKeyManagementAttributeAccess::~GroupKeyManagementAttributeAccess()	8	static
../../../../../../../Middlewares/Third_Party/connectedhomeip/src/app/CommandHandler.h:233:10:void chip::app::CommandHandler::AddResponse(const chip::app::ConcreteCommandPath&, const CommandData&) [with CommandData = chip::app::Clusters::GroupKeyManagement::Commands::KeySetReadResponse::Type]	8	static
../../../../../../../Middlewares/Third_Party/connectedhomeip/src/app/AttributeAccessInterface.h:87:16:) [with T = {anonymous}::GroupTableCodec; typename std::enable_if<chip::app::DataModel::IsFabricScoped<X>::value, bool>::type <anonymous> = true; Ts = {}]	40	static
../../../../../../../Middlewares/Third_Party/connectedhomeip/src/credentials/FabricTable.h:111:10:bool chip::FabricInfo::IsInitialized() const	0	static
../../../../../../../Middlewares/Third_Party/connectedhomeip/src/credentials/FabricTable.h:323:27:chip::ConstFabricIterator& chip::ConstFabricIterator::Advance()	16	static
../../../../../../../Middlewares/Third_Party/connectedhomeip/src/credentials/FabricTable.h:275:24:const chip::FabricInfo& chip::ConstFabricIterator::operator*() const	16	static
../../../../../../../Middlewares/Third_Party/connectedhomeip/src/credentials/FabricTable.h:288:10:bool chip::ConstFabricIterator::operator==(const chip::ConstFabricIterator&)	8	static
../../../../../../../Middlewares/Third_Party/connectedhomeip/src/credentials/FabricTable.h:543:25:chip::ConstFabricIterator chip::FabricTable::cbegin() const	16	static
C:/Users/olive/OneDrive/Documents/CubeMXPack/stm32wb-matter-device-over-thread-main/Middlewares/Third_Party/connectedhomeip/src/app/clusters/group-key-mgmt-server/group-key-mgmt-server.cpp:284:6:void MatterGroupKeyManagementPluginServerInitCallback()	0	static
C:/Users/olive/OneDrive/Documents/CubeMXPack/stm32wb-matter-device-over-thread-main/Middlewares/Third_Party/connectedhomeip/src/app/clusters/group-key-mgmt-server/group-key-mgmt-server.cpp:293:6:void emberAfGroupKeyManagementClusterServerInitCallback(chip::EndpointId)	0	static
C:/Users/olive/OneDrive/Documents/CubeMXPack/stm32wb-matter-device-over-thread-main/Middlewares/Third_Party/connectedhomeip/src/app/clusters/group-key-mgmt-server/group-key-mgmt-server.cpp:295:6:bool emberAfGroupKeyManagementClusterKeySetWriteCallback(chip::app::CommandHandler*, const chip::app::ConcreteCommandPath&, const chip::app::Clusters::GroupKeyManagement::Commands::KeySetWrite::DecodableType&)	136	static
C:/Users/olive/OneDrive/Documents/CubeMXPack/stm32wb-matter-device-over-thread-main/Middlewares/Third_Party/connectedhomeip/src/app/clusters/group-key-mgmt-server/group-key-mgmt-server.cpp:452:6:bool emberAfGroupKeyManagementClusterKeySetRemoveCallback(chip::app::CommandHandler*, const chip::app::ConcreteCommandPath&, const chip::app::Clusters::GroupKeyManagement::Commands::KeySetRemove::DecodableType&)	24	static
C:/Users/olive/OneDrive/Documents/CubeMXPack/stm32wb-matter-device-over-thread-main/Middlewares/Third_Party/connectedhomeip/src/app/clusters/group-key-mgmt-server/group-key-mgmt-server.cpp:493:16:CHIP_ERROR KeySetReadAllIndicesResponse::Encode(chip::TLV::TLVWriter&, chip::TLV::Tag) const	112	static
C:/Users/olive/OneDrive/Documents/CubeMXPack/stm32wb-matter-device-over-thread-main/Middlewares/Third_Party/connectedhomeip/src/app/clusters/group-key-mgmt-server/group-key-mgmt-server.cpp:515:6:bool emberAfGroupKeyManagementClusterKeySetReadAllIndicesCallback(chip::app::CommandHandler*, const chip::app::ConcreteCommandPath&, const chip::app::Clusters::GroupKeyManagement::Commands::KeySetReadAllIndices::DecodableType&)	32	static
../../../../../../../Middlewares/Third_Party/connectedhomeip/src/app/AttributeAccessInterface.h:362:16:CHIP_ERROR chip::app::AttributeValueDecoder::Decode(T&) [with T = chip::app::DataModel::DecodableList<chip::app::Clusters::GroupKeyManagement::Structs::GroupKeyMapStruct::Type>; typename std::enable_if<chip::app::DataModel::IsFabricScoped<X>::value, bool>::type <anonymous> = true]	24	static
C:/Users/olive/OneDrive/Documents/CubeMXPack/stm32wb-matter-device-over-thread-main/Middlewares/Third_Party/connectedhomeip/src/app/clusters/group-key-mgmt-server/group-key-mgmt-server.cpp:136:16:virtual CHIP_ERROR {anonymous}::GroupKeyManagementAttributeAccess::Write(const chip::app::ConcreteDataAttributePath&, chip::app::AttributeValueDecoder&)	184	static
../../../../../../../Middlewares/Third_Party/connectedhomeip/src/app/CommandHandler.h:233:10:void chip::app::CommandHandler::AddResponse(const chip::app::ConcreteCommandPath&, const CommandData&) [with CommandData = chip::app::Clusters::GroupKeyManagement::Commands::KeySetReadResponse::Type]	32	static
C:/Users/olive/OneDrive/Documents/CubeMXPack/stm32wb-matter-device-over-thread-main/Middlewares/Third_Party/connectedhomeip/src/app/clusters/group-key-mgmt-server/group-key-mgmt-server.cpp:389:6:bool emberAfGroupKeyManagementClusterKeySetReadCallback(chip::app::CommandHandler*, const chip::app::ConcreteCommandPath&, const chip::app::Clusters::GroupKeyManagement::Commands::KeySetRead::DecodableType&)	200	static
../../../../../../../Middlewares/Third_Party/connectedhomeip/src/app/AttributeAccessInterface.h:307:16:) [with Ts = {short unsigned int}]	32	static
C:/Users/olive/OneDrive/Documents/CubeMXPack/stm32wb-matter-device-over-thread-main/Middlewares/Third_Party/connectedhomeip/src/app/clusters/group-key-mgmt-server/group-key-mgmt-server.cpp:112:16:virtual CHIP_ERROR {anonymous}::GroupKeyManagementAttributeAccess::Read(const chip::app::ConcreteReadAttributePath&, chip::app::AttributeValueEncoder&)	184	static
C:/Users/olive/OneDrive/Documents/CubeMXPack/stm32wb-matter-device-over-thread-main/Middlewares/Third_Party/connectedhomeip/src/app/clusters/group-key-mgmt-server/group-key-mgmt-server.cpp:538:1:cpp)	0	static
