C:/Users/olive/OneDrive/Documents/CubeMXPack/stm32wb-matter-device-over-thread-main/Middlewares/Third_Party/connectedhomeip/src/protocols/bdx/BdxMessages.cpp:162:8:virtual size_t chip::bdx::TransferInit::MessageSize() const	24	static
C:/Users/olive/OneDrive/Documents/CubeMXPack/stm32wb-matter-device-over-thread-main/Middlewares/Third_Party/connectedhomeip/src/protocols/bdx/BdxMessages.cpp:270:8:virtual size_t chip::bdx::SendAccept::MessageSize() const	24	static
C:/Users/olive/OneDrive/Documents/CubeMXPack/stm32wb-matter-device-over-thread-main/Middlewares/Third_Party/connectedhomeip/src/protocols/bdx/BdxMessages.cpp:413:8:virtual size_t chip::bdx::ReceiveAccept::MessageSize() const	24	static
C:/Users/olive/OneDrive/Documents/CubeMXPack/stm32wb-matter-device-over-thread-main/Middlewares/Third_Party/connectedhomeip/src/protocols/bdx/BdxMessages.cpp:463:8:virtual size_t chip::bdx::CounterMessage::MessageSize() const	24	static
C:/Users/olive/OneDrive/Documents/CubeMXPack/stm32wb-matter-device-over-thread-main/Middlewares/Third_Party/connectedhomeip/src/protocols/bdx/BdxMessages.cpp:536:8:virtual size_t chip::bdx::DataBlock::MessageSize() const	24	static
C:/Users/olive/OneDrive/Documents/CubeMXPack/stm32wb-matter-device-over-thread-main/Middlewares/Third_Party/connectedhomeip/src/protocols/bdx/BdxMessages.cpp:603:8:virtual size_t chip::bdx::BlockQueryWithSkip::MessageSize() const	24	static
../../../../../../../Middlewares/Third_Party/connectedhomeip/src/protocols/bdx/BdxMessages.h:296:8:chip::bdx::BlockQueryWithSkip::~BlockQueryWithSkip()	0	static
../../../../../../../Middlewares/Third_Party/connectedhomeip/src/protocols/bdx/BdxMessages.h:250:8:chip::bdx::CounterMessage::~CounterMessage()	0	static
C:/Users/olive/OneDrive/Documents/CubeMXPack/stm32wb-matter-device-over-thread-main/Middlewares/Third_Party/connectedhomeip/src/protocols/bdx/BdxMessages.cpp:456:12:virtual CHIP_ERROR chip::bdx::CounterMessage::Parse(chip::System::PacketBufferHandle)	24	static
C:/Users/olive/OneDrive/Documents/CubeMXPack/stm32wb-matter-device-over-thread-main/Middlewares/Third_Party/connectedhomeip/src/protocols/bdx/BdxMessages.cpp:475:6:virtual void chip::bdx::CounterMessage::LogMessage(chip::bdx::MessageType) const	8	static
C:/Users/olive/OneDrive/Documents/CubeMXPack/stm32wb-matter-device-over-thread-main/Middlewares/Third_Party/connectedhomeip/src/protocols/bdx/BdxMessages.cpp:543:6:virtual void chip::bdx::DataBlock::LogMessage(chip::bdx::MessageType) const	8	static
C:/Users/olive/OneDrive/Documents/CubeMXPack/stm32wb-matter-device-over-thread-main/Middlewares/Third_Party/connectedhomeip/src/protocols/bdx/BdxMessages.cpp:615:6:virtual void chip::bdx::BlockQueryWithSkip::LogMessage(chip::bdx::MessageType) const	16	static
C:/Users/olive/OneDrive/Documents/CubeMXPack/stm32wb-matter-device-over-thread-main/Middlewares/Third_Party/connectedhomeip/src/protocols/bdx/BdxMessages.cpp:277:6:virtual void chip::bdx::SendAccept::LogMessage(chip::bdx::MessageType) const	8	static
C:/Users/olive/OneDrive/Documents/CubeMXPack/stm32wb-matter-device-over-thread-main/Middlewares/Third_Party/connectedhomeip/src/protocols/bdx/BdxMessages.cpp:169:6:virtual void chip::bdx::TransferInit::LogMessage(chip::bdx::MessageType) const	280	static
C:/Users/olive/OneDrive/Documents/CubeMXPack/stm32wb-matter-device-over-thread-main/Middlewares/Third_Party/connectedhomeip/src/protocols/bdx/BdxMessages.cpp:420:6:virtual void chip::bdx::ReceiveAccept::LogMessage(chip::bdx::MessageType) const	16	static
../../../../../../../Middlewares/Third_Party/connectedhomeip/src/protocols/bdx/BdxMessages.h:296:8:virtual chip::bdx::BlockQueryWithSkip::~BlockQueryWithSkip()	8	static
../../../../../../../Middlewares/Third_Party/connectedhomeip/src/protocols/bdx/BdxMessages.h:250:8:virtual chip::bdx::CounterMessage::~CounterMessage()	8	static
../../../../../../../Middlewares/Third_Party/connectedhomeip/src/lib/support/BufferWriter.h:112:15:Derived& chip::Encoding::EndianBufferWriterBase<Derived>::Put64(uint64_t) [with Derived = chip::Encoding::LittleEndian::BufferWriter]	16	static
../../../../../../../Middlewares/Third_Party/connectedhomeip/src/lib/support/BufferWriter.h:110:15:Derived& chip::Encoding::EndianBufferWriterBase<Derived>::Put16(uint16_t) [with Derived = chip::Encoding::LittleEndian::BufferWriter]	16	static
../../../../../../../Middlewares/Third_Party/connectedhomeip/src/system/SystemPacketBuffer.h:433:26:chip::System::PacketBufferHandle& chip::System::PacketBufferHandle::operator=(chip::System::PacketBufferHandle&&)	16	static
C:/Users/olive/OneDrive/Documents/CubeMXPack/stm32wb-matter-device-over-thread-main/Middlewares/Third_Party/connectedhomeip/src/protocols/bdx/BdxMessages.cpp:222:40:virtual chip::Encoding::LittleEndian::BufferWriter& chip::bdx::SendAccept::WriteToBuffer(chip::Encoding::LittleEndian::BufferWriter&) const	16	static
C:/Users/olive/OneDrive/Documents/CubeMXPack/stm32wb-matter-device-over-thread-main/Middlewares/Third_Party/connectedhomeip/src/protocols/bdx/BdxMessages.cpp:350:12:virtual CHIP_ERROR chip::bdx::ReceiveAccept::Parse(chip::System::PacketBufferHandle)	40	static
C:/Users/olive/OneDrive/Documents/CubeMXPack/stm32wb-matter-device-over-thread-main/Middlewares/Third_Party/connectedhomeip/src/protocols/bdx/BdxMessages.cpp:95:12:virtual CHIP_ERROR chip::bdx::TransferInit::Parse(chip::System::PacketBufferHandle)	40	static
C:/Users/olive/OneDrive/Documents/CubeMXPack/stm32wb-matter-device-over-thread-main/Middlewares/Third_Party/connectedhomeip/src/protocols/bdx/BdxMessages.cpp:236:12:virtual CHIP_ERROR chip::bdx::SendAccept::Parse(chip::System::PacketBufferHandle)	40	static
C:/Users/olive/OneDrive/Documents/CubeMXPack/stm32wb-matter-device-over-thread-main/Middlewares/Third_Party/connectedhomeip/src/protocols/bdx/BdxMessages.cpp:587:12:virtual CHIP_ERROR chip::bdx::BlockQueryWithSkip::Parse(chip::System::PacketBufferHandle)	24	static
C:/Users/olive/OneDrive/Documents/CubeMXPack/stm32wb-matter-device-over-thread-main/Middlewares/Third_Party/connectedhomeip/src/protocols/bdx/BdxMessages.cpp:508:12:virtual CHIP_ERROR chip::bdx::DataBlock::Parse(chip::System::PacketBufferHandle)	32	static
../../../../../../../Middlewares/Third_Party/connectedhomeip/src/system/SystemPacketBuffer.h:428:5:chip::System::PacketBufferHandle::~PacketBufferHandle()	8	static
../../../../../../../Middlewares/Third_Party/connectedhomeip/src/protocols/bdx/BdxMessages.h:271:8:chip::bdx::DataBlock::~DataBlock()	8	static
../../../../../../../Middlewares/Third_Party/connectedhomeip/src/protocols/bdx/BdxMessages.h:271:8:virtual chip::bdx::DataBlock::~DataBlock()	8	static
../../../../../../../Middlewares/Third_Party/connectedhomeip/src/protocols/bdx/BdxMessages.h:213:8:chip::bdx::ReceiveAccept::~ReceiveAccept()	8	static
../../../../../../../Middlewares/Third_Party/connectedhomeip/src/protocols/bdx/BdxMessages.h:213:8:virtual chip::bdx::ReceiveAccept::~ReceiveAccept()	8	static
../../../../../../../Middlewares/Third_Party/connectedhomeip/src/protocols/bdx/BdxMessages.h:183:8:chip::bdx::SendAccept::~SendAccept()	8	static
../../../../../../../Middlewares/Third_Party/connectedhomeip/src/protocols/bdx/BdxMessages.h:183:8:virtual chip::bdx::SendAccept::~SendAccept()	8	static
../../../../../../../Middlewares/Third_Party/connectedhomeip/src/protocols/bdx/BdxMessages.h:142:8:chip::bdx::TransferInit::~TransferInit()	8	static
../../../../../../../Middlewares/Third_Party/connectedhomeip/src/protocols/bdx/BdxMessages.h:142:8:virtual chip::bdx::TransferInit::~TransferInit()	8	static
C:/Users/olive/OneDrive/Documents/CubeMXPack/stm32wb-matter-device-over-thread-main/Middlewares/Third_Party/connectedhomeip/src/protocols/bdx/BdxMessages.cpp:196:6:bool chip::bdx::TransferInit::operator==(const chip::bdx::TransferInit&) const	24	static
C:/Users/olive/OneDrive/Documents/CubeMXPack/stm32wb-matter-device-over-thread-main/Middlewares/Third_Party/connectedhomeip/src/protocols/bdx/BdxMessages.cpp:286:6:bool chip::bdx::SendAccept::operator==(const chip::bdx::SendAccept&) const	16	static
C:/Users/olive/OneDrive/Documents/CubeMXPack/stm32wb-matter-device-over-thread-main/Middlewares/Third_Party/connectedhomeip/src/protocols/bdx/BdxMessages.cpp:431:6:bool chip::bdx::ReceiveAccept::operator==(const chip::bdx::ReceiveAccept&) const	16	static
C:/Users/olive/OneDrive/Documents/CubeMXPack/stm32wb-matter-device-over-thread-main/Middlewares/Third_Party/connectedhomeip/src/protocols/bdx/BdxMessages.cpp:469:6:bool chip::bdx::CounterMessage::operator==(const chip::bdx::CounterMessage&) const	0	static
C:/Users/olive/OneDrive/Documents/CubeMXPack/stm32wb-matter-device-over-thread-main/Middlewares/Third_Party/connectedhomeip/src/protocols/bdx/BdxMessages.cpp:562:6:bool chip::bdx::DataBlock::operator==(const chip::bdx::DataBlock&) const	16	static
C:/Users/olive/OneDrive/Documents/CubeMXPack/stm32wb-matter-device-over-thread-main/Middlewares/Third_Party/connectedhomeip/src/protocols/bdx/BdxMessages.cpp:609:6:bool chip::bdx::BlockQueryWithSkip::operator==(const chip::bdx::BlockQueryWithSkip&) const	8	static
../../../../../../../Middlewares/Third_Party/connectedhomeip/src/lib/support/BufferWriter.h:111:15:Derived& chip::Encoding::EndianBufferWriterBase<Derived>::Put32(uint32_t) [with Derived = chip::Encoding::LittleEndian::BufferWriter]	16	static
C:/Users/olive/OneDrive/Documents/CubeMXPack/stm32wb-matter-device-over-thread-main/Middlewares/Third_Party/connectedhomeip/src/protocols/bdx/BdxMessages.cpp:451:40:virtual chip::Encoding::LittleEndian::BufferWriter& chip::bdx::CounterMessage::WriteToBuffer(chip::Encoding::LittleEndian::BufferWriter&) const	8	static
C:/Users/olive/OneDrive/Documents/CubeMXPack/stm32wb-matter-device-over-thread-main/Middlewares/Third_Party/connectedhomeip/src/protocols/bdx/BdxMessages.cpp:580:40:virtual chip::Encoding::LittleEndian::BufferWriter& chip::bdx::BlockQueryWithSkip::WriteToBuffer(chip::Encoding::LittleEndian::BufferWriter&) const	16	static
C:/Users/olive/OneDrive/Documents/CubeMXPack/stm32wb-matter-device-over-thread-main/Middlewares/Third_Party/connectedhomeip/src/protocols/bdx/BdxMessages.cpp:498:40:virtual chip::Encoding::LittleEndian::BufferWriter& chip::bdx::DataBlock::WriteToBuffer(chip::Encoding::LittleEndian::BufferWriter&) const	16	static
C:/Users/olive/OneDrive/Documents/CubeMXPack/stm32wb-matter-device-over-thread-main/Middlewares/Third_Party/connectedhomeip/src/protocols/bdx/BdxMessages.cpp:43:16:virtual chip::Encoding::LittleEndian::BufferWriter& chip::bdx::TransferInit::WriteToBuffer(chip::Encoding::LittleEndian::BufferWriter&) const	24	static
C:/Users/olive/OneDrive/Documents/CubeMXPack/stm32wb-matter-device-over-thread-main/Middlewares/Third_Party/connectedhomeip/src/protocols/bdx/BdxMessages.cpp:305:40:virtual chip::Encoding::LittleEndian::BufferWriter& chip::bdx::ReceiveAccept::WriteToBuffer(chip::Encoding::LittleEndian::BufferWriter&) const	24	static
