../../../../../../../Middlewares/Third_Party/connectedhomeip/src/app/AttributeAccessInterface.h:458:18:virtual void chip::app::AttributeAccessInterface::OnListWriteBegin(const chip::app::ConcreteAttributePath&)	0	static
../../../../../../../Middlewares/Third_Party/connectedhomeip/src/app/AttributeAccessInterface.h:473:18:virtual void chip::app::AttributeAccessInterface::OnListWriteEnd(const chip::app::ConcreteAttributePath&, bool)	0	static
../../../../../../../Middlewares/Third_Party/connectedhomeip/src/include/platform/NetworkCommissioning.h:152:24:virtual CHIP_ERROR chip::DeviceLayer::NetworkCommissioning::Internal::BaseDriver::Init(NetworkStatusChangeCallback*)	0	static
../../../../../../../Middlewares/Third_Party/connectedhomeip/src/include/platform/NetworkCommissioning.h:157:18:virtual void chip::DeviceLayer::NetworkCommissioning::Internal::BaseDriver::Shutdown()	0	static
../../../../../../../Middlewares/Third_Party/connectedhomeip/src/include/platform/NetworkCommissioning.h:173:24:virtual CHIP_ERROR chip::DeviceLayer::NetworkCommissioning::Internal::BaseDriver::SetEnabled(bool)	0	static
C:/Users/olive/OneDrive/Documents/CubeMXPack/stm32wb-matter-device-over-thread-main/Middlewares/Third_Party/connectedhomeip/src/app/clusters/network-commissioning/network-commissioning.cpp:717:12:virtual CHIP_ERROR chip::app::Clusters::NetworkCommissioning::Instance::EnumerateAcceptedCommands(const chip::app::ConcreteClusterPath&, chip::app::CommandHandlerInterface::CommandIdCallback, void*)	64	static
C:/Users/olive/OneDrive/Documents/CubeMXPack/stm32wb-matter-device-over-thread-main/Middlewares/Third_Party/connectedhomeip/src/app/clusters/network-commissioning/network-commissioning.cpp:757:12:virtual CHIP_ERROR chip::app::Clusters::NetworkCommissioning::Instance::EnumerateGeneratedCommands(const chip::app::ConcreteClusterPath&, chip::app::CommandHandlerInterface::CommandIdCallback, void*)	40	static
C:/Users/olive/OneDrive/Documents/CubeMXPack/stm32wb-matter-device-over-thread-main/Middlewares/Third_Party/connectedhomeip/src/app/clusters/network-commissioning/network-commissioning.cpp:779:6:virtual bool chip::app::Clusters::NetworkCommissioning::NullNetworkDriver::GetEnabled()	0	static
C:/Users/olive/OneDrive/Documents/CubeMXPack/stm32wb-matter-device-over-thread-main/Middlewares/Third_Party/connectedhomeip/src/app/clusters/network-commissioning/network-commissioning.cpp:785:9:virtual uint8_t chip::app::Clusters::NetworkCommissioning::NullNetworkDriver::GetMaxNetworks()	0	static
C:/Users/olive/OneDrive/Documents/CubeMXPack/stm32wb-matter-device-over-thread-main/Middlewares/Third_Party/connectedhomeip/src/app/clusters/network-commissioning/network-commissioning.cpp:791:54:virtual chip::DeviceLayer::NetworkCommissioning::NetworkIterator* chip::app::Clusters::NetworkCommissioning::NullNetworkDriver::GetNetworks()	0	static
C:/Users/olive/OneDrive/Documents/CubeMXPack/stm32wb-matter-device-over-thread-main/Middlewares/Third_Party/connectedhomeip/src/app/clusters/network-commissioning/network-commissioning.h:156:13:chip::app::Clusters::NetworkCommissioning::NullNetworkDriver::~NullNetworkDriver()	0	static
C:/Users/olive/OneDrive/Documents/CubeMXPack/stm32wb-matter-device-over-thread-main/Middlewares/Third_Party/connectedhomeip/src/app/clusters/network-commissioning/network-commissioning.h:143:13:chip::app::Clusters::NetworkCommissioning::Instance::~Instance()	8	static
C:/Users/olive/OneDrive/Documents/CubeMXPack/stm32wb-matter-device-over-thread-main/Middlewares/Third_Party/connectedhomeip/src/app/clusters/network-commissioning/network-commissioning.h:143:13:virtual chip::app::Clusters::NetworkCommissioning::Instance::~Instance()	8	static
C:/Users/olive/OneDrive/Documents/CubeMXPack/stm32wb-matter-device-over-thread-main/Middlewares/Third_Party/connectedhomeip/src/app/clusters/network-commissioning/network-commissioning.h:156:13:virtual chip::app::Clusters::NetworkCommissioning::NullNetworkDriver::~NullNetworkDriver()	8	static
C:/Users/olive/OneDrive/Documents/CubeMXPack/stm32wb-matter-device-over-thread-main/Middlewares/Third_Party/connectedhomeip/src/app/clusters/network-commissioning/network-commissioning.cpp:207:12:virtual CHIP_ERROR chip::app::Clusters::NetworkCommissioning::Instance::Write(const chip::app::ConcreteDataAttributePath&, chip::app::AttributeValueDecoder&)	16	static
../../../../../../../Middlewares/Third_Party/connectedhomeip/src/app/CommandHandler.h:233:10:void chip::app::CommandHandler::AddResponse(const chip::app::ConcreteCommandPath&, const CommandData&) [with CommandData = chip::app::Clusters::NetworkCommissioning::Commands::NetworkConfigResponse::Type]	8	static
C:/Users/olive/OneDrive/Documents/CubeMXPack/stm32wb-matter-device-over-thread-main/Middlewares/Third_Party/connectedhomeip/src/app/clusters/network-commissioning/network-commissioning.cpp:305:6:bool chip::app::Clusters::NetworkCommissioning::{anonymous}::CheckFailSafeArmed(chip::app::CommandHandlerInterface::HandlerContext&)	8	static
C:/Users/olive/OneDrive/Documents/CubeMXPack/stm32wb-matter-device-over-thread-main/Middlewares/Third_Party/connectedhomeip/src/app/clusters/network-commissioning/network-commissioning.cpp:220:6:virtual void chip::app::Clusters::NetworkCommissioning::Instance::OnNetworkingStatusChange(chip::DeviceLayer::NetworkCommissioning::Status, chip::Optional<chip::Span<const unsigned char> >, chip::Optional<long int>)	16	static
../../../../../../../Middlewares/Third_Party/connectedhomeip/src/app/AttributeAccessInterface.h:188:16:CHIP_ERROR chip::app::AttributeValueEncoder::EncodeNull()	16	static
../../../../../../../Middlewares/Third_Party/connectedhomeip/src/app/CommandHandler.h:274:10:void chip::app::CommandHandler::FlushAcksRightAwayOnSlowCommand()	0	static
C:/Users/olive/OneDrive/Documents/CubeMXPack/stm32wb-matter-device-over-thread-main/Middlewares/Third_Party/connectedhomeip/src/app/clusters/network-commissioning/network-commissioning.cpp:63:12:CHIP_ERROR chip::app::Clusters::NetworkCommissioning::Instance::Init()	8	static
C:/Users/olive/OneDrive/Documents/CubeMXPack/stm32wb-matter-device-over-thread-main/Middlewares/Third_Party/connectedhomeip/src/app/clusters/network-commissioning/network-commissioning.cpp:75:6:void chip::app::Clusters::NetworkCommissioning::Instance::Shutdown()	0	static
C:/Users/olive/OneDrive/Documents/CubeMXPack/stm32wb-matter-device-over-thread-main/Middlewares/Third_Party/connectedhomeip/src/app/clusters/network-commissioning/network-commissioning.cpp:248:6:void chip::app::Clusters::NetworkCommissioning::Instance::HandleScanNetworks(chip::app::CommandHandlerInterface::HandlerContext&, const chip::app::Clusters::NetworkCommissioning::Commands::ScanNetworks::DecodableType&)	40	static
C:/Users/olive/OneDrive/Documents/CubeMXPack/stm32wb-matter-device-over-thread-main/Middlewares/Third_Party/connectedhomeip/src/app/clusters/network-commissioning/network-commissioning.cpp:401:6:void chip::app::Clusters::NetworkCommissioning::Instance::UpdateBreadcrumb(const chip::Optional<long long unsigned int>&)	0	static
C:/Users/olive/OneDrive/Documents/CubeMXPack/stm32wb-matter-device-over-thread-main/Middlewares/Third_Party/connectedhomeip/src/app/clusters/network-commissioning/network-commissioning.cpp:407:6:void chip::app::Clusters::NetworkCommissioning::Instance::CommitSavedBreadcrumb()	8	static
C:/Users/olive/OneDrive/Documents/CubeMXPack/stm32wb-matter-device-over-thread-main/Middlewares/Third_Party/connectedhomeip/src/app/clusters/network-commissioning/network-commissioning.cpp:513:6:virtual void chip::app::Clusters::NetworkCommissioning::Instance::OnFinished(chip::DeviceLayer::NetworkCommissioning::Status, chip::CharSpan, chip::DeviceLayer::NetworkCommissioning::ThreadScanResponseIterator*)	208	static
C:/Users/olive/OneDrive/Documents/CubeMXPack/stm32wb-matter-device-over-thread-main/Middlewares/Third_Party/connectedhomeip/src/app/clusters/network-commissioning/network-commissioning.cpp:622:6:virtual void chip::app::Clusters::NetworkCommissioning::Instance::OnFinished(chip::DeviceLayer::NetworkCommissioning::Status, chip::CharSpan, chip::DeviceLayer::NetworkCommissioning::WiFiScanResponseIterator*)	136	static
C:/Users/olive/OneDrive/Documents/CubeMXPack/stm32wb-matter-device-over-thread-main/Middlewares/Third_Party/connectedhomeip/src/app/clusters/network-commissioning/network-commissioning.cpp:473:6:virtual void chip::app::Clusters::NetworkCommissioning::Instance::OnResult(chip::DeviceLayer::NetworkCommissioning::Status, chip::CharSpan, int32_t)	88	static
C:/Users/olive/OneDrive/Documents/CubeMXPack/stm32wb-matter-device-over-thread-main/Middlewares/Third_Party/connectedhomeip/src/app/clusters/network-commissioning/network-commissioning.cpp:437:6:void chip::app::Clusters::NetworkCommissioning::Instance::HandleConnectNetwork(chip::app::CommandHandlerInterface::HandlerContext&, const chip::app::Clusters::NetworkCommissioning::Commands::ConnectNetwork::DecodableType&)	24	static
C:/Users/olive/OneDrive/Documents/CubeMXPack/stm32wb-matter-device-over-thread-main/Middlewares/Third_Party/connectedhomeip/src/app/clusters/network-commissioning/network-commissioning.cpp:700:6:void chip::app::Clusters::NetworkCommissioning::Instance::OnCommissioningComplete()	0	static
C:/Users/olive/OneDrive/Documents/CubeMXPack/stm32wb-matter-device-over-thread-main/Middlewares/Third_Party/connectedhomeip/src/app/clusters/network-commissioning/network-commissioning.cpp:708:6:void chip::app::Clusters::NetworkCommissioning::Instance::OnFailSafeTimerExpired()	8	static
C:/Users/olive/OneDrive/Documents/CubeMXPack/stm32wb-matter-device-over-thread-main/Middlewares/Third_Party/connectedhomeip/src/app/clusters/network-commissioning/network-commissioning.cpp:686:6:static void chip::app::Clusters::NetworkCommissioning::Instance::OnPlatformEventHandler(const chip::DeviceLayer::ChipDeviceEvent*, intptr_t)	0	static
C:/Users/olive/OneDrive/Documents/CubeMXPack/stm32wb-matter-device-over-thread-main/Middlewares/Third_Party/connectedhomeip/src/app/clusters/network-commissioning/network-commissioning.cpp:802:6:void MatterNetworkCommissioningPluginServerInitCallback()	0	static
../../../../../../../Middlewares/Third_Party/connectedhomeip/src/app/AttributeAccessInterface.h:179:16:) [with Ts = {unsigned char}]	32	static
../../../../../../../Middlewares/Third_Party/connectedhomeip/src/app/AttributeAccessInterface.h:179:16:) [with Ts = {chip::Span<const unsigned char>}]	40	static
../../../../../../../Middlewares/Third_Party/connectedhomeip/src/app/AttributeAccessInterface.h:179:16:) [with Ts = {chip::app::DataModel::Nullable<long int>&}]	32	static
../../../../../../../Middlewares/Third_Party/connectedhomeip/src/app/AttributeAccessInterface.h:179:16:) [with Ts = {const chip::BitFlags<chip::app::Clusters::NetworkCommissioning::NetworkCommissioningFeature, long unsigned int>&}]	32	static
C:/Users/olive/OneDrive/Documents/CubeMXPack/stm32wb-matter-device-over-thread-main/Middlewares/Third_Party/connectedhomeip/src/app/clusters/network-commissioning/network-commissioning.cpp:138:12:virtual CHIP_ERROR chip::app::Clusters::NetworkCommissioning::Instance::Read(const chip::app::ConcreteReadAttributePath&, chip::app::AttributeValueEncoder&)	136	static
../../../../../../../Middlewares/Third_Party/connectedhomeip/src/app/CommandHandler.h:233:10:void chip::app::CommandHandler::AddResponse(const chip::app::ConcreteCommandPath&, const CommandData&) [with CommandData = chip::app::Clusters::NetworkCommissioning::Commands::NetworkConfigResponse::Type]	32	static
C:/Users/olive/OneDrive/Documents/CubeMXPack/stm32wb-matter-device-over-thread-main/Middlewares/Third_Party/connectedhomeip/src/app/clusters/network-commissioning/network-commissioning.cpp:320:6:void chip::app::Clusters::NetworkCommissioning::Instance::HandleAddOrUpdateWiFiNetwork(chip::app::CommandHandlerInterface::HandlerContext&, const chip::app::Clusters::NetworkCommissioning::Commands::AddOrUpdateWiFiNetwork::DecodableType&)	136	static
C:/Users/olive/OneDrive/Documents/CubeMXPack/stm32wb-matter-device-over-thread-main/Middlewares/Third_Party/connectedhomeip/src/app/clusters/network-commissioning/network-commissioning.cpp:378:6:void chip::app::Clusters::NetworkCommissioning::Instance::HandleAddOrUpdateThreadNetwork(chip::app::CommandHandlerInterface::HandlerContext&, const chip::app::Clusters::NetworkCommissioning::Commands::AddOrUpdateThreadNetwork::DecodableType&)	128	static
C:/Users/olive/OneDrive/Documents/CubeMXPack/stm32wb-matter-device-over-thread-main/Middlewares/Third_Party/connectedhomeip/src/app/clusters/network-commissioning/network-commissioning.cpp:415:6:void chip::app::Clusters::NetworkCommissioning::Instance::HandleRemoveNetwork(chip::app::CommandHandlerInterface::HandlerContext&, const chip::app::Clusters::NetworkCommissioning::Commands::RemoveNetwork::DecodableType&)	128	static
C:/Users/olive/OneDrive/Documents/CubeMXPack/stm32wb-matter-device-over-thread-main/Middlewares/Third_Party/connectedhomeip/src/app/clusters/network-commissioning/network-commissioning.cpp:455:6:void chip::app::Clusters::NetworkCommissioning::Instance::HandleReorderNetwork(chip::app::CommandHandlerInterface::HandlerContext&, const chip::app::Clusters::NetworkCommissioning::Commands::ReorderNetwork::DecodableType&)	128	static
C:/Users/olive/OneDrive/Documents/CubeMXPack/stm32wb-matter-device-over-thread-main/Middlewares/Third_Party/connectedhomeip/src/app/clusters/network-commissioning/network-commissioning.cpp:80:6:virtual void chip::app::Clusters::NetworkCommissioning::Instance::InvokeCommand(chip::app::CommandHandlerInterface::HandlerContext&)	48	static
