C:/Users/olive/OneDrive/Documents/CubeMXPack/stm32wb-matter-device-over-thread-main/Middlewares/Third_Party/connectedhomeip/src/credentials/GenerateChipX509Cert.cpp:154:12:CHIP_ERROR chip::Credentials::{anonymous}::EncodeIsCAExtension(IsCACert, chip::ASN1::ASN1Writer&)	16	static
C:/Users/olive/OneDrive/Documents/CubeMXPack/stm32wb-matter-device-over-thread-main/Middlewares/Third_Party/connectedhomeip/src/credentials/GenerateChipX509Cert.cpp:133:12:CHIP_ERROR chip::Credentials::{anonymous}::EncodeKeyUsageExtension(uint16_t, chip::ASN1::ASN1Writer&)	16	static
C:/Users/olive/OneDrive/Documents/CubeMXPack/stm32wb-matter-device-over-thread-main/Middlewares/Third_Party/connectedhomeip/src/credentials/GenerateChipX509Cert.cpp:325:12:CHIP_ERROR chip::Credentials::EncodeTBSCert(const X509CertRequestParams&, const chip::Crypto::P256PublicKey&, const chip::Crypto::P256PublicKey&, chip::ASN1::ASN1Writer&)	80	static
C:/Users/olive/OneDrive/Documents/CubeMXPack/stm32wb-matter-device-over-thread-main/Middlewares/Third_Party/connectedhomeip/src/credentials/GenerateChipX509Cert.cpp:373:12:CHIP_ERROR chip::Credentials::NewChipX509Cert(const X509CertRequestParams&, const chip::Crypto::P256PublicKey&, chip::Crypto::P256Keypair&, chip::MutableByteSpan&)	160	static
C:/Users/olive/OneDrive/Documents/CubeMXPack/stm32wb-matter-device-over-thread-main/Middlewares/Third_Party/connectedhomeip/src/credentials/GenerateChipX509Cert.cpp:404:23:CHIP_ERROR chip::Credentials::NewRootX509Cert(const X509CertRequestParams&, chip::Crypto::P256Keypair&, chip::MutableByteSpan&)	32	static
C:/Users/olive/OneDrive/Documents/CubeMXPack/stm32wb-matter-device-over-thread-main/Middlewares/Third_Party/connectedhomeip/src/credentials/GenerateChipX509Cert.cpp:416:23:CHIP_ERROR chip::Credentials::NewICAX509Cert(const X509CertRequestParams&, const chip::Crypto::P256PublicKey&, chip::Crypto::P256Keypair&, chip::MutableByteSpan&)	32	static
C:/Users/olive/OneDrive/Documents/CubeMXPack/stm32wb-matter-device-over-thread-main/Middlewares/Third_Party/connectedhomeip/src/credentials/GenerateChipX509Cert.cpp:430:23:CHIP_ERROR chip::Credentials::NewNodeOperationalX509Cert(const X509CertRequestParams&, const chip::Crypto::P256PublicKey&, chip::Crypto::P256Keypair&, chip::MutableByteSpan&)	32	static
