../../../../../../../Middlewares/Third_Party/connectedhomeip/src/app/BufferedReadCallback.h:78:10:virtual void chip::app::BufferedReadCallback::OnEventData(const chip::app::EventHeader&, chip::TLV::TLVReader*, const chip::app::StatusIB*)	4	static
../../../../../../../Middlewares/Third_Party/connectedhomeip/src/app/BufferedReadCallback.h:83:10:virtual void chip::app::BufferedReadCallback::OnDone(chip::app::ReadClient*)	0	static
../../../../../../../Middlewares/Third_Party/connectedhomeip/src/app/BufferedReadCallback.h:84:10:virtual void chip::app::BufferedReadCallback::OnSubscriptionEstablished(chip::SubscriptionId)	0	static
../../../../../../../Middlewares/Third_Party/connectedhomeip/src/app/BufferedReadCallback.h:89:16:virtual CHIP_ERROR chip::app::BufferedReadCallback::OnResubscriptionNeeded(chip::app::ReadClient*, CHIP_ERROR)	0	static
../../../../../../../Middlewares/Third_Party/connectedhomeip/src/app/BufferedReadCallback.h:94:10:virtual void chip::app::BufferedReadCallback::OnDeallocatePaths(chip::app::ReadPrepareParams&&)	0	static
../../../../../../../Middlewares/Third_Party/connectedhomeip/src/app/BufferedReadCallback.h:99:24:virtual CHIP_ERROR chip::app::BufferedReadCallback::OnUpdateDataVersionFilterList(chip::app::DataVersionFilterIBs::Builder&, const chip::Span<chip::app::AttributePathParams>&, bool&)	4	static
../../../../../../../Middlewares/Third_Party/connectedhomeip/src/app/BufferedReadCallback.h:106:24:virtual CHIP_ERROR chip::app::BufferedReadCallback::GetHighestReceivedEventNumber(chip::Optional<long long unsigned int>&)	0	static
../../../../../../../Middlewares/Third_Party/connectedhomeip/src/app/BufferedReadCallback.h:111:10:virtual void chip::app::BufferedReadCallback::OnUnsolicitedMessageFromPublisher(chip::app::ReadClient*)	0	static
C:/Users/olive/OneDrive/Documents/CubeMXPack/stm32wb-matter-device-over-thread-main/Middlewares/Third_Party/connectedhomeip/src/app/BufferedReadCallback.cpp:32:6:virtual void chip::app::BufferedReadCallback::OnReportBegin()	0	static
../../../../../../../Middlewares/Third_Party/connectedhomeip/src/system/SystemPacketBuffer.h:433:26:chip::System::PacketBufferHandle& chip::System::PacketBufferHandle::operator=(chip::System::PacketBufferHandle&&)	16	static
../../../../../../../Middlewares/Third_Party/connectedhomeip/src/system/SystemPacketBuffer.h:428:5:chip::System::PacketBufferHandle::~PacketBufferHandle()	8	static
../../../../../../../Middlewares/Third_Party/connectedhomeip/src/app/BufferedReadCallback.h:38:7:chip::app::BufferedReadCallback::~BufferedReadCallback()	16	static
../../../../../../../Middlewares/Third_Party/connectedhomeip/src/app/BufferedReadCallback.h:38:7:virtual chip::app::BufferedReadCallback::~BufferedReadCallback()	8	static
C:\ST\STM32CubeIDE_2.0.0\STM32CubeIDE\plugins\com.st.stm32cube.ide.mcu.externaltools.gnu-tools-for-stm32.13.3.rel1.win32_1.0.100.202509120712\tools\bin/../lib/gcc/arm-none-eabi/13.3.1/../../../../arm-none-eabi/include/c++/13.3.1/bits/stl_vector.h:1605:7:void std::vector<_Tp, _Alloc>::clear() [with _Tp = chip::System::PacketBufferHandle; _Alloc = std::allocator<chip::System::PacketBufferHandle>]	24	static
../../../../../../../Middlewares/Third_Party/connectedhomeip/src/app/BufferedReadCallback.h:72:10:virtual void chip::app::BufferedReadCallback::OnError(CHIP_ERROR)	16	static
../../../../../../../Middlewares/Third_Party/connectedhomeip/src/lib/support/ScopedBuffer.h:72:10:void chip::Platform::Impl::ScopedMemoryBufferBase<Impl>::Free() [with Impl = chip::Platform::Impl::PlatformMemoryManagement]	8	static
C:/Users/olive/OneDrive/Documents/CubeMXPack/stm32wb-matter-device-over-thread-main/Middlewares/Third_Party/connectedhomeip/src/app/BufferedReadCallback.cpp:48:12:CHIP_ERROR chip::app::BufferedReadCallback::GenerateListTLV(chip::TLV::ScopedBufferTLVReader&)	152	static
C:/Users/olive/OneDrive/Documents/CubeMXPack/stm32wb-matter-device-over-thread-main/Middlewares/Third_Party/connectedhomeip/src/app/BufferedReadCallback.cpp:172:12:CHIP_ERROR chip::app::BufferedReadCallback::DispatchBufferedData(const chip::app::ConcreteAttributePath&, const chip::app::StatusIB&, bool)	80	static
C:/Users/olive/OneDrive/Documents/CubeMXPack/stm32wb-matter-device-over-thread-main/Middlewares/Third_Party/connectedhomeip/src/app/BufferedReadCallback.cpp:37:6:virtual void chip::app::BufferedReadCallback::OnReportEnd()	16	static
C:\ST\STM32CubeIDE_2.0.0\STM32CubeIDE\plugins\com.st.stm32cube.ide.mcu.externaltools.gnu-tools-for-stm32.13.3.rel1.win32_1.0.100.202509120712\tools\arm-none-eabi\include\c++\13.3.1\bits\stl_uninitialized.h:163:5:_ForwardIterator std::uninitialized_copy(_InputIterator, _InputIterator, _ForwardIterator) [with _InputIterator = move_iterator<chip::System::PacketBufferHandle*>; _ForwardIterator = chip::System::PacketBufferHandle*]	16	static
C:\ST\STM32CubeIDE_2.0.0\STM32CubeIDE\plugins\com.st.stm32cube.ide.mcu.externaltools.gnu-tools-for-stm32.13.3.rel1.win32_1.0.100.202509120712\tools\bin/../lib/gcc/arm-none-eabi/13.3.1/../../../../arm-none-eabi/include/c++/13.3.1/bits/vector.tcc:445:7:) [with _Args = {chip::System::PacketBufferHandle}; _Tp = chip::System::PacketBufferHandle; _Alloc = std::allocator<chip::System::PacketBufferHandle>]	40	static
C:/Users/olive/OneDrive/Documents/CubeMXPack/stm32wb-matter-device-over-thread-main/Middlewares/Third_Party/connectedhomeip/src/app/BufferedReadCallback.cpp:103:12:CHIP_ERROR chip::app::BufferedReadCallback::BufferListItem(chip::TLV::TLVReader&)	96	static
C:/Users/olive/OneDrive/Documents/CubeMXPack/stm32wb-matter-device-over-thread-main/Middlewares/Third_Party/connectedhomeip/src/app/BufferedReadCallback.cpp:137:12:CHIP_ERROR chip::app::BufferedReadCallback::BufferData(const chip::app::ConcreteDataAttributePath&, chip::TLV::TLVReader*)	24	static
C:/Users/olive/OneDrive/Documents/CubeMXPack/stm32wb-matter-device-over-thread-main/Middlewares/Third_Party/connectedhomeip/src/app/BufferedReadCallback.cpp:229:6:virtual void chip::app::BufferedReadCallback::OnAttributeData(const chip::app::ConcreteDataAttributePath&, chip::TLV::TLVReader*, const chip::app::StatusIB&)	24	static
