../../../../../../../Middlewares/Third_Party/connectedhomeip/src/credentials/FabricTable.h:363:22:virtual void chip::FabricTable::Delegate::FabricWillBeRemoved(const chip::FabricTable&, chip::FabricIndex)	0	static
../../../../../../../Middlewares/Third_Party/connectedhomeip/src/credentials/FabricTable.h:373:22:virtual void chip::FabricTable::Delegate::OnFabricCommitted(const chip::FabricTable&, chip::FabricIndex)	0	static
../../../../../../../Middlewares/Third_Party/connectedhomeip/src/credentials/FabricTable.h:380:22:virtual void chip::FabricTable::Delegate::OnFabricUpdated(const chip::FabricTable&, chip::FabricIndex)	0	static
../../../../../../../Middlewares/Third_Party/connectedhomeip/src/messaging/ApplicationExchangeDispatch.h:38:44:void __tcf_0()	0	static
../../../../../../../Middlewares/Third_Party/connectedhomeip/src/messaging/ExchangeDelegate.h:135:18:virtual void chip::Messaging::ExchangeDelegate::OnExchangeClosing(chip::Messaging::ExchangeContext*)	0	static
../../../../../../../Middlewares/Third_Party/connectedhomeip/src/messaging/ExchangeDelegate.h:175:18:virtual void chip::Messaging::UnsolicitedMessageHandler::OnExchangeCreationFailed(chip::Messaging::ExchangeDelegate*)	0	static
../../../../../../../Middlewares/Third_Party/connectedhomeip/src/messaging/ExchangeHolder.h:151:16:virtual CHIP_ERROR chip::Messaging::ExchangeHolder::OnMessageReceived(chip::Messaging::ExchangeContext*, const chip::PayloadHeader&, chip::System::PacketBufferHandle&&)	4	static
../../../../../../../Middlewares/Third_Party/connectedhomeip/src/messaging/ExchangeHolder.h:157:10:virtual void chip::Messaging::ExchangeHolder::OnResponseTimeout(chip::Messaging::ExchangeContext*)	0	static
../../../../../../../Middlewares/Third_Party/connectedhomeip/src/messaging/ExchangeHolder.h:159:10:virtual void chip::Messaging::ExchangeHolder::OnExchangeClosing(chip::Messaging::ExchangeContext*)	0	static
../../../../../../../Middlewares/Third_Party/connectedhomeip/src/messaging/ExchangeHolder.h:186:31:virtual chip::Messaging::ExchangeMessageDispatch& chip::Messaging::ExchangeHolder::GetMessageDispatch()	0	static
C:/Users/olive/OneDrive/Documents/CubeMXPack/stm32wb-matter-device-over-thread-main/Middlewares/Third_Party/connectedhomeip/src/app/InteractionModelEngine.h:373:40:virtual chip::app::ReadHandler::ApplicationCallback* chip::app::InteractionModelEngine::GetAppCallback()	0	static
C:/Users/olive/OneDrive/Documents/CubeMXPack/stm32wb-matter-device-over-thread-main/Middlewares/Third_Party/connectedhomeip/src/app/InteractionModelEngine.cpp:693:12:virtual CHIP_ERROR chip::app::InteractionModelEngine::OnUnsolicitedMessageReceived(const chip::PayloadHeader&, chip::Messaging::ExchangeDelegate*&)	0	static
C:/Users/olive/OneDrive/Documents/CubeMXPack/stm32wb-matter-device-over-thread-main/Middlewares/Third_Party/connectedhomeip/src/app/InteractionModelEngine.cpp:1071:45:chip::app::InteractionModelEngine::EnsureResourceForRead(chip::FabricIndex, size_t, size_t)::<lambda()>	0	static
C:/Users/olive/OneDrive/Documents/CubeMXPack/stm32wb-matter-device-over-thread-main/Middlewares/Third_Party/connectedhomeip/src/app/InteractionModelEngine.cpp:1646:6:static void chip::app::InteractionModelEngine::ResumeSubscriptionsTimerCallback(chip::System::Layer*, void*)	0	static
../../../../../../../Middlewares/Third_Party/connectedhomeip/src/lib/support/Pool.h:124:17:static chip::Loop chip::internal::LambdaProxy<T, Function>::Call(void*, void*) [with T = chip::app::ReadHandler; Function = chip::app::InteractionModelEngine::ActiveHandlerAt(unsigned int)::<lambda(chip::app::ReadHandler*)>]	8	static
../../../../../../../Middlewares/Third_Party/connectedhomeip/src/lib/support/Pool.h:124:17:static chip::Loop chip::internal::LambdaProxy<T, Function>::Call(void*, void*) [with T = chip::app::ReadHandler; Function = chip::app::InteractionModelEngine::HasActiveRead()::<lambda(chip::app::ReadHandler*)>]	0	static
../../../../../../../Middlewares/Third_Party/connectedhomeip/src/lib/support/Pool.h:128:17:static chip::Loop chip::internal::LambdaProxy<T, Function>::ConstCall(void*, const void*) [with T = chip::app::ReadHandler; Function = chip::app::InteractionModelEngine::GetNumDirtySubscriptions() const::<lambda(auto:12)>]	12	static
C:/Users/olive/OneDrive/Documents/CubeMXPack/stm32wb-matter-device-over-thread-main/Middlewares/Third_Party/connectedhomeip/src/app/InteractionModelEngine.h:74:7:chip::app::InteractionModelEngine::~InteractionModelEngine()	16	static
C:/Users/olive/OneDrive/Documents/CubeMXPack/stm32wb-matter-device-over-thread-main/Middlewares/Third_Party/connectedhomeip/src/app/InteractionModelEngine.h:74:7:virtual chip::app::InteractionModelEngine::~InteractionModelEngine()	8	static
../../../../../../../Middlewares/Third_Party/connectedhomeip/src/messaging/ExchangeHolder.h:72:13:chip::Messaging::ExchangeHolder::~ExchangeHolder()	8	static
../../../../../../../Middlewares/Third_Party/connectedhomeip/src/messaging/ExchangeHolder.h:72:13:virtual chip::Messaging::ExchangeHolder::~ExchangeHolder()	8	static
../../../../../../../Middlewares/Third_Party/connectedhomeip/src/lib/support/Pool.h:276:17:static chip::Loop chip::BitMapObjectPool<T, N>::ReleaseObject(void*, void*) [with T = chip::app::ObjectList<chip::app::EventPathParams>; unsigned int N = 90]	8	static
../../../../../../../Middlewares/Third_Party/connectedhomeip/src/lib/support/Pool.h:276:17:static chip::Loop chip::BitMapObjectPool<T, N>::ReleaseObject(void*, void*) [with T = chip::app::ObjectList<chip::app::DataVersionFilter>; unsigned int N = 90]	8	static
C:/Users/olive/OneDrive/Documents/CubeMXPack/stm32wb-matter-device-over-thread-main/Middlewares/Third_Party/connectedhomeip/src/app/InteractionModelEngine.cpp:757:6:virtual void chip::app::InteractionModelEngine::OnResponseTimeout(chip::Messaging::ExchangeContext*)	16	static
C:/Users/olive/OneDrive/Documents/CubeMXPack/stm32wb-matter-device-over-thread-main/Middlewares/Third_Party/connectedhomeip/src/app/InteractionModelEngine.cpp:1396:37:virtual chip::Protocols::InteractionModel::Status chip::app::InteractionModelEngine::CommandExists(const chip::app::ConcreteCommandPath&)	0	static
../../../../../../../Middlewares/Third_Party/connectedhomeip/src/messaging/ExchangeDelegate.h:137:39:virtual chip::Messaging::ExchangeMessageDispatch& chip::Messaging::ExchangeDelegate::GetMessageDispatch()	8	static
C:/Users/olive/OneDrive/Documents/CubeMXPack/stm32wb-matter-device-over-thread-main/Middlewares/Third_Party/connectedhomeip/src/app/InteractionModelEngine.cpp:1568:6:virtual void chip::app::InteractionModelEngine::OnFabricRemoved(const chip::FabricTable&, chip::FabricIndex)	32	static
C:/Users/olive/OneDrive/Documents/CubeMXPack/stm32wb-matter-device-over-thread-main/Middlewares/Third_Party/connectedhomeip/src/app/InteractionModelEngine.cpp:1055:31:chip::app::InteractionModelEngine::EnsureResourceForRead(chip::FabricIndex, size_t, size_t)::<lambda()>	24	static
C:/Users/olive/OneDrive/Documents/CubeMXPack/stm32wb-matter-device-over-thread-main/Middlewares/Third_Party/connectedhomeip/src/app/InteractionModelEngine.cpp:873:31:chip::app::InteractionModelEngine::EnsureResourceForSubscription(chip::FabricIndex, size_t, size_t)::<lambda()>	24	static
../../../../../../../Middlewares/Third_Party/connectedhomeip/src/lib/support/Pool.h:128:17:static chip::Loop chip::internal::LambdaProxy<T, Function>::ConstCall(void*, const void*) [with T = chip::app::ReadHandler; Function = chip::app::InteractionModelEngine::GetNumActiveReadHandlers(chip::app::ReadHandler::InteractionType) const::<lambda(const chip::app::ReadHandler*)>]	0	static
../../../../../../../Middlewares/Third_Party/connectedhomeip/src/lib/support/Pool.h:124:17:static chip::Loop chip::internal::LambdaProxy<T, Function>::Call(void*, void*) [with T = chip::app::TimedHandler; Function = chip::app::InteractionModelEngine::Shutdown()::<lambda(chip::app::TimedHandler*)>]	8	static
../../../../../../../Middlewares/Third_Party/connectedhomeip/src/app/ReadHandler.h:360:12:size_t chip::app::ReadHandler::GetEventPathCount() const	0	static
../../../../../../../Middlewares/Third_Party/connectedhomeip/src/app/ReadHandler.h:359:12:size_t chip::app::ReadHandler::GetAttributePathCount() const	0	static
../../../../../../../Middlewares/Third_Party/connectedhomeip/src/lib/support/Pool.h:124:17:static chip::Loop chip::internal::LambdaProxy<T, Function>::Call(void*, void*) [with T = chip::app::ReadHandler; Function = chip::app::InteractionModelEngine::EnsureResourceForRead(chip::FabricIndex, size_t, size_t)::<lambda()>::<lambda(auto:10*)>]	8	static
../../../../../../../Middlewares/Third_Party/connectedhomeip/src/lib/support/Pool.h:124:17:static chip::Loop chip::internal::LambdaProxy<T, Function>::Call(void*, void*) [with T = chip::app::ReadHandler; Function = chip::app::InteractionModelEngine::EnsureResourceForSubscription(chip::FabricIndex, size_t, size_t)::<lambda()>::<lambda(auto:9*)>]	8	static
C:/Users/olive/OneDrive/Documents/CubeMXPack/stm32wb-matter-device-over-thread-main/Middlewares/Third_Party/connectedhomeip/src/app/InteractionModelEngine.h:373:40:virtual chip::app::ReadHandler::ApplicationCallback* chip::app::InteractionModelEngine::_ZThn12_N4chip3app22InteractionModelEngine14GetAppCallbackEv()	0	static
../../../../../../../Middlewares/Third_Party/connectedhomeip/src/system/SystemPacketBuffer.h:428:5:chip::System::PacketBufferHandle::~PacketBufferHandle()	8	static
../../../../../../../Middlewares/Third_Party/connectedhomeip/src/app/AttributePathParams.h:52:10:bool chip::app::AttributePathParams::IsWildcardPath() const	0	static
../../../../../../../Middlewares/Third_Party/connectedhomeip/src/credentials/FabricTable.h:111:10:bool chip::FabricInfo::IsInitialized() const	0	static
../../../../../../../Middlewares/Third_Party/connectedhomeip/src/credentials/FabricTable.h:323:27:chip::ConstFabricIterator& chip::ConstFabricIterator::Advance()	16	static
../../../../../../../Middlewares/Third_Party/connectedhomeip/src/credentials/FabricTable.h:275:24:const chip::FabricInfo& chip::ConstFabricIterator::operator*() const	16	static
../../../../../../../Middlewares/Third_Party/connectedhomeip/src/credentials/FabricTable.h:288:10:bool chip::ConstFabricIterator::operator==(const chip::ConstFabricIterator&)	8	static
../../../../../../../Middlewares/Third_Party/connectedhomeip/src/credentials/FabricTable.h:543:25:chip::ConstFabricIterator chip::FabricTable::cbegin() const	16	static
../../../../../../../Middlewares/Third_Party/connectedhomeip/src/messaging/ExchangeContext.h:83:10:bool chip::Messaging::ExchangeContext::IsGroupExchangeContext() const	16	static
../../../../../../../Middlewares/Third_Party/connectedhomeip/src/system/TLVPacketBufferBackingStore.h:100:10:void chip::System::PacketBufferTLVReader::Init(chip::System::PacketBufferHandle&&)	16	static
../../../../../../../Middlewares/Third_Party/connectedhomeip/src/app/CommandHandlerInterface.h:182:10:bool chip::app::CommandHandlerInterface::Matches(const chip::app::CommandHandlerInterface&) const	0	static
../../../../../../../Middlewares/Third_Party/connectedhomeip/src/app/ReadHandler.h:341:17:chip::FabricIndex chip::app::ReadHandler::GetAccessingFabricIndex() const	8	static
../../../../../../../Middlewares/Third_Party/connectedhomeip/src/lib/support/Pool.h:128:17:static chip::Loop chip::internal::LambdaProxy<T, Function>::ConstCall(void*, const void*) [with T = chip::app::ReadHandler; Function = chip::app::InteractionModelEngine::GetNumActiveReadHandlers(chip::app::ReadHandler::InteractionType, chip::FabricIndex) const::<lambda(const chip::app::ReadHandler*)>]	8	static
../../../../../../../Middlewares/Third_Party/connectedhomeip/src/lib/support/Pool.h:124:17:static chip::Loop chip::internal::LambdaProxy<T, Function>::Call(void*, void*) [with T = chip::app::ReadHandler; Function = chip::app::InteractionModelEngine::OnFabricRemoved(const chip::FabricTable&, chip::FabricIndex)::<lambda(chip::app::ReadHandler*)>]	24	static
../../../../../../../Middlewares/Third_Party/connectedhomeip/src/lib/support/Pool.h:124:17:static chip::Loop chip::internal::LambdaProxy<T, Function>::Call(void*, void*) [with T = chip::app::ReadHandler; Function = chip::app::InteractionModelEngine::TrimFabricForSubscriptions(chip::FabricIndex, bool)::<lambda(chip::app::ReadHandler*)>]	24	static
../../../../../../../Middlewares/Third_Party/connectedhomeip/src/lib/support/Pool.h:124:17:static chip::Loop chip::internal::LambdaProxy<T, Function>::Call(void*, void*) [with T = chip::app::ReadHandler; Function = chip::app::InteractionModelEngine::TrimFabricForRead(chip::FabricIndex)::<lambda(chip::app::ReadHandler*)>]	32	static
../../../../../../../Middlewares/Third_Party/connectedhomeip/src/lib/support/Pool.h:124:17:static chip::Loop chip::internal::LambdaProxy<T, Function>::Call(void*, void*) [with T = chip::app::ReadHandler; Function = chip::app::InteractionModelEngine::EnsureResourceForRead(chip::FabricIndex, size_t, size_t)::<lambda(auto:11*)>]	16	static
C:/Users/olive/OneDrive/Documents/CubeMXPack/stm32wb-matter-device-over-thread-main/Middlewares/Third_Party/connectedhomeip/src/app/InteractionModelEngine.cpp:45:1:chip::app::InteractionModelEngine::InteractionModelEngine()	40	static
C:/Users/olive/OneDrive/Documents/CubeMXPack/stm32wb-matter-device-over-thread-main/Middlewares/Third_Party/connectedhomeip/src/app/InteractionModelEngine.cpp:47:26:static chip::app::InteractionModelEngine* chip::app::InteractionModelEngine::GetInstance()	0	static
C:/Users/olive/OneDrive/Documents/CubeMXPack/stm32wb-matter-device-over-thread-main/Middlewares/Third_Party/connectedhomeip/src/app/InteractionModelEngine.cpp:52:12:CHIP_ERROR chip::app::InteractionModelEngine::Init(chip::Messaging::ExchangeManager*, chip::FabricTable*, chip::CASESessionManager*, chip::app::SubscriptionResumptionStorage*)	16	static
C:/Users/olive/OneDrive/Documents/CubeMXPack/stm32wb-matter-device-over-thread-main/Middlewares/Third_Party/connectedhomeip/src/app/InteractionModelEngine.cpp:160:10:uint32_t chip::app::InteractionModelEngine::GetNumActiveReadHandlers() const	0	static
C:/Users/olive/OneDrive/Documents/CubeMXPack/stm32wb-matter-device-over-thread-main/Middlewares/Third_Party/connectedhomeip/src/app/InteractionModelEngine.cpp:165:10:uint32_t chip::app::InteractionModelEngine::GetNumActiveReadHandlers(chip::app::ReadHandler::InteractionType) const	24	static
C:/Users/olive/OneDrive/Documents/CubeMXPack/stm32wb-matter-device-over-thread-main/Middlewares/Third_Party/connectedhomeip/src/app/InteractionModelEngine.cpp:181:10:uint32_t chip::app::InteractionModelEngine::GetNumActiveReadHandlers(chip::app::ReadHandler::InteractionType, chip::FabricIndex) const	24	static
C:/Users/olive/OneDrive/Documents/CubeMXPack/stm32wb-matter-device-over-thread-main/Middlewares/Third_Party/connectedhomeip/src/app/InteractionModelEngine.cpp:197:15:chip::app::ReadHandler* chip::app::InteractionModelEngine::ActiveHandlerAt(unsigned int)	32	static
C:/Users/olive/OneDrive/Documents/CubeMXPack/stm32wb-matter-device-over-thread-main/Middlewares/Third_Party/connectedhomeip/src/app/InteractionModelEngine.cpp:221:16:chip::app::WriteHandler* chip::app::InteractionModelEngine::ActiveWriteHandlerAt(unsigned int)	8	static
C:/Users/olive/OneDrive/Documents/CubeMXPack/stm32wb-matter-device-over-thread-main/Middlewares/Third_Party/connectedhomeip/src/app/InteractionModelEngine.cpp:239:10:uint32_t chip::app::InteractionModelEngine::GetNumActiveWriteHandlers() const	0	static
C:/Users/olive/OneDrive/Documents/CubeMXPack/stm32wb-matter-device-over-thread-main/Middlewares/Third_Party/connectedhomeip/src/app/InteractionModelEngine.cpp:254:12:CHIP_ERROR chip::app::InteractionModelEngine::ShutdownSubscription(const chip::ScopedNodeId&, chip::SubscriptionId)	24	static
C:/Users/olive/OneDrive/Documents/CubeMXPack/stm32wb-matter-device-over-thread-main/Middlewares/Third_Party/connectedhomeip/src/app/InteractionModelEngine.cpp:290:6:void chip::app::InteractionModelEngine::ShutdownMatchingSubscriptions(const chip::Optional<unsigned char>&, const chip::Optional<long long unsigned int>&)	24	static
C:/Users/olive/OneDrive/Documents/CubeMXPack/stm32wb-matter-device-over-thread-main/Middlewares/Third_Party/connectedhomeip/src/app/InteractionModelEngine.cpp:284:6:void chip::app::InteractionModelEngine::ShutdownAllSubscriptions()	32	static
C:/Users/olive/OneDrive/Documents/CubeMXPack/stm32wb-matter-device-over-thread-main/Middlewares/Third_Party/connectedhomeip/src/app/InteractionModelEngine.cpp:75:6:void chip::app::InteractionModelEngine::Shutdown()	32	static
C:/Users/olive/OneDrive/Documents/CubeMXPack/stm32wb-matter-device-over-thread-main/Middlewares/Third_Party/connectedhomeip/src/app/InteractionModelEngine.cpp:278:6:void chip::app::InteractionModelEngine::ShutdownSubscriptions(chip::FabricIndex)	32	static
C:/Users/olive/OneDrive/Documents/CubeMXPack/stm32wb-matter-device-over-thread-main/Middlewares/Third_Party/connectedhomeip/src/app/InteractionModelEngine.cpp:273:6:void chip::app::InteractionModelEngine::ShutdownSubscriptions(chip::FabricIndex, chip::NodeId)	40	static
C:/Users/olive/OneDrive/Documents/CubeMXPack/stm32wb-matter-device-over-thread-main/Middlewares/Third_Party/connectedhomeip/src/app/InteractionModelEngine.cpp:329:8:chip::Protocols::InteractionModel::Status chip::app::InteractionModelEngine::OnInvokeCommandRequest(chip::Messaging::ExchangeContext*, const chip::PayloadHeader&, chip::System::PacketBufferHandle&&, bool)	32	static
C:/Users/olive/OneDrive/Documents/CubeMXPack/stm32wb-matter-device-over-thread-main/Middlewares/Third_Party/connectedhomeip/src/app/InteractionModelEngine.cpp:343:12:static CHIP_ERROR chip::app::InteractionModelEngine::ParseAttributePaths(const chip::Access::SubjectDescriptor&, chip::app::AttributePathIBs::Parser&, bool&, size_t&)	208	static
../../../../../../../Middlewares/Third_Party/connectedhomeip/src/system/TLVPacketBufferBackingStore.h:90:18:chip::System::PacketBufferTLVReader::PacketBufferTLVReader()	8	static
C:/Users/olive/OneDrive/Documents/CubeMXPack/stm32wb-matter-device-over-thread-main/Middlewares/Third_Party/connectedhomeip/src/app/InteractionModelEngine.cpp:603:37:chip::Protocols::InteractionModel::Status chip::app::InteractionModelEngine::OnWriteRequest(chip::Messaging::ExchangeContext*, const chip::PayloadHeader&, chip::System::PacketBufferHandle&&, bool)	24	static
C:/Users/olive/OneDrive/Documents/CubeMXPack/stm32wb-matter-device-over-thread-main/Middlewares/Third_Party/connectedhomeip/src/app/InteractionModelEngine.cpp:622:12:CHIP_ERROR chip::app::InteractionModelEngine::OnTimedRequest(chip::Messaging::ExchangeContext*, const chip::PayloadHeader&, chip::System::PacketBufferHandle&&, chip::Protocols::InteractionModel::Status&)	24	static
C:/Users/olive/OneDrive/Documents/CubeMXPack/stm32wb-matter-device-over-thread-main/Middlewares/Third_Party/connectedhomeip/src/app/InteractionModelEngine.cpp:763:6:void chip::app::InteractionModelEngine::AddReadClient(chip::app::ReadClient*)	0	static
C:/Users/olive/OneDrive/Documents/CubeMXPack/stm32wb-matter-device-over-thread-main/Middlewares/Third_Party/connectedhomeip/src/app/InteractionModelEngine.cpp:769:6:bool chip::app::InteractionModelEngine::TrimFabricForSubscriptions(chip::FabricIndex, bool)	96	static
C:/Users/olive/OneDrive/Documents/CubeMXPack/stm32wb-matter-device-over-thread-main/Middlewares/Third_Party/connectedhomeip/src/app/InteractionModelEngine.cpp:845:6:bool chip::app::InteractionModelEngine::EnsureResourceForSubscription(chip::FabricIndex, size_t, size_t)	104	static
C:/Users/olive/OneDrive/Documents/CubeMXPack/stm32wb-matter-device-over-thread-main/Middlewares/Third_Party/connectedhomeip/src/app/InteractionModelEngine.cpp:959:6:bool chip::app::InteractionModelEngine::TrimFabricForRead(chip::FabricIndex)	80	static
C:/Users/olive/OneDrive/Documents/CubeMXPack/stm32wb-matter-device-over-thread-main/Middlewares/Third_Party/connectedhomeip/src/app/InteractionModelEngine.cpp:1028:37:chip::Protocols::InteractionModel::Status chip::app::InteractionModelEngine::EnsureResourceForRead(chip::FabricIndex, size_t, size_t)	168	static
C:/Users/olive/OneDrive/Documents/CubeMXPack/stm32wb-matter-device-over-thread-main/Middlewares/Third_Party/connectedhomeip/src/app/InteractionModelEngine.cpp:1165:6:void chip::app::InteractionModelEngine::RemoveReadClient(chip::app::ReadClient*)	8	static
C:/Users/olive/OneDrive/Documents/CubeMXPack/stm32wb-matter-device-over-thread-main/Middlewares/Third_Party/connectedhomeip/src/app/InteractionModelEngine.cpp:1193:8:size_t chip::app::InteractionModelEngine::GetNumActiveReadClients()	0	static
C:/Users/olive/OneDrive/Documents/CubeMXPack/stm32wb-matter-device-over-thread-main/Middlewares/Third_Party/connectedhomeip/src/app/InteractionModelEngine.cpp:1207:6:bool chip::app::InteractionModelEngine::InActiveReadClientList(chip::app::ReadClient*)	0	static
C:/Users/olive/OneDrive/Documents/CubeMXPack/stm32wb-matter-device-over-thread-main/Middlewares/Third_Party/connectedhomeip/src/app/InteractionModelEngine.cpp:1224:6:bool chip::app::InteractionModelEngine::HasConflictWriteRequests(const chip::app::WriteHandler*, const chip::app::ConcreteAttributePath&)	16	static
C:/Users/olive/OneDrive/Documents/CubeMXPack/stm32wb-matter-device-over-thread-main/Middlewares/Third_Party/connectedhomeip/src/app/InteractionModelEngine.cpp:1245:12:CHIP_ERROR chip::app::InteractionModelEngine::PushFrontAttributePathList(chip::app::ObjectList<chip::app::AttributePathParams>*&, chip::app::AttributePathParams&)	16	static
C:/Users/olive/OneDrive/Documents/CubeMXPack/stm32wb-matter-device-over-thread-main/Middlewares/Third_Party/connectedhomeip/src/app/InteractionModelEngine.cpp:1312:6:void chip::app::InteractionModelEngine::ReleaseEventPathList(chip::app::ObjectList<chip::app::EventPathParams>*&)	16	static
C:/Users/olive/OneDrive/Documents/CubeMXPack/stm32wb-matter-device-over-thread-main/Middlewares/Third_Party/connectedhomeip/src/app/InteractionModelEngine.cpp:1317:12:CHIP_ERROR chip::app::InteractionModelEngine::PushFrontEventPathParamsList(chip::app::ObjectList<chip::app::EventPathParams>*&, chip::app::EventPathParams&)	16	static
C:/Users/olive/OneDrive/Documents/CubeMXPack/stm32wb-matter-device-over-thread-main/Middlewares/Third_Party/connectedhomeip/src/app/InteractionModelEngine.cpp:1329:6:void chip::app::InteractionModelEngine::ReleaseDataVersionFilterList(chip::app::ObjectList<chip::app::DataVersionFilter>*&)	16	static
C:/Users/olive/OneDrive/Documents/CubeMXPack/stm32wb-matter-device-over-thread-main/Middlewares/Third_Party/connectedhomeip/src/app/InteractionModelEngine.cpp:1334:12:CHIP_ERROR chip::app::InteractionModelEngine::PushFrontDataVersionFilterList(chip::app::ObjectList<chip::app::DataVersionFilter>*&, chip::app::DataVersionFilter&)	16	static
C:/Users/olive/OneDrive/Documents/CubeMXPack/stm32wb-matter-device-over-thread-main/Middlewares/Third_Party/connectedhomeip/src/app/InteractionModelEngine.cpp:1401:12:CHIP_ERROR chip::app::InteractionModelEngine::RegisterCommandHandler(chip::app::CommandHandlerInterface*)	24	static
C:/Users/olive/OneDrive/Documents/CubeMXPack/stm32wb-matter-device-over-thread-main/Middlewares/Third_Party/connectedhomeip/src/app/InteractionModelEngine.cpp:1420:6:void chip::app::InteractionModelEngine::UnregisterCommandHandlers(chip::EndpointId)	12	static
C:/Users/olive/OneDrive/Documents/CubeMXPack/stm32wb-matter-device-over-thread-main/Middlewares/Third_Party/connectedhomeip/src/app/InteractionModelEngine.cpp:1446:12:CHIP_ERROR chip::app::InteractionModelEngine::UnregisterCommandHandler(chip::app::CommandHandlerInterface*)	24	static
C:/Users/olive/OneDrive/Documents/CubeMXPack/stm32wb-matter-device-over-thread-main/Middlewares/Third_Party/connectedhomeip/src/app/InteractionModelEngine.cpp:1475:27:chip::app::CommandHandlerInterface* chip::app::InteractionModelEngine::FindCommandHandler(chip::EndpointId, chip::ClusterId)	0	static
C:/Users/olive/OneDrive/Documents/CubeMXPack/stm32wb-matter-device-over-thread-main/Middlewares/Third_Party/connectedhomeip/src/app/InteractionModelEngine.cpp:1374:6:virtual void chip::app::InteractionModelEngine::DispatchCommand(chip::app::CommandHandler&, const chip::app::ConcreteCommandPath&, chip::TLV::TLVReader&)	32	static
C:/Users/olive/OneDrive/Documents/CubeMXPack/stm32wb-matter-device-over-thread-main/Middlewares/Third_Party/connectedhomeip/src/app/InteractionModelEngine.cpp:1533:6:bool chip::app::InteractionModelEngine::HasActiveRead()	16	static
C:/Users/olive/OneDrive/Documents/CubeMXPack/stm32wb-matter-device-over-thread-main/Middlewares/Third_Party/connectedhomeip/src/app/InteractionModelEngine.cpp:1545:10:uint16_t chip::app::InteractionModelEngine::GetMinGuaranteedSubscriptionsPerFabric() const	0	static
C:/Users/olive/OneDrive/Documents/CubeMXPack/stm32wb-matter-device-over-thread-main/Middlewares/Third_Party/connectedhomeip/src/app/InteractionModelEngine.cpp:1555:8:size_t chip::app::InteractionModelEngine::GetNumDirtySubscriptions() const	16	static
C:/Users/olive/OneDrive/Documents/CubeMXPack/stm32wb-matter-device-over-thread-main/Middlewares/Third_Party/connectedhomeip/src/app/InteractionModelEngine.cpp:1605:12:CHIP_ERROR chip::app::InteractionModelEngine::ResumeSubscriptions()	0	static
../../../../../../../Middlewares/Third_Party/connectedhomeip/src/lib/support/ReferenceCountedHandle.h:29:5:chip::ReferenceCountedHandle<Target>::~ReferenceCountedHandle() [with Target = chip::Transport::Session]	8	static
../../../../../../../Middlewares/Third_Party/connectedhomeip/src/messaging/ExchangeContext.h:156:19:chip::SessionHandle chip::Messaging::ExchangeContext::GetSessionHandle() const	24	static
C:/Users/olive/OneDrive/Documents/CubeMXPack/stm32wb-matter-device-over-thread-main/Middlewares/Third_Party/connectedhomeip/src/app/InteractionModelEngine.cpp:416:37:chip::Protocols::InteractionModel::Status chip::app::InteractionModelEngine::OnReadInitialRequest(chip::Messaging::ExchangeContext*, const chip::PayloadHeader&, chip::System::PacketBufferHandle&&, chip::app::ReadHandler::InteractionType)	360	static
C:/Users/olive/OneDrive/Documents/CubeMXPack/stm32wb-matter-device-over-thread-main/Middlewares/Third_Party/connectedhomeip/src/app/InteractionModelEngine.cpp:641:8:chip::Protocols::InteractionModel::Status chip::app::InteractionModelEngine::OnUnsolicitedReportData(chip::Messaging::ExchangeContext*, const chip::PayloadHeader&, chip::System::PacketBufferHandle&&)	168	static
../../../../../../../Middlewares/Third_Party/connectedhomeip/src/lib/support/Pool.h:229:10:void chip::BitMapObjectPool<T, N>::ReleaseObject(T*) [with T = chip::app::CommandHandler; unsigned int N = 4]	16	static
../../../../../../../Middlewares/Third_Party/connectedhomeip/src/lib/support/Pool.h:276:17:static chip::Loop chip::BitMapObjectPool<T, N>::ReleaseObject(void*, void*) [with T = chip::app::CommandHandler; unsigned int N = 4]	8	static
C:/Users/olive/OneDrive/Documents/CubeMXPack/stm32wb-matter-device-over-thread-main/Middlewares/Third_Party/connectedhomeip/src/app/InteractionModelEngine.cpp:312:6:virtual void chip::app::InteractionModelEngine::OnDone(chip::app::CommandHandler&)	8	static
../../../../../../../Middlewares/Third_Party/connectedhomeip/src/lib/support/Pool.h:229:10:void chip::BitMapObjectPool<T, N>::ReleaseObject(T*) [with T = chip::app::ReadHandler; unsigned int N = 20]	16	static
../../../../../../../Middlewares/Third_Party/connectedhomeip/src/lib/support/Pool.h:276:17:static chip::Loop chip::BitMapObjectPool<T, N>::ReleaseObject(void*, void*) [with T = chip::app::ReadHandler; unsigned int N = 20]	8	static
C:/Users/olive/OneDrive/Documents/CubeMXPack/stm32wb-matter-device-over-thread-main/Middlewares/Third_Party/connectedhomeip/src/app/InteractionModelEngine.cpp:317:6:virtual void chip::app::InteractionModelEngine::OnDone(chip::app::ReadHandler&)	8	static
../../../../../../../Middlewares/Third_Party/connectedhomeip/src/lib/support/Pool.h:124:17:static chip::Loop chip::internal::LambdaProxy<T, Function>::Call(void*, void*) [with T = chip::app::ReadHandler; Function = chip::app::InteractionModelEngine::OnReadInitialRequest(chip::Messaging::ExchangeContext*, const chip::PayloadHeader&, chip::System::PacketBufferHandle&&, chip::app::ReadHandler::InteractionType)::<lambda(chip::app::ReadHandler*)>]	48	static
../../../../../../../Middlewares/Third_Party/connectedhomeip/src/transport/raw/MessageHeader.h:519:10:bool chip::PayloadHeader::HasMessageType(MessageType) const [with MessageType = chip::Protocols::InteractionModel::MsgType; <template-parameter-1-2> = void]	0	static
C:/Users/olive/OneDrive/Documents/CubeMXPack/stm32wb-matter-device-over-thread-main/Middlewares/Third_Party/connectedhomeip/src/app/InteractionModelEngine.cpp:702:12:virtual CHIP_ERROR chip::app::InteractionModelEngine::OnMessageReceived(chip::Messaging::ExchangeContext*, const chip::PayloadHeader&, chip::System::PacketBufferHandle&&)	40	static
../../../../../../../Middlewares/Third_Party/connectedhomeip/src/lib/support/Pool.h:229:10:void chip::BitMapObjectPool<T, N>::ReleaseObject(T*) [with T = chip::app::ObjectList<chip::app::AttributePathParams>; unsigned int N = 90]	0	static
../../../../../../../Middlewares/Third_Party/connectedhomeip/src/lib/support/Pool.h:276:17:static chip::Loop chip::BitMapObjectPool<T, N>::ReleaseObject(void*, void*) [with T = chip::app::ObjectList<chip::app::AttributePathParams>; unsigned int N = 90]	8	static
C:/Users/olive/OneDrive/Documents/CubeMXPack/stm32wb-matter-device-over-thread-main/Middlewares/Third_Party/connectedhomeip/src/app/InteractionModelEngine.cpp:1257:6:void chip::app::InteractionModelEngine::RemoveDuplicateConcreteAttributePath(chip::app::ObjectList<chip::app::AttributePathParams>*&)	32	static
C:/Users/olive/OneDrive/Documents/CubeMXPack/stm32wb-matter-device-over-thread-main/Middlewares/Third_Party/connectedhomeip/src/app/InteractionModelEngine.cpp:1240:6:void chip::app::InteractionModelEngine::ReleaseAttributePathList(chip::app::ObjectList<chip::app::AttributePathParams>*&)	16	static
../../../../../../../Middlewares/Third_Party/connectedhomeip/src/lib/support/Pool.h:229:10:void chip::BitMapObjectPool<T, N>::ReleaseObject(T*) [with T = chip::app::TimedHandler; unsigned int N = 8]	16	static
../../../../../../../Middlewares/Third_Party/connectedhomeip/src/lib/support/Pool.h:276:17:static chip::Loop chip::BitMapObjectPool<T, N>::ReleaseObject(void*, void*) [with T = chip::app::TimedHandler; unsigned int N = 8]	8	static
C:/Users/olive/OneDrive/Documents/CubeMXPack/stm32wb-matter-device-over-thread-main/Middlewares/Third_Party/connectedhomeip/src/app/InteractionModelEngine.cpp:1488:6:void chip::app::InteractionModelEngine::OnTimedInteractionFailed(chip::app::TimedHandler*)	8	static
C:/Users/olive/OneDrive/Documents/CubeMXPack/stm32wb-matter-device-over-thread-main/Middlewares/Third_Party/connectedhomeip/src/app/InteractionModelEngine.cpp:1493:6:void chip::app::InteractionModelEngine::OnTimedInvoke(chip::app::TimedHandler*, chip::Messaging::ExchangeContext*, const chip::PayloadHeader&, chip::System::PacketBufferHandle&&)	32	static
C:/Users/olive/OneDrive/Documents/CubeMXPack/stm32wb-matter-device-over-thread-main/Middlewares/Third_Party/connectedhomeip/src/app/InteractionModelEngine.cpp:1513:6:void chip::app::InteractionModelEngine::OnTimedWrite(chip::app::TimedHandler*, chip::Messaging::ExchangeContext*, const chip::PayloadHeader&, chip::System::PacketBufferHandle&&)	32	static
C:/Users/olive/OneDrive/Documents/CubeMXPack/stm32wb-matter-device-over-thread-main/Middlewares/Third_Party/connectedhomeip/src/app/InteractionModelEngine.cpp:1696:1:cpp)	0	static
C:/Users/olive/OneDrive/Documents/CubeMXPack/stm32wb-matter-device-over-thread-main/Middlewares/Third_Party/connectedhomeip/src/app/InteractionModelEngine.cpp:1696:1:cpp)	8	static
