../../../../../../../Middlewares/Third_Party/connectedhomeip/src/messaging/ApplicationExchangeDispatch.h:38:44:void __tcf_0()	0	static
C:/Users/olive/OneDrive/Documents/CubeMXPack/stm32wb-matter-device-over-thread-main/Middlewares/Third_Party/connectedhomeip/src/app/TimedHandler.h:54:5:chip::app::TimedHandler::~TimedHandler()	0	static
C:/Users/olive/OneDrive/Documents/CubeMXPack/stm32wb-matter-device-over-thread-main/Middlewares/Third_Party/connectedhomeip/src/app/TimedHandler.h:62:10:virtual void chip::app::TimedHandler::OnResponseTimeout(chip::Messaging::ExchangeContext*)	0	static
C:/Users/olive/OneDrive/Documents/CubeMXPack/stm32wb-matter-device-over-thread-main/Middlewares/Third_Party/connectedhomeip/src/app/TimedHandler.cpp:102:6:virtual void chip::app::TimedHandler::OnExchangeClosing(chip::Messaging::ExchangeContext*)	8	static
C:/Users/olive/OneDrive/Documents/CubeMXPack/stm32wb-matter-device-over-thread-main/Middlewares/Third_Party/connectedhomeip/src/app/TimedHandler.h:54:5:virtual chip::app::TimedHandler::~TimedHandler()	8	static
../../../../../../../Middlewares/Third_Party/connectedhomeip/src/messaging/ExchangeDelegate.h:137:39:virtual chip::Messaging::ExchangeMessageDispatch& chip::Messaging::ExchangeDelegate::GetMessageDispatch()	8	static
../../../../../../../Middlewares/Third_Party/connectedhomeip/src/lib/support/ReferenceCountedHandle.h:29:5:chip::ReferenceCountedHandle<Target>::~ReferenceCountedHandle() [with Target = chip::Transport::Session]	8	static
../../../../../../../Middlewares/Third_Party/connectedhomeip/src/messaging/ExchangeContext.h:156:19:chip::SessionHandle chip::Messaging::ExchangeContext::GetSessionHandle() const	24	static
C:/Users/olive/OneDrive/Documents/CubeMXPack/stm32wb-matter-device-over-thread-main/Middlewares/Third_Party/connectedhomeip/src/app/TimedHandler.cpp:107:12:CHIP_ERROR chip::app::TimedHandler::HandleTimedRequestAction(chip::Messaging::ExchangeContext*, const chip::PayloadHeader&, chip::System::PacketBufferHandle&&)	168	static
../../../../../../../Middlewares/Third_Party/connectedhomeip/src/transport/raw/MessageHeader.h:519:10:bool chip::PayloadHeader::HasMessageType(MessageType) const [with MessageType = chip::Protocols::InteractionModel::MsgType; <template-parameter-1-2> = void]	0	static
C:/Users/olive/OneDrive/Documents/CubeMXPack/stm32wb-matter-device-over-thread-main/Middlewares/Third_Party/connectedhomeip/src/app/TimedHandler.cpp:31:12:virtual CHIP_ERROR chip::app::TimedHandler::OnMessageReceived(chip::Messaging::ExchangeContext*, const chip::PayloadHeader&, chip::System::PacketBufferHandle&&)	48	static
