../../../../../../../Middlewares/Third_Party/connectedhomeip/src/system/SystemPacketBuffer.h:447:26:chip::System::PacketBufferHandle& chip::System::PacketBufferHandle::operator=(std::nullptr_t)	8	static
../../../../../../../Middlewares/Third_Party/connectedhomeip/src/system/SystemPacketBuffer.h:428:5:chip::System::PacketBufferHandle::~PacketBufferHandle()	8	static
C:/Users/olive/OneDrive/Documents/CubeMXPack/stm32wb-matter-device-over-thread-main/Middlewares/Third_Party/connectedhomeip/src/ble/BLEEndPoint.cpp:279:6:bool chip::Ble::BLEEndPoint::IsConnected(uint8_t) const	0	static
C:/Users/olive/OneDrive/Documents/CubeMXPack/stm32wb-matter-device-over-thread-main/Middlewares/Third_Party/connectedhomeip/src/ble/BLEEndPoint.cpp:284:6:bool chip::Ble::BLEEndPoint::IsUnsubscribePending() const	0	static
C:/Users/olive/OneDrive/Documents/CubeMXPack/stm32wb-matter-device-over-thread-main/Middlewares/Third_Party/connectedhomeip/src/ble/BLEEndPoint.cpp:431:6:void chip::Ble::BLEEndPoint::DoCloseCallback(uint8_t, uint8_t, CHIP_ERROR)	8	static
C:/Users/olive/OneDrive/Documents/CubeMXPack/stm32wb-matter-device-over-thread-main/Middlewares/Third_Party/connectedhomeip/src/ble/BLEEndPoint.cpp:453:6:void chip::Ble::BLEEndPoint::ReleaseBleConnection()	8	static
C:/Users/olive/OneDrive/Documents/CubeMXPack/stm32wb-matter-device-over-thread-main/Middlewares/Third_Party/connectedhomeip/src/ble/BLEEndPoint.cpp:510:6:void chip::Ble::BLEEndPoint::FreeBtpEngine()	16	static
C:/Users/olive/OneDrive/Documents/CubeMXPack/stm32wb-matter-device-over-thread-main/Middlewares/Third_Party/connectedhomeip/src/ble/BLEEndPoint.cpp:519:12:CHIP_ERROR chip::Ble::BLEEndPoint::Init(chip::Ble::BleLayer*, void*, chip::Ble::BleRole, bool)	24	static
C:/Users/olive/OneDrive/Documents/CubeMXPack/stm32wb-matter-device-over-thread-main/Middlewares/Third_Party/connectedhomeip/src/ble/BLEEndPoint.cpp:577:6:void chip::Ble::BLEEndPoint::AddRef()	8	static
C:/Users/olive/OneDrive/Documents/CubeMXPack/stm32wb-matter-device-over-thread-main/Middlewares/Third_Party/connectedhomeip/src/ble/BLEEndPoint.cpp:583:6:void chip::Ble::BLEEndPoint::Release()	8	static
C:/Users/olive/OneDrive/Documents/CubeMXPack/stm32wb-matter-device-over-thread-main/Middlewares/Third_Party/connectedhomeip/src/ble/BLEEndPoint.cpp:634:6:void chip::Ble::BLEEndPoint::QueueTx(chip::System::PacketBufferHandle&&, chip::Ble::PacketType_t)	0	static
C:/Users/olive/OneDrive/Documents/CubeMXPack/stm32wb-matter-device-over-thread-main/Middlewares/Third_Party/connectedhomeip/src/ble/BLEEndPoint.cpp:696:6:bool chip::Ble::BLEEndPoint::PrepareNextFragment(chip::System::PacketBufferHandle&&, bool&)	16	static
C:/Users/olive/OneDrive/Documents/CubeMXPack/stm32wb-matter-device-over-thread-main/Middlewares/Third_Party/connectedhomeip/src/ble/BLEEndPoint.cpp:1174:18:chip::Ble::SequenceNumber_t chip::Ble::BLEEndPoint::AdjustRemoteReceiveWindow(chip::Ble::SequenceNumber_t, chip::Ble::SequenceNumber_t, chip::Ble::SequenceNumber_t)	0	static
C:/Users/olive/OneDrive/Documents/CubeMXPack/stm32wb-matter-device-over-thread-main/Middlewares/Third_Party/connectedhomeip/src/ble/BLEEndPoint.cpp:1393:6:bool chip::Ble::BLEEndPoint::SendWrite(chip::System::PacketBufferHandle&&)	32	static
C:/Users/olive/OneDrive/Documents/CubeMXPack/stm32wb-matter-device-over-thread-main/Middlewares/Third_Party/connectedhomeip/src/ble/BLEEndPoint.cpp:1400:6:bool chip::Ble::BLEEndPoint::SendIndication(chip::System::PacketBufferHandle&&)	32	static
C:/Users/olive/OneDrive/Documents/CubeMXPack/stm32wb-matter-device-over-thread-main/Middlewares/Third_Party/connectedhomeip/src/ble/BLEEndPoint.cpp:595:12:CHIP_ERROR chip::Ble::BLEEndPoint::SendCharacteristic(chip::System::PacketBufferHandle&&)	8	static
C:/Users/olive/OneDrive/Documents/CubeMXPack/stm32wb-matter-device-over-thread-main/Middlewares/Third_Party/connectedhomeip/src/ble/BLEEndPoint.cpp:1407:12:CHIP_ERROR chip::Ble::BLEEndPoint::StartConnectTimer()	16	static
C:/Users/olive/OneDrive/Documents/CubeMXPack/stm32wb-matter-device-over-thread-main/Middlewares/Third_Party/connectedhomeip/src/ble/BLEEndPoint.cpp:1417:12:CHIP_ERROR chip::Ble::BLEEndPoint::StartReceiveConnectionTimer()	16	static
C:/Users/olive/OneDrive/Documents/CubeMXPack/stm32wb-matter-device-over-thread-main/Middlewares/Third_Party/connectedhomeip/src/ble/BLEEndPoint.cpp:1049:12:CHIP_ERROR chip::Ble::BLEEndPoint::HandleCapabilitiesRequestReceived(chip::System::PacketBufferHandle&&)	48	static
C:/Users/olive/OneDrive/Documents/CubeMXPack/stm32wb-matter-device-over-thread-main/Middlewares/Third_Party/connectedhomeip/src/ble/BLEEndPoint.cpp:1427:12:CHIP_ERROR chip::Ble::BLEEndPoint::StartAckReceivedTimer()	16	static
C:/Users/olive/OneDrive/Documents/CubeMXPack/stm32wb-matter-device-over-thread-main/Middlewares/Third_Party/connectedhomeip/src/ble/BLEEndPoint.cpp:947:12:CHIP_ERROR chip::Ble::BLEEndPoint::DoSendStandAloneAck()	24	static
C:/Users/olive/OneDrive/Documents/CubeMXPack/stm32wb-matter-device-over-thread-main/Middlewares/Third_Party/connectedhomeip/src/ble/BLEEndPoint.cpp:1450:12:CHIP_ERROR chip::Ble::BLEEndPoint::StartSendAckTimer()	16	static
C:/Users/olive/OneDrive/Documents/CubeMXPack/stm32wb-matter-device-over-thread-main/Middlewares/Third_Party/connectedhomeip/src/ble/BLEEndPoint.cpp:1467:12:CHIP_ERROR chip::Ble::BLEEndPoint::StartUnsubscribeTimer()	16	static
C:/Users/olive/OneDrive/Documents/CubeMXPack/stm32wb-matter-device-over-thread-main/Middlewares/Third_Party/connectedhomeip/src/ble/BLEEndPoint.cpp:1477:6:void chip::Ble::BLEEndPoint::StopConnectTimer()	8	static
C:/Users/olive/OneDrive/Documents/CubeMXPack/stm32wb-matter-device-over-thread-main/Middlewares/Third_Party/connectedhomeip/src/ble/BLEEndPoint.cpp:154:12:CHIP_ERROR chip::Ble::BLEEndPoint::HandleConnectComplete()	8	static
C:/Users/olive/OneDrive/Documents/CubeMXPack/stm32wb-matter-device-over-thread-main/Middlewares/Third_Party/connectedhomeip/src/ble/BLEEndPoint.cpp:1125:12:CHIP_ERROR chip::Ble::BLEEndPoint::HandleCapabilitiesResponseReceived(chip::System::PacketBufferHandle&&)	24	static
C:/Users/olive/OneDrive/Documents/CubeMXPack/stm32wb-matter-device-over-thread-main/Middlewares/Third_Party/connectedhomeip/src/ble/BLEEndPoint.cpp:1484:6:void chip::Ble::BLEEndPoint::StopReceiveConnectionTimer()	8	static
C:/Users/olive/OneDrive/Documents/CubeMXPack/stm32wb-matter-device-over-thread-main/Middlewares/Third_Party/connectedhomeip/src/ble/BLEEndPoint.cpp:178:12:CHIP_ERROR chip::Ble::BLEEndPoint::HandleReceiveConnectionComplete()	8	static
C:/Users/olive/OneDrive/Documents/CubeMXPack/stm32wb-matter-device-over-thread-main/Middlewares/Third_Party/connectedhomeip/src/ble/BLEEndPoint.cpp:1491:6:void chip::Ble::BLEEndPoint::StopAckReceivedTimer()	8	static
C:/Users/olive/OneDrive/Documents/CubeMXPack/stm32wb-matter-device-over-thread-main/Middlewares/Third_Party/connectedhomeip/src/ble/BLEEndPoint.cpp:1441:12:CHIP_ERROR chip::Ble::BLEEndPoint::RestartAckReceivedTimer()	8	static
C:/Users/olive/OneDrive/Documents/CubeMXPack/stm32wb-matter-device-over-thread-main/Middlewares/Third_Party/connectedhomeip/src/ble/BLEEndPoint.cpp:1498:6:void chip::Ble::BLEEndPoint::StopSendAckTimer()	8	static
C:/Users/olive/OneDrive/Documents/CubeMXPack/stm32wb-matter-device-over-thread-main/Middlewares/Third_Party/connectedhomeip/src/ble/BLEEndPoint.cpp:717:12:CHIP_ERROR chip::Ble::BLEEndPoint::SendNextMessage()	32	static
C:/Users/olive/OneDrive/Documents/CubeMXPack/stm32wb-matter-device-over-thread-main/Middlewares/Third_Party/connectedhomeip/src/ble/BLEEndPoint.cpp:772:12:CHIP_ERROR chip::Ble::BLEEndPoint::ContinueMessageSend()	24	static
C:/Users/olive/OneDrive/Documents/CubeMXPack/stm32wb-matter-device-over-thread-main/Middlewares/Third_Party/connectedhomeip/src/ble/BLEEndPoint.cpp:1505:6:void chip::Ble::BLEEndPoint::StopUnsubscribeTimer()	8	static
C:/Users/olive/OneDrive/Documents/CubeMXPack/stm32wb-matter-device-over-thread-main/Middlewares/Third_Party/connectedhomeip/src/ble/BLEEndPoint.cpp:473:6:void chip::Ble::BLEEndPoint::Free()	8	static
C:/Users/olive/OneDrive/Documents/CubeMXPack/stm32wb-matter-device-over-thread-main/Middlewares/Third_Party/connectedhomeip/src/ble/BLEEndPoint.cpp:273:6:void chip::Ble::BLEEndPoint::HandleUnsubscribeComplete()	0	static
C:/Users/olive/OneDrive/Documents/CubeMXPack/stm32wb-matter-device-over-thread-main/Middlewares/Third_Party/connectedhomeip/src/ble/BLEEndPoint.cpp:365:6:void chip::Ble::BLEEndPoint::FinalizeClose(uint8_t, uint8_t, CHIP_ERROR)	24	static
C:/Users/olive/OneDrive/Documents/CubeMXPack/stm32wb-matter-device-over-thread-main/Middlewares/Third_Party/connectedhomeip/src/ble/BLEEndPoint.cpp:315:6:void chip::Ble::BLEEndPoint::DoClose(uint8_t, CHIP_ERROR)	24	static
C:/Users/olive/OneDrive/Documents/CubeMXPack/stm32wb-matter-device-over-thread-main/Middlewares/Third_Party/connectedhomeip/src/ble/BLEEndPoint.cpp:92:12:CHIP_ERROR chip::Ble::BLEEndPoint::StartConnect()	32	static
C:/Users/olive/OneDrive/Documents/CubeMXPack/stm32wb-matter-device-over-thread-main/Middlewares/Third_Party/connectedhomeip/src/ble/BLEEndPoint.cpp:202:6:void chip::Ble::BLEEndPoint::HandleSubscribeReceived()	24	static
C:/Users/olive/OneDrive/Documents/CubeMXPack/stm32wb-matter-device-over-thread-main/Middlewares/Third_Party/connectedhomeip/src/ble/BLEEndPoint.cpp:289:6:void chip::Ble::BLEEndPoint::Abort()	0	static
C:/Users/olive/OneDrive/Documents/CubeMXPack/stm32wb-matter-device-over-thread-main/Middlewares/Third_Party/connectedhomeip/src/ble/BLEEndPoint.cpp:302:6:void chip::Ble::BLEEndPoint::Close()	0	static
C:/Users/olive/OneDrive/Documents/CubeMXPack/stm32wb-matter-device-over-thread-main/Middlewares/Third_Party/connectedhomeip/src/ble/BLEEndPoint.cpp:1512:6:static void chip::Ble::BLEEndPoint::HandleConnectTimeout(chip::System::Layer*, void*)	8	static
C:/Users/olive/OneDrive/Documents/CubeMXPack/stm32wb-matter-device-over-thread-main/Middlewares/Third_Party/connectedhomeip/src/ble/BLEEndPoint.cpp:1525:6:static void chip::Ble::BLEEndPoint::HandleReceiveConnectionTimeout(chip::System::Layer*, void*)	8	static
C:/Users/olive/OneDrive/Documents/CubeMXPack/stm32wb-matter-device-over-thread-main/Middlewares/Third_Party/connectedhomeip/src/ble/BLEEndPoint.cpp:1538:6:static void chip::Ble::BLEEndPoint::HandleAckReceivedTimeout(chip::System::Layer*, void*)	8	static
C:/Users/olive/OneDrive/Documents/CubeMXPack/stm32wb-matter-device-over-thread-main/Middlewares/Third_Party/connectedhomeip/src/ble/BLEEndPoint.cpp:965:12:CHIP_ERROR chip::Ble::BLEEndPoint::DriveSending()	24	static
C:/Users/olive/OneDrive/Documents/CubeMXPack/stm32wb-matter-device-over-thread-main/Middlewares/Third_Party/connectedhomeip/src/ble/BLEEndPoint.cpp:260:6:void chip::Ble::BLEEndPoint::HandleSubscribeComplete()	8	static
C:/Users/olive/OneDrive/Documents/CubeMXPack/stm32wb-matter-device-over-thread-main/Middlewares/Third_Party/connectedhomeip/src/ble/BLEEndPoint.cpp:657:12:CHIP_ERROR chip::Ble::BLEEndPoint::Send(chip::System::PacketBufferHandle&&)	16	static
C:/Users/olive/OneDrive/Documents/CubeMXPack/stm32wb-matter-device-over-thread-main/Middlewares/Third_Party/connectedhomeip/src/ble/BLEEndPoint.cpp:931:12:CHIP_ERROR chip::Ble::BLEEndPoint::DriveStandAloneAck()	16	static
C:/Users/olive/OneDrive/Documents/CubeMXPack/stm32wb-matter-device-over-thread-main/Middlewares/Third_Party/connectedhomeip/src/ble/BLEEndPoint.cpp:1552:6:static void chip::Ble::BLEEndPoint::HandleSendAckTimeout(chip::System::Layer*, void*)	8	static
C:/Users/olive/OneDrive/Documents/CubeMXPack/stm32wb-matter-device-over-thread-main/Middlewares/Third_Party/connectedhomeip/src/ble/BLEEndPoint.cpp:797:12:CHIP_ERROR chip::Ble::BLEEndPoint::HandleHandshakeConfirmationReceived()	16	static
C:/Users/olive/OneDrive/Documents/CubeMXPack/stm32wb-matter-device-over-thread-main/Middlewares/Third_Party/connectedhomeip/src/ble/BLEEndPoint.cpp:862:12:CHIP_ERROR chip::Ble::BLEEndPoint::HandleFragmentConfirmationReceived()	16	static
C:/Users/olive/OneDrive/Documents/CubeMXPack/stm32wb-matter-device-over-thread-main/Middlewares/Third_Party/connectedhomeip/src/ble/BLEEndPoint.cpp:913:12:CHIP_ERROR chip::Ble::BLEEndPoint::HandleGattSendConfirmationReceived()	0	static
C:/Users/olive/OneDrive/Documents/CubeMXPack/stm32wb-matter-device-over-thread-main/Middlewares/Third_Party/connectedhomeip/src/ble/BLEEndPoint.cpp:1198:12:CHIP_ERROR chip::Ble::BLEEndPoint::Receive(chip::System::PacketBufferHandle&&)	24	static
C:/Users/olive/OneDrive/Documents/CubeMXPack/stm32wb-matter-device-over-thread-main/Middlewares/Third_Party/connectedhomeip/src/ble/BLEEndPoint.cpp:1574:6:static void chip::Ble::BLEEndPoint::HandleUnsubscribeTimeout(chip::System::Layer*, void*)	8	static
