../../../../../../../Middlewares/Third_Party/connectedhomeip/src/system/SystemLayerImplFreeRTOS.h:41:10:virtual bool chip::System::LayerImplFreeRTOS::IsInitialized() const	0	static
C:/Users/olive/OneDrive/Documents/CubeMXPack/stm32wb-matter-device-over-thread-main/Middlewares/Third_Party/connectedhomeip/src/system/SystemLayerImplFreeRTOS.cpp:36:12:virtual CHIP_ERROR chip::System::LayerImplFreeRTOS::Init()	0	static
../../../../../../../Middlewares/Third_Party/connectedhomeip/src/system/SystemLayerImplFreeRTOS.h:36:5:chip::System::LayerImplFreeRTOS::~LayerImplFreeRTOS()	8	static
../../../../../../../Middlewares/Third_Party/connectedhomeip/src/system/SystemLayerImplFreeRTOS.h:36:5:virtual chip::System::LayerImplFreeRTOS::~LayerImplFreeRTOS()	8	static
C:/Users/olive/OneDrive/Documents/CubeMXPack/stm32wb-matter-device-over-thread-main/Middlewares/Third_Party/connectedhomeip/src/system/SystemLayerImplFreeRTOS.cpp:79:6:virtual void chip::System::LayerImplFreeRTOS::CancelTimer(chip::System::TimerCompleteCallback, void*)	8	static
C:/Users/olive/OneDrive/Documents/CubeMXPack/stm32wb-matter-device-over-thread-main/Middlewares/Third_Party/connectedhomeip/src/system/SystemLayerImplFreeRTOS.cpp:48:6:virtual void chip::System::LayerImplFreeRTOS::Shutdown()	0	static
../../../../../../../Middlewares/Third_Party/connectedhomeip/src/system/SystemClock.h:144:15:chip::System::Clock::Timestamp chip::System::Clock::ClockBase::GetMonotonicTimestamp()	8	static
C:/Users/olive/OneDrive/Documents/CubeMXPack/stm32wb-matter-device-over-thread-main/Middlewares/Third_Party/connectedhomeip/src/system/SystemLayerImplFreeRTOS.cpp:92:12:virtual CHIP_ERROR chip::System::LayerImplFreeRTOS::ScheduleWork(chip::System::TimerCompleteCallback, void*)	72	static
C:/Users/olive/OneDrive/Documents/CubeMXPack/stm32wb-matter-device-over-thread-main/Middlewares/Third_Party/connectedhomeip/src/system/SystemLayerImplFreeRTOS.cpp:34:1:chip::System::LayerImplFreeRTOS::LayerImplFreeRTOS()	16	static
C:/Users/olive/OneDrive/Documents/CubeMXPack/stm32wb-matter-device-over-thread-main/Middlewares/Third_Party/connectedhomeip/src/system/SystemLayerImplFreeRTOS.cpp:129:12:CHIP_ERROR chip::System::LayerImplFreeRTOS::StartPlatformTimer(chip::System::Clock::Timeout)	16	static
C:/Users/olive/OneDrive/Documents/CubeMXPack/stm32wb-matter-device-over-thread-main/Middlewares/Third_Party/connectedhomeip/src/system/SystemLayerImplFreeRTOS.cpp:53:12:virtual CHIP_ERROR chip::System::LayerImplFreeRTOS::StartTimer(chip::System::Clock::Timeout, chip::System::TimerCompleteCallback, void*)	40	static
../../../../../../../Middlewares/Third_Party/connectedhomeip/src/system/SystemTimer.h:220:10:void chip::System::TimerPool<T>::Invoke(Timer*) [with T = chip::System::TimerList::Node]	16	static
../../../../../../../Middlewares/Third_Party/connectedhomeip/src/lib/support/LambdaBridge.h:39:24:static constexpr void chip::LambdaBridge::Initialize<chip::System::LayerImplFreeRTOS::ScheduleWork(chip::System::TimerCompleteCallback, void*)::<lambda()> >(const chip::System::LayerImplFreeRTOS::ScheduleWork(chip::System::TimerCompleteCallback, void*)::<lambda()>&)::<lambda(const chip::LambdaBridge::LambdaStorage&)>::_FUN(const chip::LambdaBridge::LambdaStorage&)	8	static
C:/Users/olive/OneDrive/Documents/CubeMXPack/stm32wb-matter-device-over-thread-main/Middlewares/Third_Party/connectedhomeip/src/system/SystemLayerImplFreeRTOS.cpp:151:12:CHIP_ERROR chip::System::LayerImplFreeRTOS::HandlePlatformTimer()	48	static
