../../../../../../../Middlewares/Third_Party/connectedhomeip/src/system/SystemMutex.h:177:13:void chip::System::Mutex::Unlock()	0	static
C:/Users/olive/OneDrive/Documents/CubeMXPack/stm32wb-matter-device-over-thread-main/Middlewares/Third_Party/connectedhomeip/src/system/SystemPacketBuffer.cpp:92:16:static chip::System::PacketBuffer* chip::System::PacketBuffer::BuildFreeList()	8	static
C:/Users/olive/OneDrive/Documents/CubeMXPack/stm32wb-matter-device-over-thread-main/Middlewares/Third_Party/connectedhomeip/src/system/SystemPacketBuffer.cpp:242:10:uint16_t chip::System::PacketBuffer::MaxDataLength() const	0	static
C:/Users/olive/OneDrive/Documents/CubeMXPack/stm32wb-matter-device-over-thread-main/Middlewares/Third_Party/connectedhomeip/src/system/SystemPacketBuffer.cpp:199:6:void chip::System::PacketBuffer::SetStart(uint8_t*)	16	static
C:/Users/olive/OneDrive/Documents/CubeMXPack/stm32wb-matter-device-over-thread-main/Middlewares/Third_Party/connectedhomeip/src/system/SystemPacketBuffer.cpp:218:6:void chip::System::PacketBuffer::SetDataLength(uint16_t, chip::System::PacketBuffer*)	8	static
C:/Users/olive/OneDrive/Documents/CubeMXPack/stm32wb-matter-device-over-thread-main/Middlewares/Third_Party/connectedhomeip/src/system/SystemPacketBuffer.cpp:253:10:uint16_t chip::System::PacketBuffer::AvailableDataLength() const	8	static
C:/Users/olive/OneDrive/Documents/CubeMXPack/stm32wb-matter-device-over-thread-main/Middlewares/Third_Party/connectedhomeip/src/system/SystemPacketBuffer.cpp:258:10:uint16_t chip::System::PacketBuffer::ReservedSize() const	0	static
C:/Users/olive/OneDrive/Documents/CubeMXPack/stm32wb-matter-device-over-thread-main/Middlewares/Third_Party/connectedhomeip/src/system/SystemPacketBuffer.cpp:265:11:uint8_t* chip::System::PacketBuffer::ReserveStart()	0	static
C:/Users/olive/OneDrive/Documents/CubeMXPack/stm32wb-matter-device-over-thread-main/Middlewares/Third_Party/connectedhomeip/src/system/SystemPacketBuffer.cpp:276:17:const uint8_t* chip::System::PacketBuffer::ReserveStart() const	0	static
C:/Users/olive/OneDrive/Documents/CubeMXPack/stm32wb-matter-device-over-thread-main/Middlewares/Third_Party/connectedhomeip/src/system/SystemPacketBuffer.cpp:287:6:void chip::System::PacketBuffer::AddToEnd(chip::System::PacketBufferHandle&&)	8	static
C:/Users/olive/OneDrive/Documents/CubeMXPack/stm32wb-matter-device-over-thread-main/Middlewares/Third_Party/connectedhomeip/src/system/SystemPacketBuffer.cpp:347:6:void chip::System::PacketBuffer::ConsumeHead(uint16_t)	0	static
C:/Users/olive/OneDrive/Documents/CubeMXPack/stm32wb-matter-device-over-thread-main/Middlewares/Third_Party/connectedhomeip/src/system/SystemPacketBuffer.cpp:390:12:CHIP_ERROR chip::System::PacketBuffer::Read(uint8_t*, size_t) const	16	static
C:/Users/olive/OneDrive/Documents/CubeMXPack/stm32wb-matter-device-over-thread-main/Middlewares/Third_Party/connectedhomeip/src/system/SystemPacketBuffer.cpp:418:6:bool chip::System::PacketBuffer::EnsureReservedSize(uint16_t)	16	static
C:/Users/olive/OneDrive/Documents/CubeMXPack/stm32wb-matter-device-over-thread-main/Middlewares/Third_Party/connectedhomeip/src/system/SystemPacketBuffer.cpp:440:6:bool chip::System::PacketBuffer::AlignPayload(uint16_t)	4	static
C:/Users/olive/OneDrive/Documents/CubeMXPack/stm32wb-matter-device-over-thread-main/Middlewares/Third_Party/connectedhomeip/src/system/SystemPacketBuffer.cpp:464:6:void chip::System::PacketBuffer::AddRef()	8	static
C:/Users/olive/OneDrive/Documents/CubeMXPack/stm32wb-matter-device-over-thread-main/Middlewares/Third_Party/connectedhomeip/src/system/SystemPacketBuffer.cpp:477:20:static chip::System::PacketBufferHandle chip::System::PacketBufferHandle::New(size_t, uint16_t)	16	static
C:/Users/olive/OneDrive/Documents/CubeMXPack/stm32wb-matter-device-over-thread-main/Middlewares/Third_Party/connectedhomeip/src/system/SystemPacketBuffer.cpp:554:20:static chip::System::PacketBufferHandle chip::System::PacketBufferHandle::NewWithData(const void*, size_t, uint16_t, uint16_t)	32	static
C:/Users/olive/OneDrive/Documents/CubeMXPack/stm32wb-matter-device-over-thread-main/Middlewares/Third_Party/connectedhomeip/src/system/SystemPacketBuffer.cpp:582:6:static void chip::System::PacketBuffer::Free(chip::System::PacketBuffer*)	8	static
C:/Users/olive/OneDrive/Documents/CubeMXPack/stm32wb-matter-device-over-thread-main/Middlewares/Third_Party/connectedhomeip/src/system/SystemPacketBuffer.cpp:313:6:void chip::System::PacketBuffer::CompactHead()	24	static
C:/Users/olive/OneDrive/Documents/CubeMXPack/stm32wb-matter-device-over-thread-main/Middlewares/Third_Party/connectedhomeip/src/system/SystemPacketBuffer.cpp:367:16:chip::System::PacketBuffer* chip::System::PacketBuffer::Consume(uint16_t)	24	static
../../../../../../../Middlewares/Third_Party/connectedhomeip/src/system/SystemPacketBuffer.h:428:5:chip::System::PacketBufferHandle::~PacketBufferHandle()	8	static
C:/Users/olive/OneDrive/Documents/CubeMXPack/stm32wb-matter-device-over-thread-main/Middlewares/Third_Party/connectedhomeip/src/system/SystemPacketBuffer.cpp:637:6:void chip::System::PacketBuffer::Clear()	0	static
C:/Users/olive/OneDrive/Documents/CubeMXPack/stm32wb-matter-device-over-thread-main/Middlewares/Third_Party/connectedhomeip/src/system/SystemPacketBuffer.cpp:656:16:static chip::System::PacketBuffer* chip::System::PacketBuffer::FreeHead(chip::System::PacketBuffer*)	8	static
C:/Users/olive/OneDrive/Documents/CubeMXPack/stm32wb-matter-device-over-thread-main/Middlewares/Third_Party/connectedhomeip/src/system/SystemPacketBuffer.cpp:664:20:chip::System::PacketBufferHandle chip::System::PacketBufferHandle::PopHead()	0	static
C:/Users/olive/OneDrive/Documents/CubeMXPack/stm32wb-matter-device-over-thread-main/Middlewares/Third_Party/connectedhomeip/src/system/SystemPacketBuffer.cpp:678:20:chip::System::PacketBufferHandle chip::System::PacketBufferHandle::CloneData() const	40	static
C:/Users/olive/OneDrive/Documents/CubeMXPack/stm32wb-matter-device-over-thread-main/Middlewares/Third_Party/connectedhomeip/src/system/SystemPacketBuffer.cpp:726:28:static chip::System::PacketBufferHandle chip::Encoding::PacketBufferWriterUtil::Finalize(chip::Encoding::BufferWriter&, chip::System::PacketBufferHandle&)	16	static
C:/Users/olive/OneDrive/Documents/CubeMXPack/stm32wb-matter-device-over-thread-main/Middlewares/Third_Party/connectedhomeip/src/system/SystemPacketBuffer.cpp:743:1:cpp)	8	static
