C:/Users/olive/OneDrive/Documents/CubeMXPack/stm32wb-matter-device-over-thread-main/Middlewares/Third_Party/connectedhomeip/src/platform/OpenThread/DnssdImpl.cpp:29:12:CHIP_ERROR chip::Dnssd::ChipDnssdInit(DnssdAsyncReturnCallback, DnssdAsyncReturnCallback, void*)	64	static
C:/Users/olive/OneDrive/Documents/CubeMXPack/stm32wb-matter-device-over-thread-main/Middlewares/Third_Party/connectedhomeip/src/platform/OpenThread/DnssdImpl.cpp:42:6:void chip::Dnssd::ChipDnssdShutdown()	0	static
C:/Users/olive/OneDrive/Documents/CubeMXPack/stm32wb-matter-device-over-thread-main/Middlewares/Third_Party/connectedhomeip/src/platform/OpenThread/DnssdImpl.cpp:44:14:const char* chip::Dnssd::GetProtocolString(DnssdServiceProtocol)	0	static
C:/Users/olive/OneDrive/Documents/CubeMXPack/stm32wb-matter-device-over-thread-main/Middlewares/Third_Party/connectedhomeip/src/platform/OpenThread/DnssdImpl.cpp:49:12:CHIP_ERROR chip::Dnssd::ChipDnssdPublishService(const DnssdService*, DnssdPublishCallback, void*)	56	static
C:/Users/olive/OneDrive/Documents/CubeMXPack/stm32wb-matter-device-over-thread-main/Middlewares/Third_Party/connectedhomeip/src/platform/OpenThread/DnssdImpl.cpp:69:12:CHIP_ERROR chip::Dnssd::ChipDnssdRemoveServices()	8	static
C:/Users/olive/OneDrive/Documents/CubeMXPack/stm32wb-matter-device-over-thread-main/Middlewares/Third_Party/connectedhomeip/src/platform/OpenThread/DnssdImpl.cpp:79:12:CHIP_ERROR chip::Dnssd::ChipDnssdFinalizeServiceUpdate()	0	static
C:/Users/olive/OneDrive/Documents/CubeMXPack/stm32wb-matter-device-over-thread-main/Middlewares/Third_Party/connectedhomeip/src/platform/OpenThread/DnssdImpl.cpp:88:12:CHIP_ERROR chip::Dnssd::ChipDnssdBrowse(const char*, DnssdServiceProtocol, chip::Inet::IPAddressType, chip::Inet::InterfaceId, DnssdBrowseCallback, void*, intptr_t*)	56	static
C:/Users/olive/OneDrive/Documents/CubeMXPack/stm32wb-matter-device-over-thread-main/Middlewares/Third_Party/connectedhomeip/src/platform/OpenThread/DnssdImpl.cpp:105:12:CHIP_ERROR chip::Dnssd::ChipDnssdStopBrowse(intptr_t)	0	static
C:/Users/olive/OneDrive/Documents/CubeMXPack/stm32wb-matter-device-over-thread-main/Middlewares/Third_Party/connectedhomeip/src/platform/OpenThread/DnssdImpl.cpp:110:12:CHIP_ERROR chip::Dnssd::ChipDnssdResolve(DnssdService*, chip::Inet::InterfaceId, DnssdResolveCallback, void*)	40	static
C:/Users/olive/OneDrive/Documents/CubeMXPack/stm32wb-matter-device-over-thread-main/Middlewares/Third_Party/connectedhomeip/src/platform/OpenThread/DnssdImpl.cpp:125:6:void chip::Dnssd::ChipDnssdResolveNoLongerNeeded(const char*)	0	static
C:/Users/olive/OneDrive/Documents/CubeMXPack/stm32wb-matter-device-over-thread-main/Middlewares/Third_Party/connectedhomeip/src/platform/OpenThread/DnssdImpl.cpp:126:12:CHIP_ERROR chip::Dnssd::ChipDnssdReconfirmRecord(const char*, chip::Inet::IPAddress, chip::Inet::InterfaceId)	0	static
