C:/Users/olive/OneDrive/Documents/CubeMXPack/stm32wb-matter-device-over-thread-main/Middlewares/Third_Party/connectedhomeip/src/protocols/user_directed_commissioning/UserDirectedCommissioning.h:123:18:chip::Protocols::UserDirectedCommissioning::UserDirectedCommissioningServer::~UserDirectedCommissioningServer()	0	static
C:/Users/olive/OneDrive/Documents/CubeMXPack/stm32wb-matter-device-over-thread-main/Middlewares/Third_Party/connectedhomeip/src/protocols/user_directed_commissioning/UserDirectedCommissioning.h:123:18:virtual chip::Protocols::UserDirectedCommissioning::UserDirectedCommissioningServer::~UserDirectedCommissioningServer()	8	static
../../../../../../../Middlewares/Third_Party/connectedhomeip/src/system/TimeSource.h:67:30:chip::System::Clock::Timestamp chip::Time::TimeSource<chip::Time::Source::kSystem>::GetMonotonicTimestamp()	8	static
../../../../../../../Middlewares/Third_Party/connectedhomeip/src/transport/raw/PeerAddress.h:131:10:void chip::Transport::PeerAddress::ToString(char*, size_t) const	80	static
../../../../../../../Middlewares/Third_Party/connectedhomeip/src/transport/raw/PeerAddress.h:69:5:constexpr chip::Transport::PeerAddress::PeerAddress(const chip::Transport::PeerAddress&)	12	static
C:/Users/olive/OneDrive/Documents/CubeMXPack/stm32wb-matter-device-over-thread-main/Middlewares/Third_Party/connectedhomeip/src/protocols/user_directed_commissioning/UDCClientState.h:62:5:constexpr chip::Protocols::UserDirectedCommissioning::UDCClientState::UDCClientState(const chip::Protocols::UserDirectedCommissioning::UDCClientState&)	24	static
C:/Users/olive/OneDrive/Documents/CubeMXPack/stm32wb-matter-device-over-thread-main/Middlewares/Third_Party/connectedhomeip/src/protocols/user_directed_commissioning/UserDirectedCommissioningServer.cpp:186:6:void chip::Protocols::UserDirectedCommissioning::UserDirectedCommissioningServer::PrintUDCClients()	288	static
C:/Users/olive/OneDrive/Documents/CubeMXPack/stm32wb-matter-device-over-thread-main/Middlewares/Third_Party/connectedhomeip/src/protocols/user_directed_commissioning/UDCClients.h:148:22:chip::Protocols::UserDirectedCommissioning::UDCClientState* chip::Protocols::UserDirectedCommissioning::UDCClients<kMaxClientCount, kTimeSource>::FindUDCClientState(const char*) [with unsigned int kMaxClientCount = 16; chip::Time::Source kTimeSource = chip::Time::Source::kSystem]	32	static
C:/Users/olive/OneDrive/Documents/CubeMXPack/stm32wb-matter-device-over-thread-main/Middlewares/Third_Party/connectedhomeip/src/protocols/user_directed_commissioning/UserDirectedCommissioningServer.cpp:108:6:void chip::Protocols::UserDirectedCommissioning::UserDirectedCommissioningServer::OnCommissionableNodeFound(const chip::Dnssd::DiscoveredNodeData&)	216	static
C:/Users/olive/OneDrive/Documents/CubeMXPack/stm32wb-matter-device-over-thread-main/Middlewares/Third_Party/connectedhomeip/src/protocols/user_directed_commissioning/UDCClients.h:55:16:CHIP_ERROR chip::Protocols::UserDirectedCommissioning::UDCClients<kMaxClientCount, kTimeSource>::CreateNewUDCClientState(const char*, chip::Protocols::UserDirectedCommissioning::UDCClientState**) [with unsigned int kMaxClientCount = 16; chip::Time::Source kTimeSource = chip::Time::Source::kSystem]	40	static
C:/Users/olive/OneDrive/Documents/CubeMXPack/stm32wb-matter-device-over-thread-main/Middlewares/Third_Party/connectedhomeip/src/protocols/user_directed_commissioning/UserDirectedCommissioningServer.cpp:85:6:void chip::Protocols::UserDirectedCommissioning::UserDirectedCommissioningServer::SetUDCClientProcessingState(char*, chip::Protocols::UserDirectedCommissioning::UDCClientProcessingState)	40	static
C:/Users/olive/OneDrive/Documents/CubeMXPack/stm32wb-matter-device-over-thread-main/Middlewares/Third_Party/connectedhomeip/src/protocols/user_directed_commissioning/UserDirectedCommissioningServer.cpp:33:6:virtual void chip::Protocols::UserDirectedCommissioning::UserDirectedCommissioningServer::OnMessageReceived(const chip::Transport::PeerAddress&, chip::System::PacketBufferHandle&&)	128	static
