C:/Users/olive/OneDrive/Documents/CubeMXPack/stm32wb-matter-device-over-thread-main/Middlewares/Third_Party/connectedhomeip/src/system/SystemStats.cpp:61:15:const char* const* chip::System::Stats::GetStrings()	0	static
C:/Users/olive/OneDrive/Documents/CubeMXPack/stm32wb-matter-device-over-thread-main/Middlewares/Third_Party/connectedhomeip/src/system/SystemStats.cpp:66:11:chip::System::Stats::count_t* chip::System::Stats::GetResourcesInUse()	0	static
C:/Users/olive/OneDrive/Documents/CubeMXPack/stm32wb-matter-device-over-thread-main/Middlewares/Third_Party/connectedhomeip/src/system/SystemStats.cpp:71:11:chip::System::Stats::count_t* chip::System::Stats::GetHighWatermarks()	0	static
C:/Users/olive/OneDrive/Documents/CubeMXPack/stm32wb-matter-device-over-thread-main/Middlewares/Third_Party/connectedhomeip/src/system/SystemStats.cpp:76:6:void chip::System::Stats::UpdateSnapshot(Snapshot&)	0	static
C:/Users/olive/OneDrive/Documents/CubeMXPack/stm32wb-matter-device-over-thread-main/Middlewares/Third_Party/connectedhomeip/src/system/SystemStats.cpp:89:6:bool chip::System::Stats::Difference(Snapshot&, Snapshot&, Snapshot&)	20	static
