C:/Users/olive/OneDrive/Documents/CubeMXPack/stm32wb-matter-device-over-thread-main/Middlewares/Third_Party/connectedhomeip/src/system/SystemTimer.cpp:41:19:chip::System::TimerList::Node* chip::System::TimerList::Add(Node*)	24	static
C:/Users/olive/OneDrive/Documents/CubeMXPack/stm32wb-matter-device-over-thread-main/Middlewares/Third_Party/connectedhomeip/src/system/SystemTimer.cpp:68:19:chip::System::TimerList::Node* chip::System::TimerList::Remove(Node*)	0	static
C:/Users/olive/OneDrive/Documents/CubeMXPack/stm32wb-matter-device-over-thread-main/Middlewares/Third_Party/connectedhomeip/src/system/SystemTimer.cpp:97:19:chip::System::TimerList::Node* chip::System::TimerList::Remove(chip::System::TimerCompleteCallback, void*)	16	static
C:/Users/olive/OneDrive/Documents/CubeMXPack/stm32wb-matter-device-over-thread-main/Middlewares/Third_Party/connectedhomeip/src/system/SystemTimer.cpp:120:19:chip::System::TimerList::Node* chip::System::TimerList::PopEarliest()	0	static
C:/Users/olive/OneDrive/Documents/CubeMXPack/stm32wb-matter-device-over-thread-main/Middlewares/Third_Party/connectedhomeip/src/system/SystemTimer.cpp:132:19:chip::System::TimerList::Node* chip::System::TimerList::PopIfEarlier(chip::System::Clock::Timestamp)	12	static
C:/Users/olive/OneDrive/Documents/CubeMXPack/stm32wb-matter-device-over-thread-main/Middlewares/Third_Party/connectedhomeip/src/system/SystemTimer.cpp:144:11:chip::System::TimerList chip::System::TimerList::ExtractEarlier(chip::System::Clock::Timestamp)	20	static
