../../../../../../../Middlewares/Third_Party/connectedhomeip/src/credentials/FabricTable.h:363:22:virtual void chip::FabricTable::Delegate::FabricWillBeRemoved(const chip::FabricTable&, chip::FabricIndex)	0	static
../../../../../../../Middlewares/Third_Party/connectedhomeip/src/credentials/FabricTable.h:373:22:virtual void chip::FabricTable::Delegate::OnFabricCommitted(const chip::FabricTable&, chip::FabricIndex)	0	static
../../../../../../../Middlewares/Third_Party/connectedhomeip/src/transport/SessionDelegate.h:68:18:virtual void chip::SessionDelegate::OnSessionHang()	0	static
../../../../../../../Middlewares/Third_Party/connectedhomeip/src/transport/Session.h:147:10:virtual void chip::SessionHolderWithDelegate::DispatchSessionEvent(chip::SessionDelegate::Event)	16	static
../../../../../../../Middlewares/Third_Party/connectedhomeip/src/messaging/ExchangeDelegate.h:135:18:virtual void chip::Messaging::ExchangeDelegate::OnExchangeClosing(chip::Messaging::ExchangeContext*)	0	static
../../../../../../../Middlewares/Third_Party/connectedhomeip/src/messaging/ExchangeDelegate.h:175:18:virtual void chip::Messaging::UnsolicitedMessageHandler::OnExchangeCreationFailed(chip::Messaging::ExchangeDelegate*)	0	static
../../../../../../../Middlewares/Third_Party/connectedhomeip/src/protocols/secure_channel/PairingSession.h:53:30:virtual chip::SessionDelegate::NewSessionHandlingPolicy chip::PairingSession::GetNewSessionHandlingPolicy()	0	static
../../../../../../../Middlewares/Third_Party/connectedhomeip/src/protocols/secure_channel/SessionEstablishmentExchangeDispatch.h:36:53:void __tcf_1()	0	static
../../../../../../../Middlewares/Third_Party/connectedhomeip/src/protocols/secure_channel/CASESession.h:63:36:virtual chip::Transport::SecureSession::Type chip::CASESession::GetSecureSessionType() const	0	static
../../../../../../../Middlewares/Third_Party/connectedhomeip/src/protocols/secure_channel/CASESession.h:64:18:virtual chip::ScopedNodeId chip::CASESession::GetPeer() const	12	static
../../../../../../../Middlewares/Third_Party/connectedhomeip/src/protocols/secure_channel/CASESession.h:65:18:virtual chip::ScopedNodeId chip::CASESession::GetLocalScopedNodeId() const	12	static
../../../../../../../Middlewares/Third_Party/connectedhomeip/src/protocols/secure_channel/CASESession.h:66:15:virtual chip::CATValues chip::CASESession::GetPeerCATs() const	0	static
../../../../../../../Middlewares/Third_Party/connectedhomeip/src/protocols/secure_channel/CASESession.h:152:16:virtual CHIP_ERROR chip::CASESession::OnUnsolicitedMessageReceived(const chip::PayloadHeader&, chip::Messaging::ExchangeDelegate*&)	0	static
C:\ST\STM32CubeIDE_2.0.0\STM32CubeIDE\plugins\com.st.stm32cube.ide.mcu.externaltools.gnu-tools-for-stm32.13.3.rel1.win32_1.0.100.202509120712\tools\arm-none-eabi\include\c++\13.3.1\bits\shared_ptr_base.h:523:7:std::_Sp_counted_deleter<_Ptr, _Deleter, _Alloc, _Lp>::~_Sp_counted_deleter() [with _Ptr = chip::CASESession::WorkHelper<chip::CASESession::HandleSigma3Data>*; _Deleter = chip::Platform::Deleter<chip::CASESession::WorkHelper<chip::CASESession::HandleSigma3Data> >; _Alloc = std::allocator<void>; __gnu_cxx::_Lock_policy _Lp = __gnu_cxx::_S_single]	0	static
C:\ST\STM32CubeIDE_2.0.0\STM32CubeIDE\plugins\com.st.stm32cube.ide.mcu.externaltools.gnu-tools-for-stm32.13.3.rel1.win32_1.0.100.202509120712\tools\arm-none-eabi\include\c++\13.3.1\bits\shared_ptr_base.h:538:7:void* std::_Sp_counted_deleter<_Ptr, _Deleter, _Alloc, _Lp>::_M_get_deleter(const std::type_info&) [with _Ptr = chip::CASESession::WorkHelper<chip::CASESession::HandleSigma3Data>*; _Deleter = chip::Platform::Deleter<chip::CASESession::WorkHelper<chip::CASESession::HandleSigma3Data> >; _Alloc = std::allocator<void>; __gnu_cxx::_Lock_policy _Lp = __gnu_cxx::_S_single]	0	static
C:\ST\STM32CubeIDE_2.0.0\STM32CubeIDE\plugins\com.st.stm32cube.ide.mcu.externaltools.gnu-tools-for-stm32.13.3.rel1.win32_1.0.100.202509120712\tools\arm-none-eabi\include\c++\13.3.1\bits\shared_ptr_base.h:523:7:std::_Sp_counted_deleter<_Ptr, _Deleter, _Alloc, _Lp>::~_Sp_counted_deleter() [with _Ptr = chip::CASESession::WorkHelper<chip::CASESession::SendSigma3Data>*; _Deleter = chip::Platform::Deleter<chip::CASESession::WorkHelper<chip::CASESession::SendSigma3Data> >; _Alloc = std::allocator<void>; __gnu_cxx::_Lock_policy _Lp = __gnu_cxx::_S_single]	0	static
C:\ST\STM32CubeIDE_2.0.0\STM32CubeIDE\plugins\com.st.stm32cube.ide.mcu.externaltools.gnu-tools-for-stm32.13.3.rel1.win32_1.0.100.202509120712\tools\arm-none-eabi\include\c++\13.3.1\bits\shared_ptr_base.h:538:7:void* std::_Sp_counted_deleter<_Ptr, _Deleter, _Alloc, _Lp>::_M_get_deleter(const std::type_info&) [with _Ptr = chip::CASESession::WorkHelper<chip::CASESession::SendSigma3Data>*; _Deleter = chip::Platform::Deleter<chip::CASESession::WorkHelper<chip::CASESession::SendSigma3Data> >; _Alloc = std::allocator<void>; __gnu_cxx::_Lock_policy _Lp = __gnu_cxx::_S_single]	0	static
C:\ST\STM32CubeIDE_2.0.0\STM32CubeIDE\plugins\com.st.stm32cube.ide.mcu.externaltools.gnu-tools-for-stm32.13.3.rel1.win32_1.0.100.202509120712\tools\arm-none-eabi\include\c++\13.3.1\bits\shared_ptr_base.h:523:7:std::_Sp_counted_deleter<_Ptr, _Deleter, _Alloc, _Lp>::~_Sp_counted_deleter() [with _Ptr = chip::CASESession::WorkHelper<chip::CASESession::HandleSigma3Data>*; _Deleter = chip::Platform::Deleter<chip::CASESession::WorkHelper<chip::CASESession::HandleSigma3Data> >; _Alloc = std::allocator<void>; __gnu_cxx::_Lock_policy _Lp = __gnu_cxx::_S_single]	8	static
C:\ST\STM32CubeIDE_2.0.0\STM32CubeIDE\plugins\com.st.stm32cube.ide.mcu.externaltools.gnu-tools-for-stm32.13.3.rel1.win32_1.0.100.202509120712\tools\arm-none-eabi\include\c++\13.3.1\bits\shared_ptr_base.h:523:7:std::_Sp_counted_deleter<_Ptr, _Deleter, _Alloc, _Lp>::~_Sp_counted_deleter() [with _Ptr = chip::CASESession::WorkHelper<chip::CASESession::SendSigma3Data>*; _Deleter = chip::Platform::Deleter<chip::CASESession::WorkHelper<chip::CASESession::SendSigma3Data> >; _Alloc = std::allocator<void>; __gnu_cxx::_Lock_policy _Lp = __gnu_cxx::_S_single]	8	static
../../../../../../../Middlewares/Third_Party/connectedhomeip/src/transport/Session.h:125:7:chip::SessionHolderWithDelegate::~SessionHolderWithDelegate()	8	static
../../../../../../../Middlewares/Third_Party/connectedhomeip/src/transport/Session.h:125:7:virtual chip::SessionHolderWithDelegate::~SessionHolderWithDelegate()	8	static
../../../../../../../Middlewares/Third_Party/connectedhomeip/src/transport/Session.h:133:10:virtual void chip::SessionHolderWithDelegate::SessionReleased()	8	static
C:/Users/olive/OneDrive/Documents/CubeMXPack/stm32wb-matter-device-over-thread-main/Middlewares/Third_Party/connectedhomeip/src/protocols/secure_channel/CASESession.cpp:1912:12:virtual CHIP_ERROR chip::CASESession::OnFailureStatusReport(chip::Protocols::SecureChannel::GeneralStatusCode, uint16_t)	16	static
C:/Users/olive/OneDrive/Documents/CubeMXPack/stm32wb-matter-device-over-thread-main/Middlewares/Third_Party/connectedhomeip/src/protocols/secure_channel/CASESession.cpp:1885:6:virtual void chip::CASESession::OnSuccessStatusReport()	40	static
C:/Users/olive/OneDrive/Documents/CubeMXPack/stm32wb-matter-device-over-thread-main/Middlewares/Third_Party/connectedhomeip/src/protocols/secure_channel/CASESession.cpp:1651:12:static CHIP_ERROR chip::CASESession::HandleSigma3b(HandleSigma3Data&, bool&)	128	static
../../../../../../../Middlewares/Third_Party/connectedhomeip/src/protocols/secure_channel/CASESession.h:162:42:virtual chip::Messaging::ExchangeMessageDispatch& chip::CASESession::GetMessageDispatch()	8	static
C:\ST\STM32CubeIDE_2.0.0\STM32CubeIDE\plugins\com.st.stm32cube.ide.mcu.externaltools.gnu-tools-for-stm32.13.3.rel1.win32_1.0.100.202509120712\tools\arm-none-eabi\include\c++\13.3.1\bits\shared_ptr_base.h:530:7:void std::_Sp_counted_deleter<_Ptr, _Deleter, _Alloc, _Lp>::_M_destroy() [with _Ptr = chip::CASESession::WorkHelper<chip::CASESession::HandleSigma3Data>*; _Deleter = chip::Platform::Deleter<chip::CASESession::WorkHelper<chip::CASESession::HandleSigma3Data> >; _Alloc = std::allocator<void>; __gnu_cxx::_Lock_policy _Lp = __gnu_cxx::_S_single]	0	static
C:\ST\STM32CubeIDE_2.0.0\STM32CubeIDE\plugins\com.st.stm32cube.ide.mcu.externaltools.gnu-tools-for-stm32.13.3.rel1.win32_1.0.100.202509120712\tools\arm-none-eabi\include\c++\13.3.1\bits\shared_ptr_base.h:530:7:void std::_Sp_counted_deleter<_Ptr, _Deleter, _Alloc, _Lp>::_M_destroy() [with _Ptr = chip::CASESession::WorkHelper<chip::CASESession::SendSigma3Data>*; _Deleter = chip::Platform::Deleter<chip::CASESession::WorkHelper<chip::CASESession::SendSigma3Data> >; _Alloc = std::allocator<void>; __gnu_cxx::_Lock_policy _Lp = __gnu_cxx::_S_single]	0	static
../../../../../../../Middlewares/Third_Party/connectedhomeip/src/lib/support/BufferWriter.h:103:15:Derived& chip::Encoding::EndianBufferWriterBase<Derived>::Put(const void*, size_t) [with Derived = chip::Encoding::LittleEndian::BufferWriter]	0	static
../../../../../../../Middlewares/Third_Party/connectedhomeip/src/system/SystemPacketBuffer.h:433:26:chip::System::PacketBufferHandle& chip::System::PacketBufferHandle::operator=(chip::System::PacketBufferHandle&&)	16	static
../../../../../../../Middlewares/Third_Party/connectedhomeip/src/protocols/secure_channel/CASESession.h:63:36:virtual chip::Transport::SecureSession::Type chip::CASESession::_ZThn16_NK4chip11CASESession20GetSecureSessionTypeEv() const	0	static
../../../../../../../Middlewares/Third_Party/connectedhomeip/src/transport/Session.h:141:10:virtual void chip::SessionHolderWithDelegate::ShiftToSession(const chip::SessionHandle&)	16	static
C:/Users/olive/OneDrive/Documents/CubeMXPack/stm32wb-matter-device-over-thread-main/Middlewares/Third_Party/connectedhomeip/src/protocols/secure_channel/CASESession.cpp:495:12:virtual CHIP_ERROR chip::CASESession::DeriveSecureSession(chip::CryptoContext&) const	104	static
../../../../../../../Middlewares/Third_Party/connectedhomeip/src/system/SystemPacketBuffer.h:428:5:chip::System::PacketBufferHandle::~PacketBufferHandle()	8	static
../../../../../../../Middlewares/Third_Party/connectedhomeip/src/protocols/secure_channel/PairingSession.h:135:10:void chip::PairingSession::SendStatusReport(chip::Messaging::ExchangeContext*, uint16_t)	72	static
C:\ST\STM32CubeIDE_2.0.0\STM32CubeIDE\plugins\com.st.stm32cube.ide.mcu.externaltools.gnu-tools-for-stm32.13.3.rel1.win32_1.0.100.202509120712\tools\arm-none-eabi\include\c++\13.3.1\bits\shared_ptr_base.h:293:5:void std::_Sp_counted_base<_Lp>::_M_release() [with __gnu_cxx::_Lock_policy _Lp = __gnu_cxx::_S_single]	8	static
C:\ST\STM32CubeIDE_2.0.0\STM32CubeIDE\plugins\com.st.stm32cube.ide.mcu.externaltools.gnu-tools-for-stm32.13.3.rel1.win32_1.0.100.202509120712\tools\arm-none-eabi\include\c++\13.3.1\bits\shared_ptr_base.h:1082:7:std::__shared_count<_Lp>& std::__shared_count<_Lp>::operator=(const std::__shared_count<_Lp>&) [with __gnu_cxx::_Lock_policy _Lp = __gnu_cxx::_S_single]	16	static
C:\ST\STM32CubeIDE_2.0.0\STM32CubeIDE\plugins\com.st.stm32cube.ide.mcu.externaltools.gnu-tools-for-stm32.13.3.rel1.win32_1.0.100.202509120712\tools\arm-none-eabi\include\c++\13.3.1\bits\shared_ptr_base.h:372:5:void std::_Sp_counted_base<_Lp>::_M_weak_release() [with __gnu_cxx::_Lock_policy _Lp = __gnu_cxx::_S_single]	0	static
C:\ST\STM32CubeIDE_2.0.0\STM32CubeIDE\plugins\com.st.stm32cube.ide.mcu.externaltools.gnu-tools-for-stm32.13.3.rel1.win32_1.0.100.202509120712\tools\arm-none-eabi\include\c++\13.3.1\bits\shared_ptr_base.h:1171:7:std::__weak_count<_Lp>& std::__weak_count<_Lp>::operator=(const std::__shared_count<_Lp>&) [with __gnu_cxx::_Lock_policy _Lp = __gnu_cxx::_S_single]	16	static
../../../../../../../Middlewares/Third_Party/connectedhomeip/src/credentials/FabricTable.h:111:10:bool chip::FabricInfo::IsInitialized() const	0	static
../../../../../../../Middlewares/Third_Party/connectedhomeip/src/credentials/FabricTable.h:323:27:chip::ConstFabricIterator& chip::ConstFabricIterator::Advance()	16	static
../../../../../../../Middlewares/Third_Party/connectedhomeip/src/crypto/CHIPCryptoPAL.h:594:31:constexpr chip::Crypto::Aes128KeyHandle::OpaqueContext::OpaqueContext()	8	static
../../../../../../../Middlewares/Third_Party/connectedhomeip/src/crypto/SessionKeystore.h:91:5:chip::Crypto::AutoReleaseSessionKey::~AutoReleaseSessionKey()	16	static
../../../../../../../Middlewares/Third_Party/connectedhomeip/src/protocols/secure_channel/PairingSession.h:56:24:chip::Optional<short unsigned int> chip::PairingSession::GetLocalSessionId() const	16	static
../../../../../../../Middlewares/Third_Party/connectedhomeip/src/protocols/secure_channel/PairingSession.h:162:16:CHIP_ERROR chip::PairingSession::HandleStatusReport(chip::System::PacketBufferHandle&&, bool)	32	static
../../../../../../../Middlewares/Third_Party/connectedhomeip/src/system/TLVPacketBufferBackingStore.h:45:5:chip::System::TLVPacketBufferBackingStore::~TLVPacketBufferBackingStore()	8	static
../../../../../../../Middlewares/Third_Party/connectedhomeip/src/system/TLVPacketBufferBackingStore.h:45:5:virtual chip::System::TLVPacketBufferBackingStore::~TLVPacketBufferBackingStore()	8	static
../../../../../../../Middlewares/Third_Party/connectedhomeip/src/system/TLVPacketBufferBackingStore.h:100:10:void chip::System::PacketBufferTLVReader::Init(chip::System::PacketBufferHandle&&)	8	static
../../../../../../../Middlewares/Third_Party/connectedhomeip/src/system/TLVPacketBufferBackingStore.h:122:10:void chip::System::PacketBufferTLVWriter::Init(chip::System::PacketBufferHandle&&, bool)	24	static
../../../../../../../Middlewares/Third_Party/connectedhomeip/src/system/TLVPacketBufferBackingStore.h:141:16:CHIP_ERROR chip::System::PacketBufferTLVWriter::Finalize(chip::System::PacketBufferHandle*)	24	static
C:/Users/olive/OneDrive/Documents/CubeMXPack/stm32wb-matter-device-over-thread-main/Middlewares/Third_Party/connectedhomeip/src/protocols/secure_channel/CASESession.cpp:537:12:CHIP_ERROR chip::CASESession::RecoverInitiatorIpk()	96	static
C:/Users/olive/OneDrive/Documents/CubeMXPack/stm32wb-matter-device-over-thread-main/Middlewares/Third_Party/connectedhomeip/src/protocols/secure_channel/CASESession.cpp:686:12:CHIP_ERROR chip::CASESession::FindLocalNodeFromDestinationId(const chip::ByteSpan&, const chip::ByteSpan&)	312	static
../../../../../../../Middlewares/Third_Party/connectedhomeip/src/system/TLVPacketBufferBackingStore.h:90:18:chip::System::PacketBufferTLVReader::PacketBufferTLVReader()	8	static
C:/Users/olive/OneDrive/Documents/CubeMXPack/stm32wb-matter-device-over-thread-main/Middlewares/Third_Party/connectedhomeip/src/protocols/secure_channel/CASESession.cpp:1736:12:CHIP_ERROR chip::CASESession::DeriveSigmaKey(const chip::ByteSpan&, const chip::ByteSpan&, chip::Crypto::AutoReleaseSessionKey&) const	24	static
C:/Users/olive/OneDrive/Documents/CubeMXPack/stm32wb-matter-device-over-thread-main/Middlewares/Third_Party/connectedhomeip/src/protocols/secure_channel/CASESession.cpp:1741:12:CHIP_ERROR chip::CASESession::ConstructSaltSigma2(const chip::ByteSpan&, const chip::Crypto::P256PublicKey&, const chip::ByteSpan&, chip::MutableByteSpan&)	80	static
C:/Users/olive/OneDrive/Documents/CubeMXPack/stm32wb-matter-device-over-thread-main/Middlewares/Third_Party/connectedhomeip/src/protocols/secure_channel/CASESession.cpp:1762:12:CHIP_ERROR chip::CASESession::ConstructSaltSigma3(const chip::ByteSpan&, chip::MutableByteSpan&)	72	static
C:/Users/olive/OneDrive/Documents/CubeMXPack/stm32wb-matter-device-over-thread-main/Middlewares/Third_Party/connectedhomeip/src/protocols/secure_channel/CASESession.cpp:1780:12:CHIP_ERROR chip::CASESession::ConstructSigmaResumeKey(const chip::ByteSpan&, const chip::ByteSpan&, const chip::ByteSpan&, const chip::ByteSpan&, chip::Crypto::AutoReleaseSessionKey&)	104	static
C:/Users/olive/OneDrive/Documents/CubeMXPack/stm32wb-matter-device-over-thread-main/Middlewares/Third_Party/connectedhomeip/src/protocols/secure_channel/CASESession.cpp:1798:12:0(const chip::ByteSpan&, const chip::ByteSpan&, const chip::ByteSpan&, const chip::ByteSpan&, chip::MutableByteSpan&)	88	static
C:/Users/olive/OneDrive/Documents/CubeMXPack/stm32wb-matter-device-over-thread-main/Middlewares/Third_Party/connectedhomeip/src/protocols/secure_channel/CASESession.cpp:572:12:CHIP_ERROR chip::CASESession::SendSigma1()	288	static
C:/Users/olive/OneDrive/Documents/CubeMXPack/stm32wb-matter-device-over-thread-main/Middlewares/Third_Party/connectedhomeip/src/protocols/secure_channel/CASESession.cpp:847:12:CHIP_ERROR chip::CASESession::SendSigma2Resume()	152	static
C:/Users/olive/OneDrive/Documents/CubeMXPack/stm32wb-matter-device-over-thread-main/Middlewares/Third_Party/connectedhomeip/src/protocols/secure_channel/CASESession.cpp:1812:12:0(const chip::ByteSpan&, const chip::ByteSpan&, const chip::ByteSpan&, const chip::ByteSpan&, const chip::ByteSpan&)	80	static
C:/Users/olive/OneDrive/Documents/CubeMXPack/stm32wb-matter-device-over-thread-main/Middlewares/Third_Party/connectedhomeip/src/protocols/secure_channel/CASESession.cpp:1798:12:CHIP_ERROR chip::CASESession::GenerateSigmaResumeMIC(const chip::ByteSpan&, const chip::ByteSpan&, const chip::ByteSpan&, const chip::ByteSpan&, chip::MutableByteSpan&)	12	static
C:/Users/olive/OneDrive/Documents/CubeMXPack/stm32wb-matter-device-over-thread-main/Middlewares/Third_Party/connectedhomeip/src/protocols/secure_channel/CASESession.cpp:1812:12:CHIP_ERROR chip::CASESession::ValidateSigmaResumeMIC(const chip::ByteSpan&, const chip::ByteSpan&, const chip::ByteSpan&, const chip::ByteSpan&, const chip::ByteSpan&)	12	static
C:/Users/olive/OneDrive/Documents/CubeMXPack/stm32wb-matter-device-over-thread-main/Middlewares/Third_Party/connectedhomeip/src/protocols/secure_channel/CASESession.cpp:739:12:CHIP_ERROR chip::CASESession::TryResumeSession(chip::SessionResumptionStorage::ConstResumptionIdView, chip::ByteSpan, chip::ByteSpan)	80	static
C:/Users/olive/OneDrive/Documents/CubeMXPack/stm32wb-matter-device-over-thread-main/Middlewares/Third_Party/connectedhomeip/src/protocols/secure_channel/CASESession.cpp:1825:12:CHIP_ERROR chip::CASESession::ConstructTBSData(const chip::ByteSpan&, const chip::ByteSpan&, const chip::ByteSpan&, const chip::ByteSpan&, uint8_t*, size_t&)	80	static
C:/Users/olive/OneDrive/Documents/CubeMXPack/stm32wb-matter-device-over-thread-main/Middlewares/Third_Party/connectedhomeip/src/protocols/secure_channel/CASESession.cpp:1847:12:CHIP_ERROR chip::CASESession::SetEffectiveTime()	32	static
C:/Users/olive/OneDrive/Documents/CubeMXPack/stm32wb-matter-device-over-thread-main/Middlewares/Third_Party/connectedhomeip/src/protocols/secure_channel/CASESession.cpp:2021:12:CHIP_ERROR chip::CASESession::ValidateReceivedMessage(chip::Messaging::ExchangeContext*, const chip::PayloadHeader&, const chip::System::PacketBufferHandle&)	8	static
C:/Users/olive/OneDrive/Documents/CubeMXPack/stm32wb-matter-device-over-thread-main/Middlewares/Third_Party/connectedhomeip/src/protocols/secure_channel/CASESession.cpp:2173:24:static chip::System::Clock::Timeout chip::CASESession::ComputeSigma1ResponseTimeout(const chip::ReliableMessageProtocolConfig&)	48	static
C:/Users/olive/OneDrive/Documents/CubeMXPack/stm32wb-matter-device-over-thread-main/Middlewares/Third_Party/connectedhomeip/src/protocols/secure_channel/CASESession.cpp:2182:24:static chip::System::Clock::Timeout chip::CASESession::ComputeSigma2ResponseTimeout(const chip::ReliableMessageProtocolConfig&)	48	static
../../../../../../../Middlewares/Third_Party/connectedhomeip/src/lib/support/ReferenceCountedHandle.h:29:5:chip::ReferenceCountedHandle<Target>::~ReferenceCountedHandle() [with Target = chip::Transport::Session]	8	static
../../../../../../../Middlewares/Third_Party/connectedhomeip/src/messaging/ExchangeContext.h:156:19:chip::SessionHandle chip::Messaging::ExchangeContext::GetSessionHandle() const	24	static
C:/Users/olive/OneDrive/Documents/CubeMXPack/stm32wb-matter-device-over-thread-main/Middlewares/Third_Party/connectedhomeip/src/protocols/secure_channel/CASESession.cpp:1039:12:CHIP_ERROR chip::CASESession::HandleSigma2Resume(chip::System::PacketBufferHandle&&)	184	static
C:/Users/olive/OneDrive/Documents/CubeMXPack/stm32wb-matter-device-over-thread-main/Middlewares/Third_Party/connectedhomeip/src/protocols/secure_channel/CASESession.cpp:1935:12:CHIP_ERROR chip::CASESession::ParseSigma1(chip::TLV::ContiguousBufferTLVReader&, chip::ByteSpan&, uint16_t&, chip::ByteSpan&, chip::ByteSpan&, bool&, chip::ByteSpan&, chip::ByteSpan&)	56	static
C:\ST\STM32CubeIDE_2.0.0\STM32CubeIDE\plugins\com.st.stm32cube.ide.mcu.externaltools.gnu-tools-for-stm32.13.3.rel1.win32_1.0.100.202509120712\tools\arm-none-eabi\include\c++\13.3.1\bits\shared_ptr_base.h:1068:7:std::__shared_count<_Lp>::~__shared_count() [with __gnu_cxx::_Lock_policy _Lp = __gnu_cxx::_S_single]	8	static
C:\ST\STM32CubeIDE_2.0.0\STM32CubeIDE\plugins\com.st.stm32cube.ide.mcu.externaltools.gnu-tools-for-stm32.13.3.rel1.win32_1.0.100.202509120712\tools\arm-none-eabi\include\c++\13.3.1\bits\shared_ptr_base.h:1641:7:void std::__shared_ptr<_Tp, _Lp>::reset() [with _Tp = chip::CASESession::WorkHelper<chip::CASESession::SendSigma3Data>; __gnu_cxx::_Lock_policy _Lp = __gnu_cxx::_S_single]	16	static
C:/Users/olive/OneDrive/Documents/CubeMXPack/stm32wb-matter-device-over-thread-main/Middlewares/Third_Party/connectedhomeip/src/protocols/secure_channel/CASESession.cpp:212:17:static void chip::CASESession::WorkHelper<DATA>::WorkHandler(intptr_t) [with DATA = chip::CASESession::SendSigma3Data]	16	static
C:/Users/olive/OneDrive/Documents/CubeMXPack/stm32wb-matter-device-over-thread-main/Middlewares/Third_Party/connectedhomeip/src/protocols/secure_channel/CASESession.cpp:227:17:static void chip::CASESession::WorkHelper<DATA>::AfterWorkHandler(intptr_t) [with DATA = chip::CASESession::SendSigma3Data]	16	static
C:\ST\STM32CubeIDE_2.0.0\STM32CubeIDE\plugins\com.st.stm32cube.ide.mcu.externaltools.gnu-tools-for-stm32.13.3.rel1.win32_1.0.100.202509120712\tools\arm-none-eabi\include\c++\13.3.1\bits\shared_ptr_base.h:1641:7:void std::__shared_ptr<_Tp, _Lp>::reset() [with _Tp = chip::CASESession::WorkHelper<chip::CASESession::HandleSigma3Data>; __gnu_cxx::_Lock_policy _Lp = __gnu_cxx::_S_single]	16	static
C:/Users/olive/OneDrive/Documents/CubeMXPack/stm32wb-matter-device-over-thread-main/Middlewares/Third_Party/connectedhomeip/src/protocols/secure_channel/CASESession.cpp:317:6:void chip::CASESession::Clear()	16	static
C:/Users/olive/OneDrive/Documents/CubeMXPack/stm32wb-matter-device-over-thread-main/Middlewares/Third_Party/connectedhomeip/src/protocols/secure_channel/CASESession.cpp:310:6:virtual void chip::CASESession::OnSessionReleased()	8	static
C:/Users/olive/OneDrive/Documents/CubeMXPack/stm32wb-matter-device-over-thread-main/Middlewares/Third_Party/connectedhomeip/src/protocols/secure_channel/CASESession.cpp:367:12:CHIP_ERROR chip::CASESession::Init(chip::SessionManager&, chip::Credentials::CertificateValidityPolicy*, chip::SessionEstablishmentDelegate*, const chip::ScopedNodeId&)	24	static
C:/Users/olive/OneDrive/Documents/CubeMXPack/stm32wb-matter-device-over-thread-main/Middlewares/Third_Party/connectedhomeip/src/protocols/secure_channel/CASESession.cpp:390:1:CHIP_ERROR chip::CASESession::PrepareForSessionEstablishment(chip::SessionManager&, chip::FabricTable*, chip::SessionResumptionStorage*, chip::Credentials::CertificateValidityPolicy*, chip::SessionEstablishmentDelegate*, const chip::ScopedNodeId&, chip::Optional<chip::ReliableMessageProtocolConfig>)	32	static
C:/Users/olive/OneDrive/Documents/CubeMXPack/stm32wb-matter-device-over-thread-main/Middlewares/Third_Party/connectedhomeip/src/protocols/secure_channel/CASESession.cpp:421:12:CHIP_ERROR chip::CASESession::EstablishSession(chip::SessionManager&, chip::FabricTable*, chip::ScopedNodeId, chip::Messaging::ExchangeContext*, chip::SessionResumptionStorage*, chip::Credentials::CertificateValidityPolicy*, chip::SessionEstablishmentDelegate*, chip::Optional<chip::ReliableMessageProtocolConfig>)	48	static
C:/Users/olive/OneDrive/Documents/CubeMXPack/stm32wb-matter-device-over-thread-main/Middlewares/Third_Party/connectedhomeip/src/protocols/secure_channel/CASESession.cpp:488:6:void chip::CASESession::AbortPendingEstablish(CHIP_ERROR)	16	static
C:/Users/olive/OneDrive/Documents/CubeMXPack/stm32wb-matter-device-over-thread-main/Middlewares/Third_Party/connectedhomeip/src/protocols/secure_channel/CASESession.cpp:354:6:void chip::CASESession::InvalidateIfPendingEstablishmentOnFabric(chip::FabricIndex)	8	static
../../../../../../../Middlewares/Third_Party/connectedhomeip/src/protocols/secure_channel/CASESession.h:173:10:virtual void chip::CASESession::OnFabricUpdated(const chip::FabricTable&, chip::FabricIndex)	0	static
../../../../../../../Middlewares/Third_Party/connectedhomeip/src/protocols/secure_channel/CASESession.h:168:10:virtual void chip::CASESession::OnFabricRemoved(const chip::FabricTable&, chip::FabricIndex)	0	static
C:/Users/olive/OneDrive/Documents/CubeMXPack/stm32wb-matter-device-over-thread-main/Middlewares/Third_Party/connectedhomeip/src/protocols/secure_channel/CASESession.cpp:476:6:virtual void chip::CASESession::OnResponseTimeout(chip::Messaging::ExchangeContext*)	8	static
C:/Users/olive/OneDrive/Documents/CubeMXPack/stm32wb-matter-device-over-thread-main/Middlewares/Third_Party/connectedhomeip/src/protocols/secure_channel/CASESession.cpp:1418:12:CHIP_ERROR chip::CASESession::SendSigma3c(SendSigma3Data&, CHIP_ERROR)	208	static
C:/Users/olive/OneDrive/Documents/CubeMXPack/stm32wb-matter-device-over-thread-main/Middlewares/Third_Party/connectedhomeip/src/protocols/secure_channel/CASESession.cpp:304:1:chip::CASESession::~CASESession()	8	static
C:/Users/olive/OneDrive/Documents/CubeMXPack/stm32wb-matter-device-over-thread-main/Middlewares/Third_Party/connectedhomeip/src/protocols/secure_channel/CASESession.cpp:304:1:virtual chip::CASESession::~CASESession()	8	static
C:/Users/olive/OneDrive/Documents/CubeMXPack/stm32wb-matter-device-over-thread-main/Middlewares/Third_Party/connectedhomeip/src/protocols/secure_channel/CASESession.cpp:1687:12:CHIP_ERROR chip::CASESession::HandleSigma3c(HandleSigma3Data&, CHIP_ERROR)	48	static
C:/Users/olive/OneDrive/Documents/CubeMXPack/stm32wb-matter-device-over-thread-main/Middlewares/Third_Party/connectedhomeip/src/protocols/secure_channel/CASESession.cpp:212:17:static void chip::CASESession::WorkHelper<DATA>::WorkHandler(intptr_t) [with DATA = chip::CASESession::HandleSigma3Data]	16	static
C:/Users/olive/OneDrive/Documents/CubeMXPack/stm32wb-matter-device-over-thread-main/Middlewares/Third_Party/connectedhomeip/src/protocols/secure_channel/CASESession.cpp:227:17:static void chip::CASESession::WorkHelper<DATA>::AfterWorkHandler(intptr_t) [with DATA = chip::CASESession::HandleSigma3Data]	16	static
../../../../../../../Middlewares/Third_Party/connectedhomeip/src/lib/support/ScopedBuffer.h:72:10:void chip::Platform::Impl::ScopedMemoryBufferBase<Impl>::Free() [with Impl = chip::Platform::Impl::PlatformMemoryManagement]	8	static
C:\ST\STM32CubeIDE_2.0.0\STM32CubeIDE\plugins\com.st.stm32cube.ide.mcu.externaltools.gnu-tools-for-stm32.13.3.rel1.win32_1.0.100.202509120712\tools\arm-none-eabi\include\c++\13.3.1\bits\shared_ptr_base.h:526:7:void std::_Sp_counted_deleter<_Ptr, _Deleter, _Alloc, _Lp>::_M_dispose() [with _Ptr = chip::CASESession::WorkHelper<chip::CASESession::SendSigma3Data>*; _Deleter = chip::Platform::Deleter<chip::CASESession::WorkHelper<chip::CASESession::SendSigma3Data> >; _Alloc = std::allocator<void>; __gnu_cxx::_Lock_policy _Lp = __gnu_cxx::_S_single]	8	static
C:\ST\STM32CubeIDE_2.0.0\STM32CubeIDE\plugins\com.st.stm32cube.ide.mcu.externaltools.gnu-tools-for-stm32.13.3.rel1.win32_1.0.100.202509120712\tools\arm-none-eabi\include\c++\13.3.1\bits\shared_ptr_base.h:526:7:void std::_Sp_counted_deleter<_Ptr, _Deleter, _Alloc, _Lp>::_M_dispose() [with _Ptr = chip::CASESession::WorkHelper<chip::CASESession::HandleSigma3Data>*; _Deleter = chip::Platform::Deleter<chip::CASESession::WorkHelper<chip::CASESession::HandleSigma3Data> >; _Alloc = std::allocator<void>; __gnu_cxx::_Lock_policy _Lp = __gnu_cxx::_S_single]	8	static
C:/Users/olive/OneDrive/Documents/CubeMXPack/stm32wb-matter-device-over-thread-main/Middlewares/Third_Party/connectedhomeip/src/protocols/secure_channel/CASESession.cpp:174:16:CHIP_ERROR chip::CASESession::WorkHelper<DATA>::DoWork() [with DATA = chip::CASESession::SendSigma3Data]	24	static
../../../../../../../Middlewares/Third_Party/connectedhomeip/src/lib/support/ScopedBuffer.h:97:10:void chip::Platform::Impl::ScopedMemoryBufferBase<Impl>::Alloc(size_t) [with Impl = chip::Platform::Impl::PlatformMemoryManagement]	16	static
C:/Users/olive/OneDrive/Documents/CubeMXPack/stm32wb-matter-device-over-thread-main/Middlewares/Third_Party/connectedhomeip/src/protocols/secure_channel/CASESession.cpp:901:12:CHIP_ERROR chip::CASESession::SendSigma2()	496	static
C:/Users/olive/OneDrive/Documents/CubeMXPack/stm32wb-matter-device-over-thread-main/Middlewares/Third_Party/connectedhomeip/src/protocols/secure_channel/CASESession.cpp:763:12:CHIP_ERROR chip::CASESession::HandleSigma1(chip::System::PacketBufferHandle&&)	168	static
C:/Users/olive/OneDrive/Documents/CubeMXPack/stm32wb-matter-device-over-thread-main/Middlewares/Third_Party/connectedhomeip/src/protocols/secure_channel/CASESession.cpp:678:12:CHIP_ERROR chip::CASESession::HandleSigma1_and_SendSigma2(chip::System::PacketBufferHandle&&)	8	static
C:/Users/olive/OneDrive/Documents/CubeMXPack/stm32wb-matter-device-over-thread-main/Middlewares/Third_Party/connectedhomeip/src/protocols/secure_channel/CASESession.cpp:1360:12:static CHIP_ERROR chip::CASESession::SendSigma3b(SendSigma3Data&, bool&)	88	static
C:/Users/olive/OneDrive/Documents/CubeMXPack/stm32wb-matter-device-over-thread-main/Middlewares/Third_Party/connectedhomeip/src/protocols/secure_channel/CASESession.cpp:1114:12:CHIP_ERROR chip::CASESession::HandleSigma2(chip::System::PacketBufferHandle&&)	592	static
C:\ST\STM32CubeIDE_2.0.0\STM32CubeIDE\plugins\com.st.stm32cube.ide.mcu.externaltools.gnu-tools-for-stm32.13.3.rel1.win32_1.0.100.202509120712\tools\arm-none-eabi\include\c++\13.3.1\bits\shared_ptr_base.h:1251:5:std::__shared_count<_Lp>::__shared_count(const std::__weak_count<_Lp>&, std::nothrow_t) [with __gnu_cxx::_Lock_policy _Lp = __gnu_cxx::_S_single]	0	static
C:/Users/olive/OneDrive/Documents/CubeMXPack/stm32wb-matter-device-over-thread-main/Middlewares/Third_Party/connectedhomeip/src/protocols/secure_channel/CASESession.cpp:192:16:CHIP_ERROR chip::CASESession::WorkHelper<DATA>::ScheduleWork() [with DATA = chip::CASESession::SendSigma3Data]	32	static
C:/Users/olive/OneDrive/Documents/CubeMXPack/stm32wb-matter-device-over-thread-main/Middlewares/Third_Party/connectedhomeip/src/protocols/secure_channel/CASESession.cpp:1283:12:CHIP_ERROR chip::CASESession::SendSigma3a()	80	static
C:/Users/olive/OneDrive/Documents/CubeMXPack/stm32wb-matter-device-over-thread-main/Middlewares/Third_Party/connectedhomeip/src/protocols/secure_channel/CASESession.cpp:1105:12:CHIP_ERROR chip::CASESession::HandleSigma2_and_SendSigma3(chip::System::PacketBufferHandle&&)	8	static
C:/Users/olive/OneDrive/Documents/CubeMXPack/stm32wb-matter-device-over-thread-main/Middlewares/Third_Party/connectedhomeip/src/protocols/secure_channel/CASESession.cpp:192:16:CHIP_ERROR chip::CASESession::WorkHelper<DATA>::ScheduleWork() [with DATA = chip::CASESession::HandleSigma3Data]	32	static
C:/Users/olive/OneDrive/Documents/CubeMXPack/stm32wb-matter-device-over-thread-main/Middlewares/Third_Party/connectedhomeip/src/protocols/secure_channel/CASESession.cpp:1501:12:CHIP_ERROR chip::CASESession::HandleSigma3a(chip::System::PacketBufferHandle&&)	336	static
C:/Users/olive/OneDrive/Documents/CubeMXPack/stm32wb-matter-device-over-thread-main/Middlewares/Third_Party/connectedhomeip/src/protocols/secure_channel/CASESession.cpp:2046:12:virtual CHIP_ERROR chip::CASESession::OnMessageReceived(chip::Messaging::ExchangeContext*, const chip::PayloadHeader&, chip::System::PacketBufferHandle&&)	32	static
