../../../../../../../Middlewares/Third_Party/connectedhomeip/src/transport/SessionDelegate.h:68:18:virtual void chip::SessionDelegate::OnSessionHang()	0	static
../../../../../../../Middlewares/Third_Party/connectedhomeip/src/protocols/secure_channel/PairingSession.h:53:30:virtual chip::SessionDelegate::NewSessionHandlingPolicy chip::PairingSession::GetNewSessionHandlingPolicy()	0	static
../../../../../../../Middlewares/Third_Party/connectedhomeip/src/protocols/secure_channel/PairingSession.h:129:18:virtual void chip::PairingSession::OnSuccessStatusReport()	0	static
../../../../../../../Middlewares/Third_Party/connectedhomeip/src/protocols/secure_channel/PairingSession.h:130:24:virtual CHIP_ERROR chip::PairingSession::OnFailureStatusReport(chip::Protocols::SecureChannel::GeneralStatusCode, uint16_t)	0	static
../../../../../../../Middlewares/Third_Party/connectedhomeip/src/transport/Session.h:100:29:chip::Optional<chip::SessionHandle> chip::SessionHolder::Get() const	8	static
C:/Users/olive/OneDrive/Documents/CubeMXPack/stm32wb-matter-device-over-thread-main/Middlewares/Third_Party/connectedhomeip/src/protocols/secure_channel/PairingSession.cpp:35:12:CHIP_ERROR chip::PairingSession::ActivateSecureSession(const chip::Transport::PeerAddress&)	88	static
C:/Users/olive/OneDrive/Documents/CubeMXPack/stm32wb-matter-device-over-thread-main/Middlewares/Third_Party/connectedhomeip/src/protocols/secure_channel/PairingSession.cpp:78:6:void chip::PairingSession::DiscardExchange()	0	static
C:/Users/olive/OneDrive/Documents/CubeMXPack/stm32wb-matter-device-over-thread-main/Middlewares/Third_Party/connectedhomeip/src/protocols/secure_channel/PairingSession.cpp:91:12:static CHIP_ERROR chip::PairingSession::EncodeMRPParameters(chip::TLV::Tag, const chip::ReliableMessageProtocolConfig&, chip::TLV::TLVWriter&)	32	static
C:/Users/olive/OneDrive/Documents/CubeMXPack/stm32wb-matter-device-over-thread-main/Middlewares/Third_Party/connectedhomeip/src/protocols/secure_channel/PairingSession.cpp:101:12:CHIP_ERROR chip::PairingSession::DecodeMRPParametersIfPresent(chip::TLV::Tag, chip::TLV::ContiguousBufferTLVReader&)	24	static
C:/Users/olive/OneDrive/Documents/CubeMXPack/stm32wb-matter-device-over-thread-main/Middlewares/Third_Party/connectedhomeip/src/protocols/secure_channel/PairingSession.cpp:141:6:bool chip::PairingSession::IsSessionEstablishmentInProgress()	8	static
C:/Users/olive/OneDrive/Documents/CubeMXPack/stm32wb-matter-device-over-thread-main/Middlewares/Third_Party/connectedhomeip/src/protocols/secure_channel/PairingSession.cpp:152:6:void chip::PairingSession::Clear()	8	static
C:/Users/olive/OneDrive/Documents/CubeMXPack/stm32wb-matter-device-over-thread-main/Middlewares/Third_Party/connectedhomeip/src/protocols/secure_channel/PairingSession.cpp:172:6:void chip::PairingSession::NotifySessionEstablishmentError(CHIP_ERROR)	0	static
C:/Users/olive/OneDrive/Documents/CubeMXPack/stm32wb-matter-device-over-thread-main/Middlewares/Third_Party/connectedhomeip/src/protocols/secure_channel/PairingSession.cpp:185:6:virtual void chip::PairingSession::OnSessionReleased()	0	static
C:/Users/olive/OneDrive/Documents/CubeMXPack/stm32wb-matter-device-over-thread-main/Middlewares/Third_Party/connectedhomeip/src/protocols/secure_channel/PairingSession.cpp:202:9:static constexpr void chip::PairingSession::OnSessionReleased()::<lambda(auto:5*, auto:6*)>::_FUN(auto:5*, auto:6*) [with auto:5 = chip::System::Layer; auto:6 = void]	8	static
../../../../../../../Middlewares/Third_Party/connectedhomeip/src/lib/support/ReferenceCountedHandle.h:29:5:chip::ReferenceCountedHandle<Target>::~ReferenceCountedHandle() [with Target = chip::Transport::Session]	8	static
../../../../../../../Middlewares/Third_Party/connectedhomeip/src/lib/core/Optional.h:51:5:chip::Optional<T>::~Optional() [with T = chip::SessionHandle]	8	static
C:/Users/olive/OneDrive/Documents/CubeMXPack/stm32wb-matter-device-over-thread-main/Middlewares/Third_Party/connectedhomeip/src/protocols/secure_channel/PairingSession.cpp:26:12:CHIP_ERROR chip::PairingSession::AllocateSecureSession(chip::SessionManager&, const chip::ScopedNodeId&)	24	static
C:/Users/olive/OneDrive/Documents/CubeMXPack/stm32wb-matter-device-over-thread-main/Middlewares/Third_Party/connectedhomeip/src/protocols/secure_channel/PairingSession.cpp:55:6:void chip::PairingSession::Finish()	56	static
