C:/Users/olive/OneDrive/Documents/CubeMXPack/stm32wb-matter-device-over-thread-main/Middlewares/Third_Party/connectedhomeip/src/inet/IPAddress-StringFuncts.cpp:44:8:char* chip::Inet::IPAddress::ToString(char*, uint32_t) const	32	static
C:/Users/olive/OneDrive/Documents/CubeMXPack/stm32wb-matter-device-over-thread-main/Middlewares/Third_Party/connectedhomeip/src/inet/IPAddress-StringFuncts.cpp:89:6:static bool chip::Inet::IPAddress::FromString(const char*, chip::Inet::IPAddress&)	48	static
C:/Users/olive/OneDrive/Documents/CubeMXPack/stm32wb-matter-device-over-thread-main/Middlewares/Third_Party/connectedhomeip/src/inet/IPAddress-StringFuncts.cpp:127:6:static bool chip::Inet::IPAddress::FromString(const char*, size_t, chip::Inet::IPAddress&)	56	static
C:/Users/olive/OneDrive/Documents/CubeMXPack/stm32wb-matter-device-over-thread-main/Middlewares/Third_Party/connectedhomeip/src/inet/IPAddress-StringFuncts.cpp:142:6:static bool chip::Inet::IPAddress::FromString(const char*, chip::Inet::IPAddress&, chip::Inet::InterfaceId&)	32	static
