../../../../../../../Middlewares/Third_Party/connectedhomeip/src/transport/UnauthenticatedSessionTable.h:69:26:virtual chip::Transport::Session::SessionType chip::Transport::UnauthenticatedSession::GetSessionType() const	0	static
../../../../../../../Middlewares/Third_Party/connectedhomeip/src/transport/UnauthenticatedSessionTable.h:74:10:virtual bool chip::Transport::UnauthenticatedSession::IsActiveSession() const	0	static
../../../../../../../Middlewares/Third_Party/connectedhomeip/src/transport/UnauthenticatedSessionTable.h:76:18:virtual chip::ScopedNodeId chip::Transport::UnauthenticatedSession::GetPeer() const	0	static
../../../../../../../Middlewares/Third_Party/connectedhomeip/src/transport/UnauthenticatedSessionTable.h:77:18:virtual chip::ScopedNodeId chip::Transport::UnauthenticatedSession::GetLocalScopedNodeId() const	12	static
../../../../../../../Middlewares/Third_Party/connectedhomeip/src/transport/UnauthenticatedSessionTable.h:79:31:virtual chip::Access::SubjectDescriptor chip::Transport::UnauthenticatedSession::GetSubjectDescriptor() const	8	static
../../../../../../../Middlewares/Third_Party/connectedhomeip/src/transport/UnauthenticatedSessionTable.h:84:10:virtual bool chip::Transport::UnauthenticatedSession::RequireMRP() const	0	static
../../../../../../../Middlewares/Third_Party/connectedhomeip/src/transport/UnauthenticatedSessionTable.h:123:30:virtual chip::System::Clock::Timestamp chip::Transport::UnauthenticatedSession::GetMRPBaseTimeout() const	24	static
../../../../../../../Middlewares/Third_Party/connectedhomeip/src/transport/UnauthenticatedSessionTable.h:130:43:virtual const chip::ReliableMessageProtocolConfig& chip::Transport::UnauthenticatedSession::GetRemoteMRPConfig() const	0	static
../../../../../../../Middlewares/Third_Party/connectedhomeip/src/transport/UnauthenticatedSessionTable.h:86:35:virtual chip::System::Clock::Milliseconds32 chip::Transport::UnauthenticatedSession::GetAckTimeout() const	56	static
../../../../../../../Middlewares/Third_Party/connectedhomeip/src/transport/UnauthenticatedSessionTable.h:72:10:virtual void chip::Transport::UnauthenticatedSession::Release()	8	static
../../../../../../../Middlewares/Third_Party/connectedhomeip/src/lib/support/Pool.h:124:17:static chip::Loop chip::internal::LambdaProxy<T, Function>::Call(void*, void*) [with T = chip::Transport::UnauthenticatedSession; Function = chip::Transport::UnauthenticatedSessionTable<4>::FindLeastRecentUsedEntry()::<lambda(chip::Transport::UnauthenticatedSession*)>]	16	static
../../../../../../../Middlewares/Third_Party/connectedhomeip/src/transport/UnauthenticatedSessionTable.h:71:10:virtual void chip::Transport::UnauthenticatedSession::Retain()	8	static
../../../../../../../Middlewares/Third_Party/connectedhomeip/src/transport/UnauthenticatedSessionTable.h:53:5:chip::Transport::UnauthenticatedSession::~UnauthenticatedSession()	8	static
../../../../../../../Middlewares/Third_Party/connectedhomeip/src/transport/UnauthenticatedSessionTable.h:53:5:virtual chip::Transport::UnauthenticatedSession::~UnauthenticatedSession()	8	static
../../../../../../../Middlewares/Third_Party/connectedhomeip/src/transport/UnauthenticatedSessionTable.h:47:5:chip::Transport::UnauthenticatedSession::UnauthenticatedSession(SessionRole, chip::NodeId, const chip::ReliableMessageProtocolConfig&)	32	static
../../../../../../../Middlewares/Third_Party/connectedhomeip/src/transport/SessionManager.h:419:29:chip::Optional<chip::SessionHandle> chip::SessionManager::CreateUnauthenticatedSession(const chip::Transport::PeerAddress&, const chip::ReliableMessageProtocolConfig&)	72	static
C:/Users/olive/OneDrive/Documents/CubeMXPack/stm32wb-matter-device-over-thread-main/Middlewares/Third_Party/connectedhomeip/src/app/CASEClient.cpp:22:6:void chip::CASEClient::SetRemoteMRPIntervals(const chip::ReliableMessageProtocolConfig&)	0	static
C:/Users/olive/OneDrive/Documents/CubeMXPack/stm32wb-matter-device-over-thread-main/Middlewares/Third_Party/connectedhomeip/src/app/CASEClient.cpp:27:39:const chip::ReliableMessageProtocolConfig& chip::CASEClient::GetRemoteMRPIntervals()	0	static
C:/Users/olive/OneDrive/Documents/CubeMXPack/stm32wb-matter-device-over-thread-main/Middlewares/Third_Party/connectedhomeip/src/app/CASEClient.cpp:32:12:CHIP_ERROR chip::CASEClient::EstablishSession(const chip::CASEClientInitParams&, const chip::ScopedNodeId&, const chip::Transport::PeerAddress&, const chip::ReliableMessageProtocolConfig&, chip::SessionEstablishmentDelegate*)	88	static
