../../../../../../../Middlewares/Third_Party/connectedhomeip/src/messaging/ApplicationExchangeDispatch.h:38:44:void __tcf_0()	0	static
../../../../../../../Middlewares/Third_Party/connectedhomeip/src/messaging/ExchangeDelegate.h:135:18:virtual void chip::Messaging::ExchangeDelegate::OnExchangeClosing(chip::Messaging::ExchangeContext*)	0	static
../../../../../../../Middlewares/Third_Party/connectedhomeip/src/messaging/ExchangeHolder.h:151:16:virtual CHIP_ERROR chip::Messaging::ExchangeHolder::OnMessageReceived(chip::Messaging::ExchangeContext*, const chip::PayloadHeader&, chip::System::PacketBufferHandle&&)	4	static
../../../../../../../Middlewares/Third_Party/connectedhomeip/src/messaging/ExchangeHolder.h:157:10:virtual void chip::Messaging::ExchangeHolder::OnResponseTimeout(chip::Messaging::ExchangeContext*)	0	static
../../../../../../../Middlewares/Third_Party/connectedhomeip/src/messaging/ExchangeHolder.h:159:10:virtual void chip::Messaging::ExchangeHolder::OnExchangeClosing(chip::Messaging::ExchangeContext*)	0	static
../../../../../../../Middlewares/Third_Party/connectedhomeip/src/messaging/ExchangeHolder.h:186:31:virtual chip::Messaging::ExchangeMessageDispatch& chip::Messaging::ExchangeHolder::GetMessageDispatch()	0	static
../../../../../../../Middlewares/Third_Party/connectedhomeip/src/messaging/ExchangeDelegate.h:137:39:virtual chip::Messaging::ExchangeMessageDispatch& chip::Messaging::ExchangeDelegate::GetMessageDispatch()	8	static
../../../../../../../Middlewares/Third_Party/connectedhomeip/src/system/SystemPacketBuffer.h:433:26:chip::System::PacketBufferHandle& chip::System::PacketBufferHandle::operator=(chip::System::PacketBufferHandle&&)	16	static
../../../../../../../Middlewares/Third_Party/connectedhomeip/src/system/SystemPacketBuffer.h:428:5:chip::System::PacketBufferHandle::~PacketBufferHandle()	8	static
../../../../../../../Middlewares/Third_Party/connectedhomeip/src/messaging/ExchangeContext.h:83:10:bool chip::Messaging::ExchangeContext::IsGroupExchangeContext() const	16	static
../../../../../../../Middlewares/Third_Party/connectedhomeip/src/messaging/ExchangeHolder.h:107:10:void chip::Messaging::ExchangeHolder::Release()	8	static
../../../../../../../Middlewares/Third_Party/connectedhomeip/src/messaging/ExchangeHolder.h:72:13:chip::Messaging::ExchangeHolder::~ExchangeHolder()	8	static
../../../../../../../Middlewares/Third_Party/connectedhomeip/src/messaging/ExchangeHolder.h:72:13:virtual chip::Messaging::ExchangeHolder::~ExchangeHolder()	8	static
C:/Users/olive/OneDrive/Documents/CubeMXPack/stm32wb-matter-device-over-thread-main/Middlewares/Third_Party/connectedhomeip/src/app/CommandSender.h:53:7:chip::app::CommandSender::~CommandSender()	8	static
C:/Users/olive/OneDrive/Documents/CubeMXPack/stm32wb-matter-device-over-thread-main/Middlewares/Third_Party/connectedhomeip/src/app/CommandSender.h:53:7:virtual chip::app::CommandSender::~CommandSender()	8	static
C:/Users/olive/OneDrive/Documents/CubeMXPack/stm32wb-matter-device-over-thread-main/Middlewares/Third_Party/connectedhomeip/src/app/CommandSender.cpp:35:1:chip::app::CommandSender::CommandSender(Callback*, chip::Messaging::ExchangeManager*, bool)	16	static
C:/Users/olive/OneDrive/Documents/CubeMXPack/stm32wb-matter-device-over-thread-main/Middlewares/Third_Party/connectedhomeip/src/app/CommandSender.cpp:40:12:CHIP_ERROR chip::app::CommandSender::AllocateBuffer()	24	static
C:/Users/olive/OneDrive/Documents/CubeMXPack/stm32wb-matter-device-over-thread-main/Middlewares/Third_Party/connectedhomeip/src/app/CommandSender.cpp:266:12:CHIP_ERROR chip::app::CommandSender::ProcessInvokeResponseIB(chip::app::InvokeResponseIB::Parser&)	304	static
C:/Users/olive/OneDrive/Documents/CubeMXPack/stm32wb-matter-device-over-thread-main/Middlewares/Third_Party/connectedhomeip/src/app/CommandSender.cpp:204:12:CHIP_ERROR chip::app::CommandSender::ProcessInvokeResponse(chip::System::PacketBufferHandle&&)	328	static
C:/Users/olive/OneDrive/Documents/CubeMXPack/stm32wb-matter-device-over-thread-main/Middlewares/Third_Party/connectedhomeip/src/app/CommandSender.cpp:394:18:chip::TLV::TLVWriter* chip::app::CommandSender::GetCommandDataIBTLVWriter()	0	static
C:/Users/olive/OneDrive/Documents/CubeMXPack/stm32wb-matter-device-over-thread-main/Middlewares/Third_Party/connectedhomeip/src/app/CommandSender.cpp:419:12:CHIP_ERROR chip::app::CommandSender::Finalize(chip::System::PacketBufferHandle&)	24	static
C:/Users/olive/OneDrive/Documents/CubeMXPack/stm32wb-matter-device-over-thread-main/Middlewares/Third_Party/connectedhomeip/src/app/CommandSender.cpp:425:14:const char* chip::app::CommandSender::GetStateStr() const	0	static
C:/Users/olive/OneDrive/Documents/CubeMXPack/stm32wb-matter-device-over-thread-main/Middlewares/Third_Party/connectedhomeip/src/app/CommandSender.cpp:455:6:void chip::app::CommandSender::MoveToState(State)	8	static
C:/Users/olive/OneDrive/Documents/CubeMXPack/stm32wb-matter-device-over-thread-main/Middlewares/Third_Party/connectedhomeip/src/app/CommandSender.cpp:254:6:void chip::app::CommandSender::Close()	8	static
C:/Users/olive/OneDrive/Documents/CubeMXPack/stm32wb-matter-device-over-thread-main/Middlewares/Third_Party/connectedhomeip/src/app/CommandSender.cpp:241:6:virtual void chip::app::CommandSender::OnResponseTimeout(chip::Messaging::ExchangeContext*)	24	static
C:/Users/olive/OneDrive/Documents/CubeMXPack/stm32wb-matter-device-over-thread-main/Middlewares/Third_Party/connectedhomeip/src/app/CommandSender.cpp:347:12:CHIP_ERROR chip::app::CommandSender::PrepareCommand(const chip::app::CommandPathParams&, bool)	32	static
C:/Users/olive/OneDrive/Documents/CubeMXPack/stm32wb-matter-device-over-thread-main/Middlewares/Third_Party/connectedhomeip/src/app/CommandSender.cpp:372:12:CHIP_ERROR chip::app::CommandSender::FinishCommand(bool)	16	static
C:/Users/olive/OneDrive/Documents/CubeMXPack/stm32wb-matter-device-over-thread-main/Middlewares/Third_Party/connectedhomeip/src/app/CommandSender.cpp:404:12:CHIP_ERROR chip::app::CommandSender::FinishCommand(const chip::Optional<short unsigned int>&)	16	static
C:/Users/olive/OneDrive/Documents/CubeMXPack/stm32wb-matter-device-over-thread-main/Middlewares/Third_Party/connectedhomeip/src/app/CommandSender.cpp:117:12:CHIP_ERROR chip::app::CommandSender::SendInvokeRequest()	32	static
C:/Users/olive/OneDrive/Documents/CubeMXPack/stm32wb-matter-device-over-thread-main/Middlewares/Third_Party/connectedhomeip/src/app/CommandSender.cpp:98:12:CHIP_ERROR chip::app::CommandSender::SendGroupCommandRequest(const chip::SessionHandle&)	16	static
C:/Users/olive/OneDrive/Documents/CubeMXPack/stm32wb-matter-device-over-thread-main/Middlewares/Third_Party/connectedhomeip/src/app/CommandSender.cpp:64:12:CHIP_ERROR chip::app::CommandSender::SendCommandRequest(const chip::SessionHandle&, chip::Optional<std::chrono::duration<long unsigned int, std::ratio<1, 1000> > >)	40	static
../../../../../../../Middlewares/Third_Party/connectedhomeip/src/transport/raw/MessageHeader.h:519:10:bool chip::PayloadHeader::HasMessageType(MessageType) const [with MessageType = chip::Protocols::InteractionModel::MsgType; <template-parameter-1-2> = void]	0	static
C:/Users/olive/OneDrive/Documents/CubeMXPack/stm32wb-matter-device-over-thread-main/Middlewares/Third_Party/connectedhomeip/src/app/CommandSender.cpp:129:12:virtual CHIP_ERROR chip::app::CommandSender::OnMessageReceived(chip::Messaging::ExchangeContext*, const chip::PayloadHeader&, chip::System::PacketBufferHandle&&)	40	static
