../../../../../../../Middlewares/Third_Party/connectedhomeip/src/app/DefaultAttributePersistenceProvider.h:33:7:chip::app::DefaultAttributePersistenceProvider::~DefaultAttributePersistenceProvider()	0	static
../../../../../../../Middlewares/Third_Party/connectedhomeip/src/app/DefaultAttributePersistenceProvider.h:33:7:virtual chip::app::DefaultAttributePersistenceProvider::~DefaultAttributePersistenceProvider()	8	static
../../../../../../../Middlewares/Third_Party/connectedhomeip/src/lib/support/DefaultStorageKeyAllocator.h:54:48:)	28	static
C:/Users/olive/OneDrive/Documents/CubeMXPack/stm32wb-matter-device-over-thread-main/Middlewares/Third_Party/connectedhomeip/src/app/DefaultAttributePersistenceProvider.cpp:25:12:virtual CHIP_ERROR chip::app::DefaultAttributePersistenceProvider::WriteValue(const chip::app::ConcreteAttributePath&, const chip::ByteSpan&)	64	static
C:/Users/olive/OneDrive/Documents/CubeMXPack/stm32wb-matter-device-over-thread-main/Middlewares/Third_Party/connectedhomeip/src/app/DefaultAttributePersistenceProvider.cpp:41:12:virtual CHIP_ERROR chip::app::DefaultAttributePersistenceProvider::ReadValue(const chip::app::ConcreteAttributePath&, const EmberAfAttributeMetadata*, chip::MutableByteSpan&)	72	static
C:/Users/olive/OneDrive/Documents/CubeMXPack/stm32wb-matter-device-over-thread-main/Middlewares/Third_Party/connectedhomeip/src/app/DefaultAttributePersistenceProvider.cpp:80:32:chip::app::AttributePersistenceProvider* chip::app::GetAttributePersistenceProvider()	0	static
C:/Users/olive/OneDrive/Documents/CubeMXPack/stm32wb-matter-device-over-thread-main/Middlewares/Third_Party/connectedhomeip/src/app/DefaultAttributePersistenceProvider.cpp:85:6:void chip::app::SetAttributePersistenceProvider(AttributePersistenceProvider*)	0	static
