C:/Users/olive/OneDrive/Documents/CubeMXPack/stm32wb-matter-device-over-thread-main/Middlewares/Third_Party/connectedhomeip/src/app/FailSafeContext.cpp:64:6:void chip::app::FailSafeContext::ScheduleFailSafeCleanup(chip::FabricIndex, bool, bool)	56	static
C:/Users/olive/OneDrive/Documents/CubeMXPack/stm32wb-matter-device-over-thread-main/Middlewares/Third_Party/connectedhomeip/src/app/FailSafeContext.cpp:51:6:void chip::app::FailSafeContext::FailSafeTimerExpired()	8	static
C:/Users/olive/OneDrive/Documents/CubeMXPack/stm32wb-matter-device-over-thread-main/Middlewares/Third_Party/connectedhomeip/src/app/FailSafeContext.cpp:33:6:static void chip::app::FailSafeContext::HandleArmFailSafeTimer(chip::System::Layer*, void*)	0	static
C:/Users/olive/OneDrive/Documents/CubeMXPack/stm32wb-matter-device-over-thread-main/Middlewares/Third_Party/connectedhomeip/src/app/FailSafeContext.cpp:39:6:static void chip::app::FailSafeContext::HandleMaxCumulativeFailSafeTimer(chip::System::Layer*, void*)	0	static
C:/Users/olive/OneDrive/Documents/CubeMXPack/stm32wb-matter-device-over-thread-main/Middlewares/Third_Party/connectedhomeip/src/app/FailSafeContext.cpp:87:12:CHIP_ERROR chip::app::FailSafeContext::ArmFailSafe(chip::FabricIndex, chip::System::Clock::Seconds16)	24	static
C:/Users/olive/OneDrive/Documents/CubeMXPack/stm32wb-matter-device-over-thread-main/Middlewares/Third_Party/connectedhomeip/src/app/FailSafeContext.cpp:116:6:void chip::app::FailSafeContext::DisarmFailSafe()	8	static
C:/Users/olive/OneDrive/Documents/CubeMXPack/stm32wb-matter-device-over-thread-main/Middlewares/Third_Party/connectedhomeip/src/app/FailSafeContext.cpp:45:6:static void chip::app::FailSafeContext::HandleDisarmFailSafe(intptr_t)	0	static
C:/Users/olive/OneDrive/Documents/CubeMXPack/stm32wb-matter-device-over-thread-main/Middlewares/Third_Party/connectedhomeip/src/app/FailSafeContext.cpp:126:6:void chip::app::FailSafeContext::ForceFailSafeTimerExpiry()	8	static
