../../../../../../../Middlewares/Third_Party/connectedhomeip/src/messaging/ApplicationExchangeDispatch.h:38:44:void __tcf_0()	0	static
../../../../../../../Middlewares/Third_Party/connectedhomeip/src/messaging/ExchangeDelegate.h:135:18:virtual void chip::Messaging::ExchangeDelegate::OnExchangeClosing(chip::Messaging::ExchangeContext*)	0	static
../../../../../../../Middlewares/Third_Party/connectedhomeip/src/messaging/ExchangeHolder.h:151:16:virtual CHIP_ERROR chip::Messaging::ExchangeHolder::OnMessageReceived(chip::Messaging::ExchangeContext*, const chip::PayloadHeader&, chip::System::PacketBufferHandle&&)	4	static
../../../../../../../Middlewares/Third_Party/connectedhomeip/src/messaging/ExchangeHolder.h:157:10:virtual void chip::Messaging::ExchangeHolder::OnResponseTimeout(chip::Messaging::ExchangeContext*)	0	static
../../../../../../../Middlewares/Third_Party/connectedhomeip/src/messaging/ExchangeHolder.h:159:10:virtual void chip::Messaging::ExchangeHolder::OnExchangeClosing(chip::Messaging::ExchangeContext*)	0	static
../../../../../../../Middlewares/Third_Party/connectedhomeip/src/messaging/ExchangeHolder.h:186:31:virtual chip::Messaging::ExchangeMessageDispatch& chip::Messaging::ExchangeHolder::GetMessageDispatch()	0	static
../../../../../../../Middlewares/Third_Party/connectedhomeip/src/messaging/ExchangeDelegate.h:137:39:virtual chip::Messaging::ExchangeMessageDispatch& chip::Messaging::ExchangeDelegate::GetMessageDispatch()	8	static
C:/Users/olive/OneDrive/Documents/CubeMXPack/stm32wb-matter-device-over-thread-main/Middlewares/Third_Party/connectedhomeip/src/app/WriteHandler.cpp:255:6:bool chip::app::{anonymous}::IsSameAttribute(const chip::Optional<chip::app::ConcreteAttributePath>&, const chip::app::ConcreteDataAttributePath&)	0	static
../../../../../../../Middlewares/Third_Party/connectedhomeip/src/messaging/ExchangeHolder.h:144:23:chip::Messaging::ExchangeContext* chip::Messaging::ExchangeHolder::operator->() const	8	static
../../../../../../../Middlewares/Third_Party/connectedhomeip/src/system/SystemPacketBuffer.h:428:5:chip::System::PacketBufferHandle::~PacketBufferHandle()	8	static
../../../../../../../Middlewares/Third_Party/connectedhomeip/src/messaging/ExchangeContext.h:83:10:bool chip::Messaging::ExchangeContext::IsGroupExchangeContext() const	16	static
../../../../../../../Middlewares/Third_Party/connectedhomeip/src/messaging/ExchangeHolder.h:107:10:void chip::Messaging::ExchangeHolder::Release()	8	static
../../../../../../../Middlewares/Third_Party/connectedhomeip/src/messaging/ExchangeHolder.h:72:13:chip::Messaging::ExchangeHolder::~ExchangeHolder()	8	static
../../../../../../../Middlewares/Third_Party/connectedhomeip/src/messaging/ExchangeHolder.h:72:13:virtual chip::Messaging::ExchangeHolder::~ExchangeHolder()	8	static
../../../../../../../Middlewares/Third_Party/connectedhomeip/src/app/WriteHandler.h:80:5:chip::app::WriteHandler::~WriteHandler()	8	static
../../../../../../../Middlewares/Third_Party/connectedhomeip/src/app/WriteHandler.h:80:5:virtual chip::app::WriteHandler::~WriteHandler()	8	static
C:/Users/olive/OneDrive/Documents/CubeMXPack/stm32wb-matter-device-over-thread-main/Middlewares/Third_Party/connectedhomeip/src/app/WriteHandler.cpp:159:12:CHIP_ERROR chip::app::WriteHandler::FinalizeMessage(chip::System::PacketBufferTLVWriter&&, chip::System::PacketBufferHandle&)	32	static
C:/Users/olive/OneDrive/Documents/CubeMXPack/stm32wb-matter-device-over-thread-main/Middlewares/Third_Party/connectedhomeip/src/app/WriteHandler.cpp:193:6:void chip::app::WriteHandler::DeliverListWriteBegin(const chip::app::ConcreteAttributePath&)	8	static
C:/Users/olive/OneDrive/Documents/CubeMXPack/stm32wb-matter-device-over-thread-main/Middlewares/Third_Party/connectedhomeip/src/app/WriteHandler.cpp:201:6:void chip::app::WriteHandler::DeliverListWriteEnd(const chip::app::ConcreteAttributePath&, bool)	16	static
C:/Users/olive/OneDrive/Documents/CubeMXPack/stm32wb-matter-device-over-thread-main/Middlewares/Third_Party/connectedhomeip/src/app/WriteHandler.cpp:209:6:void chip::app::WriteHandler::DeliverFinalListWriteEnd(bool)	8	static
C:/Users/olive/OneDrive/Documents/CubeMXPack/stm32wb-matter-device-over-thread-main/Middlewares/Third_Party/connectedhomeip/src/app/WriteHandler.cpp:654:14:const char* chip::app::WriteHandler::GetStateStr() const	0	static
C:/Users/olive/OneDrive/Documents/CubeMXPack/stm32wb-matter-device-over-thread-main/Middlewares/Third_Party/connectedhomeip/src/app/WriteHandler.cpp:674:6:void chip::app::WriteHandler::MoveToState(State)	8	static
C:/Users/olive/OneDrive/Documents/CubeMXPack/stm32wb-matter-device-over-thread-main/Middlewares/Third_Party/connectedhomeip/src/app/WriteHandler.cpp:622:12:CHIP_ERROR chip::app::WriteHandler::AddStatus(const chip::app::ConcreteDataAttributePath&, const chip::app::StatusIB&)	24	static
C:/Users/olive/OneDrive/Documents/CubeMXPack/stm32wb-matter-device-over-thread-main/Middlewares/Third_Party/connectedhomeip/src/app/WriteHandler.cpp:607:12:CHIP_ERROR chip::app::WriteHandler::AddStatus(const chip::app::ConcreteDataAttributePath&, chip::Protocols::InteractionModel::Status)	16	static
C:/Users/olive/OneDrive/Documents/CubeMXPack/stm32wb-matter-device-over-thread-main/Middlewares/Third_Party/connectedhomeip/src/app/WriteHandler.cpp:612:12:CHIP_ERROR chip::app::WriteHandler::AddClusterSpecificSuccess(const chip::app::ConcreteDataAttributePath&, chip::ClusterStatus)	16	static
C:/Users/olive/OneDrive/Documents/CubeMXPack/stm32wb-matter-device-over-thread-main/Middlewares/Third_Party/connectedhomeip/src/app/WriteHandler.cpp:617:12:CHIP_ERROR chip::app::WriteHandler::AddClusterSpecificFailure(const chip::app::ConcreteDataAttributePath&, chip::ClusterStatus)	16	static
C:/Users/olive/OneDrive/Documents/CubeMXPack/stm32wb-matter-device-over-thread-main/Middlewares/Third_Party/connectedhomeip/src/app/WriteHandler.cpp:37:12:CHIP_ERROR chip::app::WriteHandler::Init()	16	static
C:/Users/olive/OneDrive/Documents/CubeMXPack/stm32wb-matter-device-over-thread-main/Middlewares/Third_Party/connectedhomeip/src/app/WriteHandler.cpp:49:6:void chip::app::WriteHandler::Close()	8	static
C:/Users/olive/OneDrive/Documents/CubeMXPack/stm32wb-matter-device-over-thread-main/Middlewares/Third_Party/connectedhomeip/src/app/WriteHandler.cpp:152:6:virtual void chip::app::WriteHandler::OnResponseTimeout(chip::Messaging::ExchangeContext*)	24	static
C:/Users/olive/OneDrive/Documents/CubeMXPack/stm32wb-matter-device-over-thread-main/Middlewares/Third_Party/connectedhomeip/src/app/WriteHandler.cpp:170:12:CHIP_ERROR chip::app::WriteHandler::SendWriteResponse(chip::System::PacketBufferTLVWriter&&)	32	static
C:/Users/olive/OneDrive/Documents/CubeMXPack/stm32wb-matter-device-over-thread-main/Middlewares/Third_Party/connectedhomeip/src/app/WriteHandler.cpp:683:28:void MatterPreAttributeWriteCallback(const chip::app::ConcreteAttributePath&)	0	static
C:/Users/olive/OneDrive/Documents/CubeMXPack/stm32wb-matter-device-over-thread-main/Middlewares/Third_Party/connectedhomeip/src/app/WriteHandler.cpp:684:28:void MatterPostAttributeWriteCallback(const chip::app::ConcreteAttributePath&)	0	static
../../../../../../../Middlewares/Third_Party/connectedhomeip/src/lib/support/ReferenceCountedHandle.h:29:5:chip::ReferenceCountedHandle<Target>::~ReferenceCountedHandle() [with Target = chip::Transport::Session]	8	static
../../../../../../../Middlewares/Third_Party/connectedhomeip/src/messaging/ExchangeContext.h:156:19:chip::SessionHandle chip::Messaging::ExchangeContext::GetSessionHandle() const	24	static
C:/Users/olive/OneDrive/Documents/CubeMXPack/stm32wb-matter-device-over-thread-main/Middlewares/Third_Party/connectedhomeip/src/app/WriteHandler.cpp:274:12:0(chip::TLV::TLVReader&)	376	static
C:/Users/olive/OneDrive/Documents/CubeMXPack/stm32wb-matter-device-over-thread-main/Middlewares/Third_Party/connectedhomeip/src/app/WriteHandler.cpp:274:12:CHIP_ERROR chip::app::WriteHandler::ProcessAttributeDataIBs(chip::TLV::TLVReader&)	0	static
C:/Users/olive/OneDrive/Documents/CubeMXPack/stm32wb-matter-device-over-thread-main/Middlewares/Third_Party/connectedhomeip/src/app/WriteHandler.cpp:649:13:chip::FabricIndex chip::app::WriteHandler::GetAccessingFabricIndex() const	16	static
C:/Users/olive/OneDrive/Documents/CubeMXPack/stm32wb-matter-device-over-thread-main/Middlewares/Third_Party/connectedhomeip/src/app/WriteHandler.cpp:218:12:CHIP_ERROR chip::app::WriteHandler::DeliverFinalListWriteEndForGroupWrite(bool)	56	static
C:/Users/olive/OneDrive/Documents/CubeMXPack/stm32wb-matter-device-over-thread-main/Middlewares/Third_Party/connectedhomeip/src/app/WriteHandler.cpp:372:12:0(chip::TLV::TLVReader&)	440	static
C:/Users/olive/OneDrive/Documents/CubeMXPack/stm32wb-matter-device-over-thread-main/Middlewares/Third_Party/connectedhomeip/src/app/WriteHandler.cpp:372:12:CHIP_ERROR chip::app::WriteHandler::ProcessGroupAttributeDataIBs(chip::TLV::TLVReader&)	0	static
C:/Users/olive/OneDrive/Documents/CubeMXPack/stm32wb-matter-device-over-thread-main/Middlewares/Third_Party/connectedhomeip/src/app/WriteHandler.cpp:521:8:chip::app::Status chip::app::WriteHandler::ProcessWriteRequest(chip::System::PacketBufferHandle&&, bool)	256	static
C:/Users/olive/OneDrive/Documents/CubeMXPack/stm32wb-matter-device-over-thread-main/Middlewares/Third_Party/connectedhomeip/src/app/WriteHandler.cpp:63:8:chip::app::Status chip::app::WriteHandler::HandleWriteRequestMessage(chip::Messaging::ExchangeContext*, chip::System::PacketBufferHandle&&, bool)	96	static
C:/Users/olive/OneDrive/Documents/CubeMXPack/stm32wb-matter-device-over-thread-main/Middlewares/Third_Party/connectedhomeip/src/app/WriteHandler.cpp:91:8:chip::app::Status chip::app::WriteHandler::OnWriteRequest(chip::Messaging::ExchangeContext*, chip::System::PacketBufferHandle&&, bool)	24	static
../../../../../../../Middlewares/Third_Party/connectedhomeip/src/transport/raw/MessageHeader.h:519:10:bool chip::PayloadHeader::HasMessageType(MessageType) const [with MessageType = chip::Protocols::InteractionModel::MsgType; <template-parameter-1-2> = void]	0	static
C:/Users/olive/OneDrive/Documents/CubeMXPack/stm32wb-matter-device-over-thread-main/Middlewares/Third_Party/connectedhomeip/src/app/WriteHandler.cpp:111:12:virtual CHIP_ERROR chip::app::WriteHandler::OnMessageReceived(chip::Messaging::ExchangeContext*, const chip::PayloadHeader&, chip::System::PacketBufferHandle&&)	40	static
