C:/Users/olive/OneDrive/Documents/CubeMXPack/stm32wb-matter-device-over-thread-main/Middlewares/ST/STM32_WPAN/thread/openthread/core/openthread_api/udp.c:35:9:otUdpAddReceiver	8	static
C:/Users/olive/OneDrive/Documents/CubeMXPack/stm32wb-matter-device-over-thread-main/Middlewares/ST/STM32_WPAN/thread/openthread/core/openthread_api/udp.c:52:9:otUdpRemoveReceiver	8	static
C:/Users/olive/OneDrive/Documents/CubeMXPack/stm32wb-matter-device-over-thread-main/Middlewares/ST/STM32_WPAN/thread/openthread/core/openthread_api/udp.c:69:9:otUdpSendDatagram	16	static
C:/Users/olive/OneDrive/Documents/CubeMXPack/stm32wb-matter-device-over-thread-main/Middlewares/ST/STM32_WPAN/thread/openthread/core/openthread_api/udp.c:87:12:otUdpNewMessage	8	static
C:/Users/olive/OneDrive/Documents/CubeMXPack/stm32wb-matter-device-over-thread-main/Middlewares/ST/STM32_WPAN/thread/openthread/core/openthread_api/udp.c:104:9:otUdpOpen	16	static
C:/Users/olive/OneDrive/Documents/CubeMXPack/stm32wb-matter-device-over-thread-main/Middlewares/ST/STM32_WPAN/thread/openthread/core/openthread_api/udp.c:123:6:otUdpIsOpen	8	static
C:/Users/olive/OneDrive/Documents/CubeMXPack/stm32wb-matter-device-over-thread-main/Middlewares/ST/STM32_WPAN/thread/openthread/core/openthread_api/udp.c:141:6:otUdpIsPortInUse	8	static
C:/Users/olive/OneDrive/Documents/CubeMXPack/stm32wb-matter-device-over-thread-main/Middlewares/ST/STM32_WPAN/thread/openthread/core/openthread_api/udp.c:159:9:otUdpClose	8	static
C:/Users/olive/OneDrive/Documents/CubeMXPack/stm32wb-matter-device-over-thread-main/Middlewares/ST/STM32_WPAN/thread/openthread/core/openthread_api/udp.c:176:9:otUdpBind	24	static
C:/Users/olive/OneDrive/Documents/CubeMXPack/stm32wb-matter-device-over-thread-main/Middlewares/ST/STM32_WPAN/thread/openthread/core/openthread_api/udp.c:195:9:otUdpConnect	16	static
C:/Users/olive/OneDrive/Documents/CubeMXPack/stm32wb-matter-device-over-thread-main/Middlewares/ST/STM32_WPAN/thread/openthread/core/openthread_api/udp.c:213:9:otUdpSend	24	static
