../../../../../../../Middlewares/Third_Party/connectedhomeip/src/app/AttributeAccessInterface.h:446:24:virtual CHIP_ERROR chip::app::AttributeAccessInterface::Write(const chip::app::ConcreteDataAttributePath&, chip::app::AttributeValueDecoder&)	0	static
../../../../../../../Middlewares/Third_Party/connectedhomeip/src/app/AttributeAccessInterface.h:458:18:virtual void chip::app::AttributeAccessInterface::OnListWriteBegin(const chip::app::ConcreteAttributePath&)	0	static
../../../../../../../Middlewares/Third_Party/connectedhomeip/src/app/AttributeAccessInterface.h:473:18:virtual void chip::app::AttributeAccessInterface::OnListWriteEnd(const chip::app::ConcreteAttributePath&, bool)	0	static
C:/Users/olive/OneDrive/Documents/CubeMXPack/stm32wb-matter-device-over-thread-main/Middlewares/Third_Party/connectedhomeip/src/app/clusters/descriptor/descriptor.cpp:38:7:{anonymous}::DescriptorAttrAccess::~DescriptorAttrAccess()	0	static
C:/Users/olive/OneDrive/Documents/CubeMXPack/stm32wb-matter-device-over-thread-main/Middlewares/Third_Party/connectedhomeip/src/app/clusters/descriptor/descriptor.cpp:38:7:virtual {anonymous}::DescriptorAttrAccess::~DescriptorAttrAccess()	8	static
../../../../../../../Middlewares/Third_Party/connectedhomeip/src/app/MessageDef/Builder.h:86:10:void chip::app::Builder::Rollback(const chip::TLV::TLVWriter&)	0	static
../../../../../../../Middlewares/Third_Party/connectedhomeip/src/app/MessageDef/Builder.h:79:10:void chip::app::Builder::Checkpoint(chip::TLV::TLVWriter&)	0	static
C:/Users/olive/OneDrive/Documents/CubeMXPack/stm32wb-matter-device-over-thread-main/Middlewares/Third_Party/connectedhomeip/src/app/clusters/descriptor/descriptor.cpp:133:12:CHIP_ERROR {anonymous}::DescriptorAttrAccess::ReadClientServerAttribute(chip::EndpointId, chip::app::AttributeValueEncoder&, bool)	104	static
C:/Users/olive/OneDrive/Documents/CubeMXPack/stm32wb-matter-device-over-thread-main/Middlewares/Third_Party/connectedhomeip/src/app/clusters/descriptor/descriptor.cpp:157:12:virtual CHIP_ERROR {anonymous}::DescriptorAttrAccess::Read(const chip::app::ConcreteReadAttributePath&, chip::app::AttributeValueEncoder&)	104	static
C:/Users/olive/OneDrive/Documents/CubeMXPack/stm32wb-matter-device-over-thread-main/Middlewares/Third_Party/connectedhomeip/src/app/clusters/descriptor/descriptor.cpp:186:6:void MatterDescriptorPluginServerInitCallback()	0	static
C:/Users/olive/OneDrive/Documents/CubeMXPack/stm32wb-matter-device-over-thread-main/Middlewares/Third_Party/connectedhomeip/src/app/clusters/descriptor/descriptor.cpp:189:1:cpp)	0	static
