C:/Users/olive/OneDrive/Documents/CubeMXPack/stm32wb-matter-device-over-thread-main/Middlewares/Third_Party/connectedhomeip/src/lib/core/OTAImageHeader.cpp:96:6:void chip::OTAImageHeaderParser::Append(chip::ByteSpan&, uint32_t)	16	static
C:/Users/olive/OneDrive/Documents/CubeMXPack/stm32wb-matter-device-over-thread-main/Middlewares/Third_Party/connectedhomeip/src/lib/core/OTAImageHeader.cpp:123:12:CHIP_ERROR chip::OTAImageHeaderParser::DecodeTlv(chip::OTAImageHeader&)	72	static
../../../../../../../Middlewares/Third_Party/connectedhomeip/src/lib/support/ScopedBuffer.h:72:10:void chip::Platform::Impl::ScopedMemoryBufferBase<Impl>::Free() [with Impl = chip::Platform::Impl::PlatformMemoryManagement]	8	static
C:/Users/olive/OneDrive/Documents/CubeMXPack/stm32wb-matter-device-over-thread-main/Middlewares/Third_Party/connectedhomeip/src/lib/core/OTAImageHeader.cpp:64:6:void chip::OTAImageHeaderParser::Clear()	8	static
C:/Users/olive/OneDrive/Documents/CubeMXPack/stm32wb-matter-device-over-thread-main/Middlewares/Third_Party/connectedhomeip/src/lib/core/OTAImageHeader.cpp:56:6:void chip::OTAImageHeaderParser::Init()	8	static
C:/Users/olive/OneDrive/Documents/CubeMXPack/stm32wb-matter-device-over-thread-main/Middlewares/Third_Party/connectedhomeip/src/lib/core/OTAImageHeader.cpp:104:12:CHIP_ERROR chip::OTAImageHeaderParser::DecodeFixed()	48	static
C:/Users/olive/OneDrive/Documents/CubeMXPack/stm32wb-matter-device-over-thread-main/Middlewares/Third_Party/connectedhomeip/src/lib/core/OTAImageHeader.cpp:72:12:CHIP_ERROR chip::OTAImageHeaderParser::AccumulateAndDecode(chip::ByteSpan&, chip::OTAImageHeader&)	24	static
