C:/Users/olive/OneDrive/Documents/CubeMXPack/stm32wb-matter-device-over-thread-main/Middlewares/Third_Party/connectedhomeip/src/lib/core/TLVCircularBuffer.cpp:172:12:virtual CHIP_ERROR chip::TLV::TLVCircularBuffer::OnInit(chip::TLV::TLVWriter&, uint8_t*&, uint32_t&)	4	static
C:/Users/olive/OneDrive/Documents/CubeMXPack/stm32wb-matter-device-over-thread-main/Middlewares/Third_Party/connectedhomeip/src/lib/core/TLVCircularBuffer.cpp:241:12:virtual CHIP_ERROR chip::TLV::TLVCircularBuffer::FinalizeBuffer(chip::TLV::TLVWriter&, uint8_t*, uint32_t)	0	static
C:/Users/olive/OneDrive/Documents/CubeMXPack/stm32wb-matter-device-over-thread-main/Middlewares/Third_Party/connectedhomeip/src/lib/core/TLVCircularBuffer.cpp:263:12:virtual CHIP_ERROR chip::TLV::TLVCircularBuffer::OnInit(chip::TLV::TLVReader&, const uint8_t*&, uint32_t&)	4	static
C:/Users/olive/OneDrive/Documents/CubeMXPack/stm32wb-matter-device-over-thread-main/Middlewares/Third_Party/connectedhomeip/src/lib/core/TLVCircularBuffer.cpp:289:12:virtual CHIP_ERROR chip::TLV::TLVCircularBuffer::GetNextBuffer(chip::TLV::TLVReader&, const uint8_t*&, uint32_t&)	20	static
../../../../../../../Middlewares/Third_Party/connectedhomeip/src/lib/core/TLVCircularBuffer.h:57:18:chip::TLV::TLVCircularBuffer::~TLVCircularBuffer()	0	static
../../../../../../../Middlewares/Third_Party/connectedhomeip/src/lib/core/TLVCircularBuffer.h:57:18:virtual chip::TLV::TLVCircularBuffer::~TLVCircularBuffer()	8	static
C:/Users/olive/OneDrive/Documents/CubeMXPack/stm32wb-matter-device-over-thread-main/Middlewares/Third_Party/connectedhomeip/src/lib/core/TLVCircularBuffer.cpp:59:1:chip::TLV::TLVCircularBuffer::TLVCircularBuffer(uint8_t*, uint32_t, uint8_t*)	12	static
C:/Users/olive/OneDrive/Documents/CubeMXPack/stm32wb-matter-device-over-thread-main/Middlewares/Third_Party/connectedhomeip/src/lib/core/TLVCircularBuffer.cpp:83:1:chip::TLV::TLVCircularBuffer::TLVCircularBuffer(uint8_t*, uint32_t)	8	static
C:/Users/olive/OneDrive/Documents/CubeMXPack/stm32wb-matter-device-over-thread-main/Middlewares/Third_Party/connectedhomeip/src/lib/core/TLVCircularBuffer.cpp:96:6:void chip::TLV::TLVCircularBuffer::Init(uint8_t*, uint32_t)	0	static
C:/Users/olive/OneDrive/Documents/CubeMXPack/stm32wb-matter-device-over-thread-main/Middlewares/Third_Party/connectedhomeip/src/lib/core/TLVCircularBuffer.cpp:130:12:CHIP_ERROR chip::TLV::TLVCircularBuffer::EvictHead()	80	static
C:/Users/olive/OneDrive/Documents/CubeMXPack/stm32wb-matter-device-over-thread-main/Middlewares/Third_Party/connectedhomeip/src/lib/core/TLVCircularBuffer.cpp:207:6:void chip::TLV::TLVCircularBuffer::GetCurrentWritableBuffer(uint8_t*&, uint32_t&) const	16	static
C:/Users/olive/OneDrive/Documents/CubeMXPack/stm32wb-matter-device-over-thread-main/Middlewares/Third_Party/connectedhomeip/src/lib/core/TLVCircularBuffer.cpp:195:12:virtual CHIP_ERROR chip::TLV::TLVCircularBuffer::GetNewBuffer(chip::TLV::TLVWriter&, uint8_t*&, uint32_t&)	16	static
