C:/Users/olive/OneDrive/Documents/CubeMXPack/stm32wb-matter-device-over-thread-main/Middlewares/Third_Party/connectedhomeip/src/lib/core/TLVUpdater.cpp:36:12:CHIP_ERROR chip::TLV::TLVUpdater::Init(uint8_t*, uint32_t, uint32_t)	24	static
C:/Users/olive/OneDrive/Documents/CubeMXPack/stm32wb-matter-device-over-thread-main/Middlewares/Third_Party/connectedhomeip/src/lib/core/TLVUpdater.cpp:59:12:CHIP_ERROR chip::TLV::TLVUpdater::Init(chip::TLV::TLVReader&, uint32_t)	40	static
C:/Users/olive/OneDrive/Documents/CubeMXPack/stm32wb-matter-device-over-thread-main/Middlewares/Third_Party/connectedhomeip/src/lib/core/TLVUpdater.cpp:124:6:void chip::TLV::TLVUpdater::SetImplicitProfileId(uint32_t)	0	static
C:/Users/olive/OneDrive/Documents/CubeMXPack/stm32wb-matter-device-over-thread-main/Middlewares/Third_Party/connectedhomeip/src/lib/core/TLVUpdater.cpp:143:12:CHIP_ERROR chip::TLV::TLVUpdater::Move()	16	static
C:/Users/olive/OneDrive/Documents/CubeMXPack/stm32wb-matter-device-over-thread-main/Middlewares/Third_Party/connectedhomeip/src/lib/core/TLVUpdater.cpp:172:6:void chip::TLV::TLVUpdater::MoveUntilEnd()	16	static
C:/Users/olive/OneDrive/Documents/CubeMXPack/stm32wb-matter-device-over-thread-main/Middlewares/Third_Party/connectedhomeip/src/lib/core/TLVUpdater.cpp:233:6:void chip::TLV::TLVUpdater::AdjustInternalWriterFreeSpace()	0	static
C:/Users/olive/OneDrive/Documents/CubeMXPack/stm32wb-matter-device-over-thread-main/Middlewares/Third_Party/connectedhomeip/src/lib/core/TLVUpdater.cpp:130:12:CHIP_ERROR chip::TLV::TLVUpdater::Next()	16	static
C:/Users/olive/OneDrive/Documents/CubeMXPack/stm32wb-matter-device-over-thread-main/Middlewares/Third_Party/connectedhomeip/src/lib/core/TLVUpdater.cpp:198:12:CHIP_ERROR chip::TLV::TLVUpdater::EnterContainer(chip::TLV::TLVType&)	48	static
C:/Users/olive/OneDrive/Documents/CubeMXPack/stm32wb-matter-device-over-thread-main/Middlewares/Third_Party/connectedhomeip/src/lib/core/TLVUpdater.cpp:217:12:CHIP_ERROR chip::TLV::TLVUpdater::ExitContainer(chip::TLV::TLVType)	16	static
