C:/Users/olive/OneDrive/Documents/CubeMXPack/stm32wb-matter-device-over-thread-main/Middlewares/Third_Party/connectedhomeip/src/lib/address_resolve/AddressResolve_DefaultImpl.cpp:224:12:virtual CHIP_ERROR chip::AddressResolve::Impl::Resolver::Init(chip::System::Layer*)	8	static
../../../../../../../Middlewares/Third_Party/connectedhomeip/src/system/TimeSource.h:67:30:chip::System::Clock::Timestamp chip::Time::TimeSource<chip::Time::Source::kSystem>::GetMonotonicTimestamp()	8	static
../../../../../../../Middlewares/Third_Party/connectedhomeip/src/lib/support/IntrusiveList.h:97:10:bool chip::IntrusiveListNodePrivateBase::IsInList() const	0	static
../../../../../../../Middlewares/Third_Party/connectedhomeip/src/lib/support/IntrusiveList.h:137:10:void chip::IntrusiveListNodePrivateBase::Remove()	8	static
../../../../../../../Middlewares/Third_Party/connectedhomeip/src/lib/address_resolve/AddressResolve_DefaultImpl.h:169:5:chip::AddressResolve::Impl::Resolver::~Resolver()	16	static
C:/Users/olive/OneDrive/Documents/CubeMXPack/stm32wb-matter-device-over-thread-main/Middlewares/Third_Party/connectedhomeip/src/lib/address_resolve/AddressResolve_DefaultImpl.cpp:422:27:void __tcf_0()	8	static
../../../../../../../Middlewares/Third_Party/connectedhomeip/src/lib/address_resolve/AddressResolve_DefaultImpl.h:169:5:virtual chip::AddressResolve::Impl::Resolver::~Resolver()	8	static
../../../../../../../Middlewares/Third_Party/connectedhomeip/src/transport/raw/PeerAddress.h:131:10:void chip::Transport::PeerAddress::ToString(char*, size_t) const	80	static
../../../../../../../Middlewares/Third_Party/connectedhomeip/src/lib/address_resolve/AddressResolve.h:38:5:chip::AddressResolve::ResolveResult::ResolveResult()	16	static
../../../../../../../Middlewares/Third_Party/connectedhomeip/src/lib/address_resolve/AddressResolve_DefaultImpl.h:48:19:chip::AddressResolve::ResolveResult chip::AddressResolve::Impl::NodeLookupResults::ConsumeResult()	24	static
C:/Users/olive/OneDrive/Documents/CubeMXPack/stm32wb-matter-device-over-thread-main/Middlewares/Third_Party/connectedhomeip/src/lib/address_resolve/AddressResolve_DefaultImpl.cpp:188:12:virtual CHIP_ERROR chip::AddressResolve::Impl::Resolver::TryNextResult(chip::AddressResolve::Impl::NodeLookupHandle&)	72	static
../../../../../../../Middlewares/Third_Party/connectedhomeip/src/lib/address_resolve/AddressResolve_DefaultImpl.h:113:5:chip::AddressResolve::Impl::NodeLookupAction::NodeLookupAction(chip::AddressResolve::Impl::NodeLookupResult)	16	static
C:/Users/olive/OneDrive/Documents/CubeMXPack/stm32wb-matter-device-over-thread-main/Middlewares/Third_Party/connectedhomeip/src/lib/address_resolve/AddressResolve_DefaultImpl.cpp:29:6:void chip::AddressResolve::Impl::NodeLookupHandle::ResetForLookup(chip::System::Clock::Timestamp, const chip::AddressResolve::NodeLookupRequest&)	56	static
C:/Users/olive/OneDrive/Documents/CubeMXPack/stm32wb-matter-device-over-thread-main/Middlewares/Third_Party/connectedhomeip/src/lib/address_resolve/AddressResolve_DefaultImpl.cpp:56:24:chip::System::Clock::Timeout chip::AddressResolve::Impl::NodeLookupHandle::NextEventTimeout(chip::System::Clock::Timestamp)	16	static
C:/Users/olive/OneDrive/Documents/CubeMXPack/stm32wb-matter-device-over-thread-main/Middlewares/Third_Party/connectedhomeip/src/lib/address_resolve/AddressResolve_DefaultImpl.cpp:91:18:chip::AddressResolve::Impl::NodeLookupAction chip::AddressResolve::Impl::NodeLookupHandle::NextAction(chip::System::Clock::Timestamp)	64	static
C:/Users/olive/OneDrive/Documents/CubeMXPack/stm32wb-matter-device-over-thread-main/Middlewares/Third_Party/connectedhomeip/src/lib/address_resolve/AddressResolve_DefaultImpl.cpp:120:6:bool chip::AddressResolve::Impl::NodeLookupResults::UpdateResults(const chip::AddressResolve::ResolveResult&, chip::Dnssd::IPAddressSorter::IpScore)	24	static
C:/Users/olive/OneDrive/Documents/CubeMXPack/stm32wb-matter-device-over-thread-main/Middlewares/Third_Party/connectedhomeip/src/lib/address_resolve/AddressResolve_DefaultImpl.cpp:36:6:void chip::AddressResolve::Impl::NodeLookupHandle::LookupResult(const chip::AddressResolve::ResolveResult&)	88	static
C:/Users/olive/OneDrive/Documents/CubeMXPack/stm32wb-matter-device-over-thread-main/Middlewares/Third_Party/connectedhomeip/src/lib/address_resolve/AddressResolve_DefaultImpl.cpp:295:6:void chip::AddressResolve::Impl::Resolver::HandleAction(chip::IntrusiveList<chip::AddressResolve::Impl::NodeLookupHandle>::Iterator&)	80	static
C:/Users/olive/OneDrive/Documents/CubeMXPack/stm32wb-matter-device-over-thread-main/Middlewares/Third_Party/connectedhomeip/src/lib/address_resolve/AddressResolve_DefaultImpl.cpp:368:6:void chip::AddressResolve::Impl::Resolver::ReArmTimer()	56	static
C:/Users/olive/OneDrive/Documents/CubeMXPack/stm32wb-matter-device-over-thread-main/Middlewares/Third_Party/connectedhomeip/src/lib/address_resolve/AddressResolve_DefaultImpl.cpp:177:12:virtual CHIP_ERROR chip::AddressResolve::Impl::Resolver::LookupNode(const chip::AddressResolve::NodeLookupRequest&, chip::AddressResolve::Impl::NodeLookupHandle&)	40	static
C:/Users/olive/OneDrive/Documents/CubeMXPack/stm32wb-matter-device-over-thread-main/Middlewares/Third_Party/connectedhomeip/src/lib/address_resolve/AddressResolve_DefaultImpl.cpp:200:12:virtual CHIP_ERROR chip::AddressResolve::Impl::Resolver::CancelLookup(chip::AddressResolve::Impl::NodeLookupHandle&, chip::AddressResolve::Resolver::FailureCallback)	24	static
C:/Users/olive/OneDrive/Documents/CubeMXPack/stm32wb-matter-device-over-thread-main/Middlewares/Third_Party/connectedhomeip/src/lib/address_resolve/AddressResolve_DefaultImpl.cpp:231:6:virtual void chip::AddressResolve::Impl::Resolver::Shutdown()	40	static
C:/Users/olive/OneDrive/Documents/CubeMXPack/stm32wb-matter-device-over-thread-main/Middlewares/Third_Party/connectedhomeip/src/lib/address_resolve/AddressResolve_DefaultImpl.cpp:257:6:virtual void chip::AddressResolve::Impl::Resolver::OnOperationalNodeResolved(const chip::Dnssd::ResolvedNodeData&)	104	static
C:/Users/olive/OneDrive/Documents/CubeMXPack/stm32wb-matter-device-over-thread-main/Middlewares/Third_Party/connectedhomeip/src/lib/address_resolve/AddressResolve_DefaultImpl.cpp:329:6:void chip::AddressResolve::Impl::Resolver::HandleTimer()	24	static
../../../../../../../Middlewares/Third_Party/connectedhomeip/src/lib/address_resolve/AddressResolve_DefaultImpl.h:185:17:static void chip::AddressResolve::Impl::Resolver::OnResolveTimer(chip::System::Layer*, void*)	0	static
C:/Users/olive/OneDrive/Documents/CubeMXPack/stm32wb-matter-device-over-thread-main/Middlewares/Third_Party/connectedhomeip/src/lib/address_resolve/AddressResolve_DefaultImpl.cpp:343:6:virtual void chip::AddressResolve::Impl::Resolver::OnOperationalNodeResolutionFailed(const chip::PeerId&, CHIP_ERROR)	32	static
C:/Users/olive/OneDrive/Documents/CubeMXPack/stm32wb-matter-device-over-thread-main/Middlewares/Third_Party/connectedhomeip/src/lib/address_resolve/AddressResolve_DefaultImpl.cpp:420:12:static chip::AddressResolve::Resolver& chip::AddressResolve::Resolver::Instance()	16	static
