C:/Users/olive/OneDrive/Documents/CubeMXPack/stm32wb-matter-device-over-thread-main/Middlewares/Third_Party/connectedhomeip/src/setup_payload/ManualSetupPayloadGenerator.cpp:89:19:CHIP_ERROR chip::decimalStringWithPadding(MutableCharSpan, uint32_t)	24	static
../../../../../../../Middlewares/Third_Party/connectedhomeip/src/lib/support/Span.h:86:10:chip::Span<T> chip::Span<T>::SubSpan(size_t, size_t) const [with T = char]	16	static
C:/Users/olive/OneDrive/Documents/CubeMXPack/stm32wb-matter-device-over-thread-main/Middlewares/Third_Party/connectedhomeip/src/setup_payload/ManualSetupPayloadGenerator.cpp:97:12:CHIP_ERROR chip::ManualSetupPayloadGenerator::payloadDecimalStringRepresentation(chip::MutableCharSpan&)	80	static
C:/Users/olive/OneDrive/Documents/CubeMXPack/stm32wb-matter-device-over-thread-main/Middlewares/Third_Party/connectedhomeip/src/setup_payload/ManualSetupPayloadGenerator.cpp:161:12:CHIP_ERROR chip::ManualSetupPayloadGenerator::payloadDecimalStringRepresentation(std::string&)	64	static
